level 1: 5 new classes (total 5), 46s
level 2: 7 new classes (total 12), 66s
level 3: 4 new classes (total 16), 70s
level 4: 4 new classes (total 20), 92s
level 5: 1 new classes (total 21), 92s
level 6: 1 new classes (total 22), 115s
level 7: 0 new classes (total 22), 115s
=== all skeleton classes (block families of size >= 5, pairwise <= 2, SG cap) ===
[5] [[0, 1, 2, 3, 4]]
[6] [[0, 1, 2, 3, 4, 5]]
[7] [[0, 1, 2, 3, 4, 5, 6]]
[8] [[0, 1, 2, 3, 4, 5, 6, 7]]
[9] [[0, 1, 2, 3, 4, 5, 6, 7, 8]]
[5, 5] [[0, 1, 2, 3, 4], [0, 1, 5, 6, 7]]
[5, 5] [[0, 1, 2, 3, 4], [0, 5, 6, 7, 8]]
[5, 5] [[0, 1, 2, 3, 4], [5, 6, 7, 8, 9]]
[5, 6] [[0, 1, 2, 3, 4], [0, 1, 5, 6, 7, 8]]
[5, 6] [[0, 1, 2, 3, 4], [0, 5, 6, 7, 8, 9]]
[5, 7] [[0, 1, 2, 3, 4], [0, 1, 5, 6, 7, 8, 9]]
[6, 6] [[0, 1, 2, 3, 4, 5], [0, 1, 6, 7, 8, 9]]
[5, 5, 5] [[0, 1, 2, 3, 4], [0, 1, 5, 6, 7], [0, 2, 5, 8, 9]]
[5, 5, 5] [[0, 1, 2, 3, 4], [0, 1, 5, 6, 7], [2, 3, 5, 6, 8]]
[5, 5, 5] [[0, 1, 2, 3, 4], [0, 1, 5, 6, 7], [2, 3, 5, 8, 9]]
[5, 5, 6] [[0, 1, 2, 3, 4], [0, 1, 5, 6, 7], [2, 3, 5, 6, 8, 9]]
[5, 5, 5, 5] [[0, 1, 2, 3, 4], [0, 1, 5, 6, 7], [0, 2, 5, 8, 9], [1, 3, 6, 8, 9]]
[5, 5, 5, 5] [[0, 1, 2, 3, 4], [0, 1, 5, 6, 7], [0, 2, 5, 8, 9], [3, 4, 6, 7, 8]]
[5, 5, 5, 6] [[0, 1, 2, 3, 4], [0, 1, 5, 6, 7], [0, 2, 5, 8, 9], [3, 4, 6, 7, 8, 9]]
[5, 5, 5, 5] [[0, 1, 2, 3, 4], [0, 1, 5, 6, 7], [2, 3, 5, 8, 9], [4, 6, 7, 8, 9]]
[5, 5, 5, 5, 5] [[0, 1, 2, 3, 4], [0, 1, 5, 6, 7], [0, 2, 5, 8, 9], [1, 3, 6, 8, 9], [2, 4, 6, 7, 8]]
[5, 5, 5, 5, 5, 5] [[0, 1, 2, 3, 4], [0, 1, 5, 6, 7], [0, 2, 5, 8, 9], [1, 3, 6, 8, 9], [2, 4, 6, 7, 8], [3, 4, 5, 7, 9]]
