=== grid 6 x 6
grid 6x6: 3402 circles from triples
grid 6x6 subsets 30260340 minEuclid 18 minMoebius(among c<=24) 18
euclid hist: 18:19 19:136 20:1448 21:1568 22:232 23:46 24:526 25:586 26:2056 27:4178 28:12036 29:21934 30:25024 31:40702 32:84022 33:96898 34:134670 35:266126 36:343100 37:336172 38:690178 39:893764 40:785140 41:1437104 42:1877416 43:1404008 44:2130388 45:2919050 46:1982774 47:2280048 48:3282004 49:2164508 50:1528472 51:2216136 52:1577220 53:582664 54:565124 55:453680 56:119168
moebius hist: 18:19 19:3360 22:24 23:232 24:236 25:104
=== grid 7 x 5
grid 7x5: 3155 circles from triples
grid 7x5 subsets 23535820 minEuclid 18 minMoebius(among c<=24) 18
euclid hist: 18:16 19:112 20:1096 21:1212 22:117 23:38 24:421 25:454 26:1457 27:3422 28:9266 29:16372 30:20600 31:32136 32:65060 33:80114 34:107460 35:207395 36:273888 37:272502 38:549260 39:705307 40:640548 41:1147596 42:1456760 43:1123416 44:1739638 45:2250622 46:1532028 47:1885310 48:2510078 49:1592284 50:1275318 51:1703762 52:1074154 53:434254 54:451974 55:305420 56:64942
moebius hist: 18:16 19:2516 22:21 23:205 24:194 25:60
=== grid 8 x 5
grid 8x5: 4920 circles from triples
grid 8x5 subsets 76904685 minEuclid 18 minMoebius(among c<=24) 18
euclid hist: 18:22 19:144 20:1664 21:3280 22:314 23:55 24:616 25:641 26:2118 27:5134 28:13272 29:24971 30:38010 31:50500 32:112142 33:161690 34:183036 35:375743 36:572326 37:531812 38:1063858 39:1590428 40:1450566 41:2563414 42:3757022 43:3000616 44:4539892 45:6710834 46:4837318 47:5856394 48:8897240 49:6122488 50:4838710 51:7429626 52:5264670 53:2133338 54:2454782 55:1886480 56:429498
moebius hist: 18:22 19:5376 22:26 23:293 24:294 25:84
=== grid 9 x 4
grid 9x4: 3664 circles from triples
grid 9x4 subsets 30260340 minEuclid 18 minMoebius(among c<=24) 18
euclid hist: 18:9 19:48 20:608 21:4520 22:70 23:36 24:350 25:290 26:667 27:2244 28:4722 29:8827 30:26056 31:17436 32:45656 33:101920 34:66932 35:144063 36:301990 37:216870 38:394184 39:714158 40:622392 41:1000968 42:1613948 43:1286826 44:1832092 45:2782760 46:1917404 47:2398270 48:3613538 49:2250440 50:1927908 51:2943208 52:1744558 53:694806 54:965818 55:556348 56:57358
moebius hist: 18:9 19:4728 20:504 22:14 23:197 24:143 25:46
=== grid 10 x 4
grid 10x4: 5133 circles from triples
grid 10x4 subsets 76904685 minEuclid 18 minMoebius(among c<=24) 18
euclid hist: 18:12 19:56 20:744 21:15288 22:120 23:48 24:477 25:380 26:859 27:3486 28:5814 29:11682 30:51672 31:23180 32:71184 33:215444 34:98376 35:234080 36:619546 37:371040 38:630214 39:1397804 40:1233024 41:1815250 42:3439850 43:2894240 44:3781230 45:6489702 46:4726692 47:5672984 48:9417360 49:6187838 50:5282548 51:8793728 52:5587612 53:2227382 54:3335034 55:2052708 56:215810
moebius hist: 18:12 19:13144 20:3048 22:16 23:266 24:203 25:56
=== grid 7 x 6
grid 7x6: 5639 circles from triples
grid 7x6 subsets 118030185 minEuclid 18 minMoebius(among c<=24) 18
euclid hist: 18:31 19:192 20:2376 21:3138 22:520 23:77 24:848 25:907 26:3453 27:6793 28:19398 29:37921 30:47604 31:73284 32:158894 33:204986 34:268096 35:549875 36:774450 37:756206 38:1564642 39:2244866 40:2047560 41:3783692 42:5447196 43:4359246 44:6673052 45:9965098 46:7389858 47:8700446 48:13506584 49:9833044 50:7406170 51:11454240 52:8971396 53:3669592 54:3808374 55:3341940 56:954118
moebius hist: 18:31 19:6194 22:32 23:375 24:378 25:172
=== grid 11 x 4
grid 11x4: 7006 circles from triples
grid 11x4 subsets 177232627 minEuclid 18 minMoebius(among c<=24) 18
euclid hist: 18:15 19:64 20:880 21:44752 22:186 23:60 24:629 25:480 26:1071 27:5176 28:6922 29:15133 30:98004 31:29482 32:109208 33:439238 34:137662 35:377135 36:1237838 37:589574 38:935456 39:2499060 40:2231370 41:2987062 42:6586876 43:5913508 44:6937424 45:13356736 46:10335242 47:11788570 48:21449202 49:14767262 50:12692208 51:22900386 52:15423654 53:6234016 54:9994378 55:6424868 56:681172
moebius hist: 18:15 19:35312 20:10552 22:18 23:341 24:282 25:66
=== grid 8 x 6
grid 8x6: 8798 circles from triples
grid 8x6 subsets 377348994 minEuclid 18 minMoebius(among c<=24) 18
euclid hist: 18:43 19:256 20:3760 21:7504 22:1320 23:108 24:1244 25:1302 26:5211 27:10262 28:28748 29:59420 30:85356 31:118844 32:277890 33:399128 34:464054 35:1000172 36:1564298 37:1461988 38:2969432 39:4799858 40:4471450 41:8048192 42:13064930 43:10960268 44:16142976 45:27019810 46:21466924 47:24435984 48:42344924 49:33801634 50:24969284 51:42953690 52:37967132 53:15984792 54:17403162 55:17494452 56:5559152
moebius hist: 18:43 19:12800 22:40 23:536 24:562 25:254
=== grid 7 x 7
grid 7x7: 9141 circles from triples
grid 7x7 subsets 450978066 minEuclid 18 minMoebius(among c<=24) 18
euclid hist: 18:54 19:304 20:4344 21:7320 22:1542 23:124 24:1484 25:1500 26:6381 27:11812 28:34268 29:72140 30:97632 31:144818 32:327672 33:453520 34:570332 35:1203154 36:1812792 37:1767570 38:3624936 39:5673564 40:5376780 41:9870414 42:15487612 43:13190052 44:19921956 45:32151080 46:25863688 47:30439492 48:50509432 49:40323224 50:31304090 51:50969736 52:43962300 53:19444328 54:20478696 55:19648480 56:6219404
moebius hist: 18:54 19:13456 20:8 22:46 23:618 24:634 25:356
