== grid10 (exact)
N=100 triples=157252 distinct circles=90874
subsets=1192052400 degenerate=24796 found(<=7)=0
  circles=8 : 240
  circles=9 : 105416
  circles=10 : 1634154
  circles=11 : 1912764
  circles=12 : 1060380
  circles=13 : 6165440
  circles=14 : 4393824
  circles=15 : 14076388
  circles=16 : 90931150
  circles=17 : 104188708
  circles=18 : 49389332
  circles=19 : 343853592
  circles=20 : 574316216
== tri (exact)
N=127 triples=325872 distinct circles=185469
subsets=5169379425 degenerate=99384 found(<=7)=0
  circles=8 : 1770
  circles=9 : 265836
  circles=10 : 5096952
  circles=11 : 7792208
  circles=12 : 2449794
  circles=13 : 18001026
  circles=14 : 15955080
  circles=15 : 38823510
  circles=16 : 304668543
  circles=17 : 441965760
  circles=18 : 157361274
  circles=19 : 1343889300
  circles=20 : 2833008988
== pool_poly10 (float)
== pool_poly12 (float)
== pool_poly7 (float)
== pool_poly8 (float)
== pool_poly_cube_octa (float)
== pool_poly_cubocta (float)
== pool_poly_dode (float)
== pool_poly_ico (float)
== pool_qr_cyclic (float)
== pool_qr_cyclic_inv0 (float)
== pool_qr_cyclic_invc (float)
== pool_qr_cyclic_perp (float)
== pool_qr_cyclic_perp_inv0 (float)
== pool_qr_cyclic_perp_invc (float)
== pool_qr_orthocentric (float)
== pool_qr_orthocentric_inv0 (float)
== pool_qr_orthocentric_invc (float)
== pool_qr_random (float)
== pool_qr_random_inv0 (float)
== pool_qr_random_invc (float)
== pool_qr_square (float)
== pool_qr_square_inv0 (float)
== pool_qr_square_invc (float)
== pool_quad_60 (float)
== pool_quad_60_inv01 (float)
== pool_quad_60_inv02 (float)
== pool_quad_60_inv03 (float)
== pool_quad_orthic (float)
== pool_quad_orthic_inv01 (float)
== pool_quad_orthic_inv02 (float)
== pool_quad_orthic_inv03 (float)
== pool_quad_random (float)
== pool_quad_random2 (float)
== pool_quad_random2_inv01 (float)
== pool_quad_random2_inv02 (float)
== pool_quad_random2_inv03 (float)
== pool_quad_random_inv01 (float)
== pool_quad_random_inv02 (float)
== pool_quad_random_inv03 (float)
== pool_quad_sym (float)
== pool_quad_sym_inv01 (float)
== pool_quad_sym_inv02 (float)
== pool_quad_sym_inv03 (float)
== pool_tri_306090 (float)
== pool_tri_306090_invA (float)
== pool_tri_306090_invD (float)
== pool_tri_306090_invH (float)
== pool_tri_306090_invN (float)
== pool_tri_306090_invO (float)
== pool_tri_345 (float)
== pool_tri_345_invA (float)
== pool_tri_345_invD (float)
== pool_tri_345_invH (float)
== pool_tri_345_invN (float)
== pool_tri_345_invO (float)
== pool_tri_equi (float)
== pool_tri_equi_invA (float)
== pool_tri_equi_invD (float)
== pool_tri_equi_invH (float)
== pool_tri_equi_invN (float)
== pool_tri_equi_invO (float)
== pool_tri_isos40 (float)
== pool_tri_isos40_invA (float)
== pool_tri_isos40_invD (float)
== pool_tri_isos40_invH (float)
== pool_tri_isos40_invN (float)
== pool_tri_isos40_invO (float)
== pool_tri_obtuse (float)
== pool_tri_obtuse_invA (float)
== pool_tri_obtuse_invD (float)
== pool_tri_obtuse_invH (float)
== pool_tri_obtuse_invN (float)
== pool_tri_obtuse_invO (float)
== pool_tri_random (float)
== pool_tri_random2 (float)
== pool_tri_random2_invA (float)
== pool_tri_random2_invD (float)
== pool_tri_random2_invH (float)
== pool_tri_random2_invN (float)
== pool_tri_random2_invO (float)
== pool_tri_random_invA (float)
== pool_tri_random_invD (float)
== pool_tri_random_invH (float)
== pool_tri_random_invN (float)
== pool_tri_random_invO (float)
== pool_tri_report_b1 (float)
== pool_tri_report_b1_invA (float)
== pool_tri_report_b1_invD (float)
== pool_tri_report_b1_invH (float)
== pool_tri_report_b1_invN (float)
== pool_tri_report_b1_invO (float)
ALL DONE
