98 families with >= 2 free parameters
D2 A B B n=6 p=3 K=30
   pair (1,2): 90 grid pts, 29 crossing candidates (2s)
   pair (1,2): 1 evaluations, 0 new, 2s
D2 A A A n=6 p=3 K=38
   pair (1,2): 90 grid pts, 0 crossing candidates (1s)
   pair (1,2): 0 evaluations, 0 new, 1s
D2 A G n=6 p=3 K=24
   pair (1,2): 90 grid pts, 0 crossing candidates (1s)
   pair (1,2): 0 evaluations, 0 new, 1s
D2 A A B n=6 p=3 K=30
   pair (1,2): 90 grid pts, 29 crossing candidates (2s)
   pair (1,2): 1 evaluations, 0 new, 2s
D2 A A A C n=7 p=3 K=38
   pair (1,2): 90 grid pts, 0 crossing candidates (1s)
   pair (1,2): 0 evaluations, 0 new, 1s
D2 A A B I n=7 p=3 K=30
   pair (1,2): 90 grid pts, 29 crossing candidates (2s)
   pair (1,2): 1 evaluations, 0 new, 2s
D2 A B B I n=7 p=3 K=30
   pair (1,2): 90 grid pts, 29 crossing candidates (2s)
   pair (1,2): 1 evaluations, 0 new, 2s
D2 A A B C n=7 p=3 K=30
   pair (1,2): 90 grid pts, 29 crossing candidates (2s)
   pair (1,2): 1 evaluations, 0 new, 2s
D2 A B B C n=7 p=3 K=30
   pair (1,2): 90 grid pts, 29 crossing candidates (2s)
   pair (1,2): 1 evaluations, 0 new, 2s
D2 A G I n=7 p=3 K=24
   pair (1,2): 90 grid pts, 0 crossing candidates (1s)
   pair (1,2): 0 evaluations, 0 new, 1s
D2 A G C n=7 p=3 K=24
   pair (1,2): 90 grid pts, 0 crossing candidates (1s)
   pair (1,2): 0 evaluations, 0 new, 1s
D2 A A A I n=7 p=3 K=38
   pair (1,2): 90 grid pts, 0 crossing candidates (1s)
   pair (1,2): 0 evaluations, 0 new, 1s
D2 A B B C I n=8 p=3 K=30
   pair (1,2): 90 grid pts, 29 crossing candidates (2s)
   pair (1,2): 1 evaluations, 0 new, 2s
D2 A G C I n=8 p=3 K=24
   pair (1,2): 90 grid pts, 0 crossing candidates (1s)
   pair (1,2): 0 evaluations, 0 new, 1s
D2 A A A C I n=8 p=3 K=38
   pair (1,2): 90 grid pts, 0 crossing candidates (1s)
   pair (1,2): 0 evaluations, 0 new, 1s
D2 G G n=8 p=4 K=60
   pair (1,2): 90 grid pts, 361 crossing candidates (2s)
   pair (1,2): 1 evaluations, 0 new, 3s
   pair (1,2): 90 grid pts, 393 crossing candidates (2s)
   pair (1,2): 3 evaluations, 0 new, 3s
   pair (1,3): 90 grid pts, 16 crossing candidates (3s)
   pair (1,3): 2 evaluations, 0 new, 3s
   pair (1,3): 90 grid pts, 12 crossing candidates (3s)
   pair (1,3): 2 evaluations, 0 new, 3s
   pair (2,3): 90 grid pts, 424 crossing candidates (3s)
   pair (2,3): 1 evaluations, 0 new, 4s
   pair (2,3): 90 grid pts, 456 crossing candidates (3s)
   pair (2,3): 3 evaluations, 0 new, 4s
D2 A B G n=8 p=4 K=66
   pair (1,2): 90 grid pts, 462 crossing candidates (3s)
   pair (1,2): 47 evaluations, 0 new, 5s
   pair (1,2): 90 grid pts, 422 crossing candidates (3s)
   pair (1,2): 69 evaluations, 0 new, 5s
   pair (1,3): 90 grid pts, 64 crossing candidates (3s)
   pair (1,3): 22 evaluations, 0 new, 3s
   pair (1,3): 90 grid pts, 66 crossing candidates (3s)
   pair (1,3): 23 evaluations, 0 new, 3s
   pair (2,3): 90 grid pts, 124 crossing candidates (3s)
   pair (2,3): 25 evaluations, 0 new, 4s
   pair (2,3): 90 grid pts, 136 crossing candidates (3s)
   pair (2,3): 32 evaluations, 0 new, 4s
D2 A A G n=8 p=4 K=69
   pair (1,2): 90 grid pts, 381 crossing candidates (3s)
  NEW n=8 best=19 (formula 19) D2 A A G params=[1.0, 0.171573, 0.414214, 0.785398] nb=20 deg=1 lines=1
   pair (1,2): 15 evaluations, 1 new, 4s
   pair (1,2): 90 grid pts, 381 crossing candidates (3s)
   pair (1,2): 15 evaluations, 0 new, 4s
   pair (1,3): 90 grid pts, 53 crossing candidates (3s)
   pair (1,3): 6 evaluations, 0 new, 3s
   pair (1,3): 90 grid pts, 51 crossing candidates (3s)
   pair (1,3): 5 evaluations, 0 new, 3s
   pair (2,3): 90 grid pts, 27 crossing candidates (3s)
   pair (2,3): 6 evaluations, 0 new, 3s
   pair (2,3): 90 grid pts, 27 crossing candidates (3s)
   pair (2,3): 6 evaluations, 0 new, 3s
D2 A A B C I n=8 p=3 K=30
   pair (1,2): 90 grid pts, 29 crossing candidates (1s)
   pair (1,2): 1 evaluations, 0 new, 2s
D2 A A G I n=9 p=4 K=69
   pair (1,2): 90 grid pts, 381 crossing candidates (3s)
   pair (1,2): 15 evaluations, 0 new, 4s
   pair (1,2): 90 grid pts, 381 crossing candidates (3s)
   pair (1,2): 15 evaluations, 0 new, 4s
   pair (1,3): 90 grid pts, 53 crossing candidates (3s)
   pair (1,3): 6 evaluations, 0 new, 3s
   pair (1,3): 90 grid pts, 51 crossing candidates (3s)
   pair (1,3): 5 evaluations, 0 new, 4s
   pair (2,3): 90 grid pts, 27 crossing candidates (3s)
   pair (2,3): 6 evaluations, 0 new, 3s
   pair (2,3): 90 grid pts, 27 crossing candidates (3s)
   pair (2,3): 6 evaluations, 0 new, 3s
D2 G G I n=9 p=4 K=60
   pair (1,2): 90 grid pts, 361 crossing candidates (3s)
   pair (1,2): 1 evaluations, 0 new, 4s
   pair (1,2): 90 grid pts, 393 crossing candidates (3s)
   pair (1,2): 3 evaluations, 0 new, 4s
   pair (1,3): 90 grid pts, 16 crossing candidates (3s)
   pair (1,3): 2 evaluations, 0 new, 3s
   pair (1,3): 90 grid pts, 12 crossing candidates (3s)
   pair (1,3): 2 evaluations, 0 new, 3s
   pair (2,3): 90 grid pts, 424 crossing candidates (3s)
   pair (2,3): 1 evaluations, 0 new, 4s
   pair (2,3): 90 grid pts, 456 crossing candidates (3s)
   pair (2,3): 3 evaluations, 0 new, 4s
D2 G G C n=9 p=4 K=60
   pair (1,2): 90 grid pts, 361 crossing candidates (3s)
   pair (1,2): 1 evaluations, 0 new, 3s
   pair (1,2): 90 grid pts, 393 crossing candidates (3s)
   pair (1,2): 3 evaluations, 0 new, 3s
   pair (1,3): 90 grid pts, 16 crossing candidates (2s)
   pair (1,3): 2 evaluations, 0 new, 2s
   pair (1,3): 90 grid pts, 12 crossing candidates (3s)
   pair (1,3): 2 evaluations, 0 new, 3s
   pair (2,3): 90 grid pts, 424 crossing candidates (3s)
   pair (2,3): 1 evaluations, 0 new, 4s
   pair (2,3): 90 grid pts, 456 crossing candidates (3s)
   pair (2,3): 3 evaluations, 0 new, 4s
D2 A A G C n=9 p=4 K=69
   pair (1,2): 90 grid pts, 381 crossing candidates (3s)
   pair (1,2): 15 evaluations, 0 new, 4s
   pair (1,2): 90 grid pts, 381 crossing candidates (3s)
   pair (1,2): 15 evaluations, 0 new, 4s
   pair (1,3): 90 grid pts, 53 crossing candidates (3s)
   pair (1,3): 6 evaluations, 0 new, 3s
   pair (1,3): 90 grid pts, 51 crossing candidates (3s)
   pair (1,3): 5 evaluations, 0 new, 3s
   pair (2,3): 90 grid pts, 27 crossing candidates (2s)
   pair (2,3): 6 evaluations, 0 new, 3s
   pair (2,3): 90 grid pts, 27 crossing candidates (3s)
   pair (2,3): 6 evaluations, 0 new, 3s
D2 A B G I n=9 p=4 K=66
   pair (1,2): 90 grid pts, 462 crossing candidates (3s)
  NEW n=9 best=25 (formula 25) D2 A B G I params=[1.0, 1.0, 1.0, 0.785398] nb=29 deg=4 lines=28
   pair (1,2): 47 evaluations, 1 new, 5s
   pair (1,2): 90 grid pts, 422 crossing candidates (3s)
   pair (1,2): 69 evaluations, 0 new, 4s
   pair (1,3): 90 grid pts, 64 crossing candidates (3s)
   pair (1,3): 22 evaluations, 0 new, 3s
   pair (1,3): 90 grid pts, 66 crossing candidates (3s)
   pair (1,3): 23 evaluations, 0 new, 3s
   pair (2,3): 90 grid pts, 124 crossing candidates (3s)
   pair (2,3): 25 evaluations, 0 new, 4s
   pair (2,3): 90 grid pts, 136 crossing candidates (3s)
   pair (2,3): 32 evaluations, 0 new, 4s
D2 A B G C n=9 p=4 K=66
   pair (1,2): 90 grid pts, 462 crossing candidates (3s)
  NEW n=9 best=25 (formula 25) D2 A B G C params=[1.0, 1.0, 1.0, 0.785398] nb=29 deg=4 lines=4
   pair (1,2): 47 evaluations, 1 new, 4s
   pair (1,2): 90 grid pts, 422 crossing candidates (2s)
   pair (1,2): 69 evaluations, 0 new, 4s
   pair (1,3): 90 grid pts, 64 crossing candidates (3s)
   pair (1,3): 22 evaluations, 0 new, 3s
   pair (1,3): 90 grid pts, 66 crossing candidates (3s)
   pair (1,3): 23 evaluations, 0 new, 3s
   pair (2,3): 90 grid pts, 124 crossing candidates (3s)
   pair (2,3): 25 evaluations, 0 new, 3s
   pair (2,3): 90 grid pts, 136 crossing candidates (3s)
   pair (2,3): 32 evaluations, 0 new, 4s
D3 A A B n=9 p=3 K=76
   pair (1,2): 90 grid pts, 915 crossing candidates (3s)
   pair (1,2): 78 evaluations, 0 new, 5s
D3 A B B n=9 p=3 K=76
   pair (1,2): 90 grid pts, 915 crossing candidates (4s)
   pair (1,2): 78 evaluations, 0 new, 6s
D3 A A A n=9 p=3 K=76
   pair (1,2): 90 grid pts, 1008 crossing candidates (3s)
   pair (1,2): 209 evaluations, 0 new, 5s
D3 A G n=9 p=3 K=66
   pair (1,2): 90 grid pts, 25 crossing candidates (3s)
   pair (1,2): 5 evaluations, 0 new, 3s
D2 G G C I n=10 p=4 K=60
   pair (1,2): 90 grid pts, 361 crossing candidates (2s)
   pair (1,2): 1 evaluations, 0 new, 3s
   pair (1,2): 90 grid pts, 393 crossing candidates (2s)
   pair (1,2): 3 evaluations, 0 new, 3s
   pair (1,3): 90 grid pts, 16 crossing candidates (2s)
   pair (1,3): 2 evaluations, 0 new, 2s
   pair (1,3): 90 grid pts, 12 crossing candidates (2s)
   pair (1,3): 2 evaluations, 0 new, 2s
   pair (2,3): 90 grid pts, 424 crossing candidates (3s)
   pair (2,3): 1 evaluations, 0 new, 3s
   pair (2,3): 90 grid pts, 456 crossing candidates (3s)
   pair (2,3): 3 evaluations, 0 new, 4s
D2 A G G n=10 p=5 K=139
   pair (1,2): 90 grid pts, 2579 crossing candidates (8s)
   pair (1,2): 157 evaluations, 0 new, 15s
   pair (1,2): 90 grid pts, 2620 crossing candidates (7s)
   pair (1,2): 162 evaluations, 0 new, 16s
   pair (1,3): 90 grid pts, 2704 crossing candidates (7s)
   pair (1,3): 140 evaluations, 0 new, 15s
   pair (1,3): 90 grid pts, 3768 crossing candidates (7s)
   pair (1,3): 318 evaluations, 0 new, 22s
   pair (1,4): 90 grid pts, 2558 crossing candidates (7s)
   pair (1,4): 158 evaluations, 0 new, 13s
   pair (1,4): 90 grid pts, 2468 crossing candidates (6s)
   pair (1,4): 143 evaluations, 0 new, 12s
   pair (2,3): 90 grid pts, 2169 crossing candidates (5s)
   pair (2,3): 155 evaluations, 0 new, 13s
   pair (2,3): 90 grid pts, 2235 crossing candidates (4s)
   pair (2,3): 161 evaluations, 0 new, 11s
   pair (2,4): 90 grid pts, 198 crossing candidates (5s)
   pair (2,4): 16 evaluations, 0 new, 6s
   pair (2,4): 90 grid pts, 494 crossing candidates (5s)
   pair (2,4): 95 evaluations, 0 new, 6s
   pair (3,4): 90 grid pts, 2579 crossing candidates (6s)
   pair (3,4): 157 evaluations, 0 new, 12s
   pair (3,4): 90 grid pts, 2620 crossing candidates (6s)
   pair (3,4): 162 evaluations, 0 new, 14s
D2 A A G C I n=10 p=4 K=69
   pair (1,2): 90 grid pts, 381 crossing candidates (3s)
   pair (1,2): 15 evaluations, 0 new, 3s
   pair (1,2): 90 grid pts, 381 crossing candidates (2s)
   pair (1,2): 15 evaluations, 0 new, 3s
   pair (1,3): 90 grid pts, 53 crossing candidates (3s)
   pair (1,3): 6 evaluations, 0 new, 3s
   pair (1,3): 90 grid pts, 51 crossing candidates (3s)
   pair (1,3): 5 evaluations, 0 new, 3s
   pair (2,3): 90 grid pts, 27 crossing candidates (3s)
   pair (2,3): 6 evaluations, 0 new, 3s
   pair (2,3): 90 grid pts, 27 crossing candidates (3s)
   pair (2,3): 6 evaluations, 0 new, 3s
D2 A B G C I n=10 p=4 K=66
   pair (1,2): 90 grid pts, 462 crossing candidates (3s)
   pair (1,2): 47 evaluations, 0 new, 4s
   pair (1,2): 90 grid pts, 422 crossing candidates (3s)
   pair (1,2): 69 evaluations, 0 new, 5s
   pair (1,3): 90 grid pts, 64 crossing candidates (3s)
   pair (1,3): 22 evaluations, 0 new, 3s
   pair (1,3): 90 grid pts, 66 crossing candidates (3s)
   pair (1,3): 23 evaluations, 0 new, 3s
   pair (2,3): 90 grid pts, 124 crossing candidates (3s)
   pair (2,3): 25 evaluations, 0 new, 4s
   pair (2,3): 90 grid pts, 136 crossing candidates (3s)
   pair (2,3): 32 evaluations, 0 new, 4s
D3 A G I n=10 p=3 K=66
   pair (1,2): 90 grid pts, 25 crossing candidates (3s)
   pair (1,2): 5 evaluations, 0 new, 3s
D3 A G C n=10 p=3 K=66
   pair (1,2): 90 grid pts, 25 crossing candidates (3s)
   pair (1,2): 5 evaluations, 0 new, 3s
D3 A A A I n=10 p=3 K=76
   pair (1,2): 90 grid pts, 1008 crossing candidates (3s)
   pair (1,2): 209 evaluations, 0 new, 5s
D3 A B B I n=10 p=3 K=76
   pair (1,2): 90 grid pts, 915 crossing candidates (3s)
   pair (1,2): 78 evaluations, 0 new, 6s
D3 A A A C n=10 p=3 K=76
   pair (1,2): 90 grid pts, 1008 crossing candidates (3s)
   pair (1,2): 209 evaluations, 0 new, 5s
D3 A A B I n=10 p=3 K=76
   pair (1,2): 90 grid pts, 915 crossing candidates (3s)
   pair (1,2): 78 evaluations, 0 new, 6s
D3 A A B C n=10 p=3 K=76
   pair (1,2): 90 grid pts, 915 crossing candidates (3s)
   pair (1,2): 78 evaluations, 0 new, 6s
D3 A B B C n=10 p=3 K=76
   pair (1,2): 90 grid pts, 915 crossing candidates (3s)
   pair (1,2): 78 evaluations, 0 new, 6s
D2 A G G C n=11 p=5 K=139
   pair (1,2): 90 grid pts, 2579 crossing candidates (8s)
   pair (1,2): 157 evaluations, 0 new, 19s
   pair (1,2): 90 grid pts, 2620 crossing candidates (7s)
   pair (1,2): 162 evaluations, 0 new, 20s
   pair (1,3): 90 grid pts, 2704 crossing candidates (7s)
   pair (1,3): 140 evaluations, 0 new, 16s
   pair (1,3): 90 grid pts, 3768 crossing candidates (7s)
  NEW n=11 best=41 (formula 41) D2 A G G C params=[1.0, 1.0, 0.785398, 1.0, 0.523599] nb=46 deg=5 lines=5
   pair (1,3): 318 evaluations, 1 new, 28s
   pair (1,4): 90 grid pts, 2558 crossing candidates (7s)
   pair (1,4): 158 evaluations, 0 new, 18s
   pair (1,4): 90 grid pts, 2468 crossing candidates (6s)
   pair (1,4): 143 evaluations, 0 new, 12s
   pair (2,3): 90 grid pts, 2169 crossing candidates (4s)
   pair (2,3): 155 evaluations, 0 new, 11s
   pair (2,3): 90 grid pts, 2235 crossing candidates (3s)
   pair (2,3): 161 evaluations, 0 new, 10s
   pair (2,4): 90 grid pts, 198 crossing candidates (3s)
   pair (2,4): 16 evaluations, 0 new, 4s
   pair (2,4): 90 grid pts, 494 crossing candidates (3s)
   pair (2,4): 95 evaluations, 0 new, 6s
   pair (3,4): 90 grid pts, 2579 crossing candidates (4s)
   pair (3,4): 157 evaluations, 0 new, 10s
   pair (3,4): 90 grid pts, 2620 crossing candidates (4s)
   pair (3,4): 162 evaluations, 0 new, 10s
D2 A G G I n=11 p=5 K=139
   pair (1,2): 90 grid pts, 2579 crossing candidates (3s)
   pair (1,2): 157 evaluations, 0 new, 8s
   pair (1,2): 90 grid pts, 2620 crossing candidates (3s)
   pair (1,2): 162 evaluations, 0 new, 10s
   pair (1,3): 90 grid pts, 2704 crossing candidates (4s)
   pair (1,3): 140 evaluations, 0 new, 10s
   pair (1,3): 90 grid pts, 3768 crossing candidates (5s)
  NEW n=11 best=41 (formula 41) D2 A G G I params=[1.0, 1.0, 0.785398, 1.0, 0.523599] nb=46 deg=5 lines=45
   pair (1,3): 318 evaluations, 1 new, 18s
   pair (1,4): 90 grid pts, 2558 crossing candidates (5s)
   pair (1,4): 158 evaluations, 0 new, 11s
   pair (1,4): 90 grid pts, 2468 crossing candidates (4s)
   pair (1,4): 143 evaluations, 0 new, 9s
   pair (2,3): 90 grid pts, 2169 crossing candidates (3s)
   pair (2,3): 155 evaluations, 0 new, 10s
   pair (2,3): 90 grid pts, 2235 crossing candidates (3s)
   pair (2,3): 161 evaluations, 0 new, 10s
   pair (2,4): 90 grid pts, 198 crossing candidates (3s)
   pair (2,4): 16 evaluations, 0 new, 3s
   pair (2,4): 90 grid pts, 494 crossing candidates (3s)
   pair (2,4): 95 evaluations, 0 new, 6s
   pair (3,4): 90 grid pts, 2579 crossing candidates (4s)
   pair (3,4): 157 evaluations, 0 new, 10s
   pair (3,4): 90 grid pts, 2620 crossing candidates (4s)
   pair (3,4): 162 evaluations, 0 new, 11s
D3 A B B C I n=11 p=3 K=76
   pair (1,2): 90 grid pts, 915 crossing candidates (2s)
   pair (1,2): 78 evaluations, 0 new, 3s
D3 A G C I n=11 p=3 K=66
   pair (1,2): 90 grid pts, 25 crossing candidates (2s)
   pair (1,2): 5 evaluations, 0 new, 2s
D3 A A B C I n=11 p=3 K=76
   pair (1,2): 90 grid pts, 915 crossing candidates (2s)
   pair (1,2): 78 evaluations, 0 new, 4s
D3 A A A C I n=11 p=3 K=76
   pair (1,2): 90 grid pts, 1008 crossing candidates (2s)
   pair (1,2): 209 evaluations, 0 new, 3s
D2 G G G n=12 p=6 K=266
   pair (1,2): 90 grid pts, 9078 crossing candidates (6s)
   pair (1,2): 320 evaluations, 0 new, 24s
   pair (1,2): 90 grid pts, 8704 crossing candidates (7s)
   pair (1,2): 770 evaluations, 0 new, 37s
   pair (1,3): 90 grid pts, 2905 crossing candidates (6s)
   pair (1,3): 111 evaluations, 0 new, 10s
   pair (1,3): 90 grid pts, 2798 crossing candidates (5s)
   pair (1,3): 134 evaluations, 0 new, 10s
   pair (1,4): 90 grid pts, 9078 crossing candidates (6s)
   pair (1,4): 301 evaluations, 0 new, 21s
   pair (1,4): 90 grid pts, 8307 crossing candidates (5s)
