labelled families F satisfying (C1): 6149
families with D large enough to possibly reach target 10: 247

=== regime none: 6 isomorphism classes of (F, L) with circles <= 10
  count=7 D=21 ell=7 sizes=[4, 4, 4, 4, 4, 4, 4] blocks=[[0, 1, 2, 3], [0, 1, 4, 5], [0, 2, 4, 6], [0, 3, 5, 6], [1, 2, 5, 6], [1, 3, 4, 6], [2, 3, 4, 5]] lines=[[0, 1, 6], [0, 2, 5], [0, 3, 4], [1, 2, 4], [1, 3, 5], [2, 3, 6], [4, 5, 6]] (#labelled 30)
  count=8 D=21 ell=6 sizes=[4, 4, 4, 4, 4, 4, 4] blocks=[[0, 1, 2, 3], [0, 1, 4, 5], [0, 2, 4, 6], [0, 3, 5, 6], [1, 2, 5, 6], [1, 3, 4, 6], [2, 3, 4, 5]] lines=[[0, 1, 6], [0, 2, 5], [0, 3, 4], [1, 2, 4], [1, 3, 5], [2, 3, 6]] (#labelled 210)
  count=9 D=21 ell=5 sizes=[4, 4, 4, 4, 4, 4, 4] blocks=[[0, 1, 2, 3], [0, 1, 4, 5], [0, 2, 4, 6], [0, 3, 5, 6], [1, 2, 5, 6], [1, 3, 4, 6], [2, 3, 4, 5]] lines=[[0, 1, 6], [0, 2, 5], [0, 3, 4], [1, 2, 4], [1, 3, 5]] (#labelled 630)
  count=10 D=18 ell=7 sizes=[4, 4, 4, 4, 4, 4] blocks=[[0, 1, 2, 3], [0, 1, 4, 5], [0, 2, 4, 6], [0, 3, 5, 6], [1, 2, 5, 6], [1, 3, 4, 6]] lines=[[0, 1, 6], [0, 2, 5], [0, 3, 4], [1, 2, 4], [1, 3, 5], [2, 3, 6], [4, 5, 6]] (#labelled 210)
  count=10 D=21 ell=4 sizes=[4, 4, 4, 4, 4, 4, 4] blocks=[[0, 1, 2, 3], [0, 1, 4, 5], [0, 2, 4, 6], [0, 3, 5, 6], [1, 2, 5, 6], [1, 3, 4, 6], [2, 3, 4, 5]] lines=[[0, 1, 6], [0, 2, 5], [0, 3, 4], [1, 2, 4]] (#labelled 840)
  count=10 D=21 ell=4 sizes=[4, 4, 4, 4, 4, 4, 4] blocks=[[0, 1, 2, 3], [0, 1, 4, 5], [0, 2, 4, 6], [0, 3, 5, 6], [1, 2, 5, 6], [1, 3, 4, 6], [2, 3, 4, 5]] lines=[[0, 1, 6], [0, 2, 5], [1, 2, 4], [4, 5, 6]] (#labelled 210)
  distinct block families F (up to iso): 2
   F = [[0, 1, 2, 3], [0, 1, 4, 5], [0, 2, 4, 6], [0, 3, 5, 6], [1, 2, 5, 6], [1, 3, 4, 6], [2, 3, 4, 5]]  ell values: [4, 5, 6, 7]
   F = [[0, 1, 2, 3], [0, 1, 4, 5], [0, 2, 4, 6], [0, 3, 5, 6], [1, 2, 5, 6], [1, 3, 4, 6]]  ell values: [7]

=== regime weak: 4 isomorphism classes of (F, L) with circles <= 10
  count=8 D=21 ell=6 sizes=[4, 4, 4, 4, 4, 4, 4] blocks=[[0, 1, 2, 3], [0, 1, 4, 5], [0, 2, 4, 6], [0, 3, 5, 6], [1, 2, 5, 6], [1, 3, 4, 6], [2, 3, 4, 5]] lines=[[0, 1, 6], [0, 2, 5], [0, 3, 4], [1, 2, 4], [1, 3, 5], [2, 3, 6]] (#labelled 210)
  count=9 D=21 ell=5 sizes=[4, 4, 4, 4, 4, 4, 4] blocks=[[0, 1, 2, 3], [0, 1, 4, 5], [0, 2, 4, 6], [0, 3, 5, 6], [1, 2, 5, 6], [1, 3, 4, 6], [2, 3, 4, 5]] lines=[[0, 1, 6], [0, 2, 5], [0, 3, 4], [1, 2, 4], [1, 3, 5]] (#labelled 630)
  count=10 D=21 ell=4 sizes=[4, 4, 4, 4, 4, 4, 4] blocks=[[0, 1, 2, 3], [0, 1, 4, 5], [0, 2, 4, 6], [0, 3, 5, 6], [1, 2, 5, 6], [1, 3, 4, 6], [2, 3, 4, 5]] lines=[[0, 1, 6], [0, 2, 5], [0, 3, 4], [1, 2, 4]] (#labelled 840)
  count=10 D=21 ell=4 sizes=[4, 4, 4, 4, 4, 4, 4] blocks=[[0, 1, 2, 3], [0, 1, 4, 5], [0, 2, 4, 6], [0, 3, 5, 6], [1, 2, 5, 6], [1, 3, 4, 6], [2, 3, 4, 5]] lines=[[0, 1, 6], [0, 2, 5], [1, 2, 4], [4, 5, 6]] (#labelled 210)
  distinct block families F (up to iso): 1
   F = [[0, 1, 2, 3], [0, 1, 4, 5], [0, 2, 4, 6], [0, 3, 5, 6], [1, 2, 5, 6], [1, 3, 4, 6], [2, 3, 4, 5]]  ell values: [4, 5, 6]

=== regime strong: 4 isomorphism classes of (F, L) with circles <= 10
  count=8 D=21 ell=6 sizes=[4, 4, 4, 4, 4, 4, 4] blocks=[[0, 1, 2, 3], [0, 1, 4, 5], [0, 2, 4, 6], [0, 3, 5, 6], [1, 2, 5, 6], [1, 3, 4, 6], [2, 3, 4, 5]] lines=[[0, 1, 6], [0, 2, 5], [0, 3, 4], [1, 2, 4], [1, 3, 5], [2, 3, 6]] (#labelled 210)
  count=9 D=21 ell=5 sizes=[4, 4, 4, 4, 4, 4, 4] blocks=[[0, 1, 2, 3], [0, 1, 4, 5], [0, 2, 4, 6], [0, 3, 5, 6], [1, 2, 5, 6], [1, 3, 4, 6], [2, 3, 4, 5]] lines=[[0, 1, 6], [0, 2, 5], [0, 3, 4], [1, 2, 4], [1, 3, 5]] (#labelled 630)
  count=10 D=21 ell=4 sizes=[4, 4, 4, 4, 4, 4, 4] blocks=[[0, 1, 2, 3], [0, 1, 4, 5], [0, 2, 4, 6], [0, 3, 5, 6], [1, 2, 5, 6], [1, 3, 4, 6], [2, 3, 4, 5]] lines=[[0, 1, 6], [0, 2, 5], [0, 3, 4], [1, 2, 4]] (#labelled 840)
  count=10 D=21 ell=4 sizes=[4, 4, 4, 4, 4, 4, 4] blocks=[[0, 1, 2, 3], [0, 1, 4, 5], [0, 2, 4, 6], [0, 3, 5, 6], [1, 2, 5, 6], [1, 3, 4, 6], [2, 3, 4, 5]] lines=[[0, 1, 6], [0, 2, 5], [1, 2, 4], [4, 5, 6]] (#labelled 210)
  distinct block families F (up to iso): 1
   F = [[0, 1, 2, 3], [0, 1, 4, 5], [0, 2, 4, 6], [0, 3, 5, 6], [1, 2, 5, 6], [1, 3, 4, 6], [2, 3, 4, 5]]  ell values: [4, 5, 6]
