n=6 regime=sg forced=None maxsize=5: status=OPTIMAL max D+ell=13 bound=13 => min circles=7 (proved lower bound 7) time=0.0s
   blocks: [[0, 1, 3, 5], [0, 2, 3, 4], [1, 2, 4, 5]]
   lines: [[0, 1, 4], [0, 2, 5], [1, 2, 3], [3, 4, 5]]
   degrees: [2, 2, 2, 2, 2, 2]
n=7 regime=sg forced=None maxsize=6: status=OPTIMAL max D+ell=27 bound=27 => min circles=8 (proved lower bound 8) time=0.4s
   blocks: [[0, 1, 3, 5], [0, 1, 4, 6], [0, 2, 3, 6], [0, 2, 4, 5], [1, 2, 3, 4], [1, 2, 5, 6], [3, 4, 5, 6]]
   lines: [[0, 1, 2], [0, 3, 4], [0, 5, 6], [1, 3, 6], [1, 4, 5], [2, 4, 6]]
   degrees: [4, 4, 4, 4, 4, 4, 4]
n=7 regime=none forced=None maxsize=6: status=OPTIMAL max D+ell=28 bound=28 => min circles=7 (proved lower bound 7) time=0.4s
   blocks: [[0, 1, 3, 4], [0, 1, 5, 6], [0, 2, 3, 5], [0, 2, 4, 6], [1, 2, 3, 6], [1, 2, 4, 5], [3, 4, 5, 6]]
   lines: [[0, 1, 2], [0, 3, 6], [0, 4, 5], [1, 3, 5], [1, 4, 6], [2, 3, 4], [2, 5, 6]]
   degrees: [4, 4, 4, 4, 4, 4, 4]
n=8 regime=sg forced=None maxsize=7: status=OPTIMAL max D+ell=39 bound=39 => min circles=17 (proved lower bound 17) time=84.1s
   blocks: [[0, 1, 2, 3], [0, 1, 4, 7], [0, 2, 4, 6], [0, 2, 5, 7], [0, 3, 4, 5], [0, 3, 6, 7], [1, 2, 4, 5], [1, 2, 6, 7], [1, 3, 4, 6], [1, 3, 5, 7], [2, 3, 5, 6], [4, 5, 6, 7]]
   lines: [[0, 1, 6], [3, 4, 7], [2, 3, 5, 6]]
   degrees: [6, 6, 6, 6, 6, 6, 6, 6]
n=8 regime=none forced=None maxsize=7: status=OPTIMAL max D+ell=44 bound=44 => min circles=12 (proved lower bound 12) time=10.8s
   blocks: [[0, 1, 2, 3], [0, 1, 4, 5], [0, 1, 6, 7], [0, 2, 4, 6], [0, 2, 5, 7], [0, 3, 4, 7], [0, 3, 5, 6], [1, 2, 4, 7], [1, 2, 5, 6], [1, 3, 4, 6], [1, 3, 5, 7], [2, 3, 4, 5], [2, 3, 6, 7], [4, 5, 6, 7]]
   lines: [[0, 1, 2, 3], [4, 5, 6, 7]]
   degrees: [7, 7, 7, 7, 7, 7, 7, 7]
CPSAT_CHAIN_DONE
