n=6 report: n=6 circles=8 f(n)=9 lines=3 D=9 identity=True degenerate=False
    circle sizes [3, 3, 3, 3, 3, 4, 4, 4]  line sizes [3, 3, 3]
    blocks of size>=4: [[0, 1, 4, 5], [0, 2, 3, 5], [1, 2, 3, 4]]
    lines: [[0, 1, 3], [0, 2, 4], [1, 2, 5]]
n=7 report: n=7 circles=11 f(n)=13 lines=6 D=18 identity=True degenerate=False
    circle sizes [3, 3, 3, 3, 3, 4, 4, 4, 4, 4, 4]  line sizes [3, 3, 3, 3, 3, 3]
    blocks of size>=4: [[0, 1, 4, 5], [0, 2, 3, 5], [0, 3, 4, 6], [1, 2, 3, 4], [1, 3, 5, 6], [2, 4, 5, 6]]
    lines: [[0, 1, 3], [0, 2, 4], [0, 5, 6], [1, 2, 5], [1, 4, 6], [2, 3, 6]]
n=8 report: n=8 circles=17 f(n)=19 lines=3 D=36 identity=True degenerate=False
    circle sizes [3, 3, 3, 3, 3, 3, 4, 4, 4, 4, 4, 4, 4, 4, 4, 4, 4]  line sizes [3, 3, 4]
    blocks of size>=4: [[0, 1, 2, 3], [0, 1, 4, 6], [0, 1, 5, 7], [0, 2, 5, 6], [0, 3, 4, 5], [0, 3, 6, 7], [1, 2, 4, 5], [1, 2, 6, 7], [1, 3, 4, 7], [2, 3, 4, 6], [2, 3, 5, 7], [4, 5, 6, 7]]
    lines: [[0, 1, 2, 3], [0, 4, 7], [3, 5, 6]]
n=8 two squares (control, 18): n=8 circles=18 f(n)=19 lines=2 D=36 identity=True degenerate=False
    circle sizes [3, 3, 3, 3, 3, 3, 3, 3, 4, 4, 4, 4, 4, 4, 4, 4, 4, 4]  line sizes [4, 4]
    blocks of size>=4: [[0, 1, 2, 3], [0, 1, 4, 5], [0, 1, 6, 7], [0, 2, 4, 6], [0, 3, 4, 7], [0, 3, 5, 6], [1, 2, 4, 7], [1, 2, 5, 6], [1, 3, 5, 7], [2, 3, 4, 5], [2, 3, 6, 7], [4, 5, 6, 7]]
    lines: [[0, 2, 4, 6], [1, 3, 5, 7]]
n=9 antipodal: n=9 circles=25 f(n)=25 lines=4 D=55 identity=True degenerate=False
    circle sizes [3, 3, 3, 3, 3, 3, 3, 3, 3, 3, 3, 3, 3, 3, 3, 3, 3, 3, 3, 3, 3, 3, 3, 3, 8]  line sizes [3, 3, 3, 3]
    blocks of size>=4: [[1, 2, 3, 4, 5, 6, 7, 8]]
    lines: [[0, 1, 2], [0, 3, 4], [0, 5, 6], [0, 7, 8]]
n=9 8 concyclic + point on 4 non-diameter chords: n=9 circles=25 f(n)=25 lines=4 D=55 identity=True degenerate=False
    circle sizes [3, 3, 3, 3, 3, 3, 3, 3, 3, 3, 3, 3, 3, 3, 3, 3, 3, 3, 3, 3, 3, 3, 3, 3, 8]  line sizes [3, 3, 3, 3]
    blocks of size>=4: [[1, 2, 3, 4, 5, 6, 7, 8]]
    lines: [[0, 1, 2], [0, 3, 4], [0, 5, 6], [0, 7, 8]]

real	0m1.153s
user	0m0.618s
sys	0m0.000s
