F-class 0: D=75 need l>=13: 0 line sets  (0s)
F-class 1: D=75 need l>=13: 0 line sets  (0s)
F-class 2: D=75 need l>=13: 0 line sets  (0s)
F-class 3: D=78 need l>=10: 32 line sets  (16s)
F-class 4: D=75 need l>=13: 0 line sets  (16s)
F-class 5: D=75 need l>=13: 0 line sets  (16s)
F-class 6: D=78 need l>=10: 20 line sets  (55s)
F-class 7: D=75 need l>=13: 0 line sets  (55s)
F-class 8: D=75 need l>=13: 0 line sets  (55s)
total labelled (F,L): 52  (F,L)-classes: 13
  D=78 l=10 count=32  L=[[0, 1, 8, 9], [2, 3, 6, 7], [0, 2, 5], [0, 4, 6], [1, 3, 5], [1, 4, 7], [2, 4, 8], [3, 4, 9], [5, 6, 8], [5, 7, 9]]
  D=78 l=10 count=32  L=[[0, 1, 8, 9], [2, 3, 6, 7], [0, 2, 5], [0, 4, 6], [1, 3, 5], [1, 4, 7], [2, 4, 8], [3, 4, 9], [5, 6, 9], [5, 7, 8]]
  D=78 l=10 count=32  L=[[0, 1, 8, 9], [2, 3, 6, 7], [0, 2, 5], [0, 4, 6], [1, 3, 5], [1, 4, 7], [2, 4, 9], [3, 4, 8], [5, 6, 9], [5, 7, 8]]
  D=78 l=10 count=32  L=[[0, 1, 8, 9], [2, 3, 6, 7], [0, 2, 5], [0, 4, 7], [1, 3, 5], [1, 4, 6], [2, 4, 8], [3, 4, 9], [5, 6, 9], [5, 7, 8]]
  D=78 l=10 count=32  L=[[0, 2, 6, 9], [1, 3, 7, 8], [0, 3, 5], [0, 4, 7], [1, 2, 5], [1, 4, 6], [2, 4, 8], [3, 4, 9], [5, 6, 8], [5, 7, 9]]
  D=78 l=10 count=32  L=[[0, 2, 6, 9], [1, 3, 7, 8], [0, 3, 5], [0, 4, 7], [1, 2, 5], [1, 4, 9], [2, 4, 8], [3, 4, 6], [5, 6, 8], [5, 7, 9]]
  D=78 l=10 count=32  L=[[0, 2, 6, 9], [1, 3, 7, 8], [0, 3, 5], [0, 4, 8], [1, 2, 5], [1, 4, 9], [2, 4, 7], [3, 4, 6], [5, 6, 8], [5, 7, 9]]
  D=78 l=10 count=32  L=[[0, 2, 7, 8], [1, 3, 6, 9], [0, 3, 5], [0, 4, 6], [1, 2, 5], [1, 4, 7], [2, 4, 9], [3, 4, 8], [5, 6, 8], [5, 7, 9]]
  D=78 l=10 count=32  L=[[0, 1, 8, 9], [2, 3, 6, 7], [0, 2, 5], [0, 4, 6], [1, 3, 5], [1, 4, 7], [2, 4, 8], [3, 4, 9], [5, 6, 8], [5, 7, 9]]
  D=78 l=10 count=32  L=[[0, 1, 8, 9], [2, 3, 6, 7], [0, 2, 5], [0, 4, 6], [1, 3, 5], [1, 4, 7], [2, 4, 8], [3, 4, 9], [5, 6, 9], [5, 7, 8]]
  D=78 l=10 count=32  L=[[0, 1, 8, 9], [2, 3, 6, 7], [0, 2, 5], [0, 4, 6], [1, 3, 5], [1, 4, 7], [2, 4, 9], [3, 4, 8], [5, 6, 9], [5, 7, 8]]
  D=78 l=10 count=32  L=[[0, 1, 8, 9], [2, 3, 6, 7], [0, 2, 5], [0, 4, 7], [1, 3, 5], [1, 4, 6], [2, 4, 9], [3, 4, 8], [5, 6, 8], [5, 7, 9]]
  D=78 l=10 count=32  L=[[0, 2, 6, 9], [1, 3, 7, 8], [0, 3, 5], [0, 4, 7], [1, 2, 5], [1, 4, 6], [2, 4, 8], [3, 4, 9], [5, 6, 8], [5, 7, 9]]
