F-class 0: D=75 need l>=13: 0 line sets  (0s)
F-class 1: D=78 need l>=10: 0 line sets  (0s)
F-class 2: D=78 need l>=10: 0 line sets  (0s)
F-class 3: D=78 need l>=10: 0 line sets  (0s)
F-class 4: D=78 need l>=10: 30 line sets  (3s)
F-class 5: D=75 need l>=13: 0 line sets  (3s)
F-class 6: D=75 need l>=13: 0 line sets  (3s)
F-class 7: D=75 need l>=13: 0 line sets  (3s)
F-class 8: D=75 need l>=13: 0 line sets  (3s)
F-class 9: D=75 need l>=13: 0 line sets  (3s)
F-class 10: D=75 need l>=13: 0 line sets  (3s)
F-class 11: D=78 need l>=10: 26 line sets  (11s)
F-class 12: D=75 need l>=13: 0 line sets  (11s)
F-class 13: D=75 need l>=13: 0 line sets  (11s)
F-class 14: D=75 need l>=13: 0 line sets  (11s)
F-class 15: D=75 need l>=13: 0 line sets  (11s)
F-class 16: D=75 need l>=13: 0 line sets  (11s)
F-class 17: D=75 need l>=13: 0 line sets  (11s)
F-class 18: D=75 need l>=13: 0 line sets  (11s)
F-class 19: D=75 need l>=13: 0 line sets  (11s)
F-class 20: D=78 need l>=10: 31 line sets  (28s)
F-class 21: D=75 need l>=13: 0 line sets  (28s)
F-class 22: D=75 need l>=13: 0 line sets  (28s)
F-class 23: D=75 need l>=13: 0 line sets  (28s)
F-class 24: D=75 need l>=13: 0 line sets  (28s)
F-class 25: D=75 need l>=13: 0 line sets  (28s)
F-class 26: D=75 need l>=13: 0 line sets  (28s)
F-class 27: D=75 need l>=13: 0 line sets  (28s)
F-class 28: D=75 need l>=13: 0 line sets  (28s)
F-class 29: D=75 need l>=13: 0 line sets  (28s)
F-class 30: D=75 need l>=13: 0 line sets  (28s)
F-class 31: D=75 need l>=13: 0 line sets  (28s)
F-class 32: D=75 need l>=13: 0 line sets  (28s)
F-class 33: D=75 need l>=13: 0 line sets  (28s)
F-class 34: D=75 need l>=13: 0 line sets  (28s)
F-class 35: D=75 need l>=13: 0 line sets  (28s)
F-class 36: D=75 need l>=13: 0 line sets  (28s)
F-class 37: D=75 need l>=13: 0 line sets  (28s)
F-class 38: D=75 need l>=13: 0 line sets  (28s)
F-class 39: D=75 need l>=13: 0 line sets  (28s)
F-class 40: D=75 need l>=13: 0 line sets  (28s)
F-class 41: D=75 need l>=13: 0 line sets  (29s)
F-class 42: D=75 need l>=13: 0 line sets  (29s)
F-class 43: D=75 need l>=13: 0 line sets  (29s)
F-class 44: D=75 need l>=13: 0 line sets  (29s)
F-class 45: D=75 need l>=13: 0 line sets  (29s)
F-class 46: D=75 need l>=13: 0 line sets  (29s)
F-class 47: D=75 need l>=13: 0 line sets  (29s)
F-class 48: D=75 need l>=13: 0 line sets  (29s)
F-class 49: D=75 need l>=13: 0 line sets  (29s)
F-class 50: D=75 need l>=13: 0 line sets  (29s)
F-class 51: D=75 need l>=13: 0 line sets  (29s)
F-class 52: D=75 need l>=13: 0 line sets  (29s)
F-class 53: D=75 need l>=13: 0 line sets  (29s)
F-class 54: D=75 need l>=13: 0 line sets  (29s)
F-class 55: D=75 need l>=13: 0 line sets  (29s)
F-class 56: D=75 need l>=13: 0 line sets  (29s)
F-class 57: D=75 need l>=13: 0 line sets  (29s)
F-class 58: D=75 need l>=13: 0 line sets  (29s)
total labelled (F,L): 87  (F,L)-classes: 16
  D=78 l=11 count=31  L=[[0, 1, 2, 3, 4], [0, 5, 6], [0, 7, 9], [1, 5, 8], [1, 6, 7], [2, 6, 9], [2, 7, 8], [3, 5, 7], [3, 8, 9], [4, 5, 9], [4, 6, 8]]
  D=78 l=10 count=32  L=[[0, 1, 2, 3, 4], [0, 5, 6], [0, 7, 9], [1, 5, 8], [1, 6, 7], [2, 6, 9], [2, 7, 8], [3, 5, 7], [3, 8, 9], [4, 5, 9]]
  D=78 l=10 count=32  L=[[0, 1, 2, 3, 4], [0, 5, 6], [0, 7, 9], [1, 5, 8], [1, 6, 7], [2, 6, 9], [2, 7, 8], [3, 5, 7], [3, 8, 9], [4, 6, 8]]
  D=78 l=10 count=32  L=[[0, 1, 2, 3, 4], [0, 5, 6], [1, 5, 8], [1, 6, 7], [2, 6, 9], [2, 7, 8], [3, 5, 7], [3, 8, 9], [4, 5, 9], [4, 6, 8]]
  D=78 l=10 count=32  L=[[0, 1, 5], [0, 2, 7], [0, 3, 9], [0, 4, 6], [1, 2, 6], [1, 3, 7], [1, 4, 8], [2, 3, 8], [2, 4, 9], [3, 4, 5]]
  D=78 l=10 count=32  L=[[0, 1, 5], [0, 2, 7], [0, 3, 9], [0, 4, 6], [1, 4, 8], [1, 6, 7], [2, 3, 8], [2, 6, 9], [3, 5, 7], [4, 5, 9]]
  D=78 l=10 count=32  L=[[0, 1, 5], [0, 4, 6], [0, 7, 9], [1, 2, 6], [1, 3, 7], [1, 4, 8], [2, 4, 9], [2, 7, 8], [3, 4, 5], [3, 8, 9]]
  D=78 l=11 count=31  L=[[0, 1, 2, 3, 4], [0, 5, 7], [0, 8, 9], [1, 5, 9], [1, 6, 7], [2, 5, 6], [2, 7, 8], [3, 6, 8], [3, 7, 9], [4, 5, 8], [4, 6, 9]]
  D=78 l=10 count=32  L=[[0, 1, 2, 3, 4], [0, 5, 7], [0, 8, 9], [1, 5, 9], [1, 6, 7], [2, 5, 6], [2, 7, 8], [3, 6, 8], [3, 7, 9], [4, 5, 8]]
  D=78 l=10 count=32  L=[[0, 1, 5], [0, 2, 7], [0, 3, 9], [0, 4, 8], [1, 2, 6], [1, 3, 7], [1, 4, 9], [2, 3, 8], [2, 4, 5], [3, 4, 6]]
  D=78 l=10 count=32  L=[[0, 1, 5], [0, 2, 7], [0, 8, 9], [1, 4, 9], [1, 6, 7], [2, 3, 8], [2, 5, 6], [3, 4, 6], [3, 7, 9], [4, 5, 8]]
  D=78 l=11 count=31  L=[[0, 1, 2, 3, 4], [0, 5, 6], [0, 7, 9], [1, 5, 9], [1, 6, 8], [2, 5, 7], [2, 8, 9], [3, 6, 9], [3, 7, 8], [4, 5, 8], [4, 6, 7]]
  D=78 l=10 count=32  L=[[0, 1, 2, 3, 4], [0, 5, 6], [0, 7, 9], [1, 5, 9], [1, 6, 8], [2, 5, 7], [2, 8, 9], [3, 6, 9], [3, 7, 8], [4, 5, 8]]
  D=78 l=10 count=32  L=[[0, 1, 7, 8], [2, 4, 6, 9], [0, 3, 9], [0, 5, 6], [1, 3, 6], [1, 5, 9], [2, 3, 8], [2, 5, 7], [3, 4, 7], [4, 5, 8]]
  D=78 l=10 count=32  L=[[0, 1, 5], [0, 2, 7], [0, 3, 9], [0, 4, 6], [1, 2, 9], [1, 3, 6], [1, 4, 8], [2, 3, 8], [2, 4, 5], [3, 4, 7]]
  D=78 l=10 count=32  L=[[0, 1, 5], [0, 4, 6], [0, 7, 9], [1, 2, 9], [1, 6, 8], [2, 3, 8], [2, 5, 7], [3, 4, 7], [3, 6, 9], [4, 5, 8]]
