level 1 : 5 classes
level 2 : 7 classes
level 3 : 4 classes
level 4 : 4 classes
level 5 : 1 classes
level 6 : 1 classes
total skeletons (nonempty): 22
[5] [[0, 1, 2, 3, 4]]
[6] [[0, 1, 2, 3, 4, 5]]
[7] [[0, 1, 2, 3, 4, 5, 6]]
[8] [[0, 1, 2, 3, 4, 5, 6, 7]]
[9] [[0, 1, 2, 3, 4, 5, 6, 7, 8]]
[5, 5] [[0, 1, 2, 3, 4], [0, 1, 5, 6, 7]]
[5, 5] [[0, 1, 2, 3, 4], [0, 5, 6, 7, 8]]
[5, 5] [[0, 1, 2, 3, 4], [5, 6, 7, 8, 9]]
[5, 6] [[0, 1, 2, 3, 4], [0, 1, 5, 6, 7, 8]]
[5, 6] [[0, 1, 2, 3, 4], [0, 5, 6, 7, 8, 9]]
[5, 7] [[0, 1, 2, 3, 4], [0, 1, 5, 6, 7, 8, 9]]
[6, 6] [[0, 1, 2, 3, 4, 5], [0, 1, 6, 7, 8, 9]]
[5, 5, 5] [[0, 1, 2, 3, 4], [0, 1, 5, 6, 7], [0, 2, 5, 8, 9]]
[5, 5, 5] [[0, 1, 2, 3, 4], [0, 1, 5, 6, 7], [2, 3, 5, 6, 8]]
[5, 5, 5] [[0, 1, 2, 3, 4], [0, 1, 5, 6, 7], [2, 3, 5, 8, 9]]
[5, 5, 6] [[0, 1, 2, 3, 4], [0, 1, 5, 6, 7], [2, 3, 5, 6, 8, 9]]
[5, 5, 5, 5] [[0, 1, 2, 3, 4], [0, 1, 5, 6, 7], [0, 2, 5, 8, 9], [1, 3, 6, 8, 9]]
[5, 5, 5, 5] [[0, 1, 2, 3, 4], [0, 1, 5, 6, 7], [0, 2, 5, 8, 9], [3, 4, 6, 7, 8]]
[5, 5, 5, 6] [[0, 1, 2, 3, 4], [0, 1, 5, 6, 7], [0, 2, 5, 8, 9], [3, 4, 6, 7, 8, 9]]
[5, 5, 5, 5] [[0, 1, 2, 3, 4], [0, 1, 5, 6, 7], [2, 3, 5, 8, 9], [4, 6, 7, 8, 9]]
[5, 5, 5, 5, 5] [[0, 1, 2, 3, 4], [0, 1, 5, 6, 7], [0, 2, 5, 8, 9], [1, 3, 6, 8, 9], [2, 4, 6, 7, 8]]
[5, 5, 5, 5, 5, 5] [[0, 1, 2, 3, 4], [0, 1, 5, 6, 7], [0, 2, 5, 8, 9], [1, 3, 6, 8, 9], [2, 4, 6, 7, 8], [3, 4, 5, 7, 9]]
