F-class 0: b4=19 Smith diagonal [1, 1, 1, 1, 1, 1, 1, 1, 2] exponent 2 admissible labellings 0
F-class 1: b4=20 Smith diagonal [1, 1, 1, 1, 1, 1, 1, 1, 2] exponent 2 admissible labellings 0
F-class 2: b4=20 Smith diagonal [1, 1, 1, 1, 1, 1, 1, 1, 2] exponent 2 admissible labellings 0
F-class 3: b4=20 Smith diagonal [1, 1, 1, 1, 1, 1, 1, 1, 2] exponent 2 admissible labellings 0
F-class 4: b4=20 Smith diagonal [1, 1, 1, 1, 1, 1, 1, 1, 2] exponent 2 admissible labellings 0
F-class 5: b4=19 Smith diagonal [1, 1, 1, 1, 1, 1, 1, 1, 2] exponent 2 admissible labellings 0
F-class 6: b4=19 Smith diagonal [1, 1, 1, 1, 1, 1, 1, 1, 2] exponent 2 admissible labellings 0
F-class 7: b4=19 Smith diagonal [1, 1, 1, 1, 1, 1, 1, 1, 2] exponent 2 admissible labellings 0
F-class 8: b4=19 Smith diagonal [1, 1, 1, 1, 1, 1, 1, 1, 2] exponent 2 admissible labellings 0
F-class 9: b4=19 Smith diagonal [1, 1, 1, 1, 1, 1, 1, 1, 2] exponent 2 admissible labellings 0
F-class 10: b4=19 Smith diagonal [1, 1, 1, 1, 1, 1, 1, 1, 2] exponent 2 admissible labellings 0
F-class 11: b4=20 Smith diagonal [1, 1, 1, 1, 1, 1, 1, 1, 2] exponent 2 admissible labellings 0
F-class 12: b4=19 Smith diagonal [1, 1, 1, 1, 1, 1, 1, 1, 2] exponent 2 admissible labellings 0
F-class 13: b4=19 Smith diagonal [1, 1, 1, 1, 1, 1, 1, 1, 2] exponent 2 admissible labellings 0
F-class 14: b4=19 Smith diagonal [1, 1, 1, 1, 1, 1, 1, 1, 2] exponent 2 admissible labellings 0
F-class 15: b4=19 Smith diagonal [1, 1, 1, 1, 1, 1, 1, 1, 2] exponent 2 admissible labellings 0
F-class 16: b4=19 Smith diagonal [1, 1, 1, 1, 1, 1, 1, 1, 2] exponent 2 admissible labellings 0
F-class 17: b4=19 Smith diagonal [1, 1, 1, 1, 1, 1, 1, 1, 2] exponent 2 admissible labellings 0
F-class 18: b4=19 Smith diagonal [1, 1, 1, 1, 1, 1, 1, 1, 2] exponent 2 admissible labellings 0
F-class 19: b4=19 Smith diagonal [1, 1, 1, 1, 1, 1, 1, 1, 2] exponent 2 admissible labellings 0
F-class 20: b4=20 Smith diagonal [1, 1, 1, 1, 1, 1, 1, 1, 10] exponent 10 admissible labellings 8
F-class 21: b4=19 Smith diagonal [1, 1, 1, 1, 1, 1, 1, 1, 2] exponent 2 admissible labellings 0
F-class 22: b4=19 Smith diagonal [1, 1, 1, 1, 1, 1, 1, 1, 2] exponent 2 admissible labellings 0
F-class 23: b4=19 Smith diagonal [1, 1, 1, 1, 1, 1, 1, 1, 2] exponent 2 admissible labellings 0
F-class 24: b4=19 Smith diagonal [1, 1, 1, 1, 1, 1, 1, 1, 2] exponent 2 admissible labellings 0
F-class 25: b4=19 Smith diagonal [1, 1, 1, 1, 1, 1, 1, 1, 2] exponent 2 admissible labellings 0
F-class 26: b4=19 Smith diagonal [1, 1, 1, 1, 1, 1, 1, 1, 2] exponent 2 admissible labellings 0
F-class 27: b4=19 Smith diagonal [1, 1, 1, 1, 1, 1, 1, 1, 10] exponent 10 admissible labellings 8
F-class 28: b4=19 Smith diagonal [1, 1, 1, 1, 1, 1, 1, 1, 2] exponent 2 admissible labellings 0
F-class 29: b4=19 Smith diagonal [1, 1, 1, 1, 1, 1, 1, 1, 2] exponent 2 admissible labellings 0
F-class 30: b4=19 Smith diagonal [1, 1, 1, 1, 1, 1, 1, 1, 2] exponent 2 admissible labellings 0
F-class 31: b4=19 Smith diagonal [1, 1, 1, 1, 1, 1, 1, 1, 2] exponent 2 admissible labellings 0
F-class 32: b4=19 Smith diagonal [1, 1, 1, 1, 1, 1, 1, 1, 2] exponent 2 admissible labellings 0
F-class 33: b4=19 Smith diagonal [1, 1, 1, 1, 1, 1, 1, 1, 2] exponent 2 admissible labellings 0
F-class 34: b4=19 Smith diagonal [1, 1, 1, 1, 1, 1, 1, 1, 2] exponent 2 admissible labellings 0
F-class 35: b4=19 Smith diagonal [1, 1, 1, 1, 1, 1, 1, 1, 2] exponent 2 admissible labellings 0
F-class 36: b4=19 Smith diagonal [1, 1, 1, 1, 1, 1, 1, 1, 2] exponent 2 admissible labellings 0
F-class 37: b4=19 Smith diagonal [1, 1, 1, 1, 1, 1, 1, 1, 2] exponent 2 admissible labellings 0
F-class 38: b4=19 Smith diagonal [1, 1, 1, 1, 1, 1, 1, 1, 2] exponent 2 admissible labellings 0
F-class 39: b4=19 Smith diagonal [1, 1, 1, 1, 1, 1, 1, 1, 2] exponent 2 admissible labellings 0
F-class 40: b4=19 Smith diagonal [1, 1, 1, 1, 1, 1, 1, 1, 2] exponent 2 admissible labellings 0
F-class 41: b4=19 Smith diagonal [1, 1, 1, 1, 1, 1, 1, 1, 2] exponent 2 admissible labellings 0
F-class 42: b4=19 Smith diagonal [1, 1, 1, 1, 1, 1, 1, 1, 2] exponent 2 admissible labellings 0
F-class 43: b4=19 Smith diagonal [1, 1, 1, 1, 1, 1, 1, 1, 2] exponent 2 admissible labellings 0
F-class 44: b4=19 Smith diagonal [1, 1, 1, 1, 1, 1, 1, 1, 10] exponent 10 admissible labellings 8
F-class 45: b4=19 Smith diagonal [1, 1, 1, 1, 1, 1, 1, 1, 2] exponent 2 admissible labellings 0
F-class 46: b4=19 Smith diagonal [1, 1, 1, 1, 1, 1, 1, 1, 2] exponent 2 admissible labellings 0
F-class 47: b4=19 Smith diagonal [1, 1, 1, 1, 1, 1, 1, 1, 2] exponent 2 admissible labellings 0
F-class 48: b4=19 Smith diagonal [1, 1, 1, 1, 1, 1, 1, 1, 2] exponent 2 admissible labellings 0
F-class 49: b4=19 Smith diagonal [1, 1, 1, 1, 1, 1, 1, 1, 2] exponent 2 admissible labellings 0
F-class 50: b4=19 Smith diagonal [1, 1, 1, 1, 1, 1, 1, 1, 2] exponent 2 admissible labellings 0
F-class 51: b4=19 Smith diagonal [1, 1, 1, 1, 1, 1, 1, 1, 2] exponent 2 admissible labellings 0
F-class 52: b4=19 Smith diagonal [1, 1, 1, 1, 1, 1, 1, 1, 2] exponent 2 admissible labellings 0
F-class 53: b4=19 Smith diagonal [1, 1, 1, 1, 1, 1, 1, 1, 2] exponent 2 admissible labellings 0
F-class 54: b4=19 Smith diagonal [1, 1, 1, 1, 1, 1, 1, 1, 2] exponent 2 admissible labellings 0
F-class 55: b4=19 Smith diagonal [1, 1, 1, 1, 1, 1, 1, 1, 2] exponent 2 admissible labellings 0
F-class 56: b4=19 Smith diagonal [1, 1, 1, 1, 1, 1, 1, 1, 2] exponent 2 admissible labellings 0
F-class 57: b4=19 Smith diagonal [1, 1, 1, 1, 1, 1, 1, 1, 2] exponent 2 admissible labellings 0
F-class 58: b4=19 Smith diagonal [1, 1, 1, 1, 1, 1, 1, 1, 2] exponent 2 admissible labellings 0
