case A: level 2: 3 classes
case A: level 3: 1 classes
case A: level 4: 1 classes
case A: level 5: 0 classes
case B: level 2: 3 classes
case B: level 3: 3 classes
case B: level 4: 3 classes
case B: level 5: 1 classes
case B: level 6: 1 classes
case B: level 7: 0 classes
0 A 1 [[0, 1, 2, 3, 4, 5]]
1 A 2 [[0, 1, 2, 3, 4, 5], [0, 1, 6, 7, 8]]
2 A 2 [[0, 1, 2, 3, 4, 5], [0, 6, 7, 8, 9]]
3 A 2 [[0, 1, 2, 3, 4, 5], [0, 1, 6, 7, 8, 9]]
4 A 3 [[0, 1, 2, 3, 4, 5], [0, 1, 6, 7, 8], [2, 3, 6, 7, 9]]
5 A 4 [[0, 1, 2, 3, 4, 5], [0, 1, 6, 7, 8], [2, 3, 6, 7, 9], [4, 5, 6, 8, 9]]
6 B 1 [[0, 1, 2, 3, 4]]
7 B 2 [[0, 1, 2, 3, 4], [0, 1, 5, 6, 7]]
8 B 2 [[0, 1, 2, 3, 4], [0, 5, 6, 7, 8]]
9 B 2 [[0, 1, 2, 3, 4], [5, 6, 7, 8, 9]]
10 B 3 [[0, 1, 2, 3, 4], [0, 1, 5, 6, 7], [0, 2, 5, 8, 9]]
11 B 3 [[0, 1, 2, 3, 4], [0, 1, 5, 6, 7], [2, 3, 5, 6, 8]]
12 B 3 [[0, 1, 2, 3, 4], [0, 1, 5, 6, 7], [2, 3, 5, 8, 9]]
13 B 4 [[0, 1, 2, 3, 4], [0, 1, 5, 6, 7], [0, 2, 5, 8, 9], [1, 3, 6, 8, 9]]
14 B 4 [[0, 1, 2, 3, 4], [0, 1, 5, 6, 7], [0, 2, 5, 8, 9], [3, 4, 6, 7, 8]]
15 B 4 [[0, 1, 2, 3, 4], [0, 1, 5, 6, 7], [2, 3, 5, 8, 9], [4, 6, 7, 8, 9]]
16 B 5 [[0, 1, 2, 3, 4], [0, 1, 5, 6, 7], [0, 2, 5, 8, 9], [1, 3, 6, 8, 9], [2, 4, 6, 7, 8]]
17 B 6 [[0, 1, 2, 3, 4], [0, 1, 5, 6, 7], [0, 2, 5, 8, 9], [1, 3, 6, 8, 9], [2, 4, 6, 7, 8], [3, 4, 5, 7, 9]]
total skeletons: 18
