universe antipodal: 23 points; k=6
subsets scanned: 100947
min Euclidean circles of a 6-subset itself: 9   (formula f(6) = 9)
   witnesses: [[('0', '0'), ('0', '1'), ('0', '-1'), ('-3/5', '4/5'), ('3/5', '-4/5'), ('-4/5', '3/5')], [('0', '0'), ('0', '1'), ('0', '-1'), ('-3/5', '4/5'), ('3/5', '-4/5'), ('4/5', '-3/5')], [('0', '0'), ('0', '1'), ('0', '-1'), ('-3/5', '4/5'), ('3/5', '-4/5'), ('-15/17', '8/17')]]
min over (6)-subsets Q and q in Q of |B(Q)|-deg(q), i.e. best n=5 count reachable by inversion: 5   (formula f(5) = 5)
   witnesses: [[('0', '0'), ('0', '1'), ('0', '-1'), ('-3/5', '4/5'), ('1', '0'), ('0', '2')], [('0', '0'), ('0', '1'), ('0', '-1'), ('-3/5', '4/5'), ('-1', '0'), ('-1', '1')], [('0', '0'), ('0', '1'), ('0', '-1'), ('-3/5', '4/5'), ('0', '2'), ('-1', '1')]]
universe antipodal: 23 points; k=7
subsets scanned: 245157
min Euclidean circles of a 7-subset itself: 13   (formula f(7) = 13)
   witnesses: [[('0', '0'), ('0', '1'), ('0', '-1'), ('-3/5', '4/5'), ('3/5', '-4/5'), ('-4/5', '3/5'), ('4/5', '-3/5')], [('0', '0'), ('0', '1'), ('0', '-1'), ('-3/5', '4/5'), ('3/5', '-4/5'), ('-15/17', '8/17'), ('15/17', '-8/17')], [('0', '0'), ('0', '1'), ('0', '-1'), ('-3/5', '4/5'), ('3/5', '-4/5'), ('-12/13', '5/13'), ('12/13', '-5/13')]]
min over (7)-subsets Q and q in Q of |B(Q)|-deg(q), i.e. best n=6 count reachable by inversion: 8   (formula f(6) = 9)
   witnesses: [[('0', '0'), ('0', '1'), ('0', '-1'), ('-3/5', '4/5'), ('-1', '0'), ('0', '2'), ('-1', '1')], [('0', '0'), ('0', '1'), ('0', '-1'), ('3/5', '-4/5'), ('1', '0'), ('0', '-2'), ('1', '-1')], [('0', '0'), ('0', '1'), ('-4/5', '3/5'), ('1', '0'), ('-1', '0'), ('-2', '0'), ('-1', '1')]]
universe antipodal: 23 points; k=8
subsets scanned: 490314
min Euclidean circles of a 8-subset itself: 18   (formula f(8) = 19)
   witnesses: [[('0', '1'), ('0', '-1'), ('1', '0'), ('-1', '0'), ('2', '0'), ('-2', '0'), ('0', '2'), ('0', '-2')]]
min over (8)-subsets Q and q in Q of |B(Q)|-deg(q), i.e. best n=7 count reachable by inversion: 11   (formula f(7) = 13)
   witnesses: [[('0', '1'), ('0', '-1'), ('1', '0'), ('-1', '0'), ('2', '0'), ('-2', '0'), ('0', '2'), ('0', '-2')]]
universe antipodal: 23 points; k=9
subsets scanned: 817190
min Euclidean circles of a 9-subset itself: 25   (formula f(9) = 25)
   witnesses: [[('0', '0'), ('0', '1'), ('0', '-1'), ('-3/5', '4/5'), ('3/5', '-4/5'), ('-4/5', '3/5'), ('4/5', '-3/5'), ('-15/17', '8/17'), ('15/17', '-8/17')], [('0', '0'), ('0', '1'), ('0', '-1'), ('-3/5', '4/5'), ('3/5', '-4/5'), ('-4/5', '3/5'), ('4/5', '-3/5'), ('-12/13', '5/13'), ('12/13', '-5/13')], [('0', '0'), ('0', '1'), ('0', '-1'), ('-3/5', '4/5'), ('3/5', '-4/5'), ('-4/5', '3/5'), ('4/5', '-3/5'), ('-35/37', '12/37'), ('35/37', '-12/37')]]
min over (9)-subsets Q and q in Q of |B(Q)|-deg(q), i.e. best n=8 count reachable by inversion: 18   (formula f(8) = 19)
   witnesses: [[('0', '0'), ('0', '1'), ('0', '-1'), ('1', '0'), ('-1', '0'), ('2', '0'), ('-2', '0'), ('0', '2'), ('0', '-2')], [('0', '1'), ('0', '-1'), ('1', '0'), ('-1', '0'), ('2', '0'), ('-2', '0'), ('0', '2'), ('0', '-2'), ('1', '1')], [('0', '1'), ('0', '-1'), ('1', '0'), ('-1', '0'), ('2', '0'), ('-2', '0'), ('0', '2'), ('0', '-2'), ('-1', '-1')]]
universe antipodal: 23 points; k=10
subsets scanned: 1144066
min Euclidean circles of a 10-subset itself: 33   (formula f(10) = 33)
   witnesses: [[('0', '0'), ('0', '1'), ('0', '-1'), ('-3/5', '4/5'), ('3/5', '-4/5'), ('-4/5', '3/5'), ('4/5', '-3/5'), ('-15/17', '8/17'), ('15/17', '-8/17'), ('-12/13', '5/13')], [('0', '0'), ('0', '1'), ('0', '-1'), ('-3/5', '4/5'), ('3/5', '-4/5'), ('-4/5', '3/5'), ('4/5', '-3/5'), ('-15/17', '8/17'), ('15/17', '-8/17'), ('12/13', '-5/13')], [('0', '0'), ('0', '1'), ('0', '-1'), ('-3/5', '4/5'), ('3/5', '-4/5'), ('-4/5', '3/5'), ('4/5', '-3/5'), ('-15/17', '8/17'), ('15/17', '-8/17'), ('-35/37', '12/37')]]
min over (10)-subsets Q and q in Q of |B(Q)|-deg(q), i.e. best n=9 count reachable by inversion: 25   (formula f(9) = 25)
   witnesses: [[('0', '1'), ('0', '-1'), ('-3/5', '4/5'), ('3/5', '-4/5'), ('-4/5', '3/5'), ('4/5', '-3/5'), ('1', '0'), ('-1', '0'), ('2', '0'), ('0', '2')], [('0', '1'), ('0', '-1'), ('-3/5', '4/5'), ('3/5', '-4/5'), ('-4/5', '3/5'), ('4/5', '-3/5'), ('1', '0'), ('-1', '0'), ('2', '0'), ('0', '-2')], [('0', '1'), ('0', '-1'), ('-3/5', '4/5'), ('3/5', '-4/5'), ('-4/5', '3/5'), ('4/5', '-3/5'), ('1', '0'), ('-1', '0'), ('-2', '0'), ('0', '2')]]
