universe grid5: 25 points; k=6
subsets scanned: 177100
min Euclidean circles of a 6-subset itself: 9   (formula f(6) = 9)
   witnesses: [[('0', '0'), ('0', '1'), ('0', '2'), ('1', '0'), ('1', '1'), ('1', '2')], [('0', '0'), ('0', '1'), ('0', '2'), ('1', '0'), ('1', '3'), ('2', '0')], [('0', '0'), ('0', '1'), ('0', '2'), ('1', '0'), ('2', '0'), ('2', '3')]]
min over (6)-subsets Q and q in Q of |B(Q)|-deg(q), i.e. best n=5 count reachable by inversion: 5   (formula f(5) = 5)
   witnesses: [[('0', '0'), ('0', '1'), ('0', '2'), ('0', '3'), ('1', '0'), ('1', '3')], [('0', '0'), ('0', '1'), ('0', '2'), ('0', '3'), ('1', '1'), ('1', '2')], [('0', '0'), ('0', '1'), ('0', '2'), ('0', '3'), ('2', '0'), ('2', '3')]]
universe grid5: 25 points; k=7
subsets scanned: 480700
min Euclidean circles of a 7-subset itself: 13   (formula f(7) = 13)
   witnesses: [[('0', '0'), ('0', '2'), ('1', '3'), ('2', '2'), ('3', '3'), ('4', '0'), ('4', '2')], [('0', '0'), ('0', '4'), ('2', '0'), ('2', '2'), ('2', '4'), ('3', '1'), ('3', '3')], [('0', '1'), ('0', '2'), ('1', '0'), ('1', '1'), ('1', '3'), ('2', '0'), ('3', '1')]]
min over (7)-subsets Q and q in Q of |B(Q)|-deg(q), i.e. best n=6 count reachable by inversion: 8   (formula f(6) = 9)
   witnesses: [[('0', '0'), ('0', '3'), ('1', '1'), ('1', '2'), ('2', '1'), ('2', '2'), ('3', '0')], [('0', '0'), ('0', '3'), ('1', '1'), ('1', '2'), ('2', '1'), ('2', '2'), ('3', '3')], [('0', '0'), ('0', '3'), ('1', '1'), ('1', '2'), ('2', '1'), ('3', '0'), ('3', '3')]]
universe grid5: 25 points; k=8
subsets scanned: 1081575
min Euclidean circles of a 8-subset itself: 18   (formula f(8) = 19)
   witnesses: [[('0', '0'), ('0', '3'), ('1', '1'), ('1', '2'), ('2', '1'), ('2', '2'), ('3', '0'), ('3', '3')], [('0', '0'), ('0', '4'), ('1', '1'), ('1', '3'), ('3', '1'), ('3', '3'), ('4', '0'), ('4', '4')], [('0', '1'), ('0', '4'), ('1', '2'), ('1', '3'), ('2', '2'), ('2', '3'), ('3', '1'), ('3', '4')]]
min over (8)-subsets Q and q in Q of |B(Q)|-deg(q), i.e. best n=7 count reachable by inversion: 11   (formula f(7) = 13)
   witnesses: [[('0', '0'), ('0', '3'), ('1', '1'), ('1', '2'), ('2', '1'), ('2', '2'), ('3', '0'), ('3', '3')], [('0', '0'), ('0', '4'), ('1', '1'), ('1', '3'), ('3', '1'), ('3', '3'), ('4', '0'), ('4', '4')], [('0', '1'), ('0', '4'), ('1', '2'), ('1', '3'), ('2', '2'), ('2', '3'), ('3', '1'), ('3', '4')]]
universe grid5: 25 points; k=9
subsets scanned: 2042975
min Euclidean circles of a 9-subset itself: 25   (formula f(9) = 25)
   witnesses: [[('0', '1'), ('0', '3'), ('1', '0'), ('1', '4'), ('2', '2'), ('3', '0'), ('3', '4'), ('4', '1'), ('4', '3')]]
min over (9)-subsets Q and q in Q of |B(Q)|-deg(q), i.e. best n=8 count reachable by inversion: 18   (formula f(8) = 19)
   witnesses: [[('0', '0'), ('0', '1'), ('0', '4'), ('1', '2'), ('1', '3'), ('2', '2'), ('2', '3'), ('3', '1'), ('3', '4')], [('0', '0'), ('0', '2'), ('0', '4'), ('1', '1'), ('1', '3'), ('3', '1'), ('3', '3'), ('4', '0'), ('4', '4')], [('0', '0'), ('0', '3'), ('0', '4'), ('1', '1'), ('1', '2'), ('2', '1'), ('2', '2'), ('3', '0'), ('3', '3')]]
universe grid5: 25 points; k=10
subsets scanned: 3268760
min Euclidean circles of a 10-subset itself: 47   (formula f(10) = 33)
   witnesses: [[('0', '1'), ('0', '2'), ('1', '0'), ('1', '1'), ('1', '3'), ('2', '0'), ('2', '2'), ('2', '3'), ('3', '1'), ('3', '2')], [('0', '1'), ('0', '2'), ('1', '0'), ('1', '2'), ('1', '3'), ('2', '0'), ('2', '1'), ('2', '3'), ('3', '1'), ('3', '2')], [('0', '1'), ('0', '3'), ('1', '0'), ('1', '2'), ('1', '4'), ('3', '0'), ('3', '2'), ('3', '4'), ('4', '1'), ('4', '3')]]
min over (10)-subsets Q and q in Q of |B(Q)|-deg(q), i.e. best n=9 count reachable by inversion: 25   (formula f(9) = 25)
   witnesses: [[('0', '0'), ('0', '1'), ('0', '2'), ('0', '3'), ('1', '0'), ('1', '3'), ('2', '0'), ('2', '3'), ('3', '1'), ('3', '2')], [('0', '0'), ('0', '1'), ('0', '2'), ('1', '0'), ('1', '3'), ('2', '0'), ('2', '3'), ('3', '0'), ('3', '1'), ('3', '2')], [('0', '0'), ('0', '1'), ('0', '2'), ('1', '0'), ('1', '3'), ('2', '0'), ('2', '3'), ('3', '1'), ('3', '2'), ('3', '3')]]
