n9_sg_t25.json: 9 candidate structures (n=9, target=25, mode=sg)
structure 0: sizes=[4, 4, 4, 4, 4, 4, 4, 4, 4, 4, 4, 4, 4, 4, 4, 4] D=48 ell_max=11 count_min=25 degrees=[7, 8, 7, 7, 8, 7, 7, 6, 7] #line_sets=1
   blocks=[[0, 1, 2, 3], [0, 1, 4, 5], [0, 1, 6, 7], [0, 2, 4, 6], [0, 2, 5, 7], [0, 3, 4, 8], [0, 5, 6, 8], [1, 2, 4, 7], [1, 2, 5, 8], [1, 3, 5, 6], [1, 3, 7, 8], [1, 4, 6, 8], [2, 3, 4, 5], [2, 3, 6, 8], [3, 4, 6, 7], [4, 5, 7, 8]]
   F alone, tier B: violated at 2 points, e.g. p=1: (8_3) on [0, 1, 2, 3, 4, 5, 6, 7] lines [[0, 1, 2], [0, 3, 4], [0, 5, 6], [1, 3, 6], [1, 4, 7], [2, 4, 5], [2, 6, 7], [3, 5, 7]]
   F alone, tier C: violated at 2 points, e.g. p=1: subset [0, 1, 2, 3, 4, 5, 6, 7] has 8 three-point lines > t3(8)=7
   line sets surviving: tier A: 0 (counts []); A+B: 0 (counts []); A+B+K: 0 (counts []); A+B+K+C: 0 (counts [])
   line set 0, tier A: e.g. at 1: SG-closed subset [0, 1, 2, 3, 4, 5, 6, 7, 8] lines [[0, 1, 2], [0, 3, 4], [0, 5, 6], [1, 3, 6], [1, 4, 7], [2, 4, 5], [2, 6, 7], [3, 5, 7], [2, 3, 8], [1, 5, 8], [4, 6, 8], [0, 7, 8]]
   line set 0, tier B: e.g. at inf: (8_3) on [0, 1, 2, 3, 4, 6, 7, 8] lines [[1, 3, 4], [1, 2, 6], [0, 3, 6], [2, 3, 7], [0, 4, 7], [0, 1, 8], [2, 4, 8], [6, 7, 8]]
   line set 0, tier K: e.g. at inf: subset [0, 1, 2, 3, 4, 5, 6, 7, 8] has 3 ordinary lines < ceil(3*9/7)=4
   line set 0, tier C: e.g. at inf: subset [0, 1, 2, 3, 4, 6, 7, 8] has 8 three-point lines > t3(8)=7
   => killed by tier A (hereditary SG)
structure 1: sizes=[4, 4, 4, 4, 4, 4, 4, 4, 4, 4, 4, 4, 4, 4, 4, 4] D=48 ell_max=11 count_min=25 degrees=[8, 8, 8, 7, 6, 7, 6, 7, 7] #line_sets=12
   blocks=[[0, 1, 2, 3], [0, 1, 4, 5], [0, 1, 6, 7], [0, 2, 4, 6], [0, 2, 5, 8], [0, 3, 5, 7], [0, 3, 6, 8], [0, 4, 7, 8], [1, 2, 4, 7], [1, 2, 6, 8], [1, 3, 4, 8], [1, 3, 5, 6], [1, 5, 7, 8], [2, 3, 4, 5], [2, 3, 7, 8], [2, 5, 6, 7]]
   F alone, tier B: violated at 3 points, e.g. p=0: (8_3) on [0, 1, 2, 3, 4, 5, 6, 7] lines [[0, 1, 2], [0, 3, 4], [0, 5, 6], [1, 3, 5], [1, 4, 7], [2, 4, 6], [2, 5, 7], [3, 6, 7]]
   F alone, tier C: violated at 3 points, e.g. p=0: subset [0, 1, 2, 3, 4, 5, 6, 7] has 8 three-point lines > t3(8)=7
   line sets surviving: tier A: 0 (counts []); A+B: 0 (counts []); A+B+K: 0 (counts []); A+B+K+C: 0 (counts [])
   line set 0, tier A: e.g. at 0: SG-closed subset [0, 1, 2, 3, 4, 5, 6, 7, 8] lines [[0, 1, 2], [0, 3, 4], [0, 5, 6], [1, 3, 5], [1, 4, 7], [2, 4, 6], [2, 5, 7], [3, 6, 7], [2, 3, 8], [4, 5, 8], [1, 6, 8], [0, 7, 8]]
   line set 0, tier B: e.g. at inf: (8_3) on [0, 1, 2, 3, 4, 5, 6, 7] lines [[0, 3, 4], [1, 2, 5], [2, 3, 6], [1, 4, 6], [0, 5, 6], [0, 2, 7], [1, 3, 7], [4, 5, 7]]
   line set 0, tier K: e.g. at inf: subset [0, 1, 2, 3, 4, 5, 6, 7, 8] has 3 ordinary lines < ceil(3*9/7)=4
   line set 0, tier C: e.g. at inf: subset [0, 1, 2, 3, 4, 5, 6, 7] has 8 three-point lines > t3(8)=7
   => killed by tier A (hereditary SG)
structure 2: sizes=[4, 4, 4, 4, 4, 4, 4, 4, 4, 4, 4, 4, 4, 4, 4, 4, 4] D=51 ell_max=11 count_min=22 degrees=[8, 8, 8, 8, 7, 7, 7, 8, 7] #line_sets=977
   blocks=[[0, 1, 2, 3], [0, 1, 4, 5], [0, 1, 6, 7], [0, 2, 4, 6], [0, 2, 5, 8], [0, 3, 5, 7], [0, 3, 6, 8], [0, 4, 7, 8], [1, 2, 4, 7], [1, 2, 6, 8], [1, 3, 4, 8], [1, 3, 5, 6], [1, 5, 7, 8], [2, 3, 4, 5], [2, 3, 7, 8], [2, 5, 6, 7], [3, 4, 6, 7]]
   F alone, tier B: violated at 5 points, e.g. p=0: (8_3) on [0, 1, 2, 3, 4, 5, 6, 7] lines [[0, 1, 2], [0, 3, 4], [0, 5, 6], [1, 3, 5], [1, 4, 7], [2, 4, 6], [2, 5, 7], [3, 6, 7]]
   F alone, tier C: violated at 5 points, e.g. p=0: subset [0, 1, 2, 3, 4, 5, 6, 7] has 8 three-point lines > t3(8)=7
   line sets surviving: tier A: 300 (counts [23, 24, 25]); A+B: 0 (counts []); A+B+K: 0 (counts []); A+B+K+C: 0 (counts [])
   line set 0, tier B: e.g. at inf: (8_3) on [0, 1, 2, 3, 4, 5, 6, 7] lines [[0, 3, 4], [1, 2, 5], [2, 3, 6], [1, 4, 6], [0, 5, 6], [0, 2, 7], [1, 3, 7], [4, 5, 7]]
   line set 0, tier K: e.g. at 0: subset [0, 1, 2, 3, 4, 5, 6, 7, 8] has 3 ordinary lines < ceil(3*9/7)=4
   line set 0, tier C: e.g. at inf: subset [0, 1, 2, 3, 4, 5, 6, 7] has 8 three-point lines > t3(8)=7
   => killed by tier B ((8_3) lemma)
structure 3: sizes=[4, 4, 4, 4, 4, 4, 4, 4, 4, 4, 4, 4, 4, 4, 4, 4, 4, 4] D=54 ell_max=11 count_min=19 degrees=[8, 8, 8, 8, 8, 8, 8, 8, 8] #line_sets=3745
   blocks=[[0, 1, 2, 3], [0, 1, 4, 5], [0, 1, 6, 7], [0, 2, 4, 6], [0, 2, 5, 8], [0, 3, 5, 7], [0, 3, 6, 8], [0, 4, 7, 8], [1, 2, 4, 7], [1, 2, 6, 8], [1, 3, 4, 8], [1, 3, 5, 6], [1, 5, 7, 8], [2, 3, 4, 5], [2, 3, 7, 8], [2, 5, 6, 7], [3, 4, 6, 7], [4, 5, 6, 8]]
   F alone, tier B: violated at 9 points, e.g. p=0: (8_3) on [0, 1, 2, 3, 4, 5, 6, 7] lines [[0, 1, 2], [0, 3, 4], [0, 5, 6], [1, 3, 5], [1, 4, 7], [2, 4, 6], [2, 5, 7], [3, 6, 7]]
   F alone, tier C: violated at 9 points, e.g. p=0: subset [0, 1, 2, 3, 4, 5, 6, 7] has 8 three-point lines > t3(8)=7
   line sets surviving: tier A: 2209 (counts [21, 22, 23, 24, 25]); A+B: 0 (counts []); A+B+K: 0 (counts []); A+B+K+C: 0 (counts [])
   line set 0, tier B: e.g. at 0: (8_3) on [0, 1, 2, 3, 4, 5, 6, 7] lines [[0, 1, 2], [0, 3, 4], [0, 5, 6], [1, 3, 5], [1, 4, 7], [2, 4, 6], [2, 5, 7], [3, 6, 7]]
   line set 0, tier C: e.g. at 0: subset [0, 1, 2, 3, 4, 5, 6, 7] has 8 three-point lines > t3(8)=7
   => killed by tier B ((8_3) lemma)
structure 4: sizes=[4, 4, 4, 4, 4, 4, 4, 4, 4, 4, 4, 4, 4, 4, 4, 4] D=48 ell_max=11 count_min=25 degrees=[8, 8, 7, 7, 7, 7, 6, 6, 8] #line_sets=12
   blocks=[[0, 1, 2, 3], [0, 1, 4, 5], [0, 1, 6, 7], [0, 2, 4, 6], [0, 2, 5, 8], [0, 3, 5, 7], [0, 3, 6, 8], [0, 4, 7, 8], [1, 2, 4, 7], [1, 2, 6, 8], [1, 3, 4, 8], [1, 3, 5, 6], [1, 5, 7, 8], [2, 3, 4, 5], [2, 3, 7, 8], [4, 5, 6, 8]]
   F alone, tier B: violated at 3 points, e.g. p=0: (8_3) on [0, 1, 2, 3, 4, 5, 6, 7] lines [[0, 1, 2], [0, 3, 4], [0, 5, 6], [1, 3, 5], [1, 4, 7], [2, 4, 6], [2, 5, 7], [3, 6, 7]]
   F alone, tier C: violated at 3 points, e.g. p=0: subset [0, 1, 2, 3, 4, 5, 6, 7] has 8 three-point lines > t3(8)=7
   line sets surviving: tier A: 1 (counts [25]); A+B: 0 (counts []); A+B+K: 0 (counts []); A+B+K+C: 0 (counts [])
   line set 0, tier A: e.g. at 0: SG-closed subset [0, 1, 2, 3, 4, 5, 6, 7, 8] lines [[0, 1, 2], [0, 3, 4], [0, 5, 6], [1, 3, 5], [1, 4, 7], [2, 4, 6], [2, 5, 7], [3, 6, 7], [2, 3, 8], [4, 5, 8], [1, 6, 8], [0, 7, 8]]
   line set 0, tier B: e.g. at inf: (8_3) on [0, 1, 2, 3, 4, 5, 6, 7] lines [[0, 3, 4], [1, 2, 5], [2, 3, 6], [1, 4, 6], [0, 5, 6], [0, 2, 7], [1, 3, 7], [4, 5, 7]]
   line set 0, tier K: e.g. at inf: subset [0, 1, 2, 3, 4, 5, 6, 7, 8] has 3 ordinary lines < ceil(3*9/7)=4
   line set 0, tier C: e.g. at inf: subset [0, 1, 2, 3, 4, 5, 6, 7] has 8 three-point lines > t3(8)=7
   => killed by tier B ((8_3) lemma)
structure 5: sizes=[4, 4, 4, 4, 4, 4, 4, 4, 4, 4, 4, 4, 4, 4, 4, 4] D=48 ell_max=11 count_min=25 degrees=[8, 8, 7, 7, 7, 7, 7, 7, 6] #line_sets=12
   blocks=[[0, 1, 2, 3], [0, 1, 4, 5], [0, 1, 6, 7], [0, 2, 4, 6], [0, 2, 5, 8], [0, 3, 5, 7], [0, 3, 6, 8], [0, 4, 7, 8], [1, 2, 4, 7], [1, 2, 6, 8], [1, 3, 4, 8], [1, 3, 5, 6], [1, 5, 7, 8], [2, 3, 4, 5], [2, 5, 6, 7], [3, 4, 6, 7]]
   F alone, tier B: violated at 2 points, e.g. p=0: (8_3) on [0, 1, 2, 3, 4, 5, 6, 7] lines [[0, 1, 2], [0, 3, 4], [0, 5, 6], [1, 3, 5], [1, 4, 7], [2, 4, 6], [2, 5, 7], [3, 6, 7]]
   F alone, tier C: violated at 2 points, e.g. p=0: subset [0, 1, 2, 3, 4, 5, 6, 7] has 8 three-point lines > t3(8)=7
   line sets surviving: tier A: 1 (counts [25]); A+B: 0 (counts []); A+B+K: 0 (counts []); A+B+K+C: 0 (counts [])
   line set 0, tier A: e.g. at 0: SG-closed subset [0, 1, 2, 3, 4, 5, 6, 7, 8] lines [[0, 1, 2], [0, 3, 4], [0, 5, 6], [1, 3, 5], [1, 4, 7], [2, 4, 6], [2, 5, 7], [3, 6, 7], [2, 3, 8], [4, 5, 8], [1, 6, 8], [0, 7, 8]]
   line set 0, tier B: e.g. at inf: (8_3) on [0, 1, 2, 3, 4, 5, 6, 7] lines [[0, 3, 4], [1, 2, 5], [2, 3, 6], [1, 4, 6], [0, 5, 6], [0, 2, 7], [1, 3, 7], [4, 5, 7]]
   line set 0, tier K: e.g. at inf: subset [0, 1, 2, 3, 4, 5, 6, 7, 8] has 3 ordinary lines < ceil(3*9/7)=4
   line set 0, tier C: e.g. at inf: subset [0, 1, 2, 3, 4, 5, 6, 7] has 8 three-point lines > t3(8)=7
   => killed by tier B ((8_3) lemma)
structure 6: sizes=[4, 4, 4, 4, 4, 4, 4, 4, 4, 4, 4, 4, 4, 4, 4, 4] D=48 ell_max=11 count_min=25 degrees=[8, 7, 7, 7, 7, 7, 7, 7, 7] #line_sets=12
   blocks=[[0, 1, 2, 3], [0, 1, 4, 5], [0, 1, 6, 7], [0, 2, 4, 6], [0, 2, 5, 8], [0, 3, 5, 7], [0, 3, 6, 8], [0, 4, 7, 8], [1, 2, 4, 7], [1, 2, 6, 8], [1, 3, 5, 6], [1, 5, 7, 8], [2, 3, 4, 5], [2, 3, 7, 8], [3, 4, 6, 7], [4, 5, 6, 8]]
   F alone, tier B: violated at 1 points, e.g. p=0: (8_3) on [0, 1, 2, 3, 4, 5, 6, 7] lines [[0, 1, 2], [0, 3, 4], [0, 5, 6], [1, 3, 5], [1, 4, 7], [2, 4, 6], [2, 5, 7], [3, 6, 7]]
   F alone, tier C: violated at 1 points, e.g. p=0: subset [0, 1, 2, 3, 4, 5, 6, 7] has 8 three-point lines > t3(8)=7
   line sets surviving: tier A: 4 (counts [25]); A+B: 0 (counts []); A+B+K: 0 (counts []); A+B+K+C: 0 (counts [])
   line set 0, tier A: e.g. at 0: SG-closed subset [0, 1, 2, 3, 4, 5, 6, 7, 8] lines [[0, 1, 2], [0, 3, 4], [0, 5, 6], [1, 3, 5], [1, 4, 7], [2, 4, 6], [2, 5, 7], [3, 6, 7], [2, 3, 8], [4, 5, 8], [1, 6, 8], [0, 7, 8]]
   line set 0, tier B: e.g. at inf: (8_3) on [0, 1, 2, 3, 4, 5, 6, 7] lines [[0, 3, 4], [1, 2, 5], [2, 3, 6], [1, 4, 6], [0, 5, 6], [0, 2, 7], [1, 3, 7], [4, 5, 7]]
   line set 0, tier K: e.g. at inf: subset [0, 1, 2, 3, 4, 5, 6, 7, 8] has 3 ordinary lines < ceil(3*9/7)=4
   line set 0, tier C: e.g. at inf: subset [0, 1, 2, 3, 4, 5, 6, 7] has 8 three-point lines > t3(8)=7
   => killed by tier B ((8_3) lemma)
structure 7: sizes=[5, 5, 4, 4, 4, 4, 4, 4, 4, 4, 4, 4, 4, 4] D=54 ell_max=6 count_min=24 degrees=[2, 7, 7, 7, 7, 7, 7, 7, 7] #line_sets=168
   blocks=[[0, 1, 2, 3, 4], [0, 5, 6, 7, 8], [1, 2, 5, 6], [1, 2, 7, 8], [1, 3, 5, 7], [1, 3, 6, 8], [1, 4, 5, 8], [1, 4, 6, 7], [2, 3, 5, 8], [2, 3, 6, 7], [2, 4, 5, 7], [2, 4, 6, 8], [3, 4, 5, 6], [3, 4, 7, 8]]
   F alone, tier A: violated at 8 points, e.g. p=1: SG-closed subset [1, 2, 3, 4, 5, 6, 7] lines [[1, 2, 3], [1, 4, 5], [1, 6, 7], [2, 4, 6], [2, 5, 7], [3, 4, 7], [3, 5, 6]]
   F alone, tier K: violated at 8 points, e.g. p=1: subset [1, 2, 3, 4, 5, 6, 7] has 0 ordinary lines < ceil(3*7/7)=3
   F alone, tier C: violated at 8 points, e.g. p=1: subset [1, 2, 3, 4, 5, 6, 7] has 7 three-point lines > t3(7)=6
   line sets surviving: tier A: 0 (counts []); A+B: 0 (counts []); A+B+K: 0 (counts []); A+B+K+C: 0 (counts [])
   line set 0, tier A: e.g. at 1: SG-closed subset [1, 2, 3, 4, 5, 6, 7] lines [[1, 2, 3], [1, 4, 5], [1, 6, 7], [2, 4, 6], [2, 5, 7], [3, 4, 7], [3, 5, 6]]
   line set 0, tier K: e.g. at 1: subset [1, 2, 3, 4, 5, 6, 7] has 0 ordinary lines < ceil(3*7/7)=3
   line set 0, tier C: e.g. at 1: subset [1, 2, 3, 4, 5, 6, 7] has 7 three-point lines > t3(7)=6
   => killed by tier A (hereditary SG)
structure 8: sizes=[8] D=55 ell_max=4 count_min=25 degrees=[1, 1, 1, 1, 1, 1, 1, 1, 0] #line_sets=105
   blocks=[[0, 1, 2, 3, 4, 5, 6, 7]]
   line sets surviving: tier A: 105 (counts [25]); A+B: 105 (counts [25]); A+B+K: 105 (counts [25]); A+B+K+C: 105 (counts [25])
   => SURVIVES all tiers

SUMMARY (structure, #5-blocks, #6-blocks, #blocks, count_min, surviving line sets A / A+B / A+B+K / A+B+K+C, counts, verdict)
   (0, 0, 0, 16, 25, 0, 0, 0, 0, {'A': [], 'B': [], 'K': [], 'C': []}, 'killed by tier A (hereditary SG)')
   (1, 0, 0, 16, 25, 0, 0, 0, 0, {'A': [], 'B': [], 'K': [], 'C': []}, 'killed by tier A (hereditary SG)')
   (2, 0, 0, 17, 22, 300, 0, 0, 0, {'A': [23, 24, 25], 'B': [], 'K': [], 'C': []}, 'killed by tier B ((8_3) lemma)')
   (3, 0, 0, 18, 19, 2209, 0, 0, 0, {'A': [21, 22, 23, 24, 25], 'B': [], 'K': [], 'C': []}, 'killed by tier B ((8_3) lemma)')
   (4, 0, 0, 16, 25, 1, 0, 0, 0, {'A': [25], 'B': [], 'K': [], 'C': []}, 'killed by tier B ((8_3) lemma)')
   (5, 0, 0, 16, 25, 1, 0, 0, 0, {'A': [25], 'B': [], 'K': [], 'C': []}, 'killed by tier B ((8_3) lemma)')
   (6, 0, 0, 16, 25, 4, 0, 0, 0, {'A': [25], 'B': [], 'K': [], 'C': []}, 'killed by tier B ((8_3) lemma)')
   (7, 2, 0, 14, 24, 0, 0, 0, 0, {'A': [], 'B': [], 'K': [], 'C': []}, 'killed by tier A (hereditary SG)')
   (8, 0, 0, 1, 25, 105, 105, 105, 105, {'A': [25], 'B': [25], 'K': [25], 'C': [25]}, 'SURVIVES all tiers')
