n=10 target=32 mode=table need D+ell>=88 Caps(n=10, mode=table, capD=30, max4=10, capL=40, t3n=12, ellmax=12) sizes=[5, 6, 7, 8, 9]
phase 1: 23 canonical big-block families (incl. empty), 1086 canonicity tests
phase 1 done in 2.2s
[0] empty big family: skipped (all-4-block case handled separately)
[1] sizes=[5] blocks=[[0, 1, 2, 3, 4]] D0=9 |Aut|=14400 root_bound=22 nodes=0 evals=0 candidates=0 [0.1s]
    CANDIDATE: sizes=[5, 5, 4, 4, 4, 4, 4, 4, 4, 4, 4, 4, 4, 4, 4, 4, 4, 4, 4, 4, 4, 4] D=78 ell_max=10 count=32 degrees=[8, 8, 9, 9, 9, 9, 9, 9, 10, 10] #line_sets=3
[2] sizes=[5, 5] blocks=[[0, 1, 2, 3, 4], [0, 1, 5, 6, 7]] D0=18 |Aut|=288 root_bound=20 nodes=75 evals=1 candidates=1 [0.1s]
[3] sizes=[5, 5, 5] blocks=[[0, 1, 2, 3, 4], [0, 1, 5, 6, 7], [2, 3, 5, 6, 8]] D0=27 |Aut|=48 root_bound=17 nodes=61 evals=0 candidates=0 [0.1s]
[4] sizes=[5, 5, 5, 5] blocks=[[0, 1, 2, 3, 4], [0, 1, 5, 6, 7], [2, 3, 5, 6, 8], [2, 4, 5, 7, 9]] D0=36 |Aut|=8 root_bound=13 nodes=0 evals=0 candidates=0 [0.0s]
[5] sizes=[5, 5, 5, 5, 5] blocks=[[0, 1, 2, 3, 4], [0, 1, 5, 6, 7], [2, 3, 5, 6, 8], [2, 4, 5, 7, 9], [0, 4, 6, 8, 9]] D0=45 |Aut|=10 root_bound=8 nodes=0 evals=0 candidates=0 [0.0s]
[6] sizes=[5, 5, 5, 5, 5, 5] blocks=[[0, 1, 2, 3, 4], [0, 1, 5, 6, 7], [2, 3, 5, 6, 8], [2, 4, 5, 7, 9], [0, 4, 6, 8, 9], [1, 3, 7, 8, 9]] D0=54 |Aut|=60 root_bound=5 nodes=0 evals=0 candidates=0 [0.0s]
[7] sizes=[5, 5, 5, 5] blocks=[[0, 1, 2, 3, 4], [0, 1, 5, 6, 7], [2, 3, 5, 6, 8], [0, 4, 7, 8, 9]] D0=36 |Aut|=8 root_bound=13 nodes=0 evals=0 candidates=0 [0.0s]
    CANDIDATE: sizes=[5, 5, 5, 4, 4, 4, 4, 4, 4, 4, 4, 4, 4, 4, 4, 4, 4, 4, 4, 4] D=78 ell_max=11 count=31 degrees=[5, 8, 8, 9, 9, 8, 9, 9, 9, 9] #line_sets=341
[8] sizes=[5, 5, 5] blocks=[[0, 1, 2, 3, 4], [0, 1, 5, 6, 7], [0, 2, 5, 8, 9]] D0=27 |Aut|=48 root_bound=17 nodes=27 evals=1 candidates=1 [0.1s]
[9] sizes=[5, 5, 5, 6] blocks=[[0, 1, 2, 3, 4], [0, 1, 5, 6, 7], [0, 2, 5, 8, 9], [3, 4, 6, 7, 8, 9]] D0=46 |Aut|=48 root_bound=7 nodes=0 evals=0 candidates=0 [0.0s]
[10] sizes=[5, 5, 5] blocks=[[0, 1, 2, 3, 4], [0, 1, 5, 6, 7], [2, 3, 5, 8, 9]] D0=27 |Aut|=32 root_bound=17 nodes=15 evals=0 candidates=0 [0.0s]
    CANDIDATE: sizes=[5, 5, 5, 5, 4, 4, 4, 4, 4, 4, 4, 4, 4, 4, 4, 4, 4, 4] D=78 ell_max=10 count=32 degrees=[8, 8, 8, 8, 6, 6, 8, 8, 8, 8] #line_sets=32
    CANDIDATE: sizes=[5, 5, 5, 5, 4, 4, 4, 4, 4, 4, 4, 4, 4, 4, 4, 4, 4, 4] D=78 ell_max=10 count=32 degrees=[8, 8, 8, 8, 6, 6, 8, 8, 8, 8] #line_sets=20
[11] sizes=[5, 5, 5, 5] blocks=[[0, 1, 2, 3, 4], [0, 1, 5, 6, 7], [2, 3, 5, 8, 9], [4, 6, 7, 8, 9]] D0=36 |Aut|=128 root_bound=14 nodes=17 evals=2 candidates=2 [0.0s]
[12] sizes=[5, 5, 6] blocks=[[0, 1, 2, 3, 4], [0, 1, 5, 6, 7], [2, 3, 5, 6, 8, 9]] D0=37 |Aut|=32 root_bound=13 nodes=3 evals=0 candidates=0 [0.0s]
[13] sizes=[5, 5] blocks=[[0, 1, 2, 3, 4], [0, 5, 6, 7, 8]] D0=18 |Aut|=1152 root_bound=20 nodes=2 evals=0 candidates=0 [0.0s]
[14] sizes=[5, 6] blocks=[[0, 1, 2, 3, 4], [0, 1, 5, 6, 7, 8]] D0=28 |Aut|=288 root_bound=16 nodes=2 evals=0 candidates=0 [0.0s]
    CANDIDATE: sizes=[5, 5, 4, 4, 4, 4, 4, 4, 4, 4, 4, 4, 4, 4, 4, 4, 4, 4, 4, 4, 4, 4] D=78 ell_max=11 count=31 degrees=[9, 9, 9, 9, 9, 9, 9, 9, 9, 9] #line_sets=30
    CANDIDATE: sizes=[5, 5, 4, 4, 4, 4, 4, 4, 4, 4, 4, 4, 4, 4, 4, 4, 4, 4, 4, 4, 4, 4] D=78 ell_max=11 count=31 degrees=[9, 9, 9, 9, 9, 9, 9, 9, 9, 9] #line_sets=31
    CANDIDATE: sizes=[5, 5, 4, 4, 4, 4, 4, 4, 4, 4, 4, 4, 4, 4, 4, 4, 4, 4, 4, 4, 4, 4] D=78 ell_max=11 count=31 degrees=[9, 9, 9, 9, 9, 9, 9, 9, 9, 9] #line_sets=26
[15] sizes=[5, 5] blocks=[[0, 1, 2, 3, 4], [5, 6, 7, 8, 9]] D0=18 |Aut|=28800 root_bound=20 nodes=102 evals=6 candidates=3 [0.5s]
[16] sizes=[5, 6] blocks=[[0, 1, 2, 3, 4], [0, 5, 6, 7, 8, 9]] D0=28 |Aut|=2880 root_bound=14 nodes=0 evals=0 candidates=0 [0.0s]
[17] sizes=[5, 7] blocks=[[0, 1, 2, 3, 4], [0, 1, 5, 6, 7, 8, 9]] D0=43 |Aut|=1440 root_bound=9 nodes=0 evals=0 candidates=0 [0.0s]
    CANDIDATE: sizes=[6, 4, 4, 4, 4, 4, 4, 4, 4, 4, 4, 4, 4, 4, 4, 4, 4, 4, 4, 4] D=76 ell_max=12 count=32 degrees=[7, 7, 7, 7, 7, 7, 10, 10, 10, 10] #line_sets=26
    CANDIDATE: sizes=[6, 4, 4, 4, 4, 4, 4, 4, 4, 4, 4, 4, 4, 4, 4, 4, 4, 4, 4, 4] D=76 ell_max=12 count=32 degrees=[7, 7, 7, 7, 7, 7, 10, 10, 10, 10] #line_sets=26
[18] sizes=[6] blocks=[[0, 1, 2, 3, 4, 5]] D0=19 |Aut|=17280 root_bound=19 nodes=165 evals=8 candidates=2 [0.5s]
[19] sizes=[6, 6] blocks=[[0, 1, 2, 3, 4, 5], [0, 1, 6, 7, 8, 9]] D0=38 |Aut|=2304 root_bound=12 nodes=0 evals=0 candidates=0 [0.0s]
[20] sizes=[7] blocks=[[0, 1, 2, 3, 4, 5, 6]] D0=34 |Aut|=30240 root_bound=16 nodes=4 evals=0 candidates=0 [0.3s]
[21] sizes=[8] blocks=[[0, 1, 2, 3, 4, 5, 6, 7]] D0=55 |Aut|=80640 root_bound=11 nodes=2 evals=0 candidates=0 [1.4s]
[22] sizes=[9] blocks=[[0, 1, 2, 3, 4, 5, 6, 7, 8]] D0=83 |Aut|=362880 root_bound=0 nodes=1 evals=1 candidates=0 [7.6s]
TOTAL phase-2 nodes=476; candidate structures (count <= 32): 9 [13.0s]
  cand 0: sizes=[5, 5, 4, 4, 4, 4, 4, 4, 4, 4, 4, 4, 4, 4, 4, 4, 4, 4, 4, 4, 4, 4] D=78 ell_max=10 count=32 degrees=[8, 8, 9, 9, 9, 9, 9, 9, 10, 10]
     blocks=[[0, 1, 2, 3, 4], [0, 1, 5, 6, 7], [0, 1, 8, 9], [0, 2, 5, 8], [0, 2, 6, 9], [0, 3, 5, 9], [0, 3, 6, 8], [0, 4, 7, 8], [1, 2, 5, 9], [1, 2, 7, 8], [1, 3, 6, 9], [1, 4, 5, 8], [1, 4, 7, 9], [2, 3, 5, 6], [2, 3, 7, 9], [2, 4, 5, 7], [2, 4, 6, 8], [3, 4, 6, 7], [3, 4, 8, 9], [3, 5, 7, 8], [4, 5, 6, 9], [6, 7, 8, 9]]
  cand 1: sizes=[5, 5, 5, 4, 4, 4, 4, 4, 4, 4, 4, 4, 4, 4, 4, 4, 4, 4, 4, 4] D=78 ell_max=11 count=31 degrees=[5, 8, 8, 9, 9, 8, 9, 9, 9, 9]
     blocks=[[0, 1, 2, 3, 4], [0, 1, 5, 6, 7], [0, 2, 5, 8, 9], [0, 3, 6, 8], [0, 4, 7, 9], [1, 2, 6, 8], [1, 2, 7, 9], [1, 3, 5, 8], [1, 3, 6, 9], [1, 4, 5, 9], [1, 4, 7, 8], [2, 3, 5, 6], [2, 3, 7, 8], [2, 4, 5, 7], [2, 4, 6, 9], [3, 4, 6, 7], [3, 4, 8, 9], [3, 5, 7, 9], [4, 5, 6, 8], [6, 7, 8, 9]]
  cand 2: sizes=[5, 5, 5, 5, 4, 4, 4, 4, 4, 4, 4, 4, 4, 4, 4, 4, 4, 4] D=78 ell_max=10 count=32 degrees=[8, 8, 8, 8, 6, 6, 8, 8, 8, 8]
     blocks=[[0, 1, 2, 3, 4], [0, 1, 5, 6, 7], [2, 3, 5, 8, 9], [4, 6, 7, 8, 9], [0, 1, 8, 9], [0, 2, 6, 8], [0, 2, 7, 9], [0, 3, 6, 9], [0, 3, 7, 8], [0, 4, 5, 8], [1, 2, 6, 9], [1, 2, 7, 8], [1, 3, 6, 8], [1, 3, 7, 9], [1, 4, 5, 9], [2, 3, 6, 7], [2, 4, 5, 6], [3, 4, 5, 7]]
  cand 3: sizes=[5, 5, 5, 5, 4, 4, 4, 4, 4, 4, 4, 4, 4, 4, 4, 4, 4, 4] D=78 ell_max=10 count=32 degrees=[8, 8, 8, 8, 6, 6, 8, 8, 8, 8]
     blocks=[[0, 1, 2, 3, 4], [0, 1, 5, 6, 7], [2, 3, 5, 8, 9], [4, 6, 7, 8, 9], [0, 1, 8, 9], [0, 2, 6, 8], [0, 2, 7, 9], [0, 3, 6, 9], [0, 3, 7, 8], [0, 4, 5, 8], [1, 2, 6, 9], [1, 2, 7, 8], [1, 3, 6, 8], [1, 3, 7, 9], [1, 4, 5, 9], [2, 3, 6, 7], [2, 4, 5, 7], [3, 4, 5, 6]]
  cand 4: sizes=[5, 5, 4, 4, 4, 4, 4, 4, 4, 4, 4, 4, 4, 4, 4, 4, 4, 4, 4, 4, 4, 4] D=78 ell_max=11 count=31 degrees=[9, 9, 9, 9, 9, 9, 9, 9, 9, 9]
     blocks=[[0, 1, 2, 3, 4], [5, 6, 7, 8, 9], [0, 1, 5, 6], [0, 1, 7, 8], [0, 2, 5, 7], [0, 2, 6, 9], [0, 3, 5, 8], [0, 3, 7, 9], [0, 4, 5, 9], [0, 4, 6, 8], [1, 2, 5, 8], [1, 2, 7, 9], [1, 3, 5, 9], [1, 3, 6, 8], [1, 4, 6, 7], [1, 4, 8, 9], [2, 3, 6, 7], [2, 3, 8, 9], [2, 4, 5, 6], [2, 4, 7, 8], [3, 4, 5, 7], [3, 4, 6, 9]]
  cand 5: sizes=[5, 5, 4, 4, 4, 4, 4, 4, 4, 4, 4, 4, 4, 4, 4, 4, 4, 4, 4, 4, 4, 4] D=78 ell_max=11 count=31 degrees=[9, 9, 9, 9, 9, 9, 9, 9, 9, 9]
     blocks=[[0, 1, 2, 3, 4], [5, 6, 7, 8, 9], [0, 1, 5, 6], [0, 1, 7, 8], [0, 2, 5, 7], [0, 2, 6, 9], [0, 3, 5, 8], [0, 3, 7, 9], [0, 4, 5, 9], [0, 4, 6, 8], [1, 2, 6, 7], [1, 2, 8, 9], [1, 3, 5, 9], [1, 3, 6, 8], [1, 4, 5, 7], [1, 4, 6, 9], [2, 3, 5, 6], [2, 3, 7, 8], [2, 4, 5, 8], [2, 4, 7, 9], [3, 4, 6, 7], [3, 4, 8, 9]]
  cand 6: sizes=[5, 5, 4, 4, 4, 4, 4, 4, 4, 4, 4, 4, 4, 4, 4, 4, 4, 4, 4, 4, 4, 4] D=78 ell_max=11 count=31 degrees=[9, 9, 9, 9, 9, 9, 9, 9, 9, 9]
     blocks=[[0, 1, 2, 3, 4], [5, 6, 7, 8, 9], [0, 1, 5, 6], [0, 1, 7, 8], [0, 2, 5, 7], [0, 2, 6, 9], [0, 3, 5, 8], [0, 3, 7, 9], [0, 4, 5, 9], [0, 4, 6, 8], [1, 2, 6, 8], [1, 2, 7, 9], [1, 3, 5, 9], [1, 3, 6, 7], [1, 4, 5, 7], [1, 4, 8, 9], [2, 3, 5, 6], [2, 3, 8, 9], [2, 4, 5, 8], [2, 4, 6, 7], [3, 4, 6, 9], [3, 4, 7, 8]]
  cand 7: sizes=[6, 4, 4, 4, 4, 4, 4, 4, 4, 4, 4, 4, 4, 4, 4, 4, 4, 4, 4, 4] D=76 ell_max=12 count=32 degrees=[7, 7, 7, 7, 7, 7, 10, 10, 10, 10]
     blocks=[[0, 1, 2, 3, 4, 5], [0, 1, 6, 7], [0, 1, 8, 9], [0, 2, 6, 8], [0, 3, 6, 9], [0, 4, 7, 8], [0, 5, 7, 9], [1, 2, 6, 9], [1, 3, 7, 8], [1, 4, 7, 9], [1, 5, 6, 8], [2, 3, 7, 9], [2, 4, 6, 7], [2, 4, 8, 9], [2, 5, 7, 8], [3, 4, 6, 8], [3, 5, 6, 7], [3, 5, 8, 9], [4, 5, 6, 9], [6, 7, 8, 9]]
  cand 8: sizes=[6, 4, 4, 4, 4, 4, 4, 4, 4, 4, 4, 4, 4, 4, 4, 4, 4, 4, 4, 4] D=76 ell_max=12 count=32 degrees=[7, 7, 7, 7, 7, 7, 10, 10, 10, 10]
     blocks=[[0, 1, 2, 3, 4, 5], [0, 1, 6, 7], [0, 1, 8, 9], [0, 2, 6, 8], [0, 3, 6, 9], [0, 4, 7, 8], [0, 5, 7, 9], [1, 2, 7, 9], [1, 3, 7, 8], [1, 4, 6, 9], [1, 5, 6, 8], [2, 3, 6, 7], [2, 4, 8, 9], [2, 5, 6, 9], [2, 5, 7, 8], [3, 4, 6, 8], [3, 4, 7, 9], [3, 5, 8, 9], [4, 5, 6, 7], [6, 7, 8, 9]]

real	0m13.326s
user	0m5.370s
sys	0m4.678s
