n=9 target=25 mode=sg need D+ell>=59 Caps(n=9, mode=sg, capD=27, max4=9, capL=35, t3n=1000000000, ellmax=11) sizes=[5, 6, 7, 8]
phase 1: 9 canonical big-block families (incl. empty), 334 canonicity tests
phase 1 done in 0.1s
    CANDIDATE: sizes=[4, 4, 4, 4, 4, 4, 4, 4, 4, 4, 4, 4, 4, 4, 4, 4] D=48 ell_max=11 count=25 degrees=[7, 8, 7, 7, 8, 7, 7, 6, 7] #line_sets=1
    CANDIDATE: sizes=[4, 4, 4, 4, 4, 4, 4, 4, 4, 4, 4, 4, 4, 4, 4, 4] D=48 ell_max=11 count=25 degrees=[8, 8, 8, 7, 6, 7, 6, 7, 7] #line_sets=12
    CANDIDATE: sizes=[4, 4, 4, 4, 4, 4, 4, 4, 4, 4, 4, 4, 4, 4, 4, 4, 4] D=51 ell_max=11 count=22 degrees=[8, 8, 8, 8, 7, 7, 7, 8, 7] #line_sets=977
    CANDIDATE: sizes=[4, 4, 4, 4, 4, 4, 4, 4, 4, 4, 4, 4, 4, 4, 4, 4, 4, 4] D=54 ell_max=11 count=19 degrees=[8, 8, 8, 8, 8, 8, 8, 8, 8] #line_sets=3745
    CANDIDATE: sizes=[4, 4, 4, 4, 4, 4, 4, 4, 4, 4, 4, 4, 4, 4, 4, 4] D=48 ell_max=11 count=25 degrees=[8, 8, 7, 7, 7, 7, 6, 6, 8] #line_sets=12
    CANDIDATE: sizes=[4, 4, 4, 4, 4, 4, 4, 4, 4, 4, 4, 4, 4, 4, 4, 4] D=48 ell_max=11 count=25 degrees=[8, 8, 7, 7, 7, 7, 7, 7, 6] #line_sets=12
    CANDIDATE: sizes=[4, 4, 4, 4, 4, 4, 4, 4, 4, 4, 4, 4, 4, 4, 4, 4] D=48 ell_max=11 count=25 degrees=[8, 7, 7, 7, 7, 7, 7, 7, 7] #line_sets=12
[0] sizes=[] blocks=[] D0=0 |Aut|=362880 root_bound=18 nodes=246 evals=9 candidates=7 [9.6s]
[1] sizes=[5] blocks=[[0, 1, 2, 3, 4]] D0=9 |Aut|=2880 root_bound=15 nodes=397 evals=49 candidates=0 [0.4s]
[2] sizes=[5, 5] blocks=[[0, 1, 2, 3, 4], [0, 1, 5, 6, 7]] D0=18 |Aut|=144 root_bound=13 nodes=25 evals=2 candidates=0 [0.0s]
[3] sizes=[5, 5, 5] blocks=[[0, 1, 2, 3, 4], [0, 1, 5, 6, 7], [2, 3, 5, 6, 8]] D0=27 |Aut|=48 root_bound=9 nodes=2 evals=0 candidates=0 [0.0s]
    CANDIDATE: sizes=[5, 5, 4, 4, 4, 4, 4, 4, 4, 4, 4, 4, 4, 4] D=54 ell_max=6 count=24 degrees=[2, 7, 7, 7, 7, 7, 7, 7, 7] #line_sets=168
[4] sizes=[5, 5] blocks=[[0, 1, 2, 3, 4], [0, 5, 6, 7, 8]] D0=18 |Aut|=1152 root_bound=12 nodes=34 evals=5 candidates=1 [0.0s]
[5] sizes=[5, 6] blocks=[[0, 1, 2, 3, 4], [0, 1, 5, 6, 7, 8]] D0=28 |Aut|=288 root_bound=6 nodes=0 evals=0 candidates=0 [0.0s]
[6] sizes=[6] blocks=[[0, 1, 2, 3, 4, 5]] D0=19 |Aut|=4320 root_bound=12 nodes=7 evals=0 candidates=0 [0.0s]
[7] sizes=[7] blocks=[[0, 1, 2, 3, 4, 5, 6]] D0=34 |Aut|=10080 root_bound=11 nodes=2 evals=0 candidates=0 [0.0s]
    CANDIDATE: sizes=[8] D=55 ell_max=4 count=25 degrees=[1, 1, 1, 1, 1, 1, 1, 1, 0] #line_sets=105
[8] sizes=[8] blocks=[[0, 1, 2, 3, 4, 5, 6, 7]] D0=55 |Aut|=40320 root_bound=0 nodes=1 evals=1 candidates=1 [0.1s]
TOTAL phase-2 nodes=714; candidate structures (count <= 25): 9 [10.6s]
  cand 0: sizes=[4, 4, 4, 4, 4, 4, 4, 4, 4, 4, 4, 4, 4, 4, 4, 4] D=48 ell_max=11 count=25 degrees=[7, 8, 7, 7, 8, 7, 7, 6, 7]
     blocks=[[0, 1, 2, 3], [0, 1, 4, 5], [0, 1, 6, 7], [0, 2, 4, 6], [0, 2, 5, 7], [0, 3, 4, 8], [0, 5, 6, 8], [1, 2, 4, 7], [1, 2, 5, 8], [1, 3, 5, 6], [1, 3, 7, 8], [1, 4, 6, 8], [2, 3, 4, 5], [2, 3, 6, 8], [3, 4, 6, 7], [4, 5, 7, 8]]
  cand 1: sizes=[4, 4, 4, 4, 4, 4, 4, 4, 4, 4, 4, 4, 4, 4, 4, 4] D=48 ell_max=11 count=25 degrees=[8, 8, 8, 7, 6, 7, 6, 7, 7]
     blocks=[[0, 1, 2, 3], [0, 1, 4, 5], [0, 1, 6, 7], [0, 2, 4, 6], [0, 2, 5, 8], [0, 3, 5, 7], [0, 3, 6, 8], [0, 4, 7, 8], [1, 2, 4, 7], [1, 2, 6, 8], [1, 3, 4, 8], [1, 3, 5, 6], [1, 5, 7, 8], [2, 3, 4, 5], [2, 3, 7, 8], [2, 5, 6, 7]]
  cand 2: sizes=[4, 4, 4, 4, 4, 4, 4, 4, 4, 4, 4, 4, 4, 4, 4, 4, 4] D=51 ell_max=11 count=22 degrees=[8, 8, 8, 8, 7, 7, 7, 8, 7]
     blocks=[[0, 1, 2, 3], [0, 1, 4, 5], [0, 1, 6, 7], [0, 2, 4, 6], [0, 2, 5, 8], [0, 3, 5, 7], [0, 3, 6, 8], [0, 4, 7, 8], [1, 2, 4, 7], [1, 2, 6, 8], [1, 3, 4, 8], [1, 3, 5, 6], [1, 5, 7, 8], [2, 3, 4, 5], [2, 3, 7, 8], [2, 5, 6, 7], [3, 4, 6, 7]]
  cand 3: sizes=[4, 4, 4, 4, 4, 4, 4, 4, 4, 4, 4, 4, 4, 4, 4, 4, 4, 4] D=54 ell_max=11 count=19 degrees=[8, 8, 8, 8, 8, 8, 8, 8, 8]
     blocks=[[0, 1, 2, 3], [0, 1, 4, 5], [0, 1, 6, 7], [0, 2, 4, 6], [0, 2, 5, 8], [0, 3, 5, 7], [0, 3, 6, 8], [0, 4, 7, 8], [1, 2, 4, 7], [1, 2, 6, 8], [1, 3, 4, 8], [1, 3, 5, 6], [1, 5, 7, 8], [2, 3, 4, 5], [2, 3, 7, 8], [2, 5, 6, 7], [3, 4, 6, 7], [4, 5, 6, 8]]
  cand 4: sizes=[4, 4, 4, 4, 4, 4, 4, 4, 4, 4, 4, 4, 4, 4, 4, 4] D=48 ell_max=11 count=25 degrees=[8, 8, 7, 7, 7, 7, 6, 6, 8]
     blocks=[[0, 1, 2, 3], [0, 1, 4, 5], [0, 1, 6, 7], [0, 2, 4, 6], [0, 2, 5, 8], [0, 3, 5, 7], [0, 3, 6, 8], [0, 4, 7, 8], [1, 2, 4, 7], [1, 2, 6, 8], [1, 3, 4, 8], [1, 3, 5, 6], [1, 5, 7, 8], [2, 3, 4, 5], [2, 3, 7, 8], [4, 5, 6, 8]]
  cand 5: sizes=[4, 4, 4, 4, 4, 4, 4, 4, 4, 4, 4, 4, 4, 4, 4, 4] D=48 ell_max=11 count=25 degrees=[8, 8, 7, 7, 7, 7, 7, 7, 6]
     blocks=[[0, 1, 2, 3], [0, 1, 4, 5], [0, 1, 6, 7], [0, 2, 4, 6], [0, 2, 5, 8], [0, 3, 5, 7], [0, 3, 6, 8], [0, 4, 7, 8], [1, 2, 4, 7], [1, 2, 6, 8], [1, 3, 4, 8], [1, 3, 5, 6], [1, 5, 7, 8], [2, 3, 4, 5], [2, 5, 6, 7], [3, 4, 6, 7]]
  cand 6: sizes=[4, 4, 4, 4, 4, 4, 4, 4, 4, 4, 4, 4, 4, 4, 4, 4] D=48 ell_max=11 count=25 degrees=[8, 7, 7, 7, 7, 7, 7, 7, 7]
     blocks=[[0, 1, 2, 3], [0, 1, 4, 5], [0, 1, 6, 7], [0, 2, 4, 6], [0, 2, 5, 8], [0, 3, 5, 7], [0, 3, 6, 8], [0, 4, 7, 8], [1, 2, 4, 7], [1, 2, 6, 8], [1, 3, 5, 6], [1, 5, 7, 8], [2, 3, 4, 5], [2, 3, 7, 8], [3, 4, 6, 7], [4, 5, 6, 8]]
  cand 7: sizes=[5, 5, 4, 4, 4, 4, 4, 4, 4, 4, 4, 4, 4, 4] D=54 ell_max=6 count=24 degrees=[2, 7, 7, 7, 7, 7, 7, 7, 7]
     blocks=[[0, 1, 2, 3, 4], [0, 5, 6, 7, 8], [1, 2, 5, 6], [1, 2, 7, 8], [1, 3, 5, 7], [1, 3, 6, 8], [1, 4, 5, 8], [1, 4, 6, 7], [2, 3, 5, 8], [2, 3, 6, 7], [2, 4, 5, 7], [2, 4, 6, 8], [3, 4, 5, 6], [3, 4, 7, 8]]
  cand 8: sizes=[8] D=55 ell_max=4 count=25 degrees=[1, 1, 1, 1, 1, 1, 1, 1, 0]
     blocks=[[0, 1, 2, 3, 4, 5, 6, 7]]

real	0m10.919s
user	0m8.726s
sys	0m1.871s
