structure 1: sizes=[5, 5, 5, 4, 4, 4, 4, 4, 4, 4, 4, 4, 4, 4, 4, 4, 4, 4, 4, 4] degrees=[5, 8, 8, 9, 9, 8, 9, 9, 9, 9] D=78
   blocks=[[0, 1, 2, 3, 4], [0, 1, 5, 6, 7], [0, 2, 5, 8, 9], [0, 3, 6, 8], [0, 4, 7, 9], [1, 2, 6, 8], [1, 2, 7, 9], [1, 3, 5, 8], [1, 3, 6, 9], [1, 4, 5, 9], [1, 4, 7, 8], [2, 3, 5, 6], [2, 3, 7, 8], [2, 4, 5, 7], [2, 4, 6, 9], [3, 4, 6, 7], [3, 4, 8, 9], [3, 5, 7, 9], [4, 5, 6, 8], [6, 7, 8, 9]]
   surviving line sets, tier A+B (theorems only): 0
   surviving line sets, tier A+B+C (with cited tables): 0
structure 4: sizes=[5, 5, 4, 4, 4, 4, 4, 4, 4, 4, 4, 4, 4, 4, 4, 4, 4, 4, 4, 4, 4, 4] degrees=[9, 9, 9, 9, 9, 9, 9, 9, 9, 9] D=78
   blocks=[[0, 1, 2, 3, 4], [5, 6, 7, 8, 9], [0, 1, 5, 6], [0, 1, 7, 8], [0, 2, 5, 7], [0, 2, 6, 9], [0, 3, 5, 8], [0, 3, 7, 9], [0, 4, 5, 9], [0, 4, 6, 8], [1, 2, 5, 8], [1, 2, 7, 9], [1, 3, 5, 9], [1, 3, 6, 8], [1, 4, 6, 7], [1, 4, 8, 9], [2, 3, 6, 7], [2, 3, 8, 9], [2, 4, 5, 6], [2, 4, 7, 8], [3, 4, 5, 7], [3, 4, 6, 9]]
   surviving line sets, tier A+B (theorems only): 30
      count=32 lines=[[0, 1, 2, 3, 4], [3, 5, 6], [1, 5, 7], [0, 6, 7], [4, 5, 8], [2, 6, 8], [3, 7, 8], [2, 5, 9], [1, 6, 9], [4, 7, 9]]
      count=31 lines=[[0, 1, 2, 3, 4], [3, 5, 6], [1, 5, 7], [0, 6, 7], [4, 5, 8], [2, 6, 8], [3, 7, 8], [2, 5, 9], [1, 6, 9], [4, 7, 9], [0, 8, 9]]
      count=32 lines=[[0, 1, 2, 3, 4], [3, 5, 6], [1, 5, 7], [0, 6, 7], [4, 5, 8], [2, 6, 8], [3, 7, 8], [2, 5, 9], [1, 6, 9], [0, 8, 9]]
      count=32 lines=[[0, 1, 2, 3, 4], [3, 5, 6], [1, 5, 7], [0, 6, 7], [4, 5, 8], [2, 6, 8], [3, 7, 8], [2, 5, 9], [4, 7, 9], [0, 8, 9]]
      count=32 lines=[[0, 1, 2, 3, 4], [3, 5, 6], [1, 5, 7], [0, 6, 7], [4, 5, 8], [2, 6, 8], [3, 7, 8], [1, 6, 9], [4, 7, 9], [0, 8, 9]]
      count=32 lines=[[0, 1, 2, 3, 4], [3, 5, 6], [1, 5, 7], [0, 6, 7], [4, 5, 8], [2, 6, 8], [2, 5, 9], [1, 6, 9], [4, 7, 9], [0, 8, 9]]
      count=32 lines=[[0, 1, 2, 3, 4], [3, 5, 6], [1, 5, 7], [0, 6, 7], [4, 5, 8], [3, 7, 8], [2, 5, 9], [1, 6, 9], [4, 7, 9], [0, 8, 9]]
      count=32 lines=[[0, 1, 2, 3, 4], [3, 5, 6], [1, 5, 7], [0, 6, 7], [2, 6, 8], [3, 7, 8], [2, 5, 9], [1, 6, 9], [4, 7, 9], [0, 8, 9]]
      count=32 lines=[[0, 1, 2, 3, 4], [3, 5, 6], [1, 5, 7], [4, 5, 8], [2, 6, 8], [3, 7, 8], [2, 5, 9], [1, 6, 9], [4, 7, 9], [0, 8, 9]]
      count=32 lines=[[0, 1, 2, 3, 4], [3, 5, 6], [0, 6, 7], [4, 5, 8], [2, 6, 8], [3, 7, 8], [2, 5, 9], [1, 6, 9], [4, 7, 9], [0, 8, 9]]
      count=32 lines=[[0, 1, 2, 3, 4], [1, 5, 7], [0, 6, 7], [4, 5, 8], [2, 6, 8], [3, 7, 8], [2, 5, 9], [1, 6, 9], [4, 7, 9], [0, 8, 9]]
      count=32 lines=[[5, 6, 7, 8, 9], [2, 3, 5], [1, 4, 5], [1, 2, 6], [0, 3, 6], [1, 3, 7], [0, 4, 7], [0, 2, 8], [3, 4, 8], [0, 1, 9]]
      count=31 lines=[[5, 6, 7, 8, 9], [2, 3, 5], [1, 4, 5], [1, 2, 6], [0, 3, 6], [1, 3, 7], [0, 4, 7], [0, 2, 8], [3, 4, 8], [0, 1, 9], [2, 4, 9]]
      count=32 lines=[[5, 6, 7, 8, 9], [2, 3, 5], [1, 4, 5], [1, 2, 6], [0, 3, 6], [1, 3, 7], [0, 4, 7], [0, 2, 8], [3, 4, 8], [2, 4, 9]]
      count=32 lines=[[5, 6, 7, 8, 9], [2, 3, 5], [1, 4, 5], [1, 2, 6], [0, 3, 6], [1, 3, 7], [0, 4, 7], [0, 2, 8], [0, 1, 9], [2, 4, 9]]
      count=32 lines=[[5, 6, 7, 8, 9], [2, 3, 5], [1, 4, 5], [1, 2, 6], [0, 3, 6], [1, 3, 7], [0, 4, 7], [3, 4, 8], [0, 1, 9], [2, 4, 9]]
      count=32 lines=[[5, 6, 7, 8, 9], [2, 3, 5], [1, 4, 5], [1, 2, 6], [0, 3, 6], [1, 3, 7], [0, 2, 8], [3, 4, 8], [0, 1, 9], [2, 4, 9]]
      count=32 lines=[[5, 6, 7, 8, 9], [2, 3, 5], [1, 4, 5], [1, 2, 6], [0, 3, 6], [0, 4, 7], [0, 2, 8], [3, 4, 8], [0, 1, 9], [2, 4, 9]]
      count=32 lines=[[5, 6, 7, 8, 9], [2, 3, 5], [1, 4, 5], [1, 2, 6], [1, 3, 7], [0, 4, 7], [0, 2, 8], [3, 4, 8], [0, 1, 9], [2, 4, 9]]
      count=32 lines=[[5, 6, 7, 8, 9], [2, 3, 5], [1, 4, 5], [0, 3, 6], [1, 3, 7], [0, 4, 7], [0, 2, 8], [3, 4, 8], [0, 1, 9], [2, 4, 9]]
      count=32 lines=[[5, 6, 7, 8, 9], [2, 3, 5], [1, 2, 6], [0, 3, 6], [1, 3, 7], [0, 4, 7], [0, 2, 8], [3, 4, 8], [0, 1, 9], [2, 4, 9]]
      count=32 lines=[[5, 6, 7, 8, 9], [1, 4, 5], [1, 2, 6], [0, 3, 6], [1, 3, 7], [0, 4, 7], [0, 2, 8], [3, 4, 8], [0, 1, 9], [2, 4, 9]]
      count=32 lines=[[2, 3, 5], [1, 4, 5], [1, 2, 6], [0, 3, 6], [1, 3, 7], [0, 4, 7], [0, 2, 8], [3, 4, 8], [0, 1, 9], [2, 4, 9]]
      count=32 lines=[[2, 3, 5], [1, 4, 5], [0, 3, 6], [1, 3, 7], [0, 4, 7], [3, 4, 8], [2, 6, 8], [2, 4, 9], [1, 6, 9], [0, 8, 9]]
      count=32 lines=[[2, 3, 5], [1, 2, 6], [0, 3, 6], [0, 4, 7], [1, 5, 7], [0, 2, 8], [4, 5, 8], [3, 7, 8], [0, 1, 9], [2, 4, 9]]
      count=32 lines=[[2, 3, 5], [0, 3, 6], [0, 4, 7], [1, 5, 7], [4, 5, 8], [2, 6, 8], [3, 7, 8], [2, 4, 9], [1, 6, 9], [0, 8, 9]]
      count=32 lines=[[1, 4, 5], [1, 2, 6], [3, 5, 6], [1, 3, 7], [0, 6, 7], [0, 2, 8], [3, 4, 8], [0, 1, 9], [2, 5, 9], [4, 7, 9]]
      count=32 lines=[[1, 4, 5], [3, 5, 6], [1, 3, 7], [0, 6, 7], [3, 4, 8], [2, 6, 8], [2, 5, 9], [1, 6, 9], [4, 7, 9], [0, 8, 9]]
      count=32 lines=[[1, 2, 6], [3, 5, 6], [1, 5, 7], [0, 6, 7], [0, 2, 8], [4, 5, 8], [3, 7, 8], [0, 1, 9], [2, 5, 9], [4, 7, 9]]
      count=32 lines=[[3, 5, 6], [1, 5, 7], [0, 6, 7], [4, 5, 8], [2, 6, 8], [3, 7, 8], [2, 5, 9], [1, 6, 9], [4, 7, 9], [0, 8, 9]]
   surviving line sets, tier A+B+C (with cited tables): 0
structure 5: sizes=[5, 5, 4, 4, 4, 4, 4, 4, 4, 4, 4, 4, 4, 4, 4, 4, 4, 4, 4, 4, 4, 4] degrees=[9, 9, 9, 9, 9, 9, 9, 9, 9, 9] D=78
   blocks=[[0, 1, 2, 3, 4], [5, 6, 7, 8, 9], [0, 1, 5, 6], [0, 1, 7, 8], [0, 2, 5, 7], [0, 2, 6, 9], [0, 3, 5, 8], [0, 3, 7, 9], [0, 4, 5, 9], [0, 4, 6, 8], [1, 2, 6, 7], [1, 2, 8, 9], [1, 3, 5, 9], [1, 3, 6, 8], [1, 4, 5, 7], [1, 4, 6, 9], [2, 3, 5, 6], [2, 3, 7, 8], [2, 4, 5, 8], [2, 4, 7, 9], [3, 4, 6, 7], [3, 4, 8, 9]]
   surviving line sets, tier A+B (theorems only): 26
      count=32 lines=[[0, 1, 2, 3, 4], [4, 5, 6], [3, 5, 7], [0, 6, 7], [1, 5, 8], [2, 6, 8], [4, 7, 8], [2, 5, 9], [3, 6, 9], [1, 7, 9]]
      count=31 lines=[[0, 1, 2, 3, 4], [4, 5, 6], [3, 5, 7], [0, 6, 7], [1, 5, 8], [2, 6, 8], [4, 7, 8], [2, 5, 9], [3, 6, 9], [1, 7, 9], [0, 8, 9]]
      count=32 lines=[[0, 1, 2, 3, 4], [4, 5, 6], [3, 5, 7], [0, 6, 7], [1, 5, 8], [2, 6, 8], [4, 7, 8], [2, 5, 9], [3, 6, 9], [0, 8, 9]]
      count=32 lines=[[0, 1, 2, 3, 4], [4, 5, 6], [3, 5, 7], [0, 6, 7], [1, 5, 8], [2, 6, 8], [4, 7, 8], [2, 5, 9], [1, 7, 9], [0, 8, 9]]
      count=32 lines=[[0, 1, 2, 3, 4], [4, 5, 6], [3, 5, 7], [0, 6, 7], [1, 5, 8], [2, 6, 8], [4, 7, 8], [3, 6, 9], [1, 7, 9], [0, 8, 9]]
      count=32 lines=[[0, 1, 2, 3, 4], [4, 5, 6], [3, 5, 7], [0, 6, 7], [1, 5, 8], [2, 6, 8], [2, 5, 9], [3, 6, 9], [1, 7, 9], [0, 8, 9]]
      count=32 lines=[[0, 1, 2, 3, 4], [4, 5, 6], [3, 5, 7], [0, 6, 7], [1, 5, 8], [4, 7, 8], [2, 5, 9], [3, 6, 9], [1, 7, 9], [0, 8, 9]]
      count=32 lines=[[0, 1, 2, 3, 4], [4, 5, 6], [3, 5, 7], [0, 6, 7], [2, 6, 8], [4, 7, 8], [2, 5, 9], [3, 6, 9], [1, 7, 9], [0, 8, 9]]
      count=32 lines=[[0, 1, 2, 3, 4], [4, 5, 6], [3, 5, 7], [1, 5, 8], [2, 6, 8], [4, 7, 8], [2, 5, 9], [3, 6, 9], [1, 7, 9], [0, 8, 9]]
      count=32 lines=[[0, 1, 2, 3, 4], [4, 5, 6], [0, 6, 7], [1, 5, 8], [2, 6, 8], [4, 7, 8], [2, 5, 9], [3, 6, 9], [1, 7, 9], [0, 8, 9]]
      count=32 lines=[[0, 1, 2, 3, 4], [3, 5, 7], [0, 6, 7], [1, 5, 8], [2, 6, 8], [4, 7, 8], [2, 5, 9], [3, 6, 9], [1, 7, 9], [0, 8, 9]]
      count=32 lines=[[5, 6, 7, 8, 9], [1, 2, 5], [3, 4, 5], [0, 3, 6], [2, 4, 6], [1, 3, 7], [0, 4, 7], [0, 2, 8], [1, 4, 8], [0, 1, 9]]
      count=31 lines=[[5, 6, 7, 8, 9], [1, 2, 5], [3, 4, 5], [0, 3, 6], [2, 4, 6], [1, 3, 7], [0, 4, 7], [0, 2, 8], [1, 4, 8], [0, 1, 9], [2, 3, 9]]
      count=32 lines=[[5, 6, 7, 8, 9], [1, 2, 5], [3, 4, 5], [0, 3, 6], [2, 4, 6], [1, 3, 7], [0, 4, 7], [0, 2, 8], [1, 4, 8], [2, 3, 9]]
      count=32 lines=[[5, 6, 7, 8, 9], [1, 2, 5], [3, 4, 5], [0, 3, 6], [2, 4, 6], [1, 3, 7], [0, 4, 7], [0, 2, 8], [0, 1, 9], [2, 3, 9]]
      count=32 lines=[[5, 6, 7, 8, 9], [1, 2, 5], [3, 4, 5], [0, 3, 6], [2, 4, 6], [1, 3, 7], [0, 4, 7], [1, 4, 8], [0, 1, 9], [2, 3, 9]]
      count=32 lines=[[5, 6, 7, 8, 9], [1, 2, 5], [3, 4, 5], [0, 3, 6], [2, 4, 6], [1, 3, 7], [0, 2, 8], [1, 4, 8], [0, 1, 9], [2, 3, 9]]
      count=32 lines=[[5, 6, 7, 8, 9], [1, 2, 5], [3, 4, 5], [0, 3, 6], [2, 4, 6], [0, 4, 7], [0, 2, 8], [1, 4, 8], [0, 1, 9], [2, 3, 9]]
      count=32 lines=[[5, 6, 7, 8, 9], [1, 2, 5], [3, 4, 5], [0, 3, 6], [1, 3, 7], [0, 4, 7], [0, 2, 8], [1, 4, 8], [0, 1, 9], [2, 3, 9]]
      count=32 lines=[[5, 6, 7, 8, 9], [1, 2, 5], [3, 4, 5], [2, 4, 6], [1, 3, 7], [0, 4, 7], [0, 2, 8], [1, 4, 8], [0, 1, 9], [2, 3, 9]]
      count=32 lines=[[5, 6, 7, 8, 9], [1, 2, 5], [0, 3, 6], [2, 4, 6], [1, 3, 7], [0, 4, 7], [0, 2, 8], [1, 4, 8], [0, 1, 9], [2, 3, 9]]
      count=32 lines=[[5, 6, 7, 8, 9], [3, 4, 5], [0, 3, 6], [2, 4, 6], [1, 3, 7], [0, 4, 7], [0, 2, 8], [1, 4, 8], [0, 1, 9], [2, 3, 9]]
      count=32 lines=[[1, 2, 5], [3, 4, 5], [0, 3, 6], [2, 4, 6], [1, 3, 7], [0, 4, 7], [0, 2, 8], [1, 4, 8], [0, 1, 9], [2, 3, 9]]
      count=32 lines=[[1, 2, 5], [0, 3, 6], [4, 5, 6], [0, 4, 7], [3, 5, 7], [1, 4, 8], [2, 6, 8], [2, 3, 9], [1, 7, 9], [0, 8, 9]]
      count=32 lines=[[3, 4, 5], [2, 4, 6], [1, 3, 7], [0, 6, 7], [0, 2, 8], [1, 5, 8], [4, 7, 8], [0, 1, 9], [2, 5, 9], [3, 6, 9]]
      count=32 lines=[[4, 5, 6], [3, 5, 7], [0, 6, 7], [1, 5, 8], [2, 6, 8], [4, 7, 8], [2, 5, 9], [3, 6, 9], [1, 7, 9], [0, 8, 9]]
   surviving line sets, tier A+B+C (with cited tables): 2
      count=32 lines=[[1, 2, 5], [0, 3, 6], [4, 5, 6], [0, 4, 7], [3, 5, 7], [1, 4, 8], [2, 6, 8], [2, 3, 9], [1, 7, 9], [0, 8, 9]]
      count=32 lines=[[3, 4, 5], [2, 4, 6], [1, 3, 7], [0, 6, 7], [0, 2, 8], [1, 5, 8], [4, 7, 8], [0, 1, 9], [2, 5, 9], [3, 6, 9]]
structure 6: sizes=[5, 5, 4, 4, 4, 4, 4, 4, 4, 4, 4, 4, 4, 4, 4, 4, 4, 4, 4, 4, 4, 4] degrees=[9, 9, 9, 9, 9, 9, 9, 9, 9, 9] D=78
   blocks=[[0, 1, 2, 3, 4], [5, 6, 7, 8, 9], [0, 1, 5, 6], [0, 1, 7, 8], [0, 2, 5, 7], [0, 2, 6, 9], [0, 3, 5, 8], [0, 3, 7, 9], [0, 4, 5, 9], [0, 4, 6, 8], [1, 2, 6, 8], [1, 2, 7, 9], [1, 3, 5, 9], [1, 3, 6, 7], [1, 4, 5, 7], [1, 4, 8, 9], [2, 3, 5, 6], [2, 3, 8, 9], [2, 4, 5, 8], [2, 4, 6, 7], [3, 4, 6, 9], [3, 4, 7, 8]]
   surviving line sets, tier A+B (theorems only): 26
      count=32 lines=[[0, 1, 2, 3, 4], [4, 5, 6], [3, 5, 7], [0, 6, 7], [1, 5, 8], [3, 6, 8], [2, 7, 8], [2, 5, 9], [1, 6, 9], [4, 7, 9]]
      count=31 lines=[[0, 1, 2, 3, 4], [4, 5, 6], [3, 5, 7], [0, 6, 7], [1, 5, 8], [3, 6, 8], [2, 7, 8], [2, 5, 9], [1, 6, 9], [4, 7, 9], [0, 8, 9]]
      count=32 lines=[[0, 1, 2, 3, 4], [4, 5, 6], [3, 5, 7], [0, 6, 7], [1, 5, 8], [3, 6, 8], [2, 7, 8], [2, 5, 9], [1, 6, 9], [0, 8, 9]]
      count=32 lines=[[0, 1, 2, 3, 4], [4, 5, 6], [3, 5, 7], [0, 6, 7], [1, 5, 8], [3, 6, 8], [2, 7, 8], [2, 5, 9], [4, 7, 9], [0, 8, 9]]
      count=32 lines=[[0, 1, 2, 3, 4], [4, 5, 6], [3, 5, 7], [0, 6, 7], [1, 5, 8], [3, 6, 8], [2, 7, 8], [1, 6, 9], [4, 7, 9], [0, 8, 9]]
      count=32 lines=[[0, 1, 2, 3, 4], [4, 5, 6], [3, 5, 7], [0, 6, 7], [1, 5, 8], [3, 6, 8], [2, 5, 9], [1, 6, 9], [4, 7, 9], [0, 8, 9]]
      count=32 lines=[[0, 1, 2, 3, 4], [4, 5, 6], [3, 5, 7], [0, 6, 7], [1, 5, 8], [2, 7, 8], [2, 5, 9], [1, 6, 9], [4, 7, 9], [0, 8, 9]]
      count=32 lines=[[0, 1, 2, 3, 4], [4, 5, 6], [3, 5, 7], [0, 6, 7], [3, 6, 8], [2, 7, 8], [2, 5, 9], [1, 6, 9], [4, 7, 9], [0, 8, 9]]
      count=32 lines=[[0, 1, 2, 3, 4], [4, 5, 6], [3, 5, 7], [1, 5, 8], [3, 6, 8], [2, 7, 8], [2, 5, 9], [1, 6, 9], [4, 7, 9], [0, 8, 9]]
      count=32 lines=[[0, 1, 2, 3, 4], [4, 5, 6], [0, 6, 7], [1, 5, 8], [3, 6, 8], [2, 7, 8], [2, 5, 9], [1, 6, 9], [4, 7, 9], [0, 8, 9]]
      count=32 lines=[[0, 1, 2, 3, 4], [3, 5, 7], [0, 6, 7], [1, 5, 8], [3, 6, 8], [2, 7, 8], [2, 5, 9], [1, 6, 9], [4, 7, 9], [0, 8, 9]]
      count=32 lines=[[5, 6, 7, 8, 9], [1, 2, 5], [3, 4, 5], [0, 3, 6], [1, 4, 6], [2, 3, 7], [0, 4, 7], [0, 2, 8], [1, 3, 8], [0, 1, 9]]
      count=31 lines=[[5, 6, 7, 8, 9], [1, 2, 5], [3, 4, 5], [0, 3, 6], [1, 4, 6], [2, 3, 7], [0, 4, 7], [0, 2, 8], [1, 3, 8], [0, 1, 9], [2, 4, 9]]
      count=32 lines=[[5, 6, 7, 8, 9], [1, 2, 5], [3, 4, 5], [0, 3, 6], [1, 4, 6], [2, 3, 7], [0, 4, 7], [0, 2, 8], [1, 3, 8], [2, 4, 9]]
      count=32 lines=[[5, 6, 7, 8, 9], [1, 2, 5], [3, 4, 5], [0, 3, 6], [1, 4, 6], [2, 3, 7], [0, 4, 7], [0, 2, 8], [0, 1, 9], [2, 4, 9]]
      count=32 lines=[[5, 6, 7, 8, 9], [1, 2, 5], [3, 4, 5], [0, 3, 6], [1, 4, 6], [2, 3, 7], [0, 4, 7], [1, 3, 8], [0, 1, 9], [2, 4, 9]]
      count=32 lines=[[5, 6, 7, 8, 9], [1, 2, 5], [3, 4, 5], [0, 3, 6], [1, 4, 6], [2, 3, 7], [0, 2, 8], [1, 3, 8], [0, 1, 9], [2, 4, 9]]
      count=32 lines=[[5, 6, 7, 8, 9], [1, 2, 5], [3, 4, 5], [0, 3, 6], [1, 4, 6], [0, 4, 7], [0, 2, 8], [1, 3, 8], [0, 1, 9], [2, 4, 9]]
      count=32 lines=[[5, 6, 7, 8, 9], [1, 2, 5], [3, 4, 5], [0, 3, 6], [2, 3, 7], [0, 4, 7], [0, 2, 8], [1, 3, 8], [0, 1, 9], [2, 4, 9]]
      count=32 lines=[[5, 6, 7, 8, 9], [1, 2, 5], [3, 4, 5], [1, 4, 6], [2, 3, 7], [0, 4, 7], [0, 2, 8], [1, 3, 8], [0, 1, 9], [2, 4, 9]]
      count=32 lines=[[5, 6, 7, 8, 9], [1, 2, 5], [0, 3, 6], [1, 4, 6], [2, 3, 7], [0, 4, 7], [0, 2, 8], [1, 3, 8], [0, 1, 9], [2, 4, 9]]
      count=32 lines=[[5, 6, 7, 8, 9], [3, 4, 5], [0, 3, 6], [1, 4, 6], [2, 3, 7], [0, 4, 7], [0, 2, 8], [1, 3, 8], [0, 1, 9], [2, 4, 9]]
      count=32 lines=[[1, 2, 5], [3, 4, 5], [0, 3, 6], [1, 4, 6], [2, 3, 7], [0, 4, 7], [0, 2, 8], [1, 3, 8], [0, 1, 9], [2, 4, 9]]
      count=32 lines=[[1, 2, 5], [0, 3, 6], [4, 5, 6], [0, 4, 7], [3, 5, 7], [1, 3, 8], [2, 7, 8], [2, 4, 9], [1, 6, 9], [0, 8, 9]]
      count=32 lines=[[3, 4, 5], [1, 4, 6], [2, 3, 7], [0, 6, 7], [0, 2, 8], [1, 5, 8], [3, 6, 8], [0, 1, 9], [2, 5, 9], [4, 7, 9]]
      count=32 lines=[[4, 5, 6], [3, 5, 7], [0, 6, 7], [1, 5, 8], [3, 6, 8], [2, 7, 8], [2, 5, 9], [1, 6, 9], [4, 7, 9], [0, 8, 9]]
   surviving line sets, tier A+B+C (with cited tables): 2
      count=32 lines=[[1, 2, 5], [0, 3, 6], [4, 5, 6], [0, 4, 7], [3, 5, 7], [1, 3, 8], [2, 7, 8], [2, 4, 9], [1, 6, 9], [0, 8, 9]]
      count=32 lines=[[3, 4, 5], [1, 4, 6], [2, 3, 7], [0, 6, 7], [0, 2, 8], [1, 5, 8], [3, 6, 8], [0, 1, 9], [2, 5, 9], [4, 7, 9]]
structure 7: sizes=[6, 4, 4, 4, 4, 4, 4, 4, 4, 4, 4, 4, 4, 4, 4, 4, 4, 4, 4, 4] degrees=[7, 7, 7, 7, 7, 7, 10, 10, 10, 10] D=76
   blocks=[[0, 1, 2, 3, 4, 5], [0, 1, 6, 7], [0, 1, 8, 9], [0, 2, 6, 8], [0, 3, 6, 9], [0, 4, 7, 8], [0, 5, 7, 9], [1, 2, 6, 9], [1, 3, 7, 8], [1, 4, 7, 9], [1, 5, 6, 8], [2, 3, 7, 9], [2, 4, 6, 7], [2, 4, 8, 9], [2, 5, 7, 8], [3, 4, 6, 8], [3, 5, 6, 7], [3, 5, 8, 9], [4, 5, 6, 9], [6, 7, 8, 9]]
   surviving line sets, tier A+B (theorems only): 28
      count=32 lines=[[6, 7, 8, 9], [1, 3, 6], [0, 4, 6], [2, 5, 6], [1, 2, 7], [0, 3, 7], [4, 5, 7], [2, 3, 8], [1, 4, 8], [0, 5, 8], [0, 2, 9], [3, 4, 9]]
      count=31 lines=[[6, 7, 8, 9], [1, 3, 6], [0, 4, 6], [2, 5, 6], [1, 2, 7], [0, 3, 7], [4, 5, 7], [2, 3, 8], [1, 4, 8], [0, 5, 8], [0, 2, 9], [3, 4, 9], [1, 5, 9]]
      count=32 lines=[[6, 7, 8, 9], [1, 3, 6], [0, 4, 6], [2, 5, 6], [1, 2, 7], [0, 3, 7], [4, 5, 7], [2, 3, 8], [1, 4, 8], [0, 5, 8], [0, 2, 9], [1, 5, 9]]
      count=32 lines=[[6, 7, 8, 9], [1, 3, 6], [0, 4, 6], [2, 5, 6], [1, 2, 7], [0, 3, 7], [4, 5, 7], [2, 3, 8], [1, 4, 8], [0, 5, 8], [3, 4, 9], [1, 5, 9]]
      count=32 lines=[[6, 7, 8, 9], [1, 3, 6], [0, 4, 6], [2, 5, 6], [1, 2, 7], [0, 3, 7], [4, 5, 7], [2, 3, 8], [1, 4, 8], [0, 2, 9], [3, 4, 9], [1, 5, 9]]
      count=32 lines=[[6, 7, 8, 9], [1, 3, 6], [0, 4, 6], [2, 5, 6], [1, 2, 7], [0, 3, 7], [4, 5, 7], [2, 3, 8], [0, 5, 8], [0, 2, 9], [3, 4, 9], [1, 5, 9]]
      count=32 lines=[[6, 7, 8, 9], [1, 3, 6], [0, 4, 6], [2, 5, 6], [1, 2, 7], [0, 3, 7], [4, 5, 7], [1, 4, 8], [0, 5, 8], [0, 2, 9], [3, 4, 9], [1, 5, 9]]
      count=32 lines=[[6, 7, 8, 9], [1, 3, 6], [0, 4, 6], [2, 5, 6], [1, 2, 7], [0, 3, 7], [2, 3, 8], [1, 4, 8], [0, 5, 8], [0, 2, 9], [3, 4, 9], [1, 5, 9]]
      count=32 lines=[[6, 7, 8, 9], [1, 3, 6], [0, 4, 6], [2, 5, 6], [1, 2, 7], [4, 5, 7], [2, 3, 8], [1, 4, 8], [0, 5, 8], [0, 2, 9], [3, 4, 9], [1, 5, 9]]
      count=32 lines=[[6, 7, 8, 9], [1, 3, 6], [0, 4, 6], [2, 5, 6], [0, 3, 7], [4, 5, 7], [2, 3, 8], [1, 4, 8], [0, 5, 8], [0, 2, 9], [3, 4, 9], [1, 5, 9]]
      count=32 lines=[[6, 7, 8, 9], [1, 3, 6], [0, 4, 6], [1, 2, 7], [0, 3, 7], [4, 5, 7], [2, 3, 8], [1, 4, 8], [0, 5, 8], [0, 2, 9], [3, 4, 9], [1, 5, 9]]
      count=32 lines=[[6, 7, 8, 9], [1, 3, 6], [2, 5, 6], [1, 2, 7], [0, 3, 7], [4, 5, 7], [2, 3, 8], [1, 4, 8], [0, 5, 8], [0, 2, 9], [3, 4, 9], [1, 5, 9]]
      count=32 lines=[[6, 7, 8, 9], [2, 3, 6], [1, 4, 6], [0, 5, 6], [0, 2, 7], [3, 4, 7], [1, 5, 7], [1, 2, 8], [0, 3, 8], [4, 5, 8], [1, 3, 9], [0, 4, 9]]
      count=31 lines=[[6, 7, 8, 9], [2, 3, 6], [1, 4, 6], [0, 5, 6], [0, 2, 7], [3, 4, 7], [1, 5, 7], [1, 2, 8], [0, 3, 8], [4, 5, 8], [1, 3, 9], [0, 4, 9], [2, 5, 9]]
      count=32 lines=[[6, 7, 8, 9], [2, 3, 6], [1, 4, 6], [0, 5, 6], [0, 2, 7], [3, 4, 7], [1, 5, 7], [1, 2, 8], [0, 3, 8], [4, 5, 8], [1, 3, 9], [2, 5, 9]]
      count=32 lines=[[6, 7, 8, 9], [2, 3, 6], [1, 4, 6], [0, 5, 6], [0, 2, 7], [3, 4, 7], [1, 5, 7], [1, 2, 8], [0, 3, 8], [4, 5, 8], [0, 4, 9], [2, 5, 9]]
      count=32 lines=[[6, 7, 8, 9], [2, 3, 6], [1, 4, 6], [0, 5, 6], [0, 2, 7], [3, 4, 7], [1, 5, 7], [1, 2, 8], [0, 3, 8], [1, 3, 9], [0, 4, 9], [2, 5, 9]]
      count=32 lines=[[6, 7, 8, 9], [2, 3, 6], [1, 4, 6], [0, 5, 6], [0, 2, 7], [3, 4, 7], [1, 5, 7], [1, 2, 8], [4, 5, 8], [1, 3, 9], [0, 4, 9], [2, 5, 9]]
      count=32 lines=[[6, 7, 8, 9], [2, 3, 6], [1, 4, 6], [0, 5, 6], [0, 2, 7], [3, 4, 7], [1, 5, 7], [0, 3, 8], [4, 5, 8], [1, 3, 9], [0, 4, 9], [2, 5, 9]]
      count=32 lines=[[6, 7, 8, 9], [2, 3, 6], [1, 4, 6], [0, 5, 6], [0, 2, 7], [3, 4, 7], [1, 2, 8], [0, 3, 8], [4, 5, 8], [1, 3, 9], [0, 4, 9], [2, 5, 9]]
      count=32 lines=[[6, 7, 8, 9], [2, 3, 6], [1, 4, 6], [0, 5, 6], [0, 2, 7], [1, 5, 7], [1, 2, 8], [0, 3, 8], [4, 5, 8], [1, 3, 9], [0, 4, 9], [2, 5, 9]]
      count=32 lines=[[6, 7, 8, 9], [2, 3, 6], [1, 4, 6], [0, 5, 6], [3, 4, 7], [1, 5, 7], [1, 2, 8], [0, 3, 8], [4, 5, 8], [1, 3, 9], [0, 4, 9], [2, 5, 9]]
      count=32 lines=[[6, 7, 8, 9], [2, 3, 6], [1, 4, 6], [0, 2, 7], [3, 4, 7], [1, 5, 7], [1, 2, 8], [0, 3, 8], [4, 5, 8], [1, 3, 9], [0, 4, 9], [2, 5, 9]]
      count=32 lines=[[6, 7, 8, 9], [2, 3, 6], [0, 5, 6], [0, 2, 7], [3, 4, 7], [1, 5, 7], [1, 2, 8], [0, 3, 8], [4, 5, 8], [1, 3, 9], [0, 4, 9], [2, 5, 9]]
      count=32 lines=[[6, 7, 8, 9], [0, 4, 6], [2, 5, 6], [1, 2, 7], [0, 3, 7], [4, 5, 7], [2, 3, 8], [1, 4, 8], [0, 5, 8], [0, 2, 9], [3, 4, 9], [1, 5, 9]]
      count=32 lines=[[6, 7, 8, 9], [1, 4, 6], [0, 5, 6], [0, 2, 7], [3, 4, 7], [1, 5, 7], [1, 2, 8], [0, 3, 8], [4, 5, 8], [1, 3, 9], [0, 4, 9], [2, 5, 9]]
      count=32 lines=[[1, 3, 6], [0, 4, 6], [2, 5, 6], [1, 2, 7], [0, 3, 7], [4, 5, 7], [2, 3, 8], [1, 4, 8], [0, 5, 8], [0, 2, 9], [3, 4, 9], [1, 5, 9]]
      count=32 lines=[[2, 3, 6], [1, 4, 6], [0, 5, 6], [0, 2, 7], [3, 4, 7], [1, 5, 7], [1, 2, 8], [0, 3, 8], [4, 5, 8], [1, 3, 9], [0, 4, 9], [2, 5, 9]]
   surviving line sets, tier A+B+C (with cited tables): 0
structure 8: sizes=[6, 4, 4, 4, 4, 4, 4, 4, 4, 4, 4, 4, 4, 4, 4, 4, 4, 4, 4, 4] degrees=[7, 7, 7, 7, 7, 7, 10, 10, 10, 10] D=76
   blocks=[[0, 1, 2, 3, 4, 5], [0, 1, 6, 7], [0, 1, 8, 9], [0, 2, 6, 8], [0, 3, 6, 9], [0, 4, 7, 8], [0, 5, 7, 9], [1, 2, 7, 9], [1, 3, 7, 8], [1, 4, 6, 9], [1, 5, 6, 8], [2, 3, 6, 7], [2, 4, 8, 9], [2, 5, 6, 9], [2, 5, 7, 8], [3, 4, 6, 8], [3, 4, 7, 9], [3, 5, 8, 9], [4, 5, 6, 7], [6, 7, 8, 9]]
   surviving line sets, tier A+B (theorems only): 28
      count=32 lines=[[6, 7, 8, 9], [1, 2, 6], [0, 4, 6], [3, 5, 6], [0, 3, 7], [2, 4, 7], [1, 5, 7], [2, 3, 8], [1, 4, 8], [0, 5, 8], [0, 2, 9], [1, 3, 9]]
      count=31 lines=[[6, 7, 8, 9], [1, 2, 6], [0, 4, 6], [3, 5, 6], [0, 3, 7], [2, 4, 7], [1, 5, 7], [2, 3, 8], [1, 4, 8], [0, 5, 8], [0, 2, 9], [1, 3, 9], [4, 5, 9]]
      count=32 lines=[[6, 7, 8, 9], [1, 2, 6], [0, 4, 6], [3, 5, 6], [0, 3, 7], [2, 4, 7], [1, 5, 7], [2, 3, 8], [1, 4, 8], [0, 5, 8], [0, 2, 9], [4, 5, 9]]
      count=32 lines=[[6, 7, 8, 9], [1, 2, 6], [0, 4, 6], [3, 5, 6], [0, 3, 7], [2, 4, 7], [1, 5, 7], [2, 3, 8], [1, 4, 8], [0, 5, 8], [1, 3, 9], [4, 5, 9]]
      count=32 lines=[[6, 7, 8, 9], [1, 2, 6], [0, 4, 6], [3, 5, 6], [0, 3, 7], [2, 4, 7], [1, 5, 7], [2, 3, 8], [1, 4, 8], [0, 2, 9], [1, 3, 9], [4, 5, 9]]
      count=32 lines=[[6, 7, 8, 9], [1, 2, 6], [0, 4, 6], [3, 5, 6], [0, 3, 7], [2, 4, 7], [1, 5, 7], [2, 3, 8], [0, 5, 8], [0, 2, 9], [1, 3, 9], [4, 5, 9]]
      count=32 lines=[[6, 7, 8, 9], [1, 2, 6], [0, 4, 6], [3, 5, 6], [0, 3, 7], [2, 4, 7], [1, 5, 7], [1, 4, 8], [0, 5, 8], [0, 2, 9], [1, 3, 9], [4, 5, 9]]
      count=32 lines=[[6, 7, 8, 9], [1, 2, 6], [0, 4, 6], [3, 5, 6], [0, 3, 7], [2, 4, 7], [2, 3, 8], [1, 4, 8], [0, 5, 8], [0, 2, 9], [1, 3, 9], [4, 5, 9]]
      count=32 lines=[[6, 7, 8, 9], [1, 2, 6], [0, 4, 6], [3, 5, 6], [0, 3, 7], [1, 5, 7], [2, 3, 8], [1, 4, 8], [0, 5, 8], [0, 2, 9], [1, 3, 9], [4, 5, 9]]
      count=32 lines=[[6, 7, 8, 9], [1, 2, 6], [0, 4, 6], [3, 5, 6], [2, 4, 7], [1, 5, 7], [2, 3, 8], [1, 4, 8], [0, 5, 8], [0, 2, 9], [1, 3, 9], [4, 5, 9]]
      count=32 lines=[[6, 7, 8, 9], [1, 2, 6], [0, 4, 6], [0, 3, 7], [2, 4, 7], [1, 5, 7], [2, 3, 8], [1, 4, 8], [0, 5, 8], [0, 2, 9], [1, 3, 9], [4, 5, 9]]
      count=32 lines=[[6, 7, 8, 9], [1, 2, 6], [3, 5, 6], [0, 3, 7], [2, 4, 7], [1, 5, 7], [2, 3, 8], [1, 4, 8], [0, 5, 8], [0, 2, 9], [1, 3, 9], [4, 5, 9]]
      count=32 lines=[[6, 7, 8, 9], [1, 3, 6], [2, 4, 6], [0, 5, 6], [0, 2, 7], [1, 4, 7], [3, 5, 7], [1, 2, 8], [0, 3, 8], [4, 5, 8], [2, 3, 9], [0, 4, 9]]
      count=31 lines=[[6, 7, 8, 9], [1, 3, 6], [2, 4, 6], [0, 5, 6], [0, 2, 7], [1, 4, 7], [3, 5, 7], [1, 2, 8], [0, 3, 8], [4, 5, 8], [2, 3, 9], [0, 4, 9], [1, 5, 9]]
      count=32 lines=[[6, 7, 8, 9], [1, 3, 6], [2, 4, 6], [0, 5, 6], [0, 2, 7], [1, 4, 7], [3, 5, 7], [1, 2, 8], [0, 3, 8], [4, 5, 8], [2, 3, 9], [1, 5, 9]]
      count=32 lines=[[6, 7, 8, 9], [1, 3, 6], [2, 4, 6], [0, 5, 6], [0, 2, 7], [1, 4, 7], [3, 5, 7], [1, 2, 8], [0, 3, 8], [4, 5, 8], [0, 4, 9], [1, 5, 9]]
      count=32 lines=[[6, 7, 8, 9], [1, 3, 6], [2, 4, 6], [0, 5, 6], [0, 2, 7], [1, 4, 7], [3, 5, 7], [1, 2, 8], [0, 3, 8], [2, 3, 9], [0, 4, 9], [1, 5, 9]]
      count=32 lines=[[6, 7, 8, 9], [1, 3, 6], [2, 4, 6], [0, 5, 6], [0, 2, 7], [1, 4, 7], [3, 5, 7], [1, 2, 8], [4, 5, 8], [2, 3, 9], [0, 4, 9], [1, 5, 9]]
      count=32 lines=[[6, 7, 8, 9], [1, 3, 6], [2, 4, 6], [0, 5, 6], [0, 2, 7], [1, 4, 7], [3, 5, 7], [0, 3, 8], [4, 5, 8], [2, 3, 9], [0, 4, 9], [1, 5, 9]]
      count=32 lines=[[6, 7, 8, 9], [1, 3, 6], [2, 4, 6], [0, 5, 6], [0, 2, 7], [1, 4, 7], [1, 2, 8], [0, 3, 8], [4, 5, 8], [2, 3, 9], [0, 4, 9], [1, 5, 9]]
      count=32 lines=[[6, 7, 8, 9], [1, 3, 6], [2, 4, 6], [0, 5, 6], [0, 2, 7], [3, 5, 7], [1, 2, 8], [0, 3, 8], [4, 5, 8], [2, 3, 9], [0, 4, 9], [1, 5, 9]]
      count=32 lines=[[6, 7, 8, 9], [1, 3, 6], [2, 4, 6], [0, 5, 6], [1, 4, 7], [3, 5, 7], [1, 2, 8], [0, 3, 8], [4, 5, 8], [2, 3, 9], [0, 4, 9], [1, 5, 9]]
      count=32 lines=[[6, 7, 8, 9], [1, 3, 6], [2, 4, 6], [0, 2, 7], [1, 4, 7], [3, 5, 7], [1, 2, 8], [0, 3, 8], [4, 5, 8], [2, 3, 9], [0, 4, 9], [1, 5, 9]]
      count=32 lines=[[6, 7, 8, 9], [1, 3, 6], [0, 5, 6], [0, 2, 7], [1, 4, 7], [3, 5, 7], [1, 2, 8], [0, 3, 8], [4, 5, 8], [2, 3, 9], [0, 4, 9], [1, 5, 9]]
      count=32 lines=[[6, 7, 8, 9], [0, 4, 6], [3, 5, 6], [0, 3, 7], [2, 4, 7], [1, 5, 7], [2, 3, 8], [1, 4, 8], [0, 5, 8], [0, 2, 9], [1, 3, 9], [4, 5, 9]]
      count=32 lines=[[6, 7, 8, 9], [2, 4, 6], [0, 5, 6], [0, 2, 7], [1, 4, 7], [3, 5, 7], [1, 2, 8], [0, 3, 8], [4, 5, 8], [2, 3, 9], [0, 4, 9], [1, 5, 9]]
      count=32 lines=[[1, 2, 6], [0, 4, 6], [3, 5, 6], [0, 3, 7], [2, 4, 7], [1, 5, 7], [2, 3, 8], [1, 4, 8], [0, 5, 8], [0, 2, 9], [1, 3, 9], [4, 5, 9]]
      count=32 lines=[[1, 3, 6], [2, 4, 6], [0, 5, 6], [0, 2, 7], [1, 4, 7], [3, 5, 7], [1, 2, 8], [0, 3, 8], [4, 5, 8], [2, 3, 9], [0, 4, 9], [1, 5, 9]]
   surviving line sets, tier A+B+C (with cited tables): 0

real	0m58.317s
user	0m29.627s
sys	0m0.031s
