structure 4: sizes=[5, 5, 4, 4, 4, 4, 4, 4, 4, 4, 4, 4, 4, 4, 4, 4, 4, 4, 4, 4, 4, 4] degrees=[9, 9, 9, 9, 9, 9, 9, 9, 9, 9]: A+B+K survivors [], A+B+K+C survivors []
structure 5: sizes=[5, 5, 4, 4, 4, 4, 4, 4, 4, 4, 4, 4, 4, 4, 4, 4, 4, 4, 4, 4, 4, 4] degrees=[9, 9, 9, 9, 9, 9, 9, 9, 9, 9]: A+B+K survivors [28, 29], A+B+K+C survivors [28, 29]
   line set 28 (count 32): lines=[[1, 2, 5], [0, 3, 6], [4, 5, 6], [0, 4, 7], [3, 5, 7], [1, 4, 8], [2, 6, 8], [2, 3, 9], [1, 7, 9], [0, 8, 9]]
      passes tier C
   line set 29 (count 32): lines=[[3, 4, 5], [2, 4, 6], [1, 3, 7], [0, 6, 7], [0, 2, 8], [1, 5, 8], [4, 7, 8], [0, 1, 9], [2, 5, 9], [3, 6, 9]]
      passes tier C
structure 6: sizes=[5, 5, 4, 4, 4, 4, 4, 4, 4, 4, 4, 4, 4, 4, 4, 4, 4, 4, 4, 4, 4, 4] degrees=[9, 9, 9, 9, 9, 9, 9, 9, 9, 9]: A+B+K survivors [23, 24], A+B+K+C survivors [23, 24]
   line set 23 (count 32): lines=[[1, 2, 5], [0, 3, 6], [4, 5, 6], [0, 4, 7], [3, 5, 7], [1, 3, 8], [2, 7, 8], [2, 4, 9], [1, 6, 9], [0, 8, 9]]
      passes tier C
   line set 24 (count 32): lines=[[3, 4, 5], [1, 4, 6], [2, 3, 7], [0, 6, 7], [0, 2, 8], [1, 5, 8], [3, 6, 8], [0, 1, 9], [2, 5, 9], [4, 7, 9]]
      passes tier C
structure 7: sizes=[6, 4, 4, 4, 4, 4, 4, 4, 4, 4, 4, 4, 4, 4, 4, 4, 4, 4, 4, 4] degrees=[7, 7, 7, 7, 7, 7, 10, 10, 10, 10]: A+B+K survivors [26, 27], A+B+K+C survivors []
   line set 26 (count 32): lines=[[1, 3, 6], [0, 4, 6], [2, 5, 6], [1, 2, 7], [0, 3, 7], [4, 5, 7], [2, 3, 8], [1, 4, 8], [0, 5, 8], [0, 2, 9], [3, 4, 9], [1, 5, 9]]
      tier C violation at point 6 (1 violations), e.g. subset [0, 1, 2, 3, 4, 5, 6, 7, 8, 9] has 13 three-point lines > t3(10)=12
      tier C violation at point 7 (1 violations), e.g. subset [0, 1, 2, 3, 4, 5, 6, 7, 8, 9] has 13 three-point lines > t3(10)=12
      tier C violation at point 8 (1 violations), e.g. subset [0, 1, 2, 3, 4, 5, 6, 7, 8, 9] has 13 three-point lines > t3(10)=12
      tier C violation at point 9 (1 violations), e.g. subset [0, 1, 2, 3, 4, 5, 6, 7, 8, 9] has 13 three-point lines > t3(10)=12
   line set 27 (count 32): lines=[[2, 3, 6], [1, 4, 6], [0, 5, 6], [0, 2, 7], [3, 4, 7], [1, 5, 7], [1, 2, 8], [0, 3, 8], [4, 5, 8], [1, 3, 9], [0, 4, 9], [2, 5, 9]]
      tier C violation at point 6 (1 violations), e.g. subset [0, 1, 2, 3, 4, 5, 6, 7, 8, 9] has 13 three-point lines > t3(10)=12
      tier C violation at point 7 (1 violations), e.g. subset [0, 1, 2, 3, 4, 5, 6, 7, 8, 9] has 13 three-point lines > t3(10)=12
      tier C violation at point 8 (1 violations), e.g. subset [0, 1, 2, 3, 4, 5, 6, 7, 8, 9] has 13 three-point lines > t3(10)=12
      tier C violation at point 9 (1 violations), e.g. subset [0, 1, 2, 3, 4, 5, 6, 7, 8, 9] has 13 three-point lines > t3(10)=12
structure 8: sizes=[6, 4, 4, 4, 4, 4, 4, 4, 4, 4, 4, 4, 4, 4, 4, 4, 4, 4, 4, 4] degrees=[7, 7, 7, 7, 7, 7, 10, 10, 10, 10]: A+B+K survivors [26, 27], A+B+K+C survivors []
   line set 26 (count 32): lines=[[1, 2, 6], [0, 4, 6], [3, 5, 6], [0, 3, 7], [2, 4, 7], [1, 5, 7], [2, 3, 8], [1, 4, 8], [0, 5, 8], [0, 2, 9], [1, 3, 9], [4, 5, 9]]
      tier C violation at point 6 (1 violations), e.g. subset [0, 1, 2, 3, 4, 5, 6, 7, 8, 9] has 13 three-point lines > t3(10)=12
      tier C violation at point 7 (1 violations), e.g. subset [0, 1, 2, 3, 4, 5, 6, 7, 8, 9] has 13 three-point lines > t3(10)=12
      tier C violation at point 8 (1 violations), e.g. subset [0, 1, 2, 3, 4, 5, 6, 7, 8, 9] has 13 three-point lines > t3(10)=12
      tier C violation at point 9 (1 violations), e.g. subset [0, 1, 2, 3, 4, 5, 6, 7, 8, 9] has 13 three-point lines > t3(10)=12
   line set 27 (count 32): lines=[[1, 3, 6], [2, 4, 6], [0, 5, 6], [0, 2, 7], [1, 4, 7], [3, 5, 7], [1, 2, 8], [0, 3, 8], [4, 5, 8], [2, 3, 9], [0, 4, 9], [1, 5, 9]]
      tier C violation at point 6 (1 violations), e.g. subset [0, 1, 2, 3, 4, 5, 6, 7, 8, 9] has 13 three-point lines > t3(10)=12
      tier C violation at point 7 (1 violations), e.g. subset [0, 1, 2, 3, 4, 5, 6, 7, 8, 9] has 13 three-point lines > t3(10)=12
      tier C violation at point 8 (1 violations), e.g. subset [0, 1, 2, 3, 4, 5, 6, 7, 8, 9] has 13 three-point lines > t3(10)=12
      tier C violation at point 9 (1 violations), e.g. subset [0, 1, 2, 3, 4, 5, 6, 7, 8, 9] has 13 three-point lines > t3(10)=12
