geometric types: [0.0, 36.0]
type offset 0.0: all 42 blocks verified concyclic for symbolic rho (exact)
  type 0.0 lineset 0 |L|=10: triple ((0, 1, 2, 3, 4), (4, 5, 6), (3, 5, 7)) deg(Delta)=6; gcd = rho**12 - 4*rho**10 + 6*rho**8 - 4*rho**6 + rho**4 -> trivial factors {'rho': 4, 'rho2m1': 4}, reduced gcd degree 0; Delta positive real roots [('(1, 1)', '8')] => NEEDS ANALYSIS (Delta root)  [31.0s]
  type 0.0 lineset 1 |L|=11: triple ((0, 1, 2, 3, 4), (4, 5, 6), (3, 5, 7)) deg(Delta)=6; gcd = rho**12 - 4*rho**10 + 6*rho**8 - 4*rho**6 + rho**4 -> trivial factors {'rho': 4, 'rho2m1': 4}, reduced gcd degree 0; Delta positive real roots [('(1, 1)', '8')] => NEEDS ANALYSIS (Delta root)  [38.1s]
  type 0.0 lineset 2 |L|=10: triple ((0, 1, 2, 3, 4), (4, 5, 6), (3, 5, 7)) deg(Delta)=6; gcd = rho**12 - 4*rho**10 + 6*rho**8 - 4*rho**6 + rho**4 -> trivial factors {'rho': 4, 'rho2m1': 4}, reduced gcd degree 0; Delta positive real roots [('(1, 1)', '8')] => NEEDS ANALYSIS (Delta root)  [37.0s]
  type 0.0 lineset 3 |L|=10: triple ((0, 1, 2, 3, 4), (4, 5, 6), (3, 5, 7)) deg(Delta)=6; gcd = rho**12 - 4*rho**10 + 6*rho**8 - 4*rho**6 + rho**4 -> trivial factors {'rho': 4, 'rho2m1': 4}, reduced gcd degree 0; Delta positive real roots [('(1, 1)', '8')] => NEEDS ANALYSIS (Delta root)  [35.0s]
  type 0.0 lineset 4 |L|=10: triple ((0, 1, 2, 3, 4), (4, 5, 6), (3, 5, 7)) deg(Delta)=6; gcd = rho**12 - 4*rho**10 + 6*rho**8 - 4*rho**6 + rho**4 -> trivial factors {'rho': 4, 'rho2m1': 4}, reduced gcd degree 0; Delta positive real roots [('(1, 1)', '8')] => NEEDS ANALYSIS (Delta root)  [33.5s]
  type 0.0 lineset 5 |L|=10: triple ((0, 1, 2, 3, 4), (4, 5, 6), (3, 5, 7)) deg(Delta)=6; gcd = rho**12 - 4*rho**10 + 6*rho**8 - 4*rho**6 + rho**4 -> trivial factors {'rho': 4, 'rho2m1': 4}, reduced gcd degree 0; Delta positive real roots [('(1, 1)', '8')] => NEEDS ANALYSIS (Delta root)  [33.5s]
  type 0.0 lineset 6 |L|=10: triple ((0, 1, 2, 3, 4), (4, 5, 6), (3, 5, 7)) deg(Delta)=6; gcd = rho**12 - 4*rho**10 + 6*rho**8 - 4*rho**6 + rho**4 -> trivial factors {'rho': 4, 'rho2m1': 4}, reduced gcd degree 0; Delta positive real roots [('(1, 1)', '8')] => NEEDS ANALYSIS (Delta root)  [37.1s]
  type 0.0 lineset 7 |L|=10: triple ((0, 1, 2, 3, 4), (4, 5, 6), (3, 5, 7)) deg(Delta)=6; gcd = rho**12 - 4*rho**10 + 6*rho**8 - 4*rho**6 + rho**4 -> trivial factors {'rho': 4, 'rho2m1': 4}, reduced gcd degree 0; Delta positive real roots [('(1, 1)', '8')] => NEEDS ANALYSIS (Delta root)  [36.8s]
  type 0.0 lineset 8 |L|=10: triple ((0, 1, 2, 3, 4), (4, 5, 6), (3, 5, 7)) deg(Delta)=6; gcd = rho**12 - 4*rho**10 + 6*rho**8 - 4*rho**6 + rho**4 -> trivial factors {'rho': 4, 'rho2m1': 4}, reduced gcd degree 0; Delta positive real roots [('(1, 1)', '8')] => NEEDS ANALYSIS (Delta root)  [32.7s]
  type 0.0 lineset 9 |L|=10: triple ((0, 1, 2, 3, 4), (4, 5, 6), (0, 6, 7)) deg(Delta)=6; gcd = rho**12 - 4*rho**10 + 6*rho**8 - 4*rho**6 + rho**4 -> trivial factors {'rho': 4, 'rho2m1': 4}, reduced gcd degree 0; Delta positive real roots [('(1, 1)', '8')] => NEEDS ANALYSIS (Delta root)  [24.5s]
  type 0.0 lineset 10 |L|=10: triple ((0, 1, 2, 3, 4), (3, 5, 7), (0, 6, 7)) deg(Delta)=6; gcd = rho**12 - 4*rho**10 + 6*rho**8 - 4*rho**6 + rho**4 -> trivial factors {'rho': 4, 'rho2m1': 4}, reduced gcd degree 0; Delta positive real roots [('(1, 1)', '8')] => NEEDS ANALYSIS (Delta root)  [24.9s]
  type 0.0 lineset 11 |L|=10: triple ((5, 6, 7, 8, 9), (1, 2, 5), (0, 3, 6)) deg(Delta)=8; gcd = rho**17 - 4*rho**15 + 6*rho**13 - 4*rho**11 + rho**9 -> trivial factors {'rho': 9, 'rho2m1': 4}, reduced gcd degree 0; Delta positive real roots [('(1, 1)', '8')] => NEEDS ANALYSIS (Delta root)  [32.3s]
  type 0.0 lineset 12 |L|=11: triple ((5, 6, 7, 8, 9), (1, 2, 5), (0, 3, 6)) deg(Delta)=8; gcd = rho**17 - 4*rho**15 + 6*rho**13 - 4*rho**11 + rho**9 -> trivial factors {'rho': 9, 'rho2m1': 4}, reduced gcd degree 0; Delta positive real roots [('(1, 1)', '8')] => NEEDS ANALYSIS (Delta root)  [31.4s]
  type 0.0 lineset 13 |L|=10: triple ((5, 6, 7, 8, 9), (1, 2, 5), (0, 3, 6)) deg(Delta)=8; gcd = rho**17 - 4*rho**15 + 6*rho**13 - 4*rho**11 + rho**9 -> trivial factors {'rho': 9, 'rho2m1': 4}, reduced gcd degree 0; Delta positive real roots [('(1, 1)', '8')] => NEEDS ANALYSIS (Delta root)  [28.0s]
  type 0.0 lineset 14 |L|=10: triple ((5, 6, 7, 8, 9), (1, 2, 5), (0, 3, 6)) deg(Delta)=8; gcd = rho**17 - 4*rho**15 + 6*rho**13 - 4*rho**11 + rho**9 -> trivial factors {'rho': 9, 'rho2m1': 4}, reduced gcd degree 0; Delta positive real roots [('(1, 1)', '8')] => NEEDS ANALYSIS (Delta root)  [25.2s]
  type 0.0 lineset 15 |L|=10: triple ((5, 6, 7, 8, 9), (1, 2, 5), (0, 3, 6)) deg(Delta)=8; gcd = rho**17 - 4*rho**15 + 6*rho**13 - 4*rho**11 + rho**9 -> trivial factors {'rho': 9, 'rho2m1': 4}, reduced gcd degree 0; Delta positive real roots [('(1, 1)', '8')] => NEEDS ANALYSIS (Delta root)  [26.3s]
  type 0.0 lineset 16 |L|=10: triple ((5, 6, 7, 8, 9), (1, 2, 5), (0, 3, 6)) deg(Delta)=8; gcd = rho**17 - 4*rho**15 + 6*rho**13 - 4*rho**11 + rho**9 -> trivial factors {'rho': 9, 'rho2m1': 4}, reduced gcd degree 0; Delta positive real roots [('(1, 1)', '8')] => NEEDS ANALYSIS (Delta root)  [25.2s]
  type 0.0 lineset 17 |L|=10: triple ((5, 6, 7, 8, 9), (1, 2, 5), (0, 3, 6)) deg(Delta)=8; gcd = rho**17 - 4*rho**15 + 6*rho**13 - 4*rho**11 + rho**9 -> trivial factors {'rho': 9, 'rho2m1': 4}, reduced gcd degree 0; Delta positive real roots [('(1, 1)', '8')] => NEEDS ANALYSIS (Delta root)  [27.4s]
  type 0.0 lineset 18 |L|=10: triple ((5, 6, 7, 8, 9), (1, 2, 5), (0, 3, 6)) deg(Delta)=8; gcd = rho**17 - 4*rho**15 + 6*rho**13 - 4*rho**11 + rho**9 -> trivial factors {'rho': 9, 'rho2m1': 4}, reduced gcd degree 0; Delta positive real roots [('(1, 1)', '8')] => NEEDS ANALYSIS (Delta root)  [23.9s]
  type 0.0 lineset 19 |L|=10: triple ((5, 6, 7, 8, 9), (1, 2, 5), (2, 4, 6)) deg(Delta)=8; gcd = rho**17 - 4*rho**15 + 6*rho**13 - 4*rho**11 + rho**9 -> trivial factors {'rho': 9, 'rho2m1': 4}, reduced gcd degree 0; Delta positive real roots [('(1, 1)', '8')] => NEEDS ANALYSIS (Delta root)  [24.1s]
  type 0.0 lineset 20 |L|=10: triple ((5, 6, 7, 8, 9), (1, 2, 5), (0, 3, 6)) deg(Delta)=8; gcd = rho**17 - 4*rho**15 + 6*rho**13 - 4*rho**11 + rho**9 -> trivial factors {'rho': 9, 'rho2m1': 4}, reduced gcd degree 0; Delta positive real roots [('(1, 1)', '8')] => NEEDS ANALYSIS (Delta root)  [25.3s]
  type 0.0 lineset 21 |L|=10: triple ((5, 6, 7, 8, 9), (3, 4, 5), (0, 3, 6)) deg(Delta)=8; gcd = rho**17 - 4*rho**15 + 6*rho**13 - 4*rho**11 + rho**9 -> trivial factors {'rho': 9, 'rho2m1': 4}, reduced gcd degree 0; Delta positive real roots [('(1, 1)', '8')] => NEEDS ANALYSIS (Delta root)  [30.1s]
  type 0.0 lineset 22 |L|=10: triple ((0, 1, 5, 6), (2, 3, 7, 8), (3, 4, 5)) deg(Delta)=6; gcd = rho**11 - 2*rho**10 - 3*rho**9 + 8*rho**8 + 2*rho**7 - 12*rho**6 + 2*rho**5 + 8*rho**4 - 3*rho**3 - 2*rho**2 + rho -> trivial factors {'rho': 1, 'rho2m1': 4}, reduced gcd degree 2; Delta positive real roots [('(1, 1)', '16')]; reduced-gcd positive real roots: [('(1, 1)', '8')] => NEEDS ANALYSIS  [43.3s]
  type 0.0 lineset 23 |L|=10: triple ((0, 2, 5, 7), (1, 4, 6, 9), (3, 4, 5)) deg(Delta)=6; gcd = rho**11 - 2*rho**10 - 3*rho**9 + 8*rho**8 + 2*rho**7 - 12*rho**6 + 2*rho**5 + 8*rho**4 - 3*rho**3 - 2*rho**2 + rho -> trivial factors {'rho': 1, 'rho2m1': 4}, reduced gcd degree 2; Delta positive real roots [('(1, 1)', '16')]; reduced-gcd positive real roots: [('(1, 1)', '8')] => NEEDS ANALYSIS  [44.1s]
  type 0.0 lineset 24 |L|=10: triple ((0, 3, 5, 8), (2, 4, 7, 9), (1, 2, 5)) deg(Delta)=6; gcd = rho**11 - 2*rho**10 - 3*rho**9 + 8*rho**8 + 2*rho**7 - 12*rho**6 + 2*rho**5 + 8*rho**4 - 3*rho**3 - 2*rho**2 + rho -> trivial factors {'rho': 1, 'rho2m1': 4}, reduced gcd degree 2; Delta positive real roots [('(1, 1)', '16')]; reduced-gcd positive real roots: [('(1, 1)', '8')] => NEEDS ANALYSIS  [46.4s]
  type 0.0 lineset 25 |L|=10: triple ((0, 4, 5, 9), (1, 3, 6, 8), (1, 2, 5)) deg(Delta)=6; gcd = rho**11 - 2*rho**10 - 3*rho**9 + 8*rho**8 + 2*rho**7 - 12*rho**6 + 2*rho**5 + 8*rho**4 - 3*rho**3 - 2*rho**2 + rho -> trivial factors {'rho': 1, 'rho2m1': 4}, reduced gcd degree 2; Delta positive real roots [('(1, 1)', '16')]; reduced-gcd positive real roots: [('(1, 1)', '8')] => NEEDS ANALYSIS  [48.1s]
  type 0.0 lineset 26 |L|=10: triple ((1, 2, 6, 7), (3, 4, 8, 9), (0, 3, 6)) deg(Delta)=6; gcd = rho**11 - 2*rho**10 - 3*rho**9 + 8*rho**8 + 2*rho**7 - 12*rho**6 + 2*rho**5 + 8*rho**4 - 3*rho**3 - 2*rho**2 + rho -> trivial factors {'rho': 1, 'rho2m1': 4}, reduced gcd degree 2; Delta positive real roots [('(1, 1)', '16')]; reduced-gcd positive real roots: [('(1, 1)', '8')] => NEEDS ANALYSIS  [46.5s]
Traceback (most recent call last):
  File "/home/user/Solving-hard-math-problems-/experiments/506/n10-enum/indep/c2_exact.py", line 160, in <module>
    rr = real_pos_roots(NG)
         ^^^^^^^^^^^^^^^^^^
  File "/home/user/Solving-hard-math-problems-/experiments/506/n10-enum/indep/c2_exact.py", line 84, in real_pos_roots
    P = sp.Poly(sp.expand(poly_expr), rho, domain='QQ')
        ^^^^^^^^^^^^^^^^^^^^^^^^^^^^^^^^^^^^^^^^^^^^^^^
  File "/usr/local/lib/python3.11/dist-packages/sympy/polys/polytools.py", line 190, in __new__
    return cls._from_expr(rep, opt)
           ^^^^^^^^^^^^^^^^^^^^^^^^
  File "/usr/local/lib/python3.11/dist-packages/sympy/polys/polytools.py", line 320, in _from_expr
    return cls._from_dict(rep, opt)
           ^^^^^^^^^^^^^^^^^^^^^^^^
  File "/usr/local/lib/python3.11/dist-packages/sympy/polys/polytools.py", line 267, in _from_dict
    rep[monom] = domain.convert(coeff)
                 ^^^^^^^^^^^^^^^^^^^^^
  File "/usr/local/lib/python3.11/dist-packages/sympy/polys/domains/domain.py", line 456, in convert
    return self.from_sympy(element)
           ^^^^^^^^^^^^^^^^^^^^^^^^
  File "/usr/local/lib/python3.11/dist-packages/sympy/polys/domains/rationalfield.py", line 76, in from_sympy
    raise CoercionFailed("expected `Rational` object, got %s" % a)
sympy.polys.polyerrors.CoercionFailed: expected `Rational` object, got 47/512 - 21*sqrt(5)/512

real	15m43.457s
user	5m41.715s
sys	0m0.135s
