root-finder self-test passed
  type 0.0 lineset 0: blocks that are circles for all rho>0 (rho != 1): [(0, 1, 2, 3, 4), (4, 5, 6), (3, 5, 7), (2, 6, 8), (1, 7, 9)]
  type 0.0 lineset 0 triple ((0, 1, 2, 3, 4), (4, 5, 6), (3, 5, 7)): Delta true roots []; reduced gcd 1 true roots []; H degree now 6
type 0.0 lineset 0 |L|=10: H = rho**6*(-25*sqrt(5)*sqrt(5/8 - sqrt(5)/8)/8 + 25*sqrt(5/8 - sqrt(5)/8)/8) + rho**4*(-25*sqrt(5/8 - sqrt(5)/8)/4 + 25*sqrt(5)*sqrt(5/8 - sqrt(5)/8)/4) + rho**2*(-25*sqrt(5)*sqrt(5/8 - sqrt(5)/8)/8 + 25*sqrt(5/8 - sqrt(5)/8)/8) ; positive real roots != 1 (true embedding): [] => EXCLUDED  [26s]
  type 0.0 lineset 1: blocks that are circles for all rho>0 (rho != 1): [(0, 1, 2, 3, 4), (4, 5, 6), (3, 5, 7), (2, 6, 8), (1, 7, 9), (0, 8, 9)]
  type 0.0 lineset 1 triple ((0, 1, 2, 3, 4), (4, 5, 6), (3, 5, 7)): Delta true roots []; reduced gcd 1 true roots []; H degree now 6
type 0.0 lineset 1 |L|=11: H = rho**6*(-25*sqrt(5)*sqrt(5/8 - sqrt(5)/8)/8 + 25*sqrt(5/8 - sqrt(5)/8)/8) + rho**4*(-25*sqrt(5/8 - sqrt(5)/8)/4 + 25*sqrt(5)*sqrt(5/8 - sqrt(5)/8)/4) + rho**2*(-25*sqrt(5)*sqrt(5/8 - sqrt(5)/8)/8 + 25*sqrt(5/8 - sqrt(5)/8)/8) ; positive real roots != 1 (true embedding): [] => EXCLUDED  [29s]
  type 0.0 lineset 2: blocks that are circles for all rho>0 (rho != 1): [(0, 1, 2, 3, 4), (4, 5, 6), (3, 5, 7), (2, 6, 8), (0, 8, 9)]
  type 0.0 lineset 2 triple ((0, 1, 2, 3, 4), (4, 5, 6), (3, 5, 7)): Delta true roots []; reduced gcd 1 true roots []; H degree now 6
type 0.0 lineset 2 |L|=10: H = rho**6*(-25*sqrt(5)*sqrt(5/8 - sqrt(5)/8)/8 + 25*sqrt(5/8 - sqrt(5)/8)/8) + rho**4*(-25*sqrt(5/8 - sqrt(5)/8)/4 + 25*sqrt(5)*sqrt(5/8 - sqrt(5)/8)/4) + rho**2*(-25*sqrt(5)*sqrt(5/8 - sqrt(5)/8)/8 + 25*sqrt(5/8 - sqrt(5)/8)/8) ; positive real roots != 1 (true embedding): [] => EXCLUDED  [26s]
  type 0.0 lineset 3: blocks that are circles for all rho>0 (rho != 1): [(0, 1, 2, 3, 4), (4, 5, 6), (3, 5, 7), (2, 6, 8), (1, 7, 9), (0, 8, 9)]
  type 0.0 lineset 3 triple ((0, 1, 2, 3, 4), (4, 5, 6), (3, 5, 7)): Delta true roots []; reduced gcd 1 true roots []; H degree now 6
type 0.0 lineset 3 |L|=10: H = rho**6*(-25*sqrt(5)*sqrt(5/8 - sqrt(5)/8)/8 + 25*sqrt(5/8 - sqrt(5)/8)/8) + rho**4*(-25*sqrt(5/8 - sqrt(5)/8)/4 + 25*sqrt(5)*sqrt(5/8 - sqrt(5)/8)/4) + rho**2*(-25*sqrt(5)*sqrt(5/8 - sqrt(5)/8)/8 + 25*sqrt(5/8 - sqrt(5)/8)/8) ; positive real roots != 1 (true embedding): [] => EXCLUDED  [29s]
  type 0.0 lineset 4: blocks that are circles for all rho>0 (rho != 1): [(0, 1, 2, 3, 4), (4, 5, 6), (3, 5, 7), (2, 6, 8), (1, 7, 9), (0, 8, 9)]
  type 0.0 lineset 4 triple ((0, 1, 2, 3, 4), (4, 5, 6), (3, 5, 7)): Delta true roots []; reduced gcd 1 true roots []; H degree now 6
type 0.0 lineset 4 |L|=10: H = rho**6*(-25*sqrt(5)*sqrt(5/8 - sqrt(5)/8)/8 + 25*sqrt(5/8 - sqrt(5)/8)/8) + rho**4*(-25*sqrt(5/8 - sqrt(5)/8)/4 + 25*sqrt(5)*sqrt(5/8 - sqrt(5)/8)/4) + rho**2*(-25*sqrt(5)*sqrt(5/8 - sqrt(5)/8)/8 + 25*sqrt(5/8 - sqrt(5)/8)/8) ; positive real roots != 1 (true embedding): [] => EXCLUDED  [28s]
  type 0.0 lineset 5: blocks that are circles for all rho>0 (rho != 1): [(0, 1, 2, 3, 4), (4, 5, 6), (3, 5, 7), (2, 6, 8), (1, 7, 9), (0, 8, 9)]
  type 0.0 lineset 5 triple ((0, 1, 2, 3, 4), (4, 5, 6), (3, 5, 7)): Delta true roots []; reduced gcd 1 true roots []; H degree now 6
type 0.0 lineset 5 |L|=10: H = rho**6*(-25*sqrt(5)*sqrt(5/8 - sqrt(5)/8)/8 + 25*sqrt(5/8 - sqrt(5)/8)/8) + rho**4*(-25*sqrt(5/8 - sqrt(5)/8)/4 + 25*sqrt(5)*sqrt(5/8 - sqrt(5)/8)/4) + rho**2*(-25*sqrt(5)*sqrt(5/8 - sqrt(5)/8)/8 + 25*sqrt(5/8 - sqrt(5)/8)/8) ; positive real roots != 1 (true embedding): [] => EXCLUDED  [26s]
  type 0.0 lineset 6: blocks that are circles for all rho>0 (rho != 1): [(0, 1, 2, 3, 4), (4, 5, 6), (3, 5, 7), (1, 7, 9), (0, 8, 9)]
  type 0.0 lineset 6 triple ((0, 1, 2, 3, 4), (4, 5, 6), (3, 5, 7)): Delta true roots []; reduced gcd 1 true roots []; H degree now 6
type 0.0 lineset 6 |L|=10: H = rho**6*(-25*sqrt(5)*sqrt(5/8 - sqrt(5)/8)/8 + 25*sqrt(5/8 - sqrt(5)/8)/8) + rho**4*(-25*sqrt(5/8 - sqrt(5)/8)/4 + 25*sqrt(5)*sqrt(5/8 - sqrt(5)/8)/4) + rho**2*(-25*sqrt(5)*sqrt(5/8 - sqrt(5)/8)/8 + 25*sqrt(5/8 - sqrt(5)/8)/8) ; positive real roots != 1 (true embedding): [] => EXCLUDED  [25s]
  type 0.0 lineset 7: blocks that are circles for all rho>0 (rho != 1): [(0, 1, 2, 3, 4), (4, 5, 6), (3, 5, 7), (2, 6, 8), (1, 7, 9), (0, 8, 9)]
  type 0.0 lineset 7 triple ((0, 1, 2, 3, 4), (4, 5, 6), (3, 5, 7)): Delta true roots []; reduced gcd 1 true roots []; H degree now 6
type 0.0 lineset 7 |L|=10: H = rho**6*(-25*sqrt(5)*sqrt(5/8 - sqrt(5)/8)/8 + 25*sqrt(5/8 - sqrt(5)/8)/8) + rho**4*(-25*sqrt(5/8 - sqrt(5)/8)/4 + 25*sqrt(5)*sqrt(5/8 - sqrt(5)/8)/4) + rho**2*(-25*sqrt(5)*sqrt(5/8 - sqrt(5)/8)/8 + 25*sqrt(5/8 - sqrt(5)/8)/8) ; positive real roots != 1 (true embedding): [] => EXCLUDED  [25s]
  type 0.0 lineset 8: blocks that are circles for all rho>0 (rho != 1): [(0, 1, 2, 3, 4), (4, 5, 6), (3, 5, 7), (2, 6, 8), (1, 7, 9), (0, 8, 9)]
  type 0.0 lineset 8 triple ((0, 1, 2, 3, 4), (4, 5, 6), (3, 5, 7)): Delta true roots []; reduced gcd 1 true roots []; H degree now 6
type 0.0 lineset 8 |L|=10: H = rho**6*(-25*sqrt(5)*sqrt(5/8 - sqrt(5)/8)/8 + 25*sqrt(5/8 - sqrt(5)/8)/8) + rho**4*(-25*sqrt(5/8 - sqrt(5)/8)/4 + 25*sqrt(5)*sqrt(5/8 - sqrt(5)/8)/4) + rho**2*(-25*sqrt(5)*sqrt(5/8 - sqrt(5)/8)/8 + 25*sqrt(5/8 - sqrt(5)/8)/8) ; positive real roots != 1 (true embedding): [] => EXCLUDED  [25s]
  type 0.0 lineset 9: blocks that are circles for all rho>0 (rho != 1): [(0, 1, 2, 3, 4), (4, 5, 6), (2, 6, 8), (1, 7, 9), (0, 8, 9)]
  type 0.0 lineset 9 triple ((0, 1, 2, 3, 4), (4, 5, 6), (2, 6, 8)): Delta true roots []; reduced gcd 1 true roots []; H degree now 6
type 0.0 lineset 9 |L|=10: H = rho**6*(-25*sqrt(5)*sqrt(5/8 - sqrt(5)/8)/8 + 25*sqrt(5/8 - sqrt(5)/8)/8) + rho**4*(-25*sqrt(5/8 - sqrt(5)/8)/4 + 25*sqrt(5)*sqrt(5/8 - sqrt(5)/8)/4) + rho**2*(-25*sqrt(5)*sqrt(5/8 - sqrt(5)/8)/8 + 25*sqrt(5/8 - sqrt(5)/8)/8) ; positive real roots != 1 (true embedding): [] => EXCLUDED  [24s]
  type 0.0 lineset 10: blocks that are circles for all rho>0 (rho != 1): [(0, 1, 2, 3, 4), (3, 5, 7), (2, 6, 8), (1, 7, 9), (0, 8, 9)]
  type 0.0 lineset 10 triple ((0, 1, 2, 3, 4), (3, 5, 7), (2, 6, 8)): Delta true roots []; reduced gcd 1 true roots []; H degree now 6
type 0.0 lineset 10 |L|=10: H = rho**6*(-25*sqrt(5)*sqrt(5/8 - sqrt(5)/8)/8 + 75*sqrt(5/8 - sqrt(5)/8)/8) + rho**4*(-75*sqrt(5/8 - sqrt(5)/8)/4 + 25*sqrt(5)*sqrt(5/8 - sqrt(5)/8)/4) + rho**2*(-25*sqrt(5)*sqrt(5/8 - sqrt(5)/8)/8 + 75*sqrt(5/8 - sqrt(5)/8)/8) ; positive real roots != 1 (true embedding): [] => EXCLUDED  [24s]
  type 0.0 lineset 11: blocks that are circles for all rho>0 (rho != 1): [(5, 6, 7, 8, 9), (3, 4, 5), (2, 4, 6), (1, 3, 7), (0, 2, 8), (0, 1, 9)]
  type 0.0 lineset 11 triple ((5, 6, 7, 8, 9), (3, 4, 5), (2, 4, 6)): Delta true roots []; reduced gcd 1 true roots []; H degree now 8
type 0.0 lineset 11 |L|=10: H = rho**8*(-25*sqrt(5/8 - sqrt(5)/8)/8 + 25*sqrt(5)*sqrt(5/8 - sqrt(5)/8)/8) + rho**6*(-25*sqrt(5)*sqrt(5/8 - sqrt(5)/8)/4 + 25*sqrt(5/8 - sqrt(5)/8)/4) + rho**4*(-25*sqrt(5/8 - sqrt(5)/8)/8 + 25*sqrt(5)*sqrt(5/8 - sqrt(5)/8)/8) ; positive real roots != 1 (true embedding): [] => EXCLUDED  [26s]
  type 0.0 lineset 12: blocks that are circles for all rho>0 (rho != 1): [(5, 6, 7, 8, 9), (3, 4, 5), (2, 4, 6), (1, 3, 7), (0, 2, 8), (0, 1, 9)]
  type 0.0 lineset 12 triple ((5, 6, 7, 8, 9), (3, 4, 5), (2, 4, 6)): Delta true roots []; reduced gcd 1 true roots []; H degree now 8
type 0.0 lineset 12 |L|=11: H = rho**8*(-25*sqrt(5/8 - sqrt(5)/8)/8 + 25*sqrt(5)*sqrt(5/8 - sqrt(5)/8)/8) + rho**6*(-25*sqrt(5)*sqrt(5/8 - sqrt(5)/8)/4 + 25*sqrt(5/8 - sqrt(5)/8)/4) + rho**4*(-25*sqrt(5/8 - sqrt(5)/8)/8 + 25*sqrt(5)*sqrt(5/8 - sqrt(5)/8)/8) ; positive real roots != 1 (true embedding): [] => EXCLUDED  [29s]
  type 0.0 lineset 13: blocks that are circles for all rho>0 (rho != 1): [(5, 6, 7, 8, 9), (3, 4, 5), (2, 4, 6), (1, 3, 7), (0, 2, 8)]
  type 0.0 lineset 13 triple ((5, 6, 7, 8, 9), (3, 4, 5), (2, 4, 6)): Delta true roots []; reduced gcd 1 true roots []; H degree now 8
type 0.0 lineset 13 |L|=10: H = rho**8*(-25*sqrt(5/8 - sqrt(5)/8)/8 + 25*sqrt(5)*sqrt(5/8 - sqrt(5)/8)/8) + rho**6*(-25*sqrt(5)*sqrt(5/8 - sqrt(5)/8)/4 + 25*sqrt(5/8 - sqrt(5)/8)/4) + rho**4*(-25*sqrt(5/8 - sqrt(5)/8)/8 + 25*sqrt(5)*sqrt(5/8 - sqrt(5)/8)/8) ; positive real roots != 1 (true embedding): [] => EXCLUDED  [26s]
  type 0.0 lineset 14: blocks that are circles for all rho>0 (rho != 1): [(5, 6, 7, 8, 9), (3, 4, 5), (2, 4, 6), (1, 3, 7), (0, 2, 8), (0, 1, 9)]
  type 0.0 lineset 14 triple ((5, 6, 7, 8, 9), (3, 4, 5), (2, 4, 6)): Delta true roots []; reduced gcd 1 true roots []; H degree now 8
type 0.0 lineset 14 |L|=10: H = rho**8*(-25*sqrt(5/8 - sqrt(5)/8)/8 + 25*sqrt(5)*sqrt(5/8 - sqrt(5)/8)/8) + rho**6*(-25*sqrt(5)*sqrt(5/8 - sqrt(5)/8)/4 + 25*sqrt(5/8 - sqrt(5)/8)/4) + rho**4*(-25*sqrt(5/8 - sqrt(5)/8)/8 + 25*sqrt(5)*sqrt(5/8 - sqrt(5)/8)/8) ; positive real roots != 1 (true embedding): [] => EXCLUDED  [26s]
  type 0.0 lineset 15: blocks that are circles for all rho>0 (rho != 1): [(5, 6, 7, 8, 9), (3, 4, 5), (2, 4, 6), (1, 3, 7), (0, 1, 9)]
  type 0.0 lineset 15 triple ((5, 6, 7, 8, 9), (3, 4, 5), (2, 4, 6)): Delta true roots []; reduced gcd 1 true roots []; H degree now 8
type 0.0 lineset 15 |L|=10: H = rho**8*(-25*sqrt(5/8 - sqrt(5)/8)/8 + 25*sqrt(5)*sqrt(5/8 - sqrt(5)/8)/8) + rho**6*(-25*sqrt(5)*sqrt(5/8 - sqrt(5)/8)/4 + 25*sqrt(5/8 - sqrt(5)/8)/4) + rho**4*(-25*sqrt(5/8 - sqrt(5)/8)/8 + 25*sqrt(5)*sqrt(5/8 - sqrt(5)/8)/8) ; positive real roots != 1 (true embedding): [] => EXCLUDED  [25s]
  type 0.0 lineset 16: blocks that are circles for all rho>0 (rho != 1): [(5, 6, 7, 8, 9), (3, 4, 5), (2, 4, 6), (1, 3, 7), (0, 2, 8), (0, 1, 9)]
  type 0.0 lineset 16 triple ((5, 6, 7, 8, 9), (3, 4, 5), (2, 4, 6)): Delta true roots []; reduced gcd 1 true roots []; H degree now 8
type 0.0 lineset 16 |L|=10: H = rho**8*(-25*sqrt(5/8 - sqrt(5)/8)/8 + 25*sqrt(5)*sqrt(5/8 - sqrt(5)/8)/8) + rho**6*(-25*sqrt(5)*sqrt(5/8 - sqrt(5)/8)/4 + 25*sqrt(5/8 - sqrt(5)/8)/4) + rho**4*(-25*sqrt(5/8 - sqrt(5)/8)/8 + 25*sqrt(5)*sqrt(5/8 - sqrt(5)/8)/8) ; positive real roots != 1 (true embedding): [] => EXCLUDED  [25s]
  type 0.0 lineset 17: blocks that are circles for all rho>0 (rho != 1): [(5, 6, 7, 8, 9), (3, 4, 5), (2, 4, 6), (0, 2, 8), (0, 1, 9)]
  type 0.0 lineset 17 triple ((5, 6, 7, 8, 9), (3, 4, 5), (2, 4, 6)): Delta true roots []; reduced gcd 1 true roots []; H degree now 8
type 0.0 lineset 17 |L|=10: H = rho**8*(-25*sqrt(5/8 - sqrt(5)/8)/8 + 25*sqrt(5)*sqrt(5/8 - sqrt(5)/8)/8) + rho**6*(-25*sqrt(5)*sqrt(5/8 - sqrt(5)/8)/4 + 25*sqrt(5/8 - sqrt(5)/8)/4) + rho**4*(-25*sqrt(5/8 - sqrt(5)/8)/8 + 25*sqrt(5)*sqrt(5/8 - sqrt(5)/8)/8) ; positive real roots != 1 (true embedding): [] => EXCLUDED  [25s]
  type 0.0 lineset 18: blocks that are circles for all rho>0 (rho != 1): [(5, 6, 7, 8, 9), (3, 4, 5), (1, 3, 7), (0, 2, 8), (0, 1, 9)]
  type 0.0 lineset 18 triple ((5, 6, 7, 8, 9), (3, 4, 5), (1, 3, 7)): Delta true roots []; reduced gcd 1 true roots []; H degree now 8
type 0.0 lineset 18 |L|=10: H = rho**8*(-25*sqrt(5/8 - sqrt(5)/8)/8 + 25*sqrt(5)*sqrt(5/8 - sqrt(5)/8)/8) + rho**6*(-25*sqrt(5)*sqrt(5/8 - sqrt(5)/8)/4 + 25*sqrt(5/8 - sqrt(5)/8)/4) + rho**4*(-25*sqrt(5/8 - sqrt(5)/8)/8 + 25*sqrt(5)*sqrt(5/8 - sqrt(5)/8)/8) ; positive real roots != 1 (true embedding): [] => EXCLUDED  [24s]
  type 0.0 lineset 19: blocks that are circles for all rho>0 (rho != 1): [(5, 6, 7, 8, 9), (3, 4, 5), (2, 4, 6), (1, 3, 7), (0, 2, 8), (0, 1, 9)]
  type 0.0 lineset 19 triple ((5, 6, 7, 8, 9), (3, 4, 5), (2, 4, 6)): Delta true roots []; reduced gcd 1 true roots []; H degree now 8
type 0.0 lineset 19 |L|=10: H = rho**8*(-25*sqrt(5/8 - sqrt(5)/8)/8 + 25*sqrt(5)*sqrt(5/8 - sqrt(5)/8)/8) + rho**6*(-25*sqrt(5)*sqrt(5/8 - sqrt(5)/8)/4 + 25*sqrt(5/8 - sqrt(5)/8)/4) + rho**4*(-25*sqrt(5/8 - sqrt(5)/8)/8 + 25*sqrt(5)*sqrt(5/8 - sqrt(5)/8)/8) ; positive real roots != 1 (true embedding): [] => EXCLUDED  [25s]
  type 0.0 lineset 20: blocks that are circles for all rho>0 (rho != 1): [(5, 6, 7, 8, 9), (2, 4, 6), (1, 3, 7), (0, 2, 8), (0, 1, 9)]
  type 0.0 lineset 20 triple ((5, 6, 7, 8, 9), (2, 4, 6), (1, 3, 7)): Delta true roots []; reduced gcd 1 true roots []; H degree now 8
type 0.0 lineset 20 |L|=10: H = rho**8*(-75*sqrt(5/8 - sqrt(5)/8)/8 + 25*sqrt(5)*sqrt(5/8 - sqrt(5)/8)/8) + rho**6*(-25*sqrt(5)*sqrt(5/8 - sqrt(5)/8)/4 + 75*sqrt(5/8 - sqrt(5)/8)/4) + rho**4*(-75*sqrt(5/8 - sqrt(5)/8)/8 + 25*sqrt(5)*sqrt(5/8 - sqrt(5)/8)/8) ; positive real roots != 1 (true embedding): [] => EXCLUDED  [21s]
  type 0.0 lineset 21: blocks that are circles for all rho>0 (rho != 1): [(5, 6, 7, 8, 9), (3, 4, 5), (2, 4, 6), (1, 3, 7), (0, 2, 8), (0, 1, 9)]
  type 0.0 lineset 21 triple ((5, 6, 7, 8, 9), (3, 4, 5), (2, 4, 6)): Delta true roots []; reduced gcd 1 true roots []; H degree now 8
type 0.0 lineset 21 |L|=10: H = rho**8*(-25*sqrt(5/8 - sqrt(5)/8)/8 + 25*sqrt(5)*sqrt(5/8 - sqrt(5)/8)/8) + rho**6*(-25*sqrt(5)*sqrt(5/8 - sqrt(5)/8)/4 + 25*sqrt(5/8 - sqrt(5)/8)/4) + rho**4*(-25*sqrt(5/8 - sqrt(5)/8)/8 + 25*sqrt(5)*sqrt(5/8 - sqrt(5)/8)/8) ; positive real roots != 1 (true embedding): [] => EXCLUDED  [24s]
  type 0.0 lineset 22: blocks that are circles for all rho>0 (rho != 1): [(0, 1, 5, 6), (2, 3, 7, 8), (3, 4, 5), (2, 4, 6), (1, 7, 9), (0, 8, 9)]
  type 0.0 lineset 22 triple ((0, 1, 5, 6), (2, 3, 7, 8), (3, 4, 5)): Delta true roots []; reduced gcd rho**2 - 2*rho + 1 true roots []; H degree now 8
type 0.0 lineset 22 |L|=10: H = -5*sqrt(5)*rho**8*sqrt(5/8 - sqrt(5)/8)/4 + 5*sqrt(5)*rho**7*sqrt(5/8 - sqrt(5)/8) - 5*sqrt(5)*rho**6*sqrt(5/8 - sqrt(5)/8) - 5*sqrt(5)*rho**5*sqrt(5/8 - sqrt(5)/8) + 25*sqrt(5)*rho**4*sqrt(5/8 - sqrt(5)/8)/2 - 5*sqrt(5)*rho**3*sqrt(5/8 - sqrt(5)/8) - 5*sqrt(5)*rho**2*sqrt(5/8 - sqrt(5)/8) + 5*sqrt(5)*rho*sqrt(5/8 - sqrt(5)/8) - 5*sqrt(5)*sqrt(5/8 - sqrt(5)/8)/4 ; positive real roots != 1 (true embedding): [] => EXCLUDED  [30s]
  type 0.0 lineset 23: blocks that are circles for all rho>0 (rho != 1): [(0, 2, 5, 7), (1, 4, 6, 9), (3, 4, 5), (1, 3, 7), (2, 6, 8), (0, 8, 9)]
  type 0.0 lineset 23 triple ((0, 2, 5, 7), (1, 4, 6, 9), (3, 4, 5)): Delta true roots []; reduced gcd rho**2 - 2*rho + 1 true roots []; H degree now 8
type 0.0 lineset 23 |L|=10: H = -5*sqrt(5)*rho**8*sqrt(5/8 - sqrt(5)/8)/4 + 5*sqrt(5)*rho**7*sqrt(5/8 - sqrt(5)/8) - 5*sqrt(5)*rho**6*sqrt(5/8 - sqrt(5)/8) - 5*sqrt(5)*rho**5*sqrt(5/8 - sqrt(5)/8) + 25*sqrt(5)*rho**4*sqrt(5/8 - sqrt(5)/8)/2 - 5*sqrt(5)*rho**3*sqrt(5/8 - sqrt(5)/8) - 5*sqrt(5)*rho**2*sqrt(5/8 - sqrt(5)/8) + 5*sqrt(5)*rho*sqrt(5/8 - sqrt(5)/8) - 5*sqrt(5)*sqrt(5/8 - sqrt(5)/8)/4 ; positive real roots != 1 (true embedding): [] => EXCLUDED  [29s]
  type 0.0 lineset 24: blocks that are circles for all rho>0 (rho != 1): [(0, 3, 5, 8), (2, 4, 7, 9), (4, 5, 6), (1, 3, 7), (2, 6, 8), (0, 1, 9)]
  type 0.0 lineset 24 triple ((0, 3, 5, 8), (2, 4, 7, 9), (4, 5, 6)): Delta true roots []; reduced gcd rho**2 - 2*rho + 1 true roots []; H degree now 9
type 0.0 lineset 24 |L|=10: H = rho**9*(-25*sqrt(5/8 - sqrt(5)/8)/8 + 5*sqrt(5)*sqrt(5/8 - sqrt(5)/8)/8) + rho**8*(-5*sqrt(5)*sqrt(5/8 - sqrt(5)/8)/2 + 25*sqrt(5/8 - sqrt(5)/8)/2) + rho**7*(-25*sqrt(5/8 - sqrt(5)/8)/2 + 5*sqrt(5)*sqrt(5/8 - sqrt(5)/8)/2) + rho**6*(-25*sqrt(5/8 - sqrt(5)/8)/2 + 5*sqrt(5)*sqrt(5/8 - sqrt(5)/8)/2) + rho**5*(-25*sqrt(5)*sqrt(5/8 - sqrt(5)/8)/4 + 125*sqrt(5/8 - sqrt(5)/8)/4) + rho**4*(-25*sqrt(5/8 - sqrt(5)/8)/2 + 5*sqrt(5)*sqrt(5/8 - sqrt(5)/8)/2) + rho**3*(-25*sqrt(5/8 - sqrt(5)/8)/2 + 5*sqrt(5)*sqrt(5/8 - sqrt(5)/8)/2) + rho**2*(-5*sqrt(5)*sqrt(5/8 - sqrt(5)/8)/2 + 25*sqrt(5/8 - sqrt(5)/8)/2) + rho*(-25*sqrt(5/8 - sqrt(5)/8)/8 + 5*sqrt(5)*sqrt(5/8 - sqrt(5)/8)/8) ; positive real roots != 1 (true embedding): [] => EXCLUDED  [28s]
  type 0.0 lineset 25: blocks that are circles for all rho>0 (rho != 1): [(0, 4, 5, 9), (1, 3, 6, 8), (2, 4, 6), (3, 5, 7), (0, 2, 8), (1, 7, 9)]
  type 0.0 lineset 25 triple ((0, 4, 5, 9), (1, 3, 6, 8), (2, 4, 6)): Delta true roots []; reduced gcd rho**2 - 2*rho + 1 true roots []; H degree now 8
type 0.0 lineset 25 |L|=10: H = rho**8*(-5*sqrt(5)*sqrt(5/8 - sqrt(5)/8)/8 + 25*sqrt(5/8 - sqrt(5)/8)/8) + rho**7*(-25*sqrt(5/8 - sqrt(5)/8)/2 + 5*sqrt(5)*sqrt(5/8 - sqrt(5)/8)/2) + rho**6*(-5*sqrt(5)*sqrt(5/8 - sqrt(5)/8)/2 + 25*sqrt(5/8 - sqrt(5)/8)/2) + rho**5*(-5*sqrt(5)*sqrt(5/8 - sqrt(5)/8)/2 + 25*sqrt(5/8 - sqrt(5)/8)/2) + rho**4*(-125*sqrt(5/8 - sqrt(5)/8)/4 + 25*sqrt(5)*sqrt(5/8 - sqrt(5)/8)/4) + rho**3*(-5*sqrt(5)*sqrt(5/8 - sqrt(5)/8)/2 + 25*sqrt(5/8 - sqrt(5)/8)/2) + rho**2*(-5*sqrt(5)*sqrt(5/8 - sqrt(5)/8)/2 + 25*sqrt(5/8 - sqrt(5)/8)/2) + rho*(-25*sqrt(5/8 - sqrt(5)/8)/2 + 5*sqrt(5)*sqrt(5/8 - sqrt(5)/8)/2) - 5*sqrt(5)*sqrt(5/8 - sqrt(5)/8)/8 + 25*sqrt(5/8 - sqrt(5)/8)/8 ; positive real roots != 1 (true embedding): [] => EXCLUDED  [31s]
  type 0.0 lineset 26: blocks that are circles for all rho>0 (rho != 1): [(1, 2, 6, 7), (3, 4, 8, 9), (4, 5, 6), (3, 5, 7), (0, 2, 8), (0, 1, 9)]
  type 0.0 lineset 26 triple ((1, 2, 6, 7), (3, 4, 8, 9), (4, 5, 6)): Delta true roots []; reduced gcd rho**2 - 2*rho + 1 true roots []; H degree now 9
type 0.0 lineset 26 |L|=10: H = rho**9*(-25*sqrt(5/8 - sqrt(5)/8)/8 + 5*sqrt(5)*sqrt(5/8 - sqrt(5)/8)/8) + rho**8*(-5*sqrt(5)*sqrt(5/8 - sqrt(5)/8)/2 + 25*sqrt(5/8 - sqrt(5)/8)/2) + rho**7*(-25*sqrt(5/8 - sqrt(5)/8)/2 + 5*sqrt(5)*sqrt(5/8 - sqrt(5)/8)/2) + rho**6*(-25*sqrt(5/8 - sqrt(5)/8)/2 + 5*sqrt(5)*sqrt(5/8 - sqrt(5)/8)/2) + rho**5*(-25*sqrt(5)*sqrt(5/8 - sqrt(5)/8)/4 + 125*sqrt(5/8 - sqrt(5)/8)/4) + rho**4*(-25*sqrt(5/8 - sqrt(5)/8)/2 + 5*sqrt(5)*sqrt(5/8 - sqrt(5)/8)/2) + rho**3*(-25*sqrt(5/8 - sqrt(5)/8)/2 + 5*sqrt(5)*sqrt(5/8 - sqrt(5)/8)/2) + rho**2*(-5*sqrt(5)*sqrt(5/8 - sqrt(5)/8)/2 + 25*sqrt(5/8 - sqrt(5)/8)/2) + rho*(-25*sqrt(5/8 - sqrt(5)/8)/8 + 5*sqrt(5)*sqrt(5/8 - sqrt(5)/8)/8) ; positive real roots != 1 (true embedding): [] => EXCLUDED  [33s]
  type 0.0 lineset 27: blocks that are circles for all rho>0 (rho != 1): [(3, 4, 5), (2, 4, 6), (1, 3, 7), (0, 2, 8), (0, 1, 9)]
  type 0.0 lineset 27 triple ((3, 4, 5), (2, 4, 6), (1, 3, 7)): Delta true roots []; reduced gcd rho**4 + rho**3*(1 + sqrt(5)) + rho**2*(3*sqrt(5)/4 + 9/4) + rho*(1 + sqrt(5)/2) + 3*sqrt(5)/32 + 7/32 true roots []; H degree now 10
type 0.0 lineset 27 |L|=10: H = rho**10*(-25*sqrt(5/8 - sqrt(5)/8)/2 + 15*sqrt(5)*sqrt(5/8 - sqrt(5)/8)/2) + rho**9*(-15*sqrt(5)*sqrt(5/8 - sqrt(5)/8)/2 + 75*sqrt(5/8 - sqrt(5)/8)/2) + rho**8*(15*sqrt(5)*sqrt(5/8 - sqrt(5)/8)/4 + 25*sqrt(5/8 - sqrt(5)/8)) + rho**7*(-175*sqrt(5/8 - sqrt(5)/8)/4 + 85*sqrt(5)*sqrt(5/8 - sqrt(5)/8)/4) + rho**6*(-735*sqrt(5)*sqrt(5/8 - sqrt(5)/8)/32 - 25*sqrt(5/8 - sqrt(5)/8)/32) + rho**5*(-145*sqrt(5)*sqrt(5/8 - sqrt(5)/8)/8 - 325*sqrt(5/8 - sqrt(5)/8)/16) + rho**4*(-2925*sqrt(5/8 - sqrt(5)/8)/128 + 635*sqrt(5)*sqrt(5/8 - sqrt(5)/8)/128) + rho**3*(5*sqrt(5)*sqrt(5/8 - sqrt(5)/8)/2 + 175*sqrt(5/8 - sqrt(5)/8)/8) + rho**2*(675*sqrt(5/8 - sqrt(5)/8)/64 + 415*sqrt(5)*sqrt(5/8 - sqrt(5)/8)/64) + rho*(15*sqrt(5)*sqrt(5/8 - sqrt(5)/8)/8 + 75*sqrt(5/8 - sqrt(5)/8)/16) + 75*sqrt(5/8 - sqrt(5)/8)/128 + 35*sqrt(5)*sqrt(5/8 - sqrt(5)/8)/128 ; positive real roots != 1 (true embedding): [] => EXCLUDED  [30s]
  type 0.0 lineset 28: blocks that are circles for all rho>0 (rho != 1): [(4, 5, 6), (3, 5, 7), (2, 6, 8), (1, 7, 9), (0, 8, 9)]
  type 0.0 lineset 28 triple ((4, 5, 6), (3, 5, 7), (2, 6, 8)): Delta true roots []; reduced gcd rho**4 + rho**3*(-4 + 4*sqrt(5)) + rho**2*(36 - 12*sqrt(5)) + rho*(-64 + 32*sqrt(5)) - 24*sqrt(5) + 56 true roots []; H degree now 14
type 0.0 lineset 28 |L|=10: H = -5*sqrt(5)*rho**14*sqrt(5/8 - sqrt(5)/8)/4 + rho**13*(-75*sqrt(5/8 - sqrt(5)/8)/2 + 15*sqrt(5)*sqrt(5/8 - sqrt(5)/8)/2) + rho**12*(-110*sqrt(5)*sqrt(5/8 - sqrt(5)/8) + 375*sqrt(5/8 - sqrt(5)/8)/2) + rho**11*(-925*sqrt(5/8 - sqrt(5)/8) + 385*sqrt(5)*sqrt(5/8 - sqrt(5)/8)) + rho**10*(-3305*sqrt(5)*sqrt(5/8 - sqrt(5)/8)/4 + 1875*sqrt(5/8 - sqrt(5)/8)) + rho**9*(-2075*sqrt(5/8 - sqrt(5)/8)/2 + 1055*sqrt(5)*sqrt(5/8 - sqrt(5)/8)/2) + rho**8*(-5425*sqrt(5/8 - sqrt(5)/8)/2 + 2535*sqrt(5)*sqrt(5/8 - sqrt(5)/8)/2) + rho**7*(-2240*sqrt(5)*sqrt(5/8 - sqrt(5)/8) + 5000*sqrt(5/8 - sqrt(5)/8)) + rho**6*(-950*sqrt(5/8 - sqrt(5)/8) + 390*sqrt(5)*sqrt(5/8 - sqrt(5)/8)) + rho**5*(-3000*sqrt(5/8 - sqrt(5)/8) + 1320*sqrt(5)*sqrt(5/8 - sqrt(5)/8)) + rho**4*(-720*sqrt(5)*sqrt(5/8 - sqrt(5)/8) + 1600*sqrt(5/8 - sqrt(5)/8)) ; positive real roots != 1 (true embedding): [] => EXCLUDED  [31s]
  type 0.0 lineset 29: blocks that are circles for all rho>0 (rho != 1): [(3, 4, 5), (2, 4, 6), (1, 3, 7), (0, 2, 8), (0, 1, 9)]
