(type, line set) cases: 62; excluded: 62; open: []
  type  0.0 line set  0: EXCLUDED (pass 1: norm criterion)
  type  0.0 line set  1: EXCLUDED (pass 1: norm criterion)
  type  0.0 line set  2: EXCLUDED (pass 1: norm criterion)
  type  0.0 line set  3: EXCLUDED (pass 1: norm criterion)
  type  0.0 line set  4: EXCLUDED (pass 1: norm criterion)
  type  0.0 line set  5: EXCLUDED (pass 1: norm criterion)
  type  0.0 line set  6: EXCLUDED (pass 1: norm criterion)
  type  0.0 line set  7: EXCLUDED (pass 1: norm criterion)
  type  0.0 line set  8: EXCLUDED (pass 1: norm criterion)
  type  0.0 line set  9: EXCLUDED (pass 1: norm criterion)
  type  0.0 line set 10: EXCLUDED (pass 1: norm criterion)
  type  0.0 line set 11: EXCLUDED (pass 1: norm criterion)
  type  0.0 line set 12: EXCLUDED (pass 1: norm criterion)
  type  0.0 line set 13: EXCLUDED (pass 1: norm criterion)
  type  0.0 line set 14: EXCLUDED (pass 1: norm criterion)
  type  0.0 line set 15: EXCLUDED (pass 1: norm criterion)
  type  0.0 line set 16: EXCLUDED (pass 1: norm criterion)
  type  0.0 line set 17: EXCLUDED (pass 1: norm criterion)
  type  0.0 line set 18: EXCLUDED (pass 1: norm criterion)
  type  0.0 line set 19: EXCLUDED (pass 1: norm criterion)
  type  0.0 line set 20: EXCLUDED (pass 1: norm criterion)
  type  0.0 line set 21: EXCLUDED (pass 1: norm criterion)
  type  0.0 line set 22: EXCLUDED (pass 1: norm criterion)
  type  0.0 line set 23: EXCLUDED (pass 1: norm criterion)
  type  0.0 line set 24: EXCLUDED (pass 1: norm criterion)
  type  0.0 line set 25: EXCLUDED (pass 1: norm criterion)
  type  0.0 line set 26: EXCLUDED (pass 1: norm criterion)
  type  0.0 line set 27: EXCLUDED (pass 3: embedding-aware criterion, triple [[3, 4, 5], [2, 4, 6], [1, 3, 7]])
  type  0.0 line set 28: EXCLUDED (pass 3: embedding-aware criterion, triple [[4, 5, 6], [3, 5, 7], [2, 6, 8]])
  type  0.0 line set 29: EXCLUDED (pass 3: embedding-aware criterion, triple [[3, 4, 5], [2, 4, 6], [1, 3, 7]])
  type  0.0 line set 30: EXCLUDED (pass 3: embedding-aware criterion, triple [[4, 5, 6], [3, 5, 7], [2, 6, 8]])
  type 36.0 line set  0: EXCLUDED (pass 1: norm criterion)
  type 36.0 line set  1: EXCLUDED (pass 1: norm criterion)
  type 36.0 line set  2: EXCLUDED (pass 1: norm criterion)
  type 36.0 line set  3: EXCLUDED (pass 1: norm criterion)
  type 36.0 line set  4: EXCLUDED (pass 1: norm criterion)
  type 36.0 line set  5: EXCLUDED (pass 1: norm criterion)
  type 36.0 line set  6: EXCLUDED (pass 1: norm criterion)
  type 36.0 line set  7: EXCLUDED (pass 1: norm criterion)
  type 36.0 line set  8: EXCLUDED (pass 1: norm criterion)
  type 36.0 line set  9: EXCLUDED (pass 1: norm criterion)
  type 36.0 line set 10: EXCLUDED (pass 1: norm criterion)
  type 36.0 line set 11: EXCLUDED (pass 1: norm criterion)
  type 36.0 line set 12: EXCLUDED (pass 1: norm criterion)
  type 36.0 line set 13: EXCLUDED (pass 1: norm criterion)
  type 36.0 line set 14: EXCLUDED (pass 1: norm criterion)
  type 36.0 line set 15: EXCLUDED (pass 1: norm criterion)
  type 36.0 line set 16: EXCLUDED (pass 1: norm criterion)
  type 36.0 line set 17: EXCLUDED (pass 1: norm criterion)
  type 36.0 line set 18: EXCLUDED (pass 1: norm criterion)
  type 36.0 line set 19: EXCLUDED (pass 1: norm criterion)
  type 36.0 line set 20: EXCLUDED (pass 1: norm criterion)
  type 36.0 line set 21: EXCLUDED (pass 1: norm criterion)
  type 36.0 line set 22: EXCLUDED (pass 1: norm criterion)
  type 36.0 line set 23: EXCLUDED (pass 1: norm criterion)
  type 36.0 line set 24: EXCLUDED (pass 1: norm criterion)
  type 36.0 line set 25: EXCLUDED (pass 1: norm criterion)
  type 36.0 line set 26: EXCLUDED (pass 1: norm criterion)
  type 36.0 line set 27: EXCLUDED (pass 3: embedding-aware criterion, triple [[1, 2, 5], [0, 3, 6], [0, 4, 7]])
  type 36.0 line set 28: EXCLUDED (pass 3: embedding-aware criterion, triple [[1, 2, 5], [0, 3, 6], [0, 4, 7]])
  type 36.0 line set 29: EXCLUDED (pass 3: embedding-aware criterion, triple [[0, 6, 7], [1, 5, 8], [4, 7, 8]])
  type 36.0 line set 30: EXCLUDED (pass 3: embedding-aware criterion, triple [[0, 6, 7], [1, 5, 8], [4, 7, 8]])
FINAL: no realisation of C-2 (two concentric regular pentagons, either type, any radius ratio rho != 1) has a point outside P on >= 10 of its 42 blocks; hence every planar 10-point set with block structure C-2 determines >= 42 - 9 = 33 circles.
