C-2 blocks: [(0, 1, 2, 3, 4), (5, 6, 7, 8, 9), (0, 1, 5, 6), (0, 1, 7, 8), (0, 2, 5, 7), (0, 2, 6, 9), (0, 3, 5, 8), (0, 3, 7, 9), (0, 4, 5, 9), (0, 4, 6, 8), (1, 2, 6, 7), (1, 2, 8, 9), (1, 3, 5, 9), (1, 3, 6, 8), (1, 4, 5, 7), (1, 4, 6, 9), (2, 3, 5, 6), (2, 3, 7, 8), (2, 4, 5, 8), (2, 4, 7, 9), (3, 4, 6, 7), (3, 4, 8, 9)]
rank(M) over Q = 9
real kernel basis: [[1, 1, 1, 1, 1, 1, 1, 1, 1, 1]]
=> cases (ii) and (iii) (intersecting / tangent A, B) impossible: all |x_a| resp. x_a equal, but A has 5 distinct points
Smith normal form invariant factors: [1, 1, 1, 1, 1, 1, 1, 1, 10]
torsion exponent N = 10
kernel sizes: {2: 4, 5: 25}
solutions of M w == 0 (mod N): 100
with distinct residues within A and within B: 80
  solution (a_0 = 0): A angles [0.0, 288.0, 72.0, 216.0, 144.0]  B angles [0.0, 288.0, 72.0, 216.0, 144.0] | A regular: True | B regular: True | B offset mod 72: 0.0
  solution (a_0 = 0): A angles [0.0, 216.0, 144.0, 72.0, 288.0]  B angles [0.0, 216.0, 144.0, 72.0, 288.0] | A regular: True | B regular: True | B offset mod 72: 0.0
  solution (a_0 = 0): A angles [0.0, 144.0, 216.0, 288.0, 72.0]  B angles [0.0, 144.0, 216.0, 288.0, 72.0] | A regular: True | B regular: True | B offset mod 72: 0.0
  solution (a_0 = 0): A angles [0.0, 72.0, 288.0, 144.0, 216.0]  B angles [0.0, 72.0, 288.0, 144.0, 216.0] | A regular: True | B regular: True | B offset mod 72: 0.0
  solution (a_0 = 0): A angles [0.0, 288.0, 72.0, 216.0, 144.0]  B angles [180.0, 108.0, 252.0, 36.0, 324.0] | A regular: True | B regular: True | B offset mod 72: 36.0
  solution (a_0 = 0): A angles [0.0, 216.0, 144.0, 72.0, 288.0]  B angles [180.0, 36.0, 324.0, 252.0, 108.0] | A regular: True | B regular: True | B offset mod 72: 36.0
  solution (a_0 = 0): A angles [0.0, 144.0, 216.0, 288.0, 72.0]  B angles [180.0, 324.0, 36.0, 108.0, 252.0] | A regular: True | B regular: True | B offset mod 72: 36.0
  solution (a_0 = 0): A angles [0.0, 72.0, 288.0, 144.0, 216.0]  B angles [180.0, 252.0, 108.0, 324.0, 36.0] | A regular: True | B regular: True | B offset mod 72: 36.0
CONCLUSION: every realisation of C-2 (points distinct, the 22 blocks concyclic) is Moebius-equivalent to one of the 8 concentric configurations above, with an arbitrary radius ratio rho != 1 (and an overall rotation).

real	0m7.591s
user	0m2.851s
sys	0m0.092s
