n=10 mode=sg target=32 need=D+ell>=88 Caps(n=10, mode=sg, capD=35, max4=11, capL=44, t3n=1000000000, ellmax=14) big sizes=[5, 6, 7, 8, 9]
  phase1 level 1: 5 classes
  phase1 level 2: 7 classes
  phase1 level 3: 4 classes
  phase1 level 4: 4 classes
  phase1 level 5: 1 classes
  phase1 level 6: 1 classes
  phase1 level 7: 0 classes
phase 1: 23 classes of big-block families (incl. empty) [0.6s]
[0] sizes=[] blocks=[] D0=0 cands=210 rootD<=81 (need D>=74) -> EMPTY FAMILY SKIPPED (all-4-block case not enumerated here)
[1] sizes=[5] blocks=[[0, 1, 2, 3, 4]] D0=9 cands=155 rootD<=84 (need D>=74) |Aut|=14400 nodes=20451 evals=15 candidates=0 [36.6s]
[2] sizes=[6] blocks=[[0, 1, 2, 3, 4, 5]] D0=19 cands=115 rootD<=88 (need D>=74) |Aut|=17280 nodes=774 evals=8 candidates=2 [3.3s]
[3] sizes=[7] blocks=[[0, 1, 2, 3, 4, 5, 6]] D0=34 cands=70 rootD<=88 (need D>=74) |Aut|=30240 nodes=13 evals=0 candidates=0 [1.7s]
[4] sizes=[8] blocks=[[0, 1, 2, 3, 4, 5, 6, 7]] D0=55 cands=28 rootD<=94 (need D>=74) |Aut|=80640 nodes=3 evals=0 candidates=0 [3.8s]
[5] sizes=[9] blocks=[[0, 1, 2, 3, 4, 5, 6, 7, 8]] D0=83 cands=0 rootD<=83 (need D>=74) |Aut|=362880 nodes=1 evals=1 candidates=0 [14.7s]
[6] sizes=[5, 5] blocks=[[0, 1, 2, 3, 4], [0, 1, 5, 6, 7]] D0=18 cands=109 rootD<=84 (need D>=74) |Aut|=288 nodes=9332 evals=48 candidates=1 [5.5s]
[7] sizes=[5, 5] blocks=[[0, 1, 2, 3, 4], [0, 5, 6, 7, 8]] D0=18 cands=100 rootD<=84 (need D>=74) |Aut|=1152 nodes=237 evals=0 candidates=0 [0.2s]
[8] sizes=[5, 5] blocks=[[0, 1, 2, 3, 4], [5, 6, 7, 8, 9]] D0=18 cands=100 rootD<=84 (need D>=74) |Aut|=28800 nodes=7647 evals=59 candidates=3 [26.2s]
[9] sizes=[5, 6] blocks=[[0, 1, 2, 3, 4], [0, 1, 5, 6, 7, 8]] D0=28 cands=72 rootD<=88 (need D>=74) |Aut|=288 nodes=20 evals=0 candidates=0 [0.1s]
[10] sizes=[5, 6] blocks=[[0, 1, 2, 3, 4], [0, 5, 6, 7, 8, 9]] D0=28 cands=60 rootD<=88 (need D>=74) |Aut|=2880 nodes=1 evals=0 candidates=0 [0.2s]
[11] sizes=[5, 7] blocks=[[0, 1, 2, 3, 4], [0, 1, 5, 6, 7, 8, 9]] D0=43 cands=30 rootD<=91 (need D>=74) |Aut|=1440 nodes=1 evals=0 candidates=0 [0.1s]
[12] sizes=[6, 6] blocks=[[0, 1, 2, 3, 4, 5], [0, 1, 6, 7, 8, 9]] D0=38 cands=36 rootD<=92 (need D>=74) |Aut|=2304 nodes=16 evals=1 candidates=0 [0.2s]
[13] sizes=[5, 5, 5] blocks=[[0, 1, 2, 3, 4], [0, 1, 5, 6, 7], [2, 3, 5, 6, 8]] D0=27 cands=72 rootD<=87 (need D>=74) |Aut|=48 nodes=2553 evals=10 candidates=0 [1.0s]
[14] sizes=[5, 5, 5] blocks=[[0, 1, 2, 3, 4], [0, 1, 5, 6, 7], [0, 2, 5, 8, 9]] D0=27 cands=71 rootD<=87 (need D>=74) |Aut|=48 nodes=550 evals=10 candidates=1 [0.3s]
[15] sizes=[5, 5, 5] blocks=[[0, 1, 2, 3, 4], [0, 1, 5, 6, 7], [2, 3, 5, 8, 9]] D0=27 cands=63 rootD<=87 (need D>=74) |Aut|=32 nodes=1031 evals=0 candidates=0 [0.4s]
[16] sizes=[5, 5, 6] blocks=[[0, 1, 2, 3, 4], [0, 1, 5, 6, 7], [2, 3, 5, 6, 8, 9]] D0=37 cands=38 rootD<=91 (need D>=74) |Aut|=32 nodes=21 evals=0 candidates=0 [0.0s]
[17] sizes=[5, 5, 5, 5] blocks=[[0, 1, 2, 3, 4], [0, 1, 5, 6, 7], [2, 3, 5, 6, 8], [2, 4, 5, 7, 9]] D0=36 cands=42 rootD<=87 (need D>=74) |Aut|=8 nodes=38 evals=1 candidates=0 [0.0s]
[18] sizes=[5, 5, 5, 5] blocks=[[0, 1, 2, 3, 4], [0, 1, 5, 6, 7], [2, 3, 5, 6, 8], [0, 4, 7, 8, 9]] D0=36 cands=34 rootD<=87 (need D>=74) |Aut|=8 nodes=19 evals=0 candidates=0 [0.0s]
[19] sizes=[5, 5, 5, 6] blocks=[[0, 1, 2, 3, 4], [0, 1, 5, 6, 7], [0, 2, 5, 8, 9], [3, 4, 6, 7, 8, 9]] D0=46 cands=12 rootD<=82 (need D>=74) |Aut|=48 nodes=1 evals=0 candidates=0 [0.0s]
[20] sizes=[5, 5, 5, 5] blocks=[[0, 1, 2, 3, 4], [0, 1, 5, 6, 7], [2, 3, 5, 8, 9], [4, 6, 7, 8, 9]] D0=36 cands=26 rootD<=87 (need D>=74) |Aut|=128 nodes=79 evals=9 candidates=2 [0.2s]
[21] sizes=[5, 5, 5, 5, 5] blocks=[[0, 1, 2, 3, 4], [0, 1, 5, 6, 7], [2, 3, 5, 6, 8], [2, 4, 5, 7, 9], [0, 4, 6, 8, 9]] D0=45 cands=20 rootD<=90 (need D>=74) |Aut|=10 nodes=1 evals=0 candidates=0 [0.0s]
[22] sizes=[5, 5, 5, 5, 5, 5] blocks=[[0, 1, 2, 3, 4], [0, 1, 5, 6, 7], [2, 3, 5, 6, 8], [2, 4, 5, 7, 9], [0, 4, 6, 8, 9], [1, 3, 7, 8, 9]] D0=54 cands=5 rootD<=69 (need D>=74) -> pruned at root
TOTAL phase-2 nodes=42789; candidate structures (count <= 32): 9 [95.1s]
  cand 0: sizes=[6, 4, 4, 4, 4, 4, 4, 4, 4, 4, 4, 4, 4, 4, 4, 4, 4, 4, 4, 4] D=76 ellmax=13 count=31 degrees=[7, 7, 7, 7, 7, 7, 10, 10, 10, 10]
     blocks=[[0, 1, 2, 3, 4, 5], [0, 1, 6, 7], [0, 1, 8, 9], [0, 2, 6, 8], [0, 3, 6, 9], [0, 4, 7, 8], [0, 5, 7, 9], [1, 2, 6, 9], [1, 3, 7, 8], [1, 4, 7, 9], [1, 5, 6, 8], [2, 3, 7, 9], [2, 4, 6, 7], [2, 4, 8, 9], [2, 5, 7, 8], [3, 4, 6, 8], [3, 5, 6, 7], [3, 5, 8, 9], [4, 5, 6, 9], [6, 7, 8, 9]]
  cand 1: sizes=[6, 4, 4, 4, 4, 4, 4, 4, 4, 4, 4, 4, 4, 4, 4, 4, 4, 4, 4, 4] D=76 ellmax=13 count=31 degrees=[7, 7, 7, 7, 7, 7, 10, 10, 10, 10]
     blocks=[[0, 1, 2, 3, 4, 5], [0, 1, 6, 7], [0, 1, 8, 9], [0, 2, 6, 8], [0, 3, 6, 9], [0, 4, 7, 8], [0, 5, 7, 9], [1, 2, 7, 9], [1, 3, 7, 8], [1, 4, 6, 9], [1, 5, 6, 8], [2, 3, 6, 7], [2, 4, 8, 9], [2, 5, 6, 9], [2, 5, 7, 8], [3, 4, 6, 8], [3, 4, 7, 9], [3, 5, 8, 9], [4, 5, 6, 7], [6, 7, 8, 9]]
  cand 2: sizes=[5, 5, 4, 4, 4, 4, 4, 4, 4, 4, 4, 4, 4, 4, 4, 4, 4, 4, 4, 4, 4, 4] D=78 ellmax=10 count=32 degrees=[8, 8, 9, 9, 9, 9, 9, 9, 10, 10]
     blocks=[[0, 1, 2, 3, 4], [0, 1, 5, 6, 7], [0, 1, 8, 9], [0, 2, 5, 8], [0, 2, 6, 9], [0, 3, 5, 9], [0, 3, 6, 8], [0, 4, 7, 8], [1, 2, 5, 9], [1, 2, 7, 8], [1, 3, 6, 9], [1, 4, 5, 8], [1, 4, 7, 9], [2, 3, 5, 6], [2, 3, 7, 9], [2, 4, 5, 7], [2, 4, 6, 8], [3, 4, 6, 7], [3, 4, 8, 9], [3, 5, 7, 8], [4, 5, 6, 9], [6, 7, 8, 9]]
  cand 3: sizes=[5, 5, 4, 4, 4, 4, 4, 4, 4, 4, 4, 4, 4, 4, 4, 4, 4, 4, 4, 4, 4, 4] D=78 ellmax=11 count=31 degrees=[9, 9, 9, 9, 9, 9, 9, 9, 9, 9]
     blocks=[[0, 1, 2, 3, 4], [5, 6, 7, 8, 9], [0, 1, 5, 6], [0, 1, 7, 8], [0, 2, 5, 7], [0, 2, 6, 9], [0, 3, 5, 8], [0, 3, 7, 9], [0, 4, 5, 9], [0, 4, 6, 8], [1, 2, 5, 8], [1, 2, 7, 9], [1, 3, 5, 9], [1, 3, 6, 8], [1, 4, 6, 7], [1, 4, 8, 9], [2, 3, 6, 7], [2, 3, 8, 9], [2, 4, 5, 6], [2, 4, 7, 8], [3, 4, 5, 7], [3, 4, 6, 9]]
  cand 4: sizes=[5, 5, 4, 4, 4, 4, 4, 4, 4, 4, 4, 4, 4, 4, 4, 4, 4, 4, 4, 4, 4, 4] D=78 ellmax=11 count=31 degrees=[9, 9, 9, 9, 9, 9, 9, 9, 9, 9]
     blocks=[[0, 1, 2, 3, 4], [5, 6, 7, 8, 9], [0, 1, 5, 6], [0, 1, 7, 8], [0, 2, 5, 7], [0, 2, 6, 9], [0, 3, 5, 8], [0, 3, 7, 9], [0, 4, 5, 9], [0, 4, 6, 8], [1, 2, 6, 7], [1, 2, 8, 9], [1, 3, 5, 9], [1, 3, 6, 8], [1, 4, 5, 7], [1, 4, 6, 9], [2, 3, 5, 6], [2, 3, 7, 8], [2, 4, 5, 8], [2, 4, 7, 9], [3, 4, 6, 7], [3, 4, 8, 9]]
  cand 5: sizes=[5, 5, 4, 4, 4, 4, 4, 4, 4, 4, 4, 4, 4, 4, 4, 4, 4, 4, 4, 4, 4, 4] D=78 ellmax=11 count=31 degrees=[9, 9, 9, 9, 9, 9, 9, 9, 9, 9]
     blocks=[[0, 1, 2, 3, 4], [5, 6, 7, 8, 9], [0, 1, 5, 6], [0, 1, 7, 8], [0, 2, 5, 7], [0, 2, 6, 9], [0, 3, 5, 8], [0, 3, 7, 9], [0, 4, 5, 9], [0, 4, 6, 8], [1, 2, 6, 8], [1, 2, 7, 9], [1, 3, 5, 9], [1, 3, 6, 7], [1, 4, 5, 7], [1, 4, 8, 9], [2, 3, 5, 6], [2, 3, 8, 9], [2, 4, 5, 8], [2, 4, 6, 7], [3, 4, 6, 9], [3, 4, 7, 8]]
  cand 6: sizes=[5, 5, 5, 4, 4, 4, 4, 4, 4, 4, 4, 4, 4, 4, 4, 4, 4, 4, 4, 4] D=78 ellmax=12 count=30 degrees=[5, 8, 8, 9, 9, 8, 9, 9, 9, 9]
     blocks=[[0, 1, 2, 3, 4], [0, 1, 5, 6, 7], [0, 2, 5, 8, 9], [0, 3, 6, 8], [0, 4, 7, 9], [1, 2, 6, 8], [1, 2, 7, 9], [1, 3, 5, 8], [1, 3, 6, 9], [1, 4, 5, 9], [1, 4, 7, 8], [2, 3, 5, 6], [2, 3, 7, 8], [2, 4, 5, 7], [2, 4, 6, 9], [3, 4, 6, 7], [3, 4, 8, 9], [3, 5, 7, 9], [4, 5, 6, 8], [6, 7, 8, 9]]
  cand 7: sizes=[5, 5, 5, 5, 4, 4, 4, 4, 4, 4, 4, 4, 4, 4, 4, 4, 4, 4] D=78 ellmax=10 count=32 degrees=[8, 8, 8, 8, 6, 6, 8, 8, 8, 8]
     blocks=[[0, 1, 2, 3, 4], [0, 1, 5, 6, 7], [2, 3, 5, 8, 9], [4, 6, 7, 8, 9], [0, 1, 8, 9], [0, 2, 6, 8], [0, 2, 7, 9], [0, 3, 6, 9], [0, 3, 7, 8], [0, 4, 5, 8], [1, 2, 6, 9], [1, 2, 7, 8], [1, 3, 6, 8], [1, 3, 7, 9], [1, 4, 5, 9], [2, 3, 6, 7], [2, 4, 5, 6], [3, 4, 5, 7]]
  cand 8: sizes=[5, 5, 5, 5, 4, 4, 4, 4, 4, 4, 4, 4, 4, 4, 4, 4, 4, 4] D=78 ellmax=10 count=32 degrees=[8, 8, 8, 8, 6, 6, 8, 8, 8, 8]
     blocks=[[0, 1, 2, 3, 4], [0, 1, 5, 6, 7], [2, 3, 5, 8, 9], [4, 6, 7, 8, 9], [0, 1, 8, 9], [0, 2, 6, 8], [0, 2, 7, 9], [0, 3, 6, 9], [0, 3, 7, 8], [0, 4, 5, 8], [1, 2, 6, 9], [1, 2, 7, 8], [1, 3, 6, 8], [1, 3, 7, 9], [1, 4, 5, 9], [2, 3, 6, 7], [2, 4, 5, 7], [3, 4, 5, 6]]

real	1m35.499s
user	0m41.804s
sys	0m0.207s
