skeleton 3 (k=2) blocks=[[0, 1, 2, 3, 4], [5, 6, 7, 8, 9]] | feas(D+l>=88) status=OPTIMAL (6s)
    [32s] class #1 (labelled 1) sizes=(4, 4, 4, 4, 4, 4, 4, 4, 4, 4, 4, 4, 4, 4, 4, 4, 4, 4, 4, 4, 5, 5) lines=(3, 3, 3, 3, 3, 3, 3, 3, 4, 4) count=32
    [42s] class #2 (labelled 3) sizes=(4, 4, 4, 4, 4, 4, 4, 4, 4, 4, 4, 4, 4, 4, 4, 4, 4, 4, 4, 4, 5, 5) lines=(3, 3, 3, 3, 3, 3, 3, 3, 3, 3) count=32
    [44s] class #3 (labelled 4) sizes=(4, 4, 4, 4, 4, 4, 4, 4, 4, 4, 4, 4, 4, 4, 4, 4, 4, 4, 4, 4, 5, 5) lines=(3, 3, 3, 3, 3, 3, 3, 3, 3, 3) count=32
    [45s] class #4 (labelled 5) sizes=(4, 4, 4, 4, 4, 4, 4, 4, 4, 4, 4, 4, 4, 4, 4, 4, 4, 4, 4, 4, 5, 5) lines=(3, 3, 3, 3, 3, 3, 3, 3, 3, 3, 5) count=31
    [48s] class #5 (labelled 6) sizes=(4, 4, 4, 4, 4, 4, 4, 4, 4, 4, 4, 4, 4, 4, 4, 4, 4, 4, 4, 4, 5, 5) lines=(3, 3, 3, 3, 3, 3, 3, 3, 3, 3, 5) count=31
    [50s] class #6 (labelled 7) sizes=(4, 4, 4, 4, 4, 4, 4, 4, 4, 4, 4, 4, 4, 4, 4, 4, 4, 4, 4, 4, 5, 5) lines=(3, 3, 3, 3, 3, 3, 3, 3, 3, 5) count=32
    [58s] class #7 (labelled 9) sizes=(4, 4, 4, 4, 4, 4, 4, 4, 4, 4, 4, 4, 4, 4, 4, 4, 4, 4, 4, 4, 5, 5) lines=(3, 3, 3, 3, 3, 3, 3, 3, 3, 3) count=32
    [87s] class #8 (labelled 15) sizes=(4, 4, 4, 4, 4, 4, 4, 4, 4, 4, 4, 4, 4, 4, 4, 4, 4, 4, 4, 4, 5, 5) lines=(3, 3, 3, 3, 3, 3, 3, 3, 3, 5) count=32
    [99s] class #9 (labelled 18) sizes=(4, 4, 4, 4, 4, 4, 4, 4, 4, 4, 4, 4, 4, 4, 4, 4, 4, 4, 4, 4, 5, 5) lines=(3, 3, 3, 3, 3, 3, 3, 3, 3, 3) count=32
    [163s] class #10 (labelled 27) sizes=(4, 4, 4, 4, 4, 4, 4, 4, 4, 4, 4, 4, 4, 4, 4, 4, 4, 4, 4, 4, 5, 5) lines=(3, 3, 3, 3, 3, 3, 3, 3, 3, 5) count=32
    [187s] class #11 (labelled 31) sizes=(4, 4, 4, 4, 4, 4, 4, 4, 4, 4, 4, 4, 4, 4, 4, 4, 4, 4, 4, 4, 5, 5) lines=(3, 3, 3, 3, 3, 3, 3, 3, 3, 3) count=32
    [194s] class #12 (labelled 32) sizes=(4, 4, 4, 4, 4, 4, 4, 4, 4, 4, 4, 4, 4, 4, 4, 4, 4, 4, 4, 4, 5, 5) lines=(3, 3, 3, 3, 3, 3, 3, 3, 3, 3, 5) count=31
    [263s] class #13 (labelled 44) sizes=(4, 4, 4, 4, 4, 4, 4, 4, 4, 4, 4, 4, 4, 4, 4, 4, 4, 4, 4, 4, 5, 5) lines=(3, 3, 3, 3, 3, 3, 3, 3, 3, 5) count=32
    [326s] class #14 (labelled 55) sizes=(4, 4, 4, 4, 4, 4, 4, 4, 4, 4, 4, 4, 4, 4, 4, 4, 4, 4, 4, 4, 5, 5) lines=(3, 3, 3, 3, 3, 3, 3, 3, 3, 5) count=32
    [565s] class #15 (labelled 86) sizes=(4, 4, 4, 4, 4, 4, 4, 4, 4, 4, 4, 4, 4, 4, 4, 4, 4, 4, 4, 4, 5, 5) lines=(3, 3, 3, 3, 3, 3, 3, 3, 3, 3) count=32
    [1061s] class #16 (labelled 178) sizes=(4, 4, 4, 4, 4, 4, 4, 4, 4, 4, 4, 4, 4, 4, 4, 4, 4, 4, 4, 4, 5, 5) lines=(3, 3, 3, 3, 3, 3, 3, 3, 3, 3) count=32
    enum status=FEASIBLE labelled=216 classes=16 (1549s)
skeleton 4 (k=3) blocks=[[0, 1, 2, 3, 4], [0, 1, 5, 6, 7], [0, 2, 5, 8, 9]] | feas(D+l>=88) status=INFEASIBLE (36s)
skeleton 5 (k=3) blocks=[[0, 1, 2, 3, 4], [0, 1, 5, 6, 7], [2, 3, 5, 6, 8]] | feas(D+l>=88) status=INFEASIBLE (17s)
skeleton 6 (k=3) blocks=[[0, 1, 2, 3, 4], [0, 1, 5, 6, 7], [2, 3, 5, 8, 9]] | feas(D+l>=88) status=INFEASIBLE (3s)
skeleton 7 (k=4) blocks=[[0, 1, 2, 3, 4], [0, 1, 5, 6, 7], [0, 2, 5, 8, 9], [1, 3, 6, 8, 9]] | feas(D+l>=88) status=INFEASIBLE (3s)
skeleton 8 (k=4) blocks=[[0, 1, 2, 3, 4], [0, 1, 5, 6, 7], [0, 2, 5, 8, 9], [3, 4, 6, 7, 8]] | feas(D+l>=88) status=INFEASIBLE (2s)
skeleton 9 (k=4) blocks=[[0, 1, 2, 3, 4], [0, 1, 5, 6, 7], [2, 3, 5, 8, 9], [4, 6, 7, 8, 9]] | feas(D+l>=88) status=INFEASIBLE (8s)
skeleton 10 (k=5) blocks=[[0, 1, 2, 3, 4], [0, 1, 5, 6, 7], [0, 2, 5, 8, 9], [1, 3, 6, 8, 9], [2, 4, 6, 7, 8]] | feas(D+l>=88) status=INFEASIBLE (2s)
skeleton 11 (k=6) blocks=[[0, 1, 2, 3, 4], [0, 1, 5, 6, 7], [0, 2, 5, 8, 9], [1, 3, 6, 8, 9], [2, 4, 6, 7, 8], [3, 4, 5, 7, 9]] | feas(D+l>=88) status=INFEASIBLE (2s)
done in 1621s; survivors=16
