n=9 mode=sg D+l>=60: status=FEASIBLE labelled solutions=2014
  invariant blocksizes=(4, 4, 4, 4, 4, 4, 4, 4, 4, 4, 4, 4, 4, 4, 4, 4, 4) degrees=(7, 7, 7, 7, 8, 8, 8, 8, 8) linesizes=(3, 3, 3, 3, 3, 3, 3, 3, 3) : 1290 labelled copies; count = 24
     example blocks: [[0, 1, 2, 7], [0, 1, 3, 5], [0, 1, 4, 6], [0, 2, 4, 8], [0, 2, 5, 6], [0, 3, 4, 7], [0, 3, 6, 8], [0, 5, 7, 8], [1, 2, 3, 8], [1, 2, 4, 5], [1, 3, 6, 7], [1, 4, 7, 8], [1, 5, 6, 8], [2, 3, 4, 6], [2, 3, 5, 7], [2, 6, 7, 8], [3, 4, 5, 8]] lines: [[0, 2, 3], [0, 4, 5], [0, 6, 7], [1, 2, 6], [1, 3, 4], [1, 5, 7], [2, 4, 7], [3, 5, 6], [3, 7, 8]]
  invariant blocksizes=(4, 4, 4, 4, 4, 4, 4, 4, 4, 4, 4, 4, 4, 4, 4, 4, 4) degrees=(7, 7, 7, 7, 8, 8, 8, 8, 8) linesizes=(3, 3, 3, 3, 3, 3, 3, 3, 3, 3) : 483 labelled copies; count = 23
     example blocks: [[0, 1, 2, 7], [0, 1, 3, 5], [0, 1, 4, 6], [0, 2, 4, 8], [0, 2, 5, 6], [0, 3, 4, 7], [0, 3, 6, 8], [0, 5, 7, 8], [1, 2, 3, 8], [1, 2, 4, 5], [1, 3, 6, 7], [1, 4, 7, 8], [1, 5, 6, 8], [2, 3, 4, 6], [2, 3, 5, 7], [2, 6, 7, 8], [3, 4, 5, 8]] lines: [[0, 2, 3], [0, 4, 5], [0, 6, 7], [1, 2, 6], [1, 3, 4], [1, 5, 7], [2, 4, 7], [3, 5, 6], [3, 7, 8], [4, 6, 8]]
  invariant blocksizes=(4, 4, 4, 4, 4, 4, 4, 4, 4, 4, 4, 4, 4, 4, 4, 4, 4) degrees=(7, 7, 7, 7, 8, 8, 8, 8, 8) linesizes=(3, 3, 3, 3, 3, 3, 3, 3, 3, 3, 3) : 138 labelled copies; count = 22
     example blocks: [[0, 1, 2, 7], [0, 1, 3, 5], [0, 1, 4, 6], [0, 2, 4, 8], [0, 2, 5, 6], [0, 3, 4, 7], [0, 3, 6, 8], [0, 5, 7, 8], [1, 2, 3, 8], [1, 2, 4, 5], [1, 3, 6, 7], [1, 4, 7, 8], [1, 5, 6, 8], [2, 3, 4, 6], [2, 3, 5, 7], [2, 6, 7, 8], [3, 4, 5, 8]] lines: [[0, 2, 3], [0, 4, 5], [0, 6, 7], [1, 2, 6], [1, 3, 4], [1, 5, 7], [2, 4, 7], [2, 5, 8], [3, 5, 6], [3, 7, 8], [4, 6, 8]]
  invariant blocksizes=(4, 4, 4, 4, 4, 4, 4, 4, 4, 4, 4, 4, 5, 5) degrees=(2, 7, 7, 7, 7, 7, 7, 7, 7) linesizes=(3, 3, 3, 3, 4, 4) : 53 labelled copies; count = 24
     example blocks: [[0, 1, 2, 6], [0, 1, 3, 5], [0, 1, 4, 8], [0, 2, 3, 4], [0, 3, 6, 8], [0, 4, 5, 6], [1, 2, 3, 8], [1, 2, 4, 5], [1, 5, 6, 8], [2, 3, 5, 6], [2, 4, 6, 8], [3, 4, 5, 8], [0, 2, 5, 7, 8], [1, 3, 4, 6, 7]] lines: [[0, 4, 7], [1, 5, 7], [2, 3, 7], [6, 7, 8], [0, 1, 2, 6], [3, 4, 5, 8]]
  invariant blocksizes=(4, 4, 4, 4, 4, 4, 4, 4, 4, 4, 4, 4, 4, 4, 4, 4, 4, 4) degrees=(8, 8, 8, 8, 8, 8, 8, 8, 8) linesizes=(3, 3, 3, 3, 3, 3, 3, 3) : 13 labelled copies; count = 22
     example blocks: [[0, 1, 2, 8], [0, 1, 4, 5], [0, 1, 6, 7], [0, 2, 3, 6], [0, 2, 5, 7], [0, 3, 4, 7], [0, 3, 5, 8], [0, 4, 6, 8], [1, 2, 3, 4], [1, 2, 5, 6], [1, 3, 5, 7], [1, 3, 6, 8], [1, 4, 7, 8], [2, 3, 7, 8], [2, 4, 5, 8], [2, 4, 6, 7], [3, 4, 5, 6], [5, 6, 7, 8]] lines: [[0, 1, 3], [0, 2, 4], [0, 7, 8], [1, 2, 7], [1, 5, 8], [2, 3, 5], [2, 6, 8], [3, 6, 7]]
  invariant blocksizes=(4, 4, 4, 4, 4, 4, 4, 4, 4, 4, 4, 4, 4, 4, 4, 4, 4, 4) degrees=(8, 8, 8, 8, 8, 8, 8, 8, 8) linesizes=(3, 3, 3, 3, 3, 3, 3, 3, 3) : 12 labelled copies; count = 21
     example blocks: [[0, 1, 2, 4], [0, 1, 5, 7], [0, 1, 6, 8], [0, 2, 3, 6], [0, 2, 7, 8], [0, 3, 4, 7], [0, 3, 5, 8], [0, 4, 5, 6], [1, 2, 3, 8], [1, 2, 5, 6], [1, 3, 4, 5], [1, 3, 6, 7], [1, 4, 7, 8], [2, 3, 5, 7], [2, 4, 5, 8], [2, 4, 6, 7], [3, 4, 6, 8], [5, 6, 7, 8]] lines: [[0, 2, 5], [0, 6, 7], [1, 2, 7], [1, 4, 6], [1, 5, 8], [2, 6, 8], [3, 5, 6], [3, 7, 8], [4, 5, 7]]
  invariant blocksizes=(4, 4, 4, 4, 4, 4, 4, 4, 4, 4, 4, 4, 4, 4, 4, 4, 4, 4) degrees=(8, 8, 8, 8, 8, 8, 8, 8, 8) linesizes=(3, 3, 3, 3, 3, 3, 3, 3, 3, 3) : 8 labelled copies; count = 20
     example blocks: [[0, 1, 2, 7], [0, 1, 4, 5], [0, 1, 6, 8], [0, 2, 3, 5], [0, 2, 4, 8], [0, 3, 4, 6], [0, 3, 7, 8], [0, 5, 6, 7], [1, 2, 3, 6], [1, 2, 5, 8], [1, 3, 4, 8], [1, 3, 5, 7], [1, 4, 6, 7], [2, 3, 4, 7], [2, 4, 5, 6], [2, 6, 7, 8], [3, 5, 6, 8], [4, 5, 7, 8]] lines: [[0, 1, 3], [0, 2, 6], [0, 4, 7], [0, 5, 8], [1, 2, 4], [1, 7, 8], [2, 3, 8], [2, 5, 7], [3, 6, 7], [4, 6, 8]]
  invariant blocksizes=(4, 4, 4, 4, 4, 4, 4, 4, 4, 4, 4, 4, 4, 4, 4, 4, 4, 4) degrees=(8, 8, 8, 8, 8, 8, 8, 8, 8) linesizes=(3, 3, 3, 3, 3, 3, 3) : 8 labelled copies; count = 23
     example blocks: [[0, 1, 2, 8], [0, 1, 4, 5], [0, 1, 6, 7], [0, 2, 3, 6], [0, 2, 5, 7], [0, 3, 4, 7], [0, 3, 5, 8], [0, 4, 6, 8], [1, 2, 3, 4], [1, 2, 5, 6], [1, 3, 5, 7], [1, 3, 6, 8], [1, 4, 7, 8], [2, 3, 7, 8], [2, 4, 5, 8], [2, 4, 6, 7], [3, 4, 5, 6], [5, 6, 7, 8]] lines: [[0, 1, 3], [1, 2, 7], [1, 5, 8], [2, 3, 5], [2, 6, 8], [3, 6, 7], [4, 5, 7]]
  invariant blocksizes=(4, 4, 4, 4, 4, 4, 4, 4, 4, 4, 4, 4, 4, 4, 4, 4, 4, 4) degrees=(8, 8, 8, 8, 8, 8, 8, 8, 8) linesizes=(3, 3, 3, 3, 3, 3) : 5 labelled copies; count = 24
     example blocks: [[0, 1, 2, 7], [0, 1, 3, 5], [0, 1, 4, 6], [0, 2, 4, 8], [0, 2, 5, 6], [0, 3, 4, 7], [0, 3, 6, 8], [0, 5, 7, 8], [1, 2, 3, 8], [1, 2, 4, 5], [1, 3, 6, 7], [1, 4, 7, 8], [1, 5, 6, 8], [2, 3, 4, 6], [2, 3, 5, 7], [2, 6, 7, 8], [3, 4, 5, 8], [4, 5, 6, 7]] lines: [[0, 2, 3], [0, 4, 5], [1, 3, 4], [1, 5, 7], [2, 4, 7], [4, 6, 8]]
  invariant blocksizes=(4, 4, 4, 4, 4, 4, 4, 4, 4, 4, 4, 4, 4, 4, 4, 4, 4, 4) degrees=(8, 8, 8, 8, 8, 8, 8, 8, 8) linesizes=(3, 3, 3, 3, 3, 4) : 2 labelled copies; count = 24
     example blocks: [[0, 1, 2, 7], [0, 1, 3, 5], [0, 1, 4, 6], [0, 2, 4, 8], [0, 2, 5, 6], [0, 3, 4, 7], [0, 3, 6, 8], [0, 5, 7, 8], [1, 2, 3, 8], [1, 2, 4, 5], [1, 3, 6, 7], [1, 4, 7, 8], [1, 5, 6, 8], [2, 3, 4, 6], [2, 3, 5, 7], [2, 6, 7, 8], [3, 4, 5, 8], [4, 5, 6, 7]] lines: [[0, 2, 3], [1, 2, 6], [1, 3, 4], [2, 4, 7], [4, 6, 8], [0, 5, 7, 8]]
  invariant blocksizes=(4, 4, 4, 4, 4, 4, 4, 4, 4, 4, 4, 4, 4, 4, 4, 4, 4, 4) degrees=(8, 8, 8, 8, 8, 8, 8, 8, 8) linesizes=(3, 3, 3, 3, 3, 3, 3, 3, 3, 3, 3) : 1 labelled copies; count = 19
     example blocks: [[0, 1, 2, 8], [0, 1, 4, 5], [0, 1, 6, 7], [0, 2, 3, 6], [0, 2, 5, 7], [0, 3, 4, 7], [0, 3, 5, 8], [0, 4, 6, 8], [1, 2, 3, 4], [1, 2, 5, 6], [1, 3, 5, 7], [1, 3, 6, 8], [1, 4, 7, 8], [2, 3, 7, 8], [2, 4, 5, 8], [2, 4, 6, 7], [3, 4, 5, 6], [5, 6, 7, 8]] lines: [[0, 1, 3], [0, 2, 4], [0, 5, 6], [0, 7, 8], [1, 2, 7], [1, 4, 6], [1, 5, 8], [2, 3, 5], [2, 6, 8], [3, 6, 7], [4, 5, 7]]
  invariant blocksizes=(4, 4, 4, 4, 4, 4, 4, 4, 4, 4, 4, 4, 4, 4, 4, 4, 4, 4) degrees=(8, 8, 8, 8, 8, 8, 8, 8, 8) linesizes=(3, 3, 3, 3, 3, 3, 4) : 1 labelled copies; count = 23
     example blocks: [[0, 1, 2, 3], [0, 1, 4, 7], [0, 1, 5, 8], [0, 2, 4, 5], [0, 2, 6, 8], [0, 3, 4, 6], [0, 3, 7, 8], [0, 5, 6, 7], [1, 2, 5, 6], [1, 2, 7, 8], [1, 3, 4, 5], [1, 3, 6, 7], [1, 4, 6, 8], [2, 3, 4, 8], [2, 3, 5, 7], [2, 4, 6, 7], [3, 5, 6, 8], [4, 5, 7, 8]] lines: [[0, 1, 6], [0, 3, 5], [0, 4, 8], [1, 3, 8], [1, 5, 7], [2, 5, 8], [2, 4, 6, 7]]
