N=6: |U|=24, planes=782, centre candidates=151597 (58.9s)
  subsets: 2496144 (66.9s)
  min #blocks over subsets: 71; survivors with R <= 77: 288 (79.3s)
  RESULT N=6 n=11: min circles = 59; #subsets with <= 59: 48 (81.9s)
hit structures (R, L, circles): Counter({(71, 12, 59): 48})
  example: [(-2, -1, -1), (-2, 1, 1), (-1, -2, -1), (-1, 1, -2), (-1, 1, 2), (-1, 2, -1), (1, -2, 1), (1, -1, -2), (1, -1, 2), (1, 2, 1), (2, -1, -1)] R= 71 L= 12 circles= 59
  example: [(-2, -1, -1), (-2, 1, 1), (-1, -2, -1), (-1, 1, -2), (-1, 1, 2), (-1, 2, -1), (1, -2, 1), (1, -1, -2), (1, -1, 2), (1, 2, 1), (2, 1, 1)] R= 71 L= 12 circles= 59
  example: [(-2, -1, -1), (-2, 1, 1), (-1, -2, -1), (-1, 1, -2), (-1, 1, 2), (-1, 2, -1), (1, -2, 1), (1, -1, -2), (1, -1, 2), (2, -1, -1), (2, 1, 1)] R= 71 L= 12 circles= 59
N=6: |U|=24, planes=782, centre candidates=151597 (0.0s)
  subsets: 2704156 (8.5s)
  min #blocks over subsets: 83; survivors with R <= 100: 24 (22.0s)
  RESULT N=6 n=12: min circles = 78; #subsets with <= 78: 4 (22.3s)
hit structures (R, L, circles): Counter({(83, 5, 78): 4})
  example: [(-2, -1, -1), (-2, 1, 1), (-1, -2, -1), (-1, 1, -2), (-1, 1, 2), (-1, 2, -1), (1, -2, 1), (1, -1, -2), (1, -1, 2), (1, 2, 1), (2, -1, -1), (2, 1, 1)] R= 83 L= 5 circles= 78
  example: [(-2, -1, -1), (-2, 1, 1), (-1, -2, 1), (-1, -1, -2), (-1, -1, 2), (-1, 2, 1), (1, -2, -1), (1, 1, -2), (1, 1, 2), (1, 2, -1), (2, -1, -1), (2, 1, 1)] R= 83 L= 5 circles= 78
  example: [(-2, -1, 1), (-2, 1, -1), (-1, -2, -1), (-1, -1, -2), (-1, -1, 2), (-1, 2, -1), (1, -2, 1), (1, 1, -2), (1, 1, 2), (1, 2, 1), (2, -1, 1), (2, 1, -1)] R= 83 L= 5 circles= 78
N=11: |U|=24, planes=702, centre candidates=110461 (44.3s)
  subsets: 1307504 (49.4s)
  min #blocks over subsets: 29; survivors with R <= 37: 144 (57.0s)
  RESULT N=11 n=9: min circles = 25; #subsets with <= 25: 96 (57.3s)
hit structures (R, L, circles): Counter({(29, 4, 25): 96})
  example: [(-3, -1, -1), (-3, -1, 1), (-3, 1, -1), (-1, -3, -1), (-1, 3, -1), (1, -3, -1), (1, 3, -1), (3, -1, -1), (3, 1, -1)] R= 29 L= 4 circles= 25
  example: [(-3, -1, -1), (-3, -1, 1), (-3, 1, -1), (-1, -1, -3), (-1, -1, 3), (1, -1, -3), (1, -1, 3), (3, -1, -1), (3, -1, 1)] R= 29 L= 4 circles= 25
  example: [(-3, -1, -1), (-3, -1, 1), (-3, 1, 1), (-1, -3, 1), (-1, 3, 1), (1, -3, 1), (1, 3, 1), (3, -1, 1), (3, 1, 1)] R= 29 L= 4 circles= 25
N=11: |U|=24, planes=702, centre candidates=110461 (0.0s)
  subsets: 1961256 (6.6s)
  min #blocks over subsets: 48; survivors with R <= 54: 504 (16.2s)
  RESULT N=11 n=10: min circles = 39; #subsets with <= 39: 120 (17.3s)
hit structures (R, L, circles): Counter({(50, 11, 39): 72, (48, 9, 39): 48})
  example: [(-3, -1, -1), (-3, 1, 1), (-1, -3, -1), (-1, 1, -3), (-1, 1, 3), (-1, 3, -1), (1, -3, 1), (1, -1, -3), (1, -1, 3), (1, 3, 1)] R= 50 L= 11 circles= 39
  example: [(-3, -1, -1), (-3, 1, 1), (-1, -3, -1), (-1, 1, -3), (-1, 1, 3), (-1, 3, -1), (1, -3, 1), (1, -1, -3), (1, -1, 3), (3, -1, -1)] R= 50 L= 11 circles= 39
  example: [(-3, -1, -1), (-3, 1, 1), (-1, -3, -1), (-1, 1, -3), (-1, 1, 3), (-1, 3, -1), (1, -3, 1), (1, -1, -3), (1, 3, 1), (3, -1, -1)] R= 48 L= 9 circles= 39
