REC 19 6 31 : 63
REC 22 6 28 : 63 195
REC 25 6 25 : 63 195 204
REC 28 6 22 : 63 195 204 240
REC 25 6 25 : 63 195 212
REC 28 6 22 : 63 195 212 232
REC 25 6 25 : 63 195 216
REC 28 6 22 : 63 195 216 228
REC 25 6 25 : 63 195 228
REC 25 6 25 : 63 195 232
REC 25 6 25 : 63 195 240
REC 22 6 28 : 63 197
REC 25 6 25 : 63 197 202
REC 28 6 22 : 63 197 202 240
REC 25 6 25 : 63 197 210
REC 28 6 22 : 63 197 210 232
REC 25 6 25 : 63 197 216
REC 28 6 22 : 63 197 216 226
REC 25 6 25 : 63 197 226
REC 25 6 25 : 63 197 232
REC 25 6 25 : 63 197 240
REC 22 6 28 : 63 198
REC 25 6 25 : 63 198 201
REC 28 6 22 : 63 198 201 240
REC 25 6 25 : 63 198 209
REC 28 6 22 : 63 198 209 232
REC 25 6 25 : 63 198 216
REC 28 6 22 : 63 198 216 225
REC 25 6 25 : 63 198 225
REC 25 6 25 : 63 198 232
REC 25 6 25 : 63 198 240
REC 22 6 28 : 63 201
REC 25 6 25 : 63 201 210
REC 28 6 22 : 63 201 210 228
REC 25 6 25 : 63 201 212
REC 28 6 22 : 63 201 212 226
REC 25 6 25 : 63 201 226
REC 25 6 25 : 63 201 228
REC 25 6 25 : 63 201 240
REC 22 6 28 : 63 202
REC 25 6 25 : 63 202 209
REC 28 6 22 : 63 202 209 228
REC 25 6 25 : 63 202 212
REC 28 6 22 : 63 202 212 225
REC 25 6 25 : 63 202 225
REC 25 6 25 : 63 202 228
REC 25 6 25 : 63 202 240
REC 22 6 28 : 63 204
REC 25 6 25 : 63 204 209
REC 28 6 22 : 63 204 209 226
REC 25 6 25 : 63 204 210
REC 28 6 22 : 63 204 210 225
REC 25 6 25 : 63 204 225
REC 25 6 25 : 63 204 226
REC 25 6 25 : 63 204 240
REC 22 6 28 : 63 209
REC 25 6 25 : 63 209 226
REC 25 6 25 : 63 209 228
REC 25 6 25 : 63 209 232
REC 22 6 28 : 63 210
REC 25 6 25 : 63 210 225
REC 25 6 25 : 63 210 228
REC 25 6 25 : 63 210 232
REC 22 6 28 : 63 212
REC 25 6 25 : 63 212 225
REC 25 6 25 : 63 212 226
REC 25 6 25 : 63 212 232
REC 22 6 28 : 63 216
REC 25 6 25 : 63 216 225
REC 25 6 25 : 63 216 226
REC 25 6 25 : 63 216 228
REC 22 6 28 : 63 225
REC 22 6 28 : 63 226
REC 22 6 28 : 63 228
REC 22 6 28 : 63 232
REC 22 6 28 : 63 240
DONE nodes=76 leaves=76 records=76
