REC 0 4 16 :
REC 3 4 13 : 15
REC 6 4 10 : 15 51
REC 9 4 7 : 15 51 60
REC 6 4 10 : 15 53
REC 9 4 7 : 15 53 58
REC 6 4 10 : 15 54
REC 9 4 7 : 15 54 57
REC 6 4 10 : 15 57
REC 6 4 10 : 15 58
REC 6 4 10 : 15 60
REC 3 4 13 : 23
REC 6 4 10 : 23 43
REC 9 4 7 : 23 43 60
REC 6 4 10 : 23 45
REC 9 4 7 : 23 45 58
REC 6 4 10 : 23 46
REC 9 4 7 : 23 46 57
REC 6 4 10 : 23 57
REC 6 4 10 : 23 58
REC 6 4 10 : 23 60
REC 3 4 13 : 27
REC 6 4 10 : 27 39
REC 9 4 7 : 27 39 60
REC 6 4 10 : 27 45
REC 9 4 7 : 27 45 54
REC 6 4 10 : 27 46
REC 9 4 7 : 27 46 53
REC 6 4 10 : 27 53
REC 6 4 10 : 27 54
REC 6 4 10 : 27 60
REC 3 4 13 : 29
REC 6 4 10 : 29 39
REC 9 4 7 : 29 39 58
REC 6 4 10 : 29 43
REC 9 4 7 : 29 43 54
REC 6 4 10 : 29 46
REC 9 4 7 : 29 46 51
REC 6 4 10 : 29 51
REC 6 4 10 : 29 54
REC 6 4 10 : 29 58
REC 3 4 13 : 30
REC 6 4 10 : 30 39
REC 9 4 7 : 30 39 57
REC 6 4 10 : 30 43
REC 9 4 7 : 30 43 53
REC 6 4 10 : 30 45
REC 9 4 7 : 30 45 51
REC 6 4 10 : 30 51
REC 6 4 10 : 30 53
REC 6 4 10 : 30 57
REC 9 2 9 : 31
REC 3 4 13 : 39
REC 6 4 10 : 39 57
REC 6 4 10 : 39 58
REC 6 4 10 : 39 60
REC 3 4 13 : 43
REC 6 4 10 : 43 53
REC 6 4 10 : 43 54
REC 6 4 10 : 43 60
REC 3 4 13 : 45
REC 6 4 10 : 45 51
REC 6 4 10 : 45 54
REC 6 4 10 : 45 58
REC 3 4 13 : 46
REC 6 4 10 : 46 51
REC 6 4 10 : 46 53
REC 6 4 10 : 46 57
REC 9 2 9 : 47
REC 3 4 13 : 51
REC 6 4 10 : 51 60
REC 3 4 13 : 53
REC 6 4 10 : 53 58
REC 3 4 13 : 54
REC 6 4 10 : 54 57
REC 9 2 9 : 55
REC 3 4 13 : 57
REC 3 4 13 : 58
REC 9 2 9 : 59
REC 3 4 13 : 60
REC 9 2 9 : 61
REC 9 2 9 : 62
DONE nodes=82 leaves=82 records=82
