REC 18 7 10 : 15 51 60 85 90 102
REC 21 7 7 : 15 51 60 85 90 102 105
REC 18 7 10 : 15 51 60 85 90 105
REC 18 7 10 : 15 51 60 85 102 105
REC 18 7 10 : 15 51 60 86 89 101
REC 21 7 7 : 15 51 60 86 89 101 106
REC 18 7 10 : 15 51 60 86 89 106
REC 18 7 10 : 15 51 60 86 101 106
REC 18 7 10 : 15 51 60 89 101 106
REC 18 7 10 : 15 51 60 90 102 105
REC 18 7 10 : 15 51 85 90 102 105
REC 18 7 10 : 15 51 86 89 101 106
REC 18 7 10 : 15 53 58 83 92 102
REC 21 7 7 : 15 53 58 83 92 102 105
REC 18 7 10 : 15 53 58 83 92 105
REC 18 7 10 : 15 53 58 83 102 105
REC 18 7 10 : 15 53 58 86 89 99
REC 21 7 7 : 15 53 58 86 89 99 108
REC 18 7 10 : 15 53 58 86 89 108
REC 18 7 10 : 15 53 58 86 99 108
REC 18 7 10 : 15 53 58 89 99 108
REC 18 7 10 : 15 53 58 92 102 105
REC 18 7 10 : 15 53 83 92 102 105
REC 18 7 10 : 15 53 86 89 99 108
REC 18 7 10 : 15 54 57 83 92 101
REC 21 7 7 : 15 54 57 83 92 101 106
REC 18 7 10 : 15 54 57 83 92 106
REC 18 7 10 : 15 54 57 83 101 106
REC 18 7 10 : 15 54 57 85 90 99
REC 21 7 7 : 15 54 57 85 90 99 108
REC 18 7 10 : 15 54 57 85 90 108
REC 18 7 10 : 15 54 57 85 99 108
REC 18 7 10 : 15 54 57 90 99 108
REC 18 7 10 : 15 54 57 92 101 106
REC 18 7 10 : 15 54 83 92 101 106
REC 18 7 10 : 15 54 85 90 99 108
REC 18 7 10 : 15 57 83 92 101 106
REC 18 7 10 : 15 57 85 90 99 108
REC 18 7 10 : 15 58 83 92 102 105
REC 18 7 10 : 15 58 86 89 99 108
REC 18 7 10 : 15 60 85 90 102 105
REC 18 7 10 : 15 60 86 89 101 106
REC 18 7 10 : 23 43 60 77 90 102
REC 21 7 7 : 23 43 60 77 90 102 113
REC 18 7 10 : 23 43 60 77 90 113
REC 18 7 10 : 23 43 60 77 102 113
REC 18 7 10 : 23 43 60 78 89 101
REC 21 7 7 : 23 43 60 78 89 101 114
REC 18 7 10 : 23 43 60 78 89 114
REC 18 7 10 : 23 43 60 78 101 114
REC 18 7 10 : 23 43 60 89 101 114
REC 18 7 10 : 23 43 60 90 102 113
REC 18 7 10 : 23 43 77 90 102 113
REC 18 7 10 : 23 43 78 89 101 114
REC 18 7 10 : 23 45 58 75 92 102
REC 21 7 7 : 23 45 58 75 92 102 113
REC 18 7 10 : 23 45 58 75 92 113
REC 18 7 10 : 23 45 58 75 102 113
REC 18 7 10 : 23 45 58 78 89 99
REC 21 7 7 : 23 45 58 78 89 99 116
REC 18 7 10 : 23 45 58 78 89 116
REC 18 7 10 : 23 45 58 78 99 116
REC 18 7 10 : 23 45 58 89 99 116
REC 18 7 10 : 23 45 58 92 102 113
REC 18 7 10 : 23 45 75 92 102 113
REC 18 7 10 : 23 45 78 89 99 116
REC 18 7 10 : 23 46 57 75 92 101
REC 21 7 7 : 23 46 57 75 92 101 114
REC 18 7 10 : 23 46 57 75 92 114
REC 18 7 10 : 23 46 57 75 101 114
REC 18 7 10 : 23 46 57 77 90 99
REC 21 7 7 : 23 46 57 77 90 99 116
REC 18 7 10 : 23 46 57 77 90 116
REC 18 7 10 : 23 46 57 77 99 116
REC 18 7 10 : 23 46 57 90 99 116
REC 18 7 10 : 23 46 57 92 101 114
REC 18 7 10 : 23 46 75 92 101 114
REC 18 7 10 : 23 46 77 90 99 116
REC 18 7 10 : 23 57 75 92 101 114
REC 18 7 10 : 23 57 77 90 99 116
REC 18 7 10 : 23 58 75 92 102 113
REC 18 7 10 : 23 58 78 89 99 116
REC 18 7 10 : 23 60 77 90 102 113
REC 18 7 10 : 23 60 78 89 101 114
REC 18 7 10 : 27 39 60 77 86 106
REC 21 7 7 : 27 39 60 77 86 106 113
REC 18 7 10 : 27 39 60 77 86 113
REC 18 7 10 : 27 39 60 77 106 113
REC 18 7 10 : 27 39 60 78 85 105
REC 21 7 7 : 27 39 60 78 85 105 114
REC 18 7 10 : 27 39 60 78 85 114
REC 18 7 10 : 27 39 60 78 105 114
REC 18 7 10 : 27 39 60 85 105 114
REC 18 7 10 : 27 39 60 86 106 113
REC 18 7 10 : 27 39 77 86 106 113
REC 18 7 10 : 27 39 78 85 105 114
REC 18 7 10 : 27 45 54 71 92 106
REC 21 7 7 : 27 45 54 71 92 106 113
REC 18 7 10 : 27 45 54 71 92 113
REC 18 7 10 : 27 45 54 71 106 113
REC 18 7 10 : 27 45 54 78 85 99
REC 21 7 7 : 27 45 54 78 85 99 120
REC 18 7 10 : 27 45 54 78 85 120
REC 18 7 10 : 27 45 54 78 99 120
REC 18 7 10 : 27 45 54 85 99 120
REC 18 7 10 : 27 45 54 92 106 113
REC 18 7 10 : 27 45 71 92 106 113
REC 18 7 10 : 27 45 78 85 99 120
REC 18 7 10 : 27 46 53 71 92 105
REC 21 7 7 : 27 46 53 71 92 105 114
REC 18 7 10 : 27 46 53 71 92 114
REC 18 7 10 : 27 46 53 71 105 114
REC 18 7 10 : 27 46 53 77 86 99
REC 21 7 7 : 27 46 53 77 86 99 120
REC 18 7 10 : 27 46 53 77 86 120
REC 18 7 10 : 27 46 53 77 99 120
REC 18 7 10 : 27 46 53 86 99 120
REC 18 7 10 : 27 46 53 92 105 114
REC 18 7 10 : 27 46 71 92 105 114
REC 18 7 10 : 27 46 77 86 99 120
REC 18 7 10 : 27 53 71 92 105 114
REC 18 7 10 : 27 53 77 86 99 120
REC 18 7 10 : 27 54 71 92 106 113
REC 18 7 10 : 27 54 78 85 99 120
REC 18 7 10 : 27 60 77 86 106 113
REC 18 7 10 : 27 60 78 85 105 114
REC 18 7 10 : 29 39 58 75 86 108
REC 21 7 7 : 29 39 58 75 86 108 113
REC 18 7 10 : 29 39 58 75 86 113
REC 18 7 10 : 29 39 58 75 108 113
REC 18 7 10 : 29 39 58 78 83 105
REC 21 7 7 : 29 39 58 78 83 105 116
REC 18 7 10 : 29 39 58 78 83 116
REC 18 7 10 : 29 39 58 78 105 116
REC 18 7 10 : 29 39 58 83 105 116
REC 18 7 10 : 29 39 58 86 108 113
REC 18 7 10 : 29 39 75 86 108 113
REC 18 7 10 : 29 39 78 83 105 116
REC 18 7 10 : 29 43 54 71 90 108
REC 21 7 7 : 29 43 54 71 90 108 113
REC 18 7 10 : 29 43 54 71 90 113
REC 18 7 10 : 29 43 54 71 108 113
REC 18 7 10 : 29 43 54 78 83 101
REC 21 7 7 : 29 43 54 78 83 101 120
REC 18 7 10 : 29 43 54 78 83 120
REC 18 7 10 : 29 43 54 78 101 120
REC 18 7 10 : 29 43 54 83 101 120
REC 18 7 10 : 29 43 54 90 108 113
REC 18 7 10 : 29 43 71 90 108 113
REC 18 7 10 : 29 43 78 83 101 120
REC 18 7 10 : 29 46 51 71 90 105
REC 21 7 7 : 29 46 51 71 90 105 116
REC 18 7 10 : 29 46 51 71 90 116
REC 18 7 10 : 29 46 51 71 105 116
REC 18 7 10 : 29 46 51 75 86 101
REC 21 7 7 : 29 46 51 75 86 101 120
REC 18 7 10 : 29 46 51 75 86 120
REC 18 7 10 : 29 46 51 75 101 120
REC 18 7 10 : 29 46 51 86 101 120
REC 18 7 10 : 29 46 51 90 105 116
REC 18 7 10 : 29 46 71 90 105 116
REC 18 7 10 : 29 46 75 86 101 120
REC 18 7 10 : 29 51 71 90 105 116
REC 18 7 10 : 29 51 75 86 101 120
REC 18 7 10 : 29 54 71 90 108 113
REC 18 7 10 : 29 54 78 83 101 120
REC 18 7 10 : 29 58 75 86 108 113
REC 18 7 10 : 29 58 78 83 105 116
REC 18 7 10 : 30 39 57 75 85 108
REC 21 7 7 : 30 39 57 75 85 108 114
REC 18 7 10 : 30 39 57 75 85 114
REC 18 7 10 : 30 39 57 75 108 114
REC 18 7 10 : 30 39 57 77 83 106
REC 21 7 7 : 30 39 57 77 83 106 116
REC 18 7 10 : 30 39 57 77 83 116
REC 18 7 10 : 30 39 57 77 106 116
REC 18 7 10 : 30 39 57 83 106 116
REC 18 7 10 : 30 39 57 85 108 114
REC 18 7 10 : 30 39 75 85 108 114
REC 18 7 10 : 30 39 77 83 106 116
REC 18 7 10 : 30 43 53 71 89 108
REC 21 7 7 : 30 43 53 71 89 108 114
REC 18 7 10 : 30 43 53 71 89 114
REC 18 7 10 : 30 43 53 71 108 114
REC 18 7 10 : 30 43 53 77 83 102
REC 21 7 7 : 30 43 53 77 83 102 120
REC 18 7 10 : 30 43 53 77 83 120
REC 18 7 10 : 30 43 53 77 102 120
REC 18 7 10 : 30 43 53 83 102 120
REC 18 7 10 : 30 43 53 89 108 114
REC 18 7 10 : 30 43 71 89 108 114
REC 18 7 10 : 30 43 77 83 102 120
REC 18 7 10 : 30 45 51 71 89 106
REC 21 7 7 : 30 45 51 71 89 106 116
REC 18 7 10 : 30 45 51 71 89 116
REC 18 7 10 : 30 45 51 71 106 116
REC 18 7 10 : 30 45 51 75 85 102
REC 21 7 7 : 30 45 51 75 85 102 120
REC 18 7 10 : 30 45 51 75 85 120
REC 18 7 10 : 30 45 51 75 102 120
REC 18 7 10 : 30 45 51 85 102 120
REC 18 7 10 : 30 45 51 89 106 116
REC 18 7 10 : 30 45 71 89 106 116
REC 18 7 10 : 30 45 75 85 102 120
REC 18 7 10 : 30 51 71 89 106 116
REC 18 7 10 : 30 51 75 85 102 120
REC 18 7 10 : 30 53 71 89 108 114
REC 18 7 10 : 30 53 77 83 102 120
REC 18 7 10 : 30 57 75 85 108 114
REC 18 7 10 : 30 57 77 83 106 116
REC 18 7 10 : 39 57 75 85 108 114
REC 18 7 10 : 39 57 77 83 106 116
REC 18 7 10 : 39 58 75 86 108 113
REC 18 7 10 : 39 58 78 83 105 116
REC 18 7 10 : 39 60 77 86 106 113
REC 18 7 10 : 39 60 78 85 105 114
REC 18 7 10 : 43 53 71 89 108 114
REC 18 7 10 : 43 53 77 83 102 120
REC 18 7 10 : 43 54 71 90 108 113
REC 18 7 10 : 43 54 78 83 101 120
REC 18 7 10 : 43 60 77 90 102 113
REC 18 7 10 : 43 60 78 89 101 114
REC 18 7 10 : 45 51 71 89 106 116
REC 18 7 10 : 45 51 75 85 102 120
REC 18 7 10 : 45 54 71 92 106 113
REC 18 7 10 : 45 54 78 85 99 120
REC 18 7 10 : 45 58 75 92 102 113
REC 18 7 10 : 45 58 78 89 99 116
REC 18 7 10 : 46 51 71 90 105 116
REC 18 7 10 : 46 51 75 86 101 120
REC 18 7 10 : 46 53 71 92 105 114
REC 18 7 10 : 46 53 77 86 99 120
REC 18 7 10 : 46 57 75 92 101 114
REC 18 7 10 : 46 57 77 90 99 116
REC 18 7 10 : 51 60 85 90 102 105
REC 18 7 10 : 51 60 86 89 101 106
REC 18 7 10 : 53 58 83 92 102 105
REC 18 7 10 : 53 58 86 89 99 108
REC 18 7 10 : 54 57 83 92 101 106
REC 18 7 10 : 54 57 85 90 99 108
DONE nodes=3329 leaves=247 records=240
