REC 21 6 8 : 15 51 60 85 90 102 105
REC 21 6 8 : 15 51 60 86 89 101 106
REC 21 6 8 : 15 53 58 83 92 102 105
REC 21 6 8 : 15 53 58 86 89 99 108
REC 21 6 8 : 15 54 57 83 92 101 106
REC 21 6 8 : 15 54 57 85 90 99 108
REC 21 6 8 : 23 43 60 77 90 102 113
REC 21 6 8 : 23 43 60 78 89 101 114
REC 21 6 8 : 23 45 58 75 92 102 113
REC 21 6 8 : 23 45 58 78 89 99 116
REC 21 6 8 : 23 46 57 75 92 101 114
REC 21 6 8 : 23 46 57 77 90 99 116
REC 21 6 8 : 27 39 60 77 86 106 113
REC 21 6 8 : 27 39 60 78 85 105 114
REC 21 6 8 : 27 45 54 71 92 106 113
REC 21 6 8 : 27 45 54 78 85 99 120
REC 21 6 8 : 27 46 53 71 92 105 114
REC 21 6 8 : 27 46 53 77 86 99 120
REC 21 6 8 : 29 39 58 75 86 108 113
REC 21 6 8 : 29 39 58 78 83 105 116
REC 21 6 8 : 29 43 54 71 90 108 113
REC 21 6 8 : 29 43 54 78 83 101 120
REC 21 6 8 : 29 46 51 71 90 105 116
REC 21 6 8 : 29 46 51 75 86 101 120
REC 21 6 8 : 30 39 57 75 85 108 114
REC 21 6 8 : 30 39 57 77 83 106 116
REC 21 6 8 : 30 43 53 71 89 108 114
REC 21 6 8 : 30 43 53 77 83 102 120
REC 21 6 8 : 30 45 51 71 89 106 116
REC 21 6 8 : 30 45 51 75 85 102 120
DONE nodes=2354 leaves=37 records=30
