DONE nodes=109169 leaves=9762 records=732
732 labelled records
5 isomorphism classes
CLASS: sizes=[4, 4, 4, 4, 4, 4, 4, 4, 4, 4, 4, 4] D=36 ell_max=3 count=17 degrees=[7, 7, 6, 6, 6, 6, 5, 5] labelled copies=432
  own ell_max=3 (enumerator said 3); #maximum line sets=36; example=[[0, 1, 2, 3], [2, 6, 7], [4, 5, 6]]
  point 0: hereditary SG violated on S=(1, 2, 3, 4, 5, 6, 7) (derived lines [[1, 2, 3], [1, 4, 5], [2, 4, 6], [3, 5, 6], [3, 4, 7], [2, 5, 7], [1, 6, 7]])
  point 1: hereditary SG violated on S=(0, 2, 3, 4, 5, 6, 7) (derived lines [[0, 2, 3], [0, 4, 5], [3, 4, 6], [2, 5, 6], [2, 4, 7], [3, 5, 7], [0, 6, 7]])
  maximum line sets: 36; killed by (8_3)-at-infinity: 0; killed by Angle Lemma at infinity (n=6 pattern): 0
  maximum line sets violating hereditary SG: 0 of 36
CLASS: sizes=[4, 4, 4, 4, 4, 4, 4, 4, 4, 4, 4, 4, 4] D=39 ell_max=2 count=15 degrees=[7, 7, 7, 7, 6, 6, 6, 6] labelled copies=78
  own ell_max=2 (enumerator said 2); #maximum line sets=34; example=[[0, 1, 2, 3], [4, 5, 6]]
  point 0: hereditary SG violated on S=(1, 2, 3, 4, 5, 6, 7) (derived lines [[1, 2, 3], [1, 4, 5], [2, 4, 6], [3, 5, 6], [3, 4, 7], [2, 5, 7], [1, 6, 7]])
  point 1: hereditary SG violated on S=(0, 2, 3, 4, 5, 6, 7) (derived lines [[0, 2, 3], [0, 4, 5], [3, 4, 6], [2, 5, 6], [2, 4, 7], [3, 5, 7], [0, 6, 7]])
  point 2: hereditary SG violated on S=(0, 1, 3, 4, 5, 6, 7) (derived lines [[0, 1, 3], [3, 4, 5], [0, 4, 6], [1, 5, 6], [1, 4, 7], [0, 5, 7], [3, 6, 7]])
  point 3: hereditary SG violated on S=(0, 1, 2, 4, 5, 6, 7) (derived lines [[0, 1, 2], [2, 4, 5], [1, 4, 6], [0, 5, 6], [0, 4, 7], [1, 5, 7], [2, 6, 7]])
  maximum line sets: 34; killed by (8_3)-at-infinity: 0; killed by Angle Lemma at infinity (n=6 pattern): 0
  maximum line sets violating hereditary SG: 0 of 34
CLASS: sizes=[4, 4, 4, 4, 4, 4, 4, 4, 4, 4, 4, 4, 4, 4] D=42 ell_max=2 count=12 degrees=[7, 7, 7, 7, 7, 7, 7, 7] labelled copies=6
  own ell_max=2 (enumerator said 2); #maximum line sets=7; example=[[0, 1, 2, 3], [4, 5, 6, 7]]
  point 0: hereditary SG violated on S=(1, 2, 3, 4, 5, 6, 7) (derived lines [[1, 2, 3], [1, 4, 5], [2, 4, 6], [3, 5, 6], [3, 4, 7], [2, 5, 7], [1, 6, 7]])
  point 1: hereditary SG violated on S=(0, 2, 3, 4, 5, 6, 7) (derived lines [[0, 2, 3], [0, 4, 5], [3, 4, 6], [2, 5, 6], [2, 4, 7], [3, 5, 7], [0, 6, 7]])
  point 2: hereditary SG violated on S=(0, 1, 3, 4, 5, 6, 7) (derived lines [[0, 1, 3], [3, 4, 5], [0, 4, 6], [1, 5, 6], [1, 4, 7], [0, 5, 7], [3, 6, 7]])
  point 3: hereditary SG violated on S=(0, 1, 2, 4, 5, 6, 7) (derived lines [[0, 1, 2], [2, 4, 5], [1, 4, 6], [0, 5, 6], [0, 4, 7], [1, 5, 7], [2, 6, 7]])
  point 4: hereditary SG violated on S=(0, 1, 2, 3, 5, 6, 7) (derived lines [[0, 1, 5], [2, 3, 5], [0, 2, 6], [1, 3, 6], [1, 2, 7], [0, 3, 7], [5, 6, 7]])
  point 5: hereditary SG violated on S=(0, 1, 2, 3, 4, 6, 7) (derived lines [[0, 1, 4], [2, 3, 4], [1, 2, 6], [0, 3, 6], [0, 2, 7], [1, 3, 7], [4, 6, 7]])
  point 6: hereditary SG violated on S=(0, 1, 2, 3, 4, 5, 7) (derived lines [[0, 2, 4], [1, 3, 4], [1, 2, 5], [0, 3, 5], [0, 1, 7], [2, 3, 7], [4, 5, 7]])
  point 7: hereditary SG violated on S=(0, 1, 2, 3, 4, 5, 6) (derived lines [[1, 2, 4], [0, 3, 4], [0, 2, 5], [1, 3, 5], [0, 1, 6], [2, 3, 6], [4, 5, 6]])
  maximum line sets: 7; killed by (8_3)-at-infinity: 0; killed by Angle Lemma at infinity (n=6 pattern): 0
  maximum line sets violating hereditary SG: 0 of 7
CLASS: sizes=[4, 4, 4, 4, 4, 4, 4, 4, 4, 4, 4, 4] D=36 ell_max=3 count=17 degrees=[6, 6, 6, 6, 6, 6, 6, 6] labelled copies=36
  own ell_max=3 (enumerator said 3); #maximum line sets=48; example=[[0, 1, 2, 3], [0, 5, 6], [1, 4, 7]]
  maximum line sets: 48; killed by (8_3)-at-infinity: 0; killed by Angle Lemma at infinity (n=6 pattern): 0
  maximum line sets violating hereditary SG: 0 of 48
CLASS: sizes=[4, 4, 4, 4, 4, 4, 4, 4, 4, 4] D=30 ell_max=8 count=18 degrees=[5, 5, 5, 5, 5, 5, 5, 5] labelled copies=180
  own ell_max=8 (enumerator said 8); #maximum line sets=2; example=[[0, 2, 5], [0, 3, 6], [0, 4, 7], [1, 2, 6], [1, 3, 4], [1, 5, 7], [2, 3, 7], [4, 5, 6]]
  maximum line sets: 2; killed by (8_3)-at-infinity: 2; killed by Angle Lemma at infinity (n=6 pattern): 0
  maximum line sets violating hereditary SG: 0 of 2
