REC 36 3 17 : 15 51 60 85 90 102 153 165 170 195 204 240
REC 36 3 17 : 15 51 60 85 90 105 150 165 170 195 204 240
REC 36 3 17 : 15 51 60 85 102 105 150 153 170 195 204 240
REC 36 3 17 : 15 51 60 86 89 101 154 166 169 195 204 240
REC 36 3 17 : 15 51 60 86 89 106 149 166 169 195 204 240
REC 36 3 17 : 15 51 60 86 101 106 149 154 169 195 204 240
REC 36 3 17 : 15 51 60 89 101 106 149 154 166 195 204 240
REC 36 3 17 : 15 51 60 90 102 105 150 153 165 195 204 240
REC 36 3 17 : 15 51 85 90 102 105 150 153 165 170 204 240
REC 36 3 17 : 15 51 86 89 101 106 149 154 166 169 204 240
REC 36 3 17 : 15 53 58 83 92 102 153 163 172 197 202 240
REC 36 3 17 : 15 53 58 83 92 105 150 163 172 197 202 240
REC 36 3 17 : 15 53 58 83 102 105 150 153 172 197 202 240
REC 36 3 17 : 15 53 58 86 89 99 156 166 169 197 202 240
REC 36 3 17 : 15 53 58 86 89 108 147 166 169 197 202 240
REC 36 3 17 : 15 53 58 86 99 108 147 156 169 197 202 240
REC 36 3 17 : 15 53 58 89 99 108 147 156 166 197 202 240
REC 36 3 17 : 15 53 58 92 102 105 150 153 163 197 202 240
REC 36 3 17 : 15 53 83 92 102 105 150 153 163 172 202 240
REC 36 3 17 : 15 53 86 89 99 108 147 156 166 169 202 240
REC 36 3 17 : 15 54 57 83 92 101 154 163 172 198 201 240
REC 36 3 17 : 15 54 57 83 92 106 149 163 172 198 201 240
REC 36 3 17 : 15 54 57 83 101 106 149 154 172 198 201 240
REC 36 3 17 : 15 54 57 85 90 99 156 165 170 198 201 240
REC 36 3 17 : 15 54 57 85 90 108 147 165 170 198 201 240
REC 36 3 17 : 15 54 57 85 99 108 147 156 170 198 201 240
REC 36 3 17 : 15 54 57 90 99 108 147 156 165 198 201 240
REC 36 3 17 : 15 54 57 92 101 106 149 154 163 198 201 240
REC 36 3 17 : 15 54 83 92 101 106 149 154 163 172 201 240
REC 36 3 17 : 15 54 85 90 99 108 147 156 165 170 201 240
REC 36 3 17 : 15 57 83 92 101 106 149 154 163 172 198 240
REC 36 3 17 : 15 57 85 90 99 108 147 156 165 170 198 240
REC 36 3 17 : 15 58 83 92 102 105 150 153 163 172 197 240
REC 36 3 17 : 15 58 86 89 99 108 147 156 166 169 197 240
REC 36 3 17 : 15 60 85 90 102 105 150 153 165 170 195 240
REC 36 3 17 : 15 60 86 89 101 106 149 154 166 169 195 240
DONE nodes=105665 leaves=6858 records=36
