REC 36 3 17 : 15 51 60 85 90 102 105 150 153 165 170 195
REC 39 2 15 : 15 51 60 85 90 102 105 150 153 165 170 195 204
REC 42 2 12 : 15 51 60 85 90 102 105 150 153 165 170 195 204 240
REC 39 2 15 : 15 51 60 85 90 102 105 150 153 165 170 195 240
REC 36 3 17 : 15 51 60 85 90 102 105 150 153 165 170 204
REC 39 2 15 : 15 51 60 85 90 102 105 150 153 165 170 204 240
REC 36 3 17 : 15 51 60 85 90 102 105 150 153 165 170 240
REC 36 3 17 : 15 51 60 85 90 102 105 150 153 165 195 204
REC 39 2 15 : 15 51 60 85 90 102 105 150 153 165 195 204 240
REC 36 3 17 : 15 51 60 85 90 102 105 150 153 165 195 240
REC 36 3 17 : 15 51 60 85 90 102 105 150 153 165 204 240
REC 36 3 17 : 15 51 60 85 90 102 105 150 153 170 195 204
REC 39 2 15 : 15 51 60 85 90 102 105 150 153 170 195 204 240
REC 36 3 17 : 15 51 60 85 90 102 105 150 153 170 195 240
REC 36 3 17 : 15 51 60 85 90 102 105 150 153 170 204 240
REC 36 3 17 : 15 51 60 85 90 102 105 150 153 195 204 240
REC 36 3 17 : 15 51 60 85 90 102 105 150 165 170 195 204
REC 39 2 15 : 15 51 60 85 90 102 105 150 165 170 195 204 240
REC 36 3 17 : 15 51 60 85 90 102 105 150 165 170 195 240
REC 36 3 17 : 15 51 60 85 90 102 105 150 165 170 204 240
REC 36 3 17 : 15 51 60 85 90 102 105 150 165 195 204 240
REC 36 3 17 : 15 51 60 85 90 102 105 150 170 195 204 240
REC 36 3 17 : 15 51 60 85 90 102 105 153 165 170 195 204
REC 39 2 15 : 15 51 60 85 90 102 105 153 165 170 195 204 240
REC 36 3 17 : 15 51 60 85 90 102 105 153 165 170 195 240
REC 36 3 17 : 15 51 60 85 90 102 105 153 165 170 204 240
REC 36 3 17 : 15 51 60 85 90 102 105 153 165 195 204 240
REC 36 3 17 : 15 51 60 85 90 102 105 153 170 195 204 240
REC 36 3 17 : 15 51 60 85 90 102 105 165 170 195 204 240
REC 36 3 17 : 15 51 60 85 90 102 150 153 165 170 195 204
REC 39 2 15 : 15 51 60 85 90 102 150 153 165 170 195 204 240
REC 36 3 17 : 15 51 60 85 90 102 150 153 165 170 195 240
REC 36 3 17 : 15 51 60 85 90 102 150 153 165 170 204 240
REC 36 3 17 : 15 51 60 85 90 102 150 153 165 195 204 240
REC 36 3 17 : 15 51 60 85 90 102 150 153 170 195 204 240
REC 36 3 17 : 15 51 60 85 90 102 150 165 170 195 204 240
REC 36 3 17 : 15 51 60 85 90 102 153 165 170 195 204 240
REC 36 3 17 : 15 51 60 85 90 105 150 153 165 170 195 204
REC 39 2 15 : 15 51 60 85 90 105 150 153 165 170 195 204 240
REC 36 3 17 : 15 51 60 85 90 105 150 153 165 170 195 240
REC 36 3 17 : 15 51 60 85 90 105 150 153 165 170 204 240
REC 36 3 17 : 15 51 60 85 90 105 150 153 165 195 204 240
REC 36 3 17 : 15 51 60 85 90 105 150 153 170 195 204 240
REC 36 3 17 : 15 51 60 85 90 105 150 165 170 195 204 240
REC 36 3 17 : 15 51 60 85 90 105 153 165 170 195 204 240
REC 36 3 17 : 15 51 60 85 90 150 153 165 170 195 204 240
REC 36 3 17 : 15 51 60 85 102 105 150 153 165 170 195 204
REC 39 2 15 : 15 51 60 85 102 105 150 153 165 170 195 204 240
REC 36 3 17 : 15 51 60 85 102 105 150 153 165 170 195 240
REC 36 3 17 : 15 51 60 85 102 105 150 153 165 170 204 240
REC 36 3 17 : 15 51 60 85 102 105 150 153 165 195 204 240
REC 36 3 17 : 15 51 60 85 102 105 150 153 170 195 204 240
REC 36 3 17 : 15 51 60 85 102 105 150 165 170 195 204 240
REC 36 3 17 : 15 51 60 85 102 105 153 165 170 195 204 240
REC 36 3 17 : 15 51 60 85 102 150 153 165 170 195 204 240
REC 36 3 17 : 15 51 60 85 105 150 153 165 170 195 204 240
REC 30 8 18 : 15 51 60 85 106 150 169 195 216 228
REC 30 8 18 : 15 51 60 85 106 153 166 204 210 225
REC 30 8 18 : 15 51 60 85 106 154 165 198 201 240
REC 36 3 17 : 15 51 60 86 89 101 106 149 154 166 169 195
REC 39 2 15 : 15 51 60 86 89 101 106 149 154 166 169 195 204
REC 42 2 12 : 15 51 60 86 89 101 106 149 154 166 169 195 204 240
REC 39 2 15 : 15 51 60 86 89 101 106 149 154 166 169 195 240
REC 36 3 17 : 15 51 60 86 89 101 106 149 154 166 169 204
REC 39 2 15 : 15 51 60 86 89 101 106 149 154 166 169 204 240
REC 36 3 17 : 15 51 60 86 89 101 106 149 154 166 169 240
REC 36 3 17 : 15 51 60 86 89 101 106 149 154 166 195 204
REC 39 2 15 : 15 51 60 86 89 101 106 149 154 166 195 204 240
REC 36 3 17 : 15 51 60 86 89 101 106 149 154 166 195 240
REC 36 3 17 : 15 51 60 86 89 101 106 149 154 166 204 240
REC 36 3 17 : 15 51 60 86 89 101 106 149 154 169 195 204
REC 39 2 15 : 15 51 60 86 89 101 106 149 154 169 195 204 240
REC 36 3 17 : 15 51 60 86 89 101 106 149 154 169 195 240
REC 36 3 17 : 15 51 60 86 89 101 106 149 154 169 204 240
REC 36 3 17 : 15 51 60 86 89 101 106 149 154 195 204 240
REC 36 3 17 : 15 51 60 86 89 101 106 149 166 169 195 204
REC 39 2 15 : 15 51 60 86 89 101 106 149 166 169 195 204 240
REC 36 3 17 : 15 51 60 86 89 101 106 149 166 169 195 240
REC 36 3 17 : 15 51 60 86 89 101 106 149 166 169 204 240
REC 36 3 17 : 15 51 60 86 89 101 106 149 166 195 204 240
REC 36 3 17 : 15 51 60 86 89 101 106 149 169 195 204 240
REC 36 3 17 : 15 51 60 86 89 101 106 154 166 169 195 204
REC 39 2 15 : 15 51 60 86 89 101 106 154 166 169 195 204 240
REC 36 3 17 : 15 51 60 86 89 101 106 154 166 169 195 240
REC 36 3 17 : 15 51 60 86 89 101 106 154 166 169 204 240
REC 36 3 17 : 15 51 60 86 89 101 106 154 166 195 204 240
REC 36 3 17 : 15 51 60 86 89 101 106 154 169 195 204 240
REC 36 3 17 : 15 51 60 86 89 101 106 166 169 195 204 240
REC 36 3 17 : 15 51 60 86 89 101 149 154 166 169 195 204
REC 39 2 15 : 15 51 60 86 89 101 149 154 166 169 195 204 240
REC 36 3 17 : 15 51 60 86 89 101 149 154 166 169 195 240
REC 36 3 17 : 15 51 60 86 89 101 149 154 166 169 204 240
REC 36 3 17 : 15 51 60 86 89 101 149 154 166 195 204 240
REC 36 3 17 : 15 51 60 86 89 101 149 154 169 195 204 240
REC 36 3 17 : 15 51 60 86 89 101 149 166 169 195 204 240
REC 36 3 17 : 15 51 60 86 89 101 154 166 169 195 204 240
REC 36 3 17 : 15 51 60 86 89 106 149 154 166 169 195 204
REC 39 2 15 : 15 51 60 86 89 106 149 154 166 169 195 204 240
REC 36 3 17 : 15 51 60 86 89 106 149 154 166 169 195 240
REC 36 3 17 : 15 51 60 86 89 106 149 154 166 169 204 240
REC 36 3 17 : 15 51 60 86 89 106 149 154 166 195 204 240
REC 36 3 17 : 15 51 60 86 89 106 149 154 169 195 204 240
REC 36 3 17 : 15 51 60 86 89 106 149 166 169 195 204 240
REC 36 3 17 : 15 51 60 86 89 106 154 166 169 195 204 240
REC 36 3 17 : 15 51 60 86 89 149 154 166 169 195 204 240
REC 36 3 17 : 15 51 60 86 101 106 149 154 166 169 195 204
REC 39 2 15 : 15 51 60 86 101 106 149 154 166 169 195 204 240
REC 36 3 17 : 15 51 60 86 101 106 149 154 166 169 195 240
REC 36 3 17 : 15 51 60 86 101 106 149 154 166 169 204 240
REC 36 3 17 : 15 51 60 86 101 106 149 154 166 195 204 240
REC 36 3 17 : 15 51 60 86 101 106 149 154 169 195 204 240
REC 36 3 17 : 15 51 60 86 101 106 149 166 169 195 204 240
REC 36 3 17 : 15 51 60 86 101 106 154 166 169 195 204 240
REC 36 3 17 : 15 51 60 86 101 149 154 166 169 195 204 240
REC 30 8 18 : 15 51 60 86 105 149 170 195 216 228
REC 30 8 18 : 15 51 60 86 105 153 166 197 202 240
REC 30 8 18 : 15 51 60 86 105 154 165 204 209 226
REC 36 3 17 : 15 51 60 86 106 149 154 166 169 195 204 240
REC 36 3 17 : 15 51 60 89 101 106 149 154 166 169 195 204
REC 39 2 15 : 15 51 60 89 101 106 149 154 166 169 195 204 240
REC 36 3 17 : 15 51 60 89 101 106 149 154 166 169 195 240
REC 36 3 17 : 15 51 60 89 101 106 149 154 166 169 204 240
REC 36 3 17 : 15 51 60 89 101 106 149 154 166 195 204 240
REC 36 3 17 : 15 51 60 89 101 106 149 154 169 195 204 240
REC 36 3 17 : 15 51 60 89 101 106 149 166 169 195 204 240
REC 36 3 17 : 15 51 60 89 101 106 154 166 169 195 204 240
REC 36 3 17 : 15 51 60 89 101 149 154 166 169 195 204 240
REC 30 8 18 : 15 51 60 89 102 149 170 204 210 225
REC 30 8 18 : 15 51 60 89 102 150 169 197 202 240
REC 30 8 18 : 15 51 60 89 102 154 165 195 212 232
REC 36 3 17 : 15 51 60 89 106 149 154 166 169 195 204 240
REC 30 8 18 : 15 51 60 90 101 149 170 198 201 240
REC 30 8 18 : 15 51 60 90 101 150 169 204 209 226
REC 30 8 18 : 15 51 60 90 101 153 166 195 212 232
REC 36 3 17 : 15 51 60 90 102 105 150 153 165 170 195 204
REC 39 2 15 : 15 51 60 90 102 105 150 153 165 170 195 204 240
REC 36 3 17 : 15 51 60 90 102 105 150 153 165 170 195 240
REC 36 3 17 : 15 51 60 90 102 105 150 153 165 170 204 240
REC 36 3 17 : 15 51 60 90 102 105 150 153 165 195 204 240
REC 36 3 17 : 15 51 60 90 102 105 150 153 170 195 204 240
REC 36 3 17 : 15 51 60 90 102 105 150 165 170 195 204 240
REC 36 3 17 : 15 51 60 90 102 105 153 165 170 195 204 240
REC 36 3 17 : 15 51 60 90 102 150 153 165 170 195 204 240
REC 36 3 17 : 15 51 60 90 105 150 153 165 170 195 204 240
REC 36 3 17 : 15 51 60 101 106 149 154 166 169 195 204 240
REC 36 3 17 : 15 51 60 102 105 150 153 165 170 195 204 240
REC 36 3 17 : 15 51 85 90 102 105 150 153 165 170 195 204
REC 39 2 15 : 15 51 85 90 102 105 150 153 165 170 195 204 240
REC 36 3 17 : 15 51 85 90 102 105 150 153 165 170 195 240
REC 36 3 17 : 15 51 85 90 102 105 150 153 165 170 204 240
REC 36 3 17 : 15 51 85 90 102 105 150 153 165 195 204 240
REC 36 3 17 : 15 51 85 90 102 105 150 153 170 195 204 240
REC 36 3 17 : 15 51 85 90 102 105 150 165 170 195 204 240
REC 36 3 17 : 15 51 85 90 102 105 153 165 170 195 204 240
REC 36 3 17 : 15 51 85 90 102 150 153 165 170 195 204 240
REC 36 3 17 : 15 51 85 90 105 150 153 165 170 195 204 240
REC 30 8 18 : 15 51 85 90 108 150 165 184 201 226
REC 30 8 18 : 15 51 85 90 108 153 170 180 198 225
REC 30 8 18 : 15 51 85 90 108 156 166 169 195 240
REC 36 3 17 : 15 51 85 102 105 150 153 165 170 195 204 240
REC 30 8 18 : 15 51 85 102 120 150 153 172 202 225
REC 30 8 18 : 15 51 85 102 120 154 169 180 195 204
REC 30 8 18 : 15 51 85 102 120 156 165 170 201 210
REC 36 3 17 : 15 51 86 89 101 106 149 154 166 169 195 204
REC 39 2 15 : 15 51 86 89 101 106 149 154 166 169 195 204 240
REC 36 3 17 : 15 51 86 89 101 106 149 154 166 169 195 240
REC 36 3 17 : 15 51 86 89 101 106 149 154 166 169 204 240
REC 36 3 17 : 15 51 86 89 101 106 149 154 166 195 204 240
REC 36 3 17 : 15 51 86 89 101 106 149 154 169 195 204 240
REC 36 3 17 : 15 51 86 89 101 106 149 166 169 195 204 240
REC 36 3 17 : 15 51 86 89 101 106 154 166 169 195 204 240
REC 36 3 17 : 15 51 86 89 101 149 154 166 169 195 204 240
REC 36 3 17 : 15 51 86 89 106 149 154 166 169 195 204 240
REC 30 8 18 : 15 51 86 89 108 149 166 184 202 225
REC 30 8 18 : 15 51 86 89 108 154 169 180 197 226
REC 30 8 18 : 15 51 86 89 108 156 165 170 195 240
REC 36 3 17 : 15 51 86 101 106 149 154 166 169 195 204 240
REC 30 8 18 : 15 51 86 101 120 149 154 172 201 226
REC 30 8 18 : 15 51 86 101 120 153 170 180 195 204
REC 30 8 18 : 15 51 86 101 120 156 166 169 202 209
REC 36 3 17 : 15 51 89 101 106 149 154 166 169 195 204 240
REC 30 8 18 : 15 51 89 106 116 149 154 172 198 225
REC 30 8 18 : 15 51 89 106 116 150 165 184 195 204
REC 30 8 18 : 15 51 89 106 116 156 166 169 197 210
REC 36 3 17 : 15 51 90 102 105 150 153 165 170 195 204 240
REC 30 8 18 : 15 51 90 105 116 149 166 184 195 204
REC 30 8 18 : 15 51 90 105 116 150 153 172 197 226
REC 30 8 18 : 15 51 90 105 116 156 165 170 198 209
REC 30 8 18 : 15 51 92 101 106 149 166 184 201 210
REC 30 8 18 : 15 51 92 101 106 150 153 172 195 240
REC 30 8 18 : 15 51 92 101 106 154 169 180 198 209
REC 30 8 18 : 15 51 92 102 105 149 154 172 195 240
REC 30 8 18 : 15 51 92 102 105 150 165 184 202 209
REC 30 8 18 : 15 51 92 102 105 153 170 180 197 210
REC 36 3 17 : 15 53 58 83 92 102 105 150 153 163 172 197
REC 39 2 15 : 15 53 58 83 92 102 105 150 153 163 172 197 202
REC 42 2 12 : 15 53 58 83 92 102 105 150 153 163 172 197 202 240
REC 39 2 15 : 15 53 58 83 92 102 105 150 153 163 172 197 240
REC 36 3 17 : 15 53 58 83 92 102 105 150 153 163 172 202
REC 39 2 15 : 15 53 58 83 92 102 105 150 153 163 172 202 240
REC 36 3 17 : 15 53 58 83 92 102 105 150 153 163 172 240
REC 36 3 17 : 15 53 58 83 92 102 105 150 153 163 197 202
REC 39 2 15 : 15 53 58 83 92 102 105 150 153 163 197 202 240
REC 36 3 17 : 15 53 58 83 92 102 105 150 153 163 197 240
REC 36 3 17 : 15 53 58 83 92 102 105 150 153 163 202 240
REC 36 3 17 : 15 53 58 83 92 102 105 150 153 172 197 202
REC 39 2 15 : 15 53 58 83 92 102 105 150 153 172 197 202 240
REC 36 3 17 : 15 53 58 83 92 102 105 150 153 172 197 240
REC 36 3 17 : 15 53 58 83 92 102 105 150 153 172 202 240
REC 36 3 17 : 15 53 58 83 92 102 105 150 153 197 202 240
REC 36 3 17 : 15 53 58 83 92 102 105 150 163 172 197 202
REC 39 2 15 : 15 53 58 83 92 102 105 150 163 172 197 202 240
REC 36 3 17 : 15 53 58 83 92 102 105 150 163 172 197 240
REC 36 3 17 : 15 53 58 83 92 102 105 150 163 172 202 240
REC 36 3 17 : 15 53 58 83 92 102 105 150 163 197 202 240
REC 36 3 17 : 15 53 58 83 92 102 105 150 172 197 202 240
REC 36 3 17 : 15 53 58 83 92 102 105 153 163 172 197 202
REC 39 2 15 : 15 53 58 83 92 102 105 153 163 172 197 202 240
REC 36 3 17 : 15 53 58 83 92 102 105 153 163 172 197 240
REC 36 3 17 : 15 53 58 83 92 102 105 153 163 172 202 240
REC 36 3 17 : 15 53 58 83 92 102 105 153 163 197 202 240
REC 36 3 17 : 15 53 58 83 92 102 105 153 172 197 202 240
REC 36 3 17 : 15 53 58 83 92 102 105 163 172 197 202 240
REC 36 3 17 : 15 53 58 83 92 102 150 153 163 172 197 202
REC 39 2 15 : 15 53 58 83 92 102 150 153 163 172 197 202 240
REC 36 3 17 : 15 53 58 83 92 102 150 153 163 172 197 240
REC 36 3 17 : 15 53 58 83 92 102 150 153 163 172 202 240
REC 36 3 17 : 15 53 58 83 92 102 150 153 163 197 202 240
REC 36 3 17 : 15 53 58 83 92 102 150 153 172 197 202 240
REC 36 3 17 : 15 53 58 83 92 102 150 163 172 197 202 240
REC 36 3 17 : 15 53 58 83 92 102 153 163 172 197 202 240
REC 36 3 17 : 15 53 58 83 92 105 150 153 163 172 197 202
REC 39 2 15 : 15 53 58 83 92 105 150 153 163 172 197 202 240
REC 36 3 17 : 15 53 58 83 92 105 150 153 163 172 197 240
REC 36 3 17 : 15 53 58 83 92 105 150 153 163 172 202 240
REC 36 3 17 : 15 53 58 83 92 105 150 153 163 197 202 240
REC 36 3 17 : 15 53 58 83 92 105 150 153 172 197 202 240
REC 36 3 17 : 15 53 58 83 92 105 150 163 172 197 202 240
REC 36 3 17 : 15 53 58 83 92 105 153 163 172 197 202 240
REC 36 3 17 : 15 53 58 83 92 150 153 163 172 197 202 240
REC 36 3 17 : 15 53 58 83 102 105 150 153 163 172 197 202
REC 39 2 15 : 15 53 58 83 102 105 150 153 163 172 197 202 240
REC 36 3 17 : 15 53 58 83 102 105 150 153 163 172 197 240
REC 36 3 17 : 15 53 58 83 102 105 150 153 163 172 202 240
REC 36 3 17 : 15 53 58 83 102 105 150 153 163 197 202 240
REC 36 3 17 : 15 53 58 83 102 105 150 153 172 197 202 240
REC 36 3 17 : 15 53 58 83 102 105 150 163 172 197 202 240
REC 36 3 17 : 15 53 58 83 102 105 153 163 172 197 202 240
REC 36 3 17 : 15 53 58 83 102 150 153 163 172 197 202 240
REC 36 3 17 : 15 53 58 83 105 150 153 163 172 197 202 240
REC 30 8 18 : 15 53 58 83 108 150 169 197 216 226
REC 30 8 18 : 15 53 58 83 108 153 166 202 212 225
REC 30 8 18 : 15 53 58 83 108 156 163 198 201 240
REC 36 3 17 : 15 53 58 86 89 99 108 147 156 166 169 197
REC 39 2 15 : 15 53 58 86 89 99 108 147 156 166 169 197 202
REC 42 2 12 : 15 53 58 86 89 99 108 147 156 166 169 197 202 240
REC 39 2 15 : 15 53 58 86 89 99 108 147 156 166 169 197 240
REC 36 3 17 : 15 53 58 86 89 99 108 147 156 166 169 202
REC 39 2 15 : 15 53 58 86 89 99 108 147 156 166 169 202 240
REC 36 3 17 : 15 53 58 86 89 99 108 147 156 166 169 240
REC 36 3 17 : 15 53 58 86 89 99 108 147 156 166 197 202
REC 39 2 15 : 15 53 58 86 89 99 108 147 156 166 197 202 240
REC 36 3 17 : 15 53 58 86 89 99 108 147 156 166 197 240
REC 36 3 17 : 15 53 58 86 89 99 108 147 156 166 202 240
REC 36 3 17 : 15 53 58 86 89 99 108 147 156 169 197 202
REC 39 2 15 : 15 53 58 86 89 99 108 147 156 169 197 202 240
REC 36 3 17 : 15 53 58 86 89 99 108 147 156 169 197 240
REC 36 3 17 : 15 53 58 86 89 99 108 147 156 169 202 240
REC 36 3 17 : 15 53 58 86 89 99 108 147 156 197 202 240
REC 36 3 17 : 15 53 58 86 89 99 108 147 166 169 197 202
REC 39 2 15 : 15 53 58 86 89 99 108 147 166 169 197 202 240
REC 36 3 17 : 15 53 58 86 89 99 108 147 166 169 197 240
REC 36 3 17 : 15 53 58 86 89 99 108 147 166 169 202 240
REC 36 3 17 : 15 53 58 86 89 99 108 147 166 197 202 240
REC 36 3 17 : 15 53 58 86 89 99 108 147 169 197 202 240
REC 36 3 17 : 15 53 58 86 89 99 108 156 166 169 197 202
REC 39 2 15 : 15 53 58 86 89 99 108 156 166 169 197 202 240
REC 36 3 17 : 15 53 58 86 89 99 108 156 166 169 197 240
REC 36 3 17 : 15 53 58 86 89 99 108 156 166 169 202 240
REC 36 3 17 : 15 53 58 86 89 99 108 156 166 197 202 240
REC 36 3 17 : 15 53 58 86 89 99 108 156 169 197 202 240
REC 36 3 17 : 15 53 58 86 89 99 108 166 169 197 202 240
REC 36 3 17 : 15 53 58 86 89 99 147 156 166 169 197 202
REC 39 2 15 : 15 53 58 86 89 99 147 156 166 169 197 202 240
REC 36 3 17 : 15 53 58 86 89 99 147 156 166 169 197 240
REC 36 3 17 : 15 53 58 86 89 99 147 156 166 169 202 240
REC 36 3 17 : 15 53 58 86 89 99 147 156 166 197 202 240
REC 36 3 17 : 15 53 58 86 89 99 147 156 169 197 202 240
REC 36 3 17 : 15 53 58 86 89 99 147 166 169 197 202 240
REC 36 3 17 : 15 53 58 86 89 99 156 166 169 197 202 240
REC 36 3 17 : 15 53 58 86 89 108 147 156 166 169 197 202
REC 39 2 15 : 15 53 58 86 89 108 147 156 166 169 197 202 240
REC 36 3 17 : 15 53 58 86 89 108 147 156 166 169 197 240
REC 36 3 17 : 15 53 58 86 89 108 147 156 166 169 202 240
REC 36 3 17 : 15 53 58 86 89 108 147 156 166 197 202 240
REC 36 3 17 : 15 53 58 86 89 108 147 156 169 197 202 240
REC 36 3 17 : 15 53 58 86 89 108 147 166 169 197 202 240
REC 36 3 17 : 15 53 58 86 89 108 156 166 169 197 202 240
REC 36 3 17 : 15 53 58 86 89 147 156 166 169 197 202 240
REC 36 3 17 : 15 53 58 86 99 108 147 156 166 169 197 202
REC 39 2 15 : 15 53 58 86 99 108 147 156 166 169 197 202 240
REC 36 3 17 : 15 53 58 86 99 108 147 156 166 169 197 240
REC 36 3 17 : 15 53 58 86 99 108 147 156 166 169 202 240
REC 36 3 17 : 15 53 58 86 99 108 147 156 166 197 202 240
REC 36 3 17 : 15 53 58 86 99 108 147 156 169 197 202 240
REC 36 3 17 : 15 53 58 86 99 108 147 166 169 197 202 240
REC 36 3 17 : 15 53 58 86 99 108 156 166 169 197 202 240
REC 36 3 17 : 15 53 58 86 99 147 156 166 169 197 202 240
REC 30 8 18 : 15 53 58 86 105 147 172 197 216 226
REC 30 8 18 : 15 53 58 86 105 153 166 195 204 240
REC 30 8 18 : 15 53 58 86 105 156 163 202 209 228
REC 36 3 17 : 15 53 58 86 108 147 156 166 169 197 202 240
REC 36 3 17 : 15 53 58 89 99 108 147 156 166 169 197 202
REC 39 2 15 : 15 53 58 89 99 108 147 156 166 169 197 202 240
REC 36 3 17 : 15 53 58 89 99 108 147 156 166 169 197 240
REC 36 3 17 : 15 53 58 89 99 108 147 156 166 169 202 240
REC 36 3 17 : 15 53 58 89 99 108 147 156 166 197 202 240
REC 36 3 17 : 15 53 58 89 99 108 147 156 169 197 202 240
REC 36 3 17 : 15 53 58 89 99 108 147 166 169 197 202 240
REC 36 3 17 : 15 53 58 89 99 108 156 166 169 197 202 240
REC 36 3 17 : 15 53 58 89 99 147 156 166 169 197 202 240
REC 30 8 18 : 15 53 58 89 102 147 172 202 212 225
REC 30 8 18 : 15 53 58 89 102 150 169 195 204 240
REC 30 8 18 : 15 53 58 89 102 156 163 197 210 232
REC 36 3 17 : 15 53 58 89 108 147 156 166 169 197 202 240
REC 30 8 18 : 15 53 58 92 99 147 172 198 201 240
REC 30 8 18 : 15 53 58 92 99 150 169 202 209 228
REC 30 8 18 : 15 53 58 92 99 153 166 197 210 232
REC 36 3 17 : 15 53 58 92 102 105 150 153 163 172 197 202
REC 39 2 15 : 15 53 58 92 102 105 150 153 163 172 197 202 240
REC 36 3 17 : 15 53 58 92 102 105 150 153 163 172 197 240
REC 36 3 17 : 15 53 58 92 102 105 150 153 163 172 202 240
REC 36 3 17 : 15 53 58 92 102 105 150 153 163 197 202 240
REC 36 3 17 : 15 53 58 92 102 105 150 153 172 197 202 240
REC 36 3 17 : 15 53 58 92 102 105 150 163 172 197 202 240
REC 36 3 17 : 15 53 58 92 102 105 153 163 172 197 202 240
REC 36 3 17 : 15 53 58 92 102 150 153 163 172 197 202 240
REC 36 3 17 : 15 53 58 92 105 150 153 163 172 197 202 240
REC 36 3 17 : 15 53 58 99 108 147 156 166 169 197 202 240
REC 36 3 17 : 15 53 58 102 105 150 153 163 172 197 202 240
REC 36 3 17 : 15 53 83 92 102 105 150 153 163 172 197 202
REC 39 2 15 : 15 53 83 92 102 105 150 153 163 172 197 202 240
REC 36 3 17 : 15 53 83 92 102 105 150 153 163 172 197 240
REC 36 3 17 : 15 53 83 92 102 105 150 153 163 172 202 240
REC 36 3 17 : 15 53 83 92 102 105 150 153 163 197 202 240
REC 36 3 17 : 15 53 83 92 102 105 150 153 172 197 202 240
REC 36 3 17 : 15 53 83 92 102 105 150 163 172 197 202 240
REC 36 3 17 : 15 53 83 92 102 105 153 163 172 197 202 240
REC 36 3 17 : 15 53 83 92 102 150 153 163 172 197 202 240
REC 36 3 17 : 15 53 83 92 105 150 153 163 172 197 202 240
REC 30 8 18 : 15 53 83 92 106 150 163 184 201 228
REC 30 8 18 : 15 53 83 92 106 153 172 178 198 225
REC 30 8 18 : 15 53 83 92 106 154 166 169 197 240
REC 36 3 17 : 15 53 83 102 105 150 153 163 172 197 202 240
REC 30 8 18 : 15 53 83 102 120 150 153 170 204 225
REC 30 8 18 : 15 53 83 102 120 154 163 172 201 212
REC 30 8 18 : 15 53 83 102 120 156 169 178 197 202
REC 36 3 17 : 15 53 86 89 99 108 147 156 166 169 197 202
REC 39 2 15 : 15 53 86 89 99 108 147 156 166 169 197 202 240
REC 36 3 17 : 15 53 86 89 99 108 147 156 166 169 197 240
REC 36 3 17 : 15 53 86 89 99 108 147 156 166 169 202 240
REC 36 3 17 : 15 53 86 89 99 108 147 156 166 197 202 240
REC 36 3 17 : 15 53 86 89 99 108 147 156 169 197 202 240
REC 36 3 17 : 15 53 86 89 99 108 147 166 169 197 202 240
REC 36 3 17 : 15 53 86 89 99 108 156 166 169 197 202 240
REC 36 3 17 : 15 53 86 89 99 147 156 166 169 197 202 240
REC 30 8 18 : 15 53 86 89 106 147 166 184 204 225
REC 30 8 18 : 15 53 86 89 106 154 163 172 197 240
REC 30 8 18 : 15 53 86 89 106 156 169 178 195 228
REC 36 3 17 : 15 53 86 89 108 147 156 166 169 197 202 240
REC 36 3 17 : 15 53 86 99 108 147 156 166 169 197 202 240
REC 30 8 18 : 15 53 86 99 120 147 156 170 201 228
REC 30 8 18 : 15 53 86 99 120 153 172 178 197 202
REC 30 8 18 : 15 53 86 99 120 154 166 169 204 209
REC 36 3 17 : 15 53 89 99 108 147 156 166 169 197 202 240
REC 30 8 18 : 15 53 89 108 114 147 156 170 198 225
REC 30 8 18 : 15 53 89 108 114 150 163 184 197 202
REC 30 8 18 : 15 53 89 108 114 154 166 169 195 212
REC 30 8 18 : 15 53 90 99 108 147 166 184 201 212
REC 30 8 18 : 15 53 90 99 108 150 153 170 197 240
REC 30 8 18 : 15 53 90 99 108 156 169 178 198 209
REC 30 8 18 : 15 53 90 102 105 147 156 170 197 240
REC 30 8 18 : 15 53 90 102 105 150 163 184 204 209
REC 30 8 18 : 15 53 90 102 105 153 172 178 195 212
REC 36 3 17 : 15 53 92 102 105 150 153 163 172 197 202 240
REC 30 8 18 : 15 53 92 105 114 147 166 184 197 202
REC 30 8 18 : 15 53 92 105 114 150 153 170 195 228
REC 30 8 18 : 15 53 92 105 114 154 163 172 198 209
REC 36 3 17 : 15 54 57 83 92 101 106 149 154 163 172 198
REC 39 2 15 : 15 54 57 83 92 101 106 149 154 163 172 198 201
REC 42 2 12 : 15 54 57 83 92 101 106 149 154 163 172 198 201 240
REC 39 2 15 : 15 54 57 83 92 101 106 149 154 163 172 198 240
REC 36 3 17 : 15 54 57 83 92 101 106 149 154 163 172 201
REC 39 2 15 : 15 54 57 83 92 101 106 149 154 163 172 201 240
REC 36 3 17 : 15 54 57 83 92 101 106 149 154 163 172 240
REC 36 3 17 : 15 54 57 83 92 101 106 149 154 163 198 201
REC 39 2 15 : 15 54 57 83 92 101 106 149 154 163 198 201 240
REC 36 3 17 : 15 54 57 83 92 101 106 149 154 163 198 240
REC 36 3 17 : 15 54 57 83 92 101 106 149 154 163 201 240
REC 36 3 17 : 15 54 57 83 92 101 106 149 154 172 198 201
REC 39 2 15 : 15 54 57 83 92 101 106 149 154 172 198 201 240
REC 36 3 17 : 15 54 57 83 92 101 106 149 154 172 198 240
REC 36 3 17 : 15 54 57 83 92 101 106 149 154 172 201 240
REC 36 3 17 : 15 54 57 83 92 101 106 149 154 198 201 240
REC 36 3 17 : 15 54 57 83 92 101 106 149 163 172 198 201
REC 39 2 15 : 15 54 57 83 92 101 106 149 163 172 198 201 240
REC 36 3 17 : 15 54 57 83 92 101 106 149 163 172 198 240
REC 36 3 17 : 15 54 57 83 92 101 106 149 163 172 201 240
REC 36 3 17 : 15 54 57 83 92 101 106 149 163 198 201 240
REC 36 3 17 : 15 54 57 83 92 101 106 149 172 198 201 240
REC 36 3 17 : 15 54 57 83 92 101 106 154 163 172 198 201
REC 39 2 15 : 15 54 57 83 92 101 106 154 163 172 198 201 240
REC 36 3 17 : 15 54 57 83 92 101 106 154 163 172 198 240
REC 36 3 17 : 15 54 57 83 92 101 106 154 163 172 201 240
REC 36 3 17 : 15 54 57 83 92 101 106 154 163 198 201 240
REC 36 3 17 : 15 54 57 83 92 101 106 154 172 198 201 240
REC 36 3 17 : 15 54 57 83 92 101 106 163 172 198 201 240
REC 36 3 17 : 15 54 57 83 92 101 149 154 163 172 198 201
REC 39 2 15 : 15 54 57 83 92 101 149 154 163 172 198 201 240
REC 36 3 17 : 15 54 57 83 92 101 149 154 163 172 198 240
REC 36 3 17 : 15 54 57 83 92 101 149 154 163 172 201 240
REC 36 3 17 : 15 54 57 83 92 101 149 154 163 198 201 240
REC 36 3 17 : 15 54 57 83 92 101 149 154 172 198 201 240
REC 36 3 17 : 15 54 57 83 92 101 149 163 172 198 201 240
REC 36 3 17 : 15 54 57 83 92 101 154 163 172 198 201 240
REC 36 3 17 : 15 54 57 83 92 106 149 154 163 172 198 201
REC 39 2 15 : 15 54 57 83 92 106 149 154 163 172 198 201 240
REC 36 3 17 : 15 54 57 83 92 106 149 154 163 172 198 240
REC 36 3 17 : 15 54 57 83 92 106 149 154 163 172 201 240
REC 36 3 17 : 15 54 57 83 92 106 149 154 163 198 201 240
REC 36 3 17 : 15 54 57 83 92 106 149 154 172 198 201 240
REC 36 3 17 : 15 54 57 83 92 106 149 163 172 198 201 240
REC 36 3 17 : 15 54 57 83 92 106 154 163 172 198 201 240
REC 36 3 17 : 15 54 57 83 92 149 154 163 172 198 201 240
REC 36 3 17 : 15 54 57 83 101 106 149 154 163 172 198 201
REC 39 2 15 : 15 54 57 83 101 106 149 154 163 172 198 201 240
REC 36 3 17 : 15 54 57 83 101 106 149 154 163 172 198 240
REC 36 3 17 : 15 54 57 83 101 106 149 154 163 172 201 240
REC 36 3 17 : 15 54 57 83 101 106 149 154 163 198 201 240
REC 36 3 17 : 15 54 57 83 101 106 149 154 172 198 201 240
REC 36 3 17 : 15 54 57 83 101 106 149 163 172 198 201 240
REC 36 3 17 : 15 54 57 83 101 106 154 163 172 198 201 240
REC 36 3 17 : 15 54 57 83 101 149 154 163 172 198 201 240
REC 36 3 17 : 15 54 57 83 106 149 154 163 172 198 201 240
REC 30 8 18 : 15 54 57 83 108 149 170 198 216 225
REC 30 8 18 : 15 54 57 83 108 154 165 201 212 226
REC 30 8 18 : 15 54 57 83 108 156 163 197 202 240
REC 36 3 17 : 15 54 57 85 90 99 108 147 156 165 170 198
REC 39 2 15 : 15 54 57 85 90 99 108 147 156 165 170 198 201
REC 42 2 12 : 15 54 57 85 90 99 108 147 156 165 170 198 201 240
REC 39 2 15 : 15 54 57 85 90 99 108 147 156 165 170 198 240
REC 36 3 17 : 15 54 57 85 90 99 108 147 156 165 170 201
REC 39 2 15 : 15 54 57 85 90 99 108 147 156 165 170 201 240
REC 36 3 17 : 15 54 57 85 90 99 108 147 156 165 170 240
REC 36 3 17 : 15 54 57 85 90 99 108 147 156 165 198 201
REC 39 2 15 : 15 54 57 85 90 99 108 147 156 165 198 201 240
REC 36 3 17 : 15 54 57 85 90 99 108 147 156 165 198 240
REC 36 3 17 : 15 54 57 85 90 99 108 147 156 165 201 240
REC 36 3 17 : 15 54 57 85 90 99 108 147 156 170 198 201
REC 39 2 15 : 15 54 57 85 90 99 108 147 156 170 198 201 240
REC 36 3 17 : 15 54 57 85 90 99 108 147 156 170 198 240
REC 36 3 17 : 15 54 57 85 90 99 108 147 156 170 201 240
REC 36 3 17 : 15 54 57 85 90 99 108 147 156 198 201 240
REC 36 3 17 : 15 54 57 85 90 99 108 147 165 170 198 201
REC 39 2 15 : 15 54 57 85 90 99 108 147 165 170 198 201 240
REC 36 3 17 : 15 54 57 85 90 99 108 147 165 170 198 240
REC 36 3 17 : 15 54 57 85 90 99 108 147 165 170 201 240
REC 36 3 17 : 15 54 57 85 90 99 108 147 165 198 201 240
REC 36 3 17 : 15 54 57 85 90 99 108 147 170 198 201 240
REC 36 3 17 : 15 54 57 85 90 99 108 156 165 170 198 201
REC 39 2 15 : 15 54 57 85 90 99 108 156 165 170 198 201 240
REC 36 3 17 : 15 54 57 85 90 99 108 156 165 170 198 240
REC 36 3 17 : 15 54 57 85 90 99 108 156 165 170 201 240
REC 36 3 17 : 15 54 57 85 90 99 108 156 165 198 201 240
REC 36 3 17 : 15 54 57 85 90 99 108 156 170 198 201 240
REC 36 3 17 : 15 54 57 85 90 99 108 165 170 198 201 240
REC 36 3 17 : 15 54 57 85 90 99 147 156 165 170 198 201
REC 39 2 15 : 15 54 57 85 90 99 147 156 165 170 198 201 240
REC 36 3 17 : 15 54 57 85 90 99 147 156 165 170 198 240
REC 36 3 17 : 15 54 57 85 90 99 147 156 165 170 201 240
REC 36 3 17 : 15 54 57 85 90 99 147 156 165 198 201 240
REC 36 3 17 : 15 54 57 85 90 99 147 156 170 198 201 240
REC 36 3 17 : 15 54 57 85 90 99 147 165 170 198 201 240
REC 36 3 17 : 15 54 57 85 90 99 156 165 170 198 201 240
REC 36 3 17 : 15 54 57 85 90 108 147 156 165 170 198 201
REC 39 2 15 : 15 54 57 85 90 108 147 156 165 170 198 201 240
REC 36 3 17 : 15 54 57 85 90 108 147 156 165 170 198 240
REC 36 3 17 : 15 54 57 85 90 108 147 156 165 170 201 240
REC 36 3 17 : 15 54 57 85 90 108 147 156 165 198 201 240
REC 36 3 17 : 15 54 57 85 90 108 147 156 170 198 201 240
REC 36 3 17 : 15 54 57 85 90 108 147 165 170 198 201 240
REC 36 3 17 : 15 54 57 85 90 108 156 165 170 198 201 240
REC 36 3 17 : 15 54 57 85 90 147 156 165 170 198 201 240
REC 36 3 17 : 15 54 57 85 99 108 147 156 165 170 198 201
REC 39 2 15 : 15 54 57 85 99 108 147 156 165 170 198 201 240
REC 36 3 17 : 15 54 57 85 99 108 147 156 165 170 198 240
REC 36 3 17 : 15 54 57 85 99 108 147 156 165 170 201 240
REC 36 3 17 : 15 54 57 85 99 108 147 156 165 198 201 240
REC 36 3 17 : 15 54 57 85 99 108 147 156 170 198 201 240
REC 36 3 17 : 15 54 57 85 99 108 147 165 170 198 201 240
REC 36 3 17 : 15 54 57 85 99 108 156 165 170 198 201 240
REC 36 3 17 : 15 54 57 85 99 147 156 165 170 198 201 240
REC 30 8 18 : 15 54 57 85 106 147 172 198 216 225
REC 30 8 18 : 15 54 57 85 106 154 165 195 204 240
REC 30 8 18 : 15 54 57 85 106 156 163 201 210 228
REC 36 3 17 : 15 54 57 85 108 147 156 165 170 198 201 240
REC 36 3 17 : 15 54 57 90 99 108 147 156 165 170 198 201
REC 39 2 15 : 15 54 57 90 99 108 147 156 165 170 198 201 240
REC 36 3 17 : 15 54 57 90 99 108 147 156 165 170 198 240
REC 36 3 17 : 15 54 57 90 99 108 147 156 165 170 201 240
REC 36 3 17 : 15 54 57 90 99 108 147 156 165 198 201 240
REC 36 3 17 : 15 54 57 90 99 108 147 156 170 198 201 240
REC 36 3 17 : 15 54 57 90 99 108 147 165 170 198 201 240
REC 36 3 17 : 15 54 57 90 99 108 156 165 170 198 201 240
REC 36 3 17 : 15 54 57 90 99 147 156 165 170 198 201 240
REC 30 8 18 : 15 54 57 90 101 147 172 201 212 226
REC 30 8 18 : 15 54 57 90 101 149 170 195 204 240
REC 30 8 18 : 15 54 57 90 101 156 163 198 209 232
REC 36 3 17 : 15 54 57 90 108 147 156 165 170 198 201 240
REC 30 8 18 : 15 54 57 92 99 147 172 197 202 240
REC 30 8 18 : 15 54 57 92 99 149 170 201 210 228
REC 30 8 18 : 15 54 57 92 99 154 165 198 209 232
REC 36 3 17 : 15 54 57 92 101 106 149 154 163 172 198 201
REC 39 2 15 : 15 54 57 92 101 106 149 154 163 172 198 201 240
REC 36 3 17 : 15 54 57 92 101 106 149 154 163 172 198 240
REC 36 3 17 : 15 54 57 92 101 106 149 154 163 172 201 240
REC 36 3 17 : 15 54 57 92 101 106 149 154 163 198 201 240
REC 36 3 17 : 15 54 57 92 101 106 149 154 172 198 201 240
REC 36 3 17 : 15 54 57 92 101 106 149 163 172 198 201 240
REC 36 3 17 : 15 54 57 92 101 106 154 163 172 198 201 240
REC 36 3 17 : 15 54 57 92 101 149 154 163 172 198 201 240
REC 36 3 17 : 15 54 57 92 106 149 154 163 172 198 201 240
REC 36 3 17 : 15 54 57 99 108 147 156 165 170 198 201 240
REC 36 3 17 : 15 54 57 101 106 149 154 163 172 198 201 240
REC 36 3 17 : 15 54 83 92 101 106 149 154 163 172 198 201
REC 39 2 15 : 15 54 83 92 101 106 149 154 163 172 198 201 240
REC 36 3 17 : 15 54 83 92 101 106 149 154 163 172 198 240
REC 36 3 17 : 15 54 83 92 101 106 149 154 163 172 201 240
REC 36 3 17 : 15 54 83 92 101 106 149 154 163 198 201 240
REC 36 3 17 : 15 54 83 92 101 106 149 154 172 198 201 240
REC 36 3 17 : 15 54 83 92 101 106 149 163 172 198 201 240
REC 36 3 17 : 15 54 83 92 101 106 154 163 172 198 201 240
REC 36 3 17 : 15 54 83 92 101 149 154 163 172 198 201 240
REC 30 8 18 : 15 54 83 92 105 149 163 184 202 228
REC 30 8 18 : 15 54 83 92 105 153 165 170 198 240
REC 30 8 18 : 15 54 83 92 105 154 172 177 197 226
REC 36 3 17 : 15 54 83 92 106 149 154 163 172 198 201 240
REC 36 3 17 : 15 54 83 101 106 149 154 163 172 198 201 240
REC 30 8 18 : 15 54 83 101 120 149 154 169 204 226
REC 30 8 18 : 15 54 83 101 120 153 163 172 202 212
REC 30 8 18 : 15 54 83 101 120 156 170 177 198 201
REC 36 3 17 : 15 54 85 90 99 108 147 156 165 170 198 201
REC 39 2 15 : 15 54 85 90 99 108 147 156 165 170 198 201 240
REC 36 3 17 : 15 54 85 90 99 108 147 156 165 170 198 240
REC 36 3 17 : 15 54 85 90 99 108 147 156 165 170 201 240
REC 36 3 17 : 15 54 85 90 99 108 147 156 165 198 201 240
REC 36 3 17 : 15 54 85 90 99 108 147 156 170 198 201 240
REC 36 3 17 : 15 54 85 90 99 108 147 165 170 198 201 240
REC 36 3 17 : 15 54 85 90 99 108 156 165 170 198 201 240
REC 36 3 17 : 15 54 85 90 99 147 156 165 170 198 201 240
REC 30 8 18 : 15 54 85 90 105 147 165 184 204 226
REC 30 8 18 : 15 54 85 90 105 153 163 172 198 240
REC 30 8 18 : 15 54 85 90 105 156 170 177 195 228
REC 36 3 17 : 15 54 85 90 108 147 156 165 170 198 201 240
REC 36 3 17 : 15 54 85 99 108 147 156 165 170 198 201 240
REC 30 8 18 : 15 54 85 99 120 147 156 169 202 228
REC 30 8 18 : 15 54 85 99 120 153 165 170 204 210
REC 30 8 18 : 15 54 85 99 120 154 172 177 198 201
REC 30 8 18 : 15 54 89 99 108 147 165 184 202 212
REC 30 8 18 : 15 54 89 99 108 149 154 169 198 240
REC 30 8 18 : 15 54 89 99 108 156 170 177 197 210
REC 30 8 18 : 15 54 89 101 106 147 156 169 198 240
REC 30 8 18 : 15 54 89 101 106 149 163 184 204 210
REC 30 8 18 : 15 54 89 101 106 154 172 177 195 212
REC 36 3 17 : 15 54 90 99 108 147 156 165 170 198 201 240
REC 30 8 18 : 15 54 90 108 113 147 156 169 197 226
REC 30 8 18 : 15 54 90 108 113 149 163 184 198 201
REC 30 8 18 : 15 54 90 108 113 153 165 170 195 212
REC 36 3 17 : 15 54 92 101 106 149 154 163 172 198 201 240
REC 30 8 18 : 15 54 92 106 113 147 165 184 198 201
REC 30 8 18 : 15 54 92 106 113 149 154 169 195 228
REC 30 8 18 : 15 54 92 106 113 153 163 172 197 210
REC 36 3 17 : 15 57 83 92 101 106 149 154 163 172 198 201
REC 39 2 15 : 15 57 83 92 101 106 149 154 163 172 198 201 240
REC 36 3 17 : 15 57 83 92 101 106 149 154 163 172 198 240
REC 36 3 17 : 15 57 83 92 101 106 149 154 163 172 201 240
REC 36 3 17 : 15 57 83 92 101 106 149 154 163 198 201 240
REC 36 3 17 : 15 57 83 92 101 106 149 154 172 198 201 240
REC 36 3 17 : 15 57 83 92 101 106 149 163 172 198 201 240
REC 36 3 17 : 15 57 83 92 101 106 154 163 172 198 201 240
REC 36 3 17 : 15 57 83 92 101 149 154 163 172 198 201 240
REC 30 8 18 : 15 57 83 92 102 149 172 178 202 225
REC 30 8 18 : 15 57 83 92 102 150 165 170 201 240
REC 30 8 18 : 15 57 83 92 102 154 163 180 197 232
REC 36 3 17 : 15 57 83 92 106 149 154 163 172 198 201 240
REC 36 3 17 : 15 57 83 101 106 149 154 163 172 198 201 240
REC 30 8 18 : 15 57 83 106 116 149 154 166 204 225
REC 30 8 18 : 15 57 83 106 116 150 163 172 197 216
REC 30 8 18 : 15 57 83 106 116 156 165 178 198 201
REC 36 3 17 : 15 57 85 90 99 108 147 156 165 170 198 201
REC 39 2 15 : 15 57 85 90 99 108 147 156 165 170 198 201 240
REC 36 3 17 : 15 57 85 90 99 108 147 156 165 170 198 240
REC 36 3 17 : 15 57 85 90 99 108 147 156 165 170 201 240
REC 36 3 17 : 15 57 85 90 99 108 147 156 165 198 201 240
REC 36 3 17 : 15 57 85 90 99 108 147 156 170 198 201 240
REC 36 3 17 : 15 57 85 90 99 108 147 165 170 198 201 240
REC 36 3 17 : 15 57 85 90 99 108 156 165 170 198 201 240
REC 36 3 17 : 15 57 85 90 99 147 156 165 170 198 201 240
REC 30 8 18 : 15 57 85 90 102 147 170 180 204 225
REC 30 8 18 : 15 57 85 90 102 150 163 172 201 240
REC 30 8 18 : 15 57 85 90 102 156 165 178 195 232
REC 36 3 17 : 15 57 85 90 108 147 156 165 170 198 201 240
REC 36 3 17 : 15 57 85 99 108 147 156 165 170 198 201 240
REC 30 8 18 : 15 57 85 108 114 147 156 166 202 225
REC 30 8 18 : 15 57 85 108 114 150 165 170 195 216
REC 30 8 18 : 15 57 85 108 114 154 163 180 198 201
REC 30 8 18 : 15 57 86 99 108 147 170 180 197 216
REC 30 8 18 : 15 57 86 99 108 149 154 166 201 240
REC 30 8 18 : 15 57 86 99 108 156 165 178 202 209
REC 30 8 18 : 15 57 86 101 106 147 156 166 201 240
REC 30 8 18 : 15 57 86 101 106 149 172 178 195 216
REC 30 8 18 : 15 57 86 101 106 154 163 180 204 209
REC 36 3 17 : 15 57 90 99 108 147 156 165 170 198 201 240
REC 30 8 18 : 15 57 90 99 116 147 156 166 197 232
REC 30 8 18 : 15 57 90 99 116 149 172 178 198 201
REC 30 8 18 : 15 57 90 99 116 150 165 170 204 209
REC 36 3 17 : 15 57 92 101 106 149 154 163 172 198 201 240
REC 30 8 18 : 15 57 92 101 114 147 170 180 198 201
REC 30 8 18 : 15 57 92 101 114 149 154 166 195 232
REC 30 8 18 : 15 57 92 101 114 150 163 172 202 209
REC 30 8 18 : 15 58 83 92 101 149 166 169 202 240
REC 30 8 18 : 15 58 83 92 101 150 172 177 201 226
REC 30 8 18 : 15 58 83 92 101 153 163 180 198 232
REC 36 3 17 : 15 58 83 92 102 105 150 153 163 172 197 202
REC 39 2 15 : 15 58 83 92 102 105 150 153 163 172 197 202 240
REC 36 3 17 : 15 58 83 92 102 105 150 153 163 172 197 240
REC 36 3 17 : 15 58 83 92 102 105 150 153 163 172 202 240
REC 36 3 17 : 15 58 83 92 102 105 150 153 163 197 202 240
REC 36 3 17 : 15 58 83 92 102 105 150 153 172 197 202 240
REC 36 3 17 : 15 58 83 92 102 105 150 163 172 197 202 240
REC 36 3 17 : 15 58 83 92 102 105 153 163 172 197 202 240
REC 36 3 17 : 15 58 83 92 102 150 153 163 172 197 202 240
REC 36 3 17 : 15 58 83 92 105 150 153 163 172 197 202 240
REC 36 3 17 : 15 58 83 102 105 150 153 163 172 197 202 240
REC 30 8 18 : 15 58 83 105 116 149 163 172 198 216
REC 30 8 18 : 15 58 83 105 116 150 153 165 204 226
REC 30 8 18 : 15 58 83 105 116 156 166 177 197 202
REC 30 8 18 : 15 58 85 99 108 147 169 180 198 216
REC 30 8 18 : 15 58 85 99 108 150 153 165 202 240
REC 30 8 18 : 15 58 85 99 108 156 166 177 201 210
REC 30 8 18 : 15 58 85 102 105 147 156 165 202 240
REC 30 8 18 : 15 58 85 102 105 150 172 177 195 216
REC 30 8 18 : 15 58 85 102 105 153 163 180 204 210
REC 36 3 17 : 15 58 86 89 99 108 147 156 166 169 197 202
REC 39 2 15 : 15 58 86 89 99 108 147 156 166 169 197 202 240
REC 36 3 17 : 15 58 86 89 99 108 147 156 166 169 197 240
REC 36 3 17 : 15 58 86 89 99 108 147 156 166 169 202 240
REC 36 3 17 : 15 58 86 89 99 108 147 156 166 197 202 240
REC 36 3 17 : 15 58 86 89 99 108 147 156 169 197 202 240
REC 36 3 17 : 15 58 86 89 99 108 147 166 169 197 202 240
REC 36 3 17 : 15 58 86 89 99 108 156 166 169 197 202 240
REC 36 3 17 : 15 58 86 89 99 147 156 166 169 197 202 240
REC 30 8 18 : 15 58 86 89 101 147 169 180 204 226
REC 30 8 18 : 15 58 86 89 101 149 163 172 202 240
REC 30 8 18 : 15 58 86 89 101 156 166 177 195 232
REC 36 3 17 : 15 58 86 89 108 147 156 166 169 197 202 240
REC 36 3 17 : 15 58 86 99 108 147 156 166 169 197 202 240
REC 30 8 18 : 15 58 86 108 113 147 156 165 201 226
REC 30 8 18 : 15 58 86 108 113 149 166 169 195 216
REC 30 8 18 : 15 58 86 108 113 153 163 180 197 202
REC 36 3 17 : 15 58 89 99 108 147 156 166 169 197 202 240
REC 30 8 18 : 15 58 89 99 116 147 156 165 198 232
REC 30 8 18 : 15 58 89 99 116 149 166 169 204 210
REC 30 8 18 : 15 58 89 99 116 150 172 177 197 202
REC 36 3 17 : 15 58 92 102 105 150 153 163 172 197 202 240
REC 30 8 18 : 15 58 92 102 113 147 169 180 197 202
REC 30 8 18 : 15 58 92 102 113 149 163 172 201 210
REC 30 8 18 : 15 58 92 102 113 150 153 165 195 232
REC 30 8 18 : 15 60 83 101 106 149 169 178 198 216
REC 30 8 18 : 15 60 83 101 106 150 153 163 204 240
REC 30 8 18 : 15 60 83 101 106 154 166 177 201 212
REC 30 8 18 : 15 60 83 102 105 149 154 163 204 240
REC 30 8 18 : 15 60 83 102 105 150 170 177 197 216
REC 30 8 18 : 15 60 83 102 105 153 165 178 202 212
REC 30 8 18 : 15 60 85 90 99 147 166 169 204 240
REC 30 8 18 : 15 60 85 90 99 150 170 177 201 228
REC 30 8 18 : 15 60 85 90 99 153 165 178 198 232
REC 36 3 17 : 15 60 85 90 102 105 150 153 165 170 195 204
REC 39 2 15 : 15 60 85 90 102 105 150 153 165 170 195 204 240
REC 36 3 17 : 15 60 85 90 102 105 150 153 165 170 195 240
REC 36 3 17 : 15 60 85 90 102 105 150 153 165 170 204 240
REC 36 3 17 : 15 60 85 90 102 105 150 153 165 195 204 240
REC 36 3 17 : 15 60 85 90 102 105 150 153 170 195 204 240
REC 36 3 17 : 15 60 85 90 102 105 150 165 170 195 204 240
REC 36 3 17 : 15 60 85 90 102 105 153 165 170 195 204 240
REC 36 3 17 : 15 60 85 90 102 150 153 165 170 195 204 240
REC 36 3 17 : 15 60 85 90 105 150 153 165 170 195 204 240
REC 36 3 17 : 15 60 85 102 105 150 153 165 170 195 204 240
REC 30 8 18 : 15 60 85 105 114 147 165 170 198 216
REC 30 8 18 : 15 60 85 105 114 150 153 163 202 228
REC 30 8 18 : 15 60 85 105 114 154 166 177 195 204
REC 30 8 18 : 15 60 86 89 99 147 165 170 204 240
REC 30 8 18 : 15 60 86 89 99 149 169 178 202 228
REC 30 8 18 : 15 60 86 89 99 154 166 177 197 232
REC 36 3 17 : 15 60 86 89 101 106 149 154 166 169 195 204
REC 39 2 15 : 15 60 86 89 101 106 149 154 166 169 195 204 240
REC 36 3 17 : 15 60 86 89 101 106 149 154 166 169 195 240
REC 36 3 17 : 15 60 86 89 101 106 149 154 166 169 204 240
REC 36 3 17 : 15 60 86 89 101 106 149 154 166 195 204 240
REC 36 3 17 : 15 60 86 89 101 106 149 154 169 195 204 240
REC 36 3 17 : 15 60 86 89 101 106 149 166 169 195 204 240
REC 36 3 17 : 15 60 86 89 101 106 154 166 169 195 204 240
REC 36 3 17 : 15 60 86 89 101 149 154 166 169 195 204 240
REC 36 3 17 : 15 60 86 89 106 149 154 166 169 195 204 240
REC 36 3 17 : 15 60 86 101 106 149 154 166 169 195 204 240
REC 30 8 18 : 15 60 86 106 113 147 166 169 197 216
REC 30 8 18 : 15 60 86 106 113 149 154 163 201 228
REC 30 8 18 : 15 60 86 106 113 153 165 178 195 204
REC 36 3 17 : 15 60 89 101 106 149 154 166 169 195 204 240
REC 30 8 18 : 15 60 89 101 114 147 166 169 202 212
REC 30 8 18 : 15 60 89 101 114 149 154 163 198 232
REC 30 8 18 : 15 60 89 101 114 150 170 177 195 204
REC 36 3 17 : 15 60 90 102 105 150 153 165 170 195 204 240
REC 30 8 18 : 15 60 90 102 113 147 165 170 201 212
REC 30 8 18 : 15 60 90 102 113 149 169 178 195 204
REC 30 8 18 : 15 60 90 102 113 150 153 163 197 232
REC 36 3 17 : 15 83 92 101 106 149 154 163 172 198 201 240
REC 36 3 17 : 15 83 92 102 105 150 153 163 172 197 202 240
REC 36 3 17 : 15 85 90 99 108 147 156 165 170 198 201 240
REC 36 3 17 : 15 85 90 102 105 150 153 165 170 195 204 240
REC 36 3 17 : 15 86 89 99 108 147 156 166 169 197 202 240
REC 36 3 17 : 15 86 89 101 106 149 154 166 169 195 204 240
DONE nodes=109169 leaves=9762 records=732
