REC 54 6 24 : 31 99 108 165 170 198 201 294 297 325 330 387 396 496
REC 54 6 24 : 31 99 108 166 169 197 202 293 298 326 329 387 396 496
REC 54 6 24 : 31 99 116 165 178 198 209 294 305 325 338 387 404 488
REC 54 6 24 : 31 99 116 166 177 197 210 293 306 326 337 387 404 488
REC 54 6 24 : 31 99 120 169 178 202 209 298 305 329 338 387 408 484
REC 54 6 24 : 31 99 120 170 177 201 210 297 306 330 337 387 408 484
REC 54 6 24 : 31 101 106 163 172 198 201 294 297 323 332 389 394 496
REC 54 6 24 : 31 101 106 166 169 195 204 291 300 326 329 389 394 496
REC 54 6 24 : 31 101 114 163 180 198 209 294 305 323 340 389 402 488
REC 54 6 24 : 31 101 114 166 177 195 212 291 308 326 337 389 402 488
REC 54 6 24 : 31 101 120 169 180 204 209 300 305 329 340 389 408 482
REC 54 6 24 : 31 101 120 172 177 201 212 297 308 332 337 389 408 482
REC 54 6 24 : 31 102 105 163 172 197 202 293 298 323 332 390 393 496
REC 54 6 24 : 31 102 105 165 170 195 204 291 300 325 330 390 393 496
REC 54 6 24 : 31 102 113 163 180 197 210 293 306 323 340 390 401 488
REC 54 6 24 : 31 102 113 165 178 195 212 291 308 325 338 390 401 488
REC 54 6 24 : 31 102 120 170 180 204 210 300 306 330 340 390 408 481
REC 54 6 24 : 31 102 120 172 178 202 212 298 308 332 338 390 408 481
REC 54 6 24 : 31 105 114 163 184 202 209 298 305 323 344 393 402 484
REC 54 6 24 : 31 105 114 170 177 195 216 291 312 330 337 393 402 484
REC 54 6 24 : 31 105 116 165 184 204 209 300 305 325 344 393 404 482
REC 54 6 24 : 31 105 116 172 177 197 216 293 312 332 337 393 404 482
REC 54 6 24 : 31 106 113 163 184 201 210 297 306 323 344 394 401 484
REC 54 6 24 : 31 106 113 169 178 195 216 291 312 329 338 394 401 484
REC 54 6 24 : 31 106 116 166 184 204 210 300 306 326 344 394 404 481
REC 54 6 24 : 31 106 116 172 178 198 216 294 312 332 338 394 404 481
REC 54 6 24 : 31 108 113 165 184 201 212 297 308 325 344 396 401 482
REC 54 6 24 : 31 108 113 169 180 197 216 293 312 329 340 396 401 482
REC 54 6 24 : 31 108 114 166 184 202 212 298 308 326 344 396 402 481
REC 54 6 24 : 31 108 114 170 180 198 216 294 312 330 340 396 402 481
DONE nodes=15206162 leaves=390 records=30
