my (F,L) classes: 37  (duplicates across files: 0 )
their structures: 37
  their #0: count=31 in mine: True  my theorem-kills=['miquel']  their kills=['MIQ']
  their #1: count=32 in mine: True  my theorem-kills=['miquel']  their kills=['MIQ']
  their #2: count=32 in mine: True  my theorem-kills=['miquel']  their kills=['MIQ']
  their #3: count=32 in mine: True  my theorem-kills=['miquel']  their kills=['MIQ']
  their #4: count=32 in mine: True  my theorem-kills=['miquel']  their kills=['MIQ']
  their #5: count=31 in mine: True  my theorem-kills=['miquel']  their kills=['MIQ']
  their #6: count=32 in mine: True  my theorem-kills=['miquel']  their kills=['MIQ']
  their #7: count=32 in mine: True  my theorem-kills=['miquel']  their kills=['MIQ']
  their #8: count=31 in mine: True  my theorem-kills=['miquel']  their kills=['MIQ']
  their #9: count=32 in mine: True  my theorem-kills=['miquel']  their kills=['MIQ']
  their #10: count=32 in mine: True  my theorem-kills=['mk_8_3', 'orchard']  their kills=['ORCH']
  their #11: count=32 in mine: True  my theorem-kills=['miquel']  their kills=['MIQ']
  their #12: count=32 in mine: True  my theorem-kills=[]  their kills=[]
  their #13: count=31 in mine: True  my theorem-kills=['miquel']  their kills=['MIQ']
  their #14: count=32 in mine: True  my theorem-kills=['miquel']  their kills=['MIQ']
  their #15: count=32 in mine: True  my theorem-kills=['miquel']  their kills=['MIQ']
  their #16: count=32 in mine: True  my theorem-kills=['miquel']  their kills=['MIQ']
  their #17: count=32 in mine: True  my theorem-kills=['miquel']  their kills=['MIQ']
  their #18: count=32 in mine: True  my theorem-kills=['miquel']  their kills=['MIQ']
  their #19: count=32 in mine: True  my theorem-kills=['miquel']  their kills=['MIQ']
  their #20: count=31 in mine: True  my theorem-kills=['miquel']  their kills=['MIQ']
  their #21: count=32 in mine: True  my theorem-kills=['miquel']  their kills=['MIQ']
  their #22: count=32 in mine: True  my theorem-kills=['miquel']  their kills=['MIQ']
  their #23: count=32 in mine: True  my theorem-kills=['miquel']  their kills=['MIQ']
  their #24: count=32 in mine: True  my theorem-kills=['hereditary_sg', 'miquel', 'orchard']  their kills=['HSG', 'ORCH', 'MIQ']
  their #25: count=32 in mine: True  my theorem-kills=['hereditary_sg', 'miquel', 'orchard']  their kills=['HSG', 'ORCH', 'MIQ']
  their #26: count=32 in mine: True  my theorem-kills=['hereditary_sg', 'miquel', 'orchard']  their kills=['HSG', 'ORCH', 'MIQ']
  their #27: count=32 in mine: True  my theorem-kills=['hereditary_sg', 'miquel', 'orchard']  their kills=['HSG', 'ORCH', 'MIQ']
  their #28: count=32 in mine: True  my theorem-kills=['hereditary_sg', 'miquel', 'orchard']  their kills=['HSG', 'ORCH', 'MIQ']
  their #29: count=32 in mine: True  my theorem-kills=['hereditary_sg', 'miquel', 'mk_8_3', 'orchard']  their kills=['HSG', 'ORCH', 'MIQ']
  their #30: count=32 in mine: True  my theorem-kills=['hereditary_sg', 'miquel', 'mk_8_3', 'orchard']  their kills=['HSG', 'ORCH', 'MIQ']
  their #31: count=32 in mine: True  my theorem-kills=['hereditary_sg', 'miquel', 'mk_8_3', 'orchard']  their kills=['HSG', 'ORCH', 'MIQ']
  their #32: count=32 in mine: True  my theorem-kills=['hereditary_sg', 'miquel', 'orchard']  their kills=['HSG', 'ORCH', 'MIQ']
  their #33: count=32 in mine: True  my theorem-kills=['hereditary_sg', 'miquel', 'orchard']  their kills=['HSG', 'ORCH', 'MIQ']
  their #34: count=32 in mine: True  my theorem-kills=['hereditary_sg', 'miquel', 'orchard']  their kills=['HSG', 'ORCH', 'MIQ']
  their #35: count=32 in mine: True  my theorem-kills=['hereditary_sg', 'miquel', 'orchard']  their kills=['HSG', 'ORCH', 'MIQ']
  their #36: count=32 in mine: True  my theorem-kills=['hereditary_sg', 'miquel', 'mk_8_3', 'orchard']  their kills=['HSG', 'ORCH', 'MIQ']
their structures found in my enumeration: 37 of 37  missing: []
