0 [5] D = 9 |Aut| = 14400 inters [] [[5, 6, 7, 8, 9]]
1 [6] D = 19 |Aut| = 17280 inters [] [[4, 5, 6, 7, 8, 9]]
2 [7] D = 34 |Aut| = 30240 inters [] [[3, 4, 5, 6, 7, 8, 9]]
3 [8] D = 55 |Aut| = 80640 inters [] [[2, 3, 4, 5, 6, 7, 8, 9]]
4 [9] D = 83 |Aut| = 362880 inters [] [[1, 2, 3, 4, 5, 6, 7, 8, 9]]
5 [5, 5] D = 18 |Aut| = 28800 inters [0] [[0, 1, 2, 3, 4], [5, 6, 7, 8, 9]]
6 [5, 5] D = 18 |Aut| = 1152 inters [1] [[1, 2, 3, 4, 9], [5, 6, 7, 8, 9]]
7 [5, 5] D = 18 |Aut| = 288 inters [2] [[2, 3, 4, 8, 9], [5, 6, 7, 8, 9]]
8 [5, 6] D = 28 |Aut| = 2880 inters [1] [[0, 1, 2, 3, 4], [4, 5, 6, 7, 8, 9]]
9 [5, 6] D = 28 |Aut| = 288 inters [2] [[1, 2, 3, 4, 5], [4, 5, 6, 7, 8, 9]]
10 [5, 7] D = 43 |Aut| = 1440 inters [2] [[0, 1, 2, 3, 4], [3, 4, 5, 6, 7, 8, 9]]
11 [6, 6] D = 38 |Aut| = 2304 inters [2] [[0, 1, 2, 3, 8, 9], [4, 5, 6, 7, 8, 9]]
12 [5, 5, 5] D = 27 |Aut| = 32 inters [1, 2, 2] [[0, 1, 5, 6, 7], [2, 3, 5, 8, 9], [4, 6, 7, 8, 9]]
13 [5, 5, 5] D = 27 |Aut| = 48 inters [2, 2, 2] [[0, 1, 6, 7, 9], [2, 3, 6, 8, 9], [4, 5, 7, 8, 9]]
14 [5, 5, 5] D = 27 |Aut| = 48 inters [2, 2, 2] [[1, 4, 5, 6, 7], [2, 4, 5, 8, 9], [3, 6, 7, 8, 9]]
15 [5, 5, 6] D = 37 |Aut| = 32 inters [2, 2, 2] [[0, 2, 3, 4, 5], [1, 2, 3, 6, 7], [4, 5, 6, 7, 8, 9]]
16 [5, 5, 5, 5] D = 36 |Aut| = 128 inters [1, 1, 2, 2, 2, 2] [[0, 1, 2, 3, 4], [0, 1, 5, 6, 7], [2, 3, 5, 8, 9], [4, 6, 7, 8, 9]]
17 [5, 5, 5, 5] D = 36 |Aut| = 8 inters [1, 2, 2, 2, 2, 2] [[1, 4, 5, 6, 7], [0, 1, 2, 3, 9], [2, 4, 5, 8, 9], [3, 6, 7, 8, 9]]
18 [5, 5, 5, 5] D = 36 |Aut| = 8 inters [2, 2, 2, 2, 2, 2] [[2, 4, 6, 7, 8], [3, 5, 6, 7, 9], [0, 2, 3, 8, 9], [1, 4, 5, 8, 9]]
19 [5, 5, 5, 6] D = 46 |Aut| = 48 inters [2, 2, 2, 2, 2, 2] [[0, 1, 3, 4, 5], [0, 2, 3, 6, 7], [1, 2, 3, 8, 9], [4, 5, 6, 7, 8, 9]]
20 [5, 5, 5, 5, 5] D = 45 |Aut| = 10 inters [2, 2, 2, 2, 2, 2, 2, 2, 2, 2] [[0, 1, 5, 6, 8], [2, 4, 6, 7, 8], [0, 2, 5, 7, 9], [1, 3, 6, 7, 9], [3, 4, 5, 8, 9]]
21 [5, 5, 5, 5, 5, 5] D = 54 |Aut| = 60 inters [2, 2, 2, 2, 2, 2, 2, 2, 2, 2, 2, 2, 2, 2, 2] [[0, 1, 2, 4, 6], [0, 1, 3, 5, 7], [2, 5, 6, 7, 8], [3, 4, 6, 7, 9], [0, 2, 3, 8, 9], [1, 4, 5, 8, 9]]
total non-empty skeleton classes: 22
