F-class 0: b4=19 rank=9 kernel_dim=1 constants=True torsion=[1, 1, 1, 1, 1, 1, 1, 1, 2] exponent=2 distinct-point labellings=0
F-class 1: b4=19 rank=9 kernel_dim=1 constants=True torsion=[1, 1, 1, 1, 1, 1, 1, 1, 2] exponent=2 distinct-point labellings=0
F-class 2: b4=19 rank=9 kernel_dim=1 constants=True torsion=[1, 1, 1, 1, 1, 1, 1, 1, 2] exponent=2 distinct-point labellings=0
F-class 3: b4=19 rank=9 kernel_dim=1 constants=True torsion=[1, 1, 1, 1, 1, 1, 1, 1, 2] exponent=2 distinct-point labellings=0
F-class 4: b4=19 rank=9 kernel_dim=1 constants=True torsion=[1, 1, 1, 1, 1, 1, 1, 1, 2] exponent=2 distinct-point labellings=0
F-class 5: b4=19 rank=9 kernel_dim=1 constants=True torsion=[1, 1, 1, 1, 1, 1, 1, 1, 2] exponent=2 distinct-point labellings=0
F-class 6: b4=19 rank=9 kernel_dim=1 constants=True torsion=[1, 1, 1, 1, 1, 1, 1, 1, 2] exponent=2 distinct-point labellings=0
F-class 7: b4=19 rank=9 kernel_dim=1 constants=True torsion=[1, 1, 1, 1, 1, 1, 1, 1, 2] exponent=2 distinct-point labellings=0
F-class 8: b4=19 rank=9 kernel_dim=1 constants=True torsion=[1, 1, 1, 1, 1, 1, 1, 1, 2] exponent=2 distinct-point labellings=0
F-class 9: b4=19 rank=9 kernel_dim=1 constants=True torsion=[1, 1, 1, 1, 1, 1, 1, 1, 2] exponent=2 distinct-point labellings=0
F-class 10: b4=19 rank=9 kernel_dim=1 constants=True torsion=[1, 1, 1, 1, 1, 1, 1, 1, 2] exponent=2 distinct-point labellings=0
F-class 11: b4=19 rank=9 kernel_dim=1 constants=True torsion=[1, 1, 1, 1, 1, 1, 1, 1, 2] exponent=2 distinct-point labellings=0
F-class 12: b4=19 rank=9 kernel_dim=1 constants=True torsion=[1, 1, 1, 1, 1, 1, 1, 1, 2] exponent=2 distinct-point labellings=0
F-class 13: b4=19 rank=9 kernel_dim=1 constants=True torsion=[1, 1, 1, 1, 1, 1, 1, 1, 2] exponent=2 distinct-point labellings=0
F-class 14: b4=19 rank=9 kernel_dim=1 constants=True torsion=[1, 1, 1, 1, 1, 1, 1, 1, 2] exponent=2 distinct-point labellings=0
F-class 15: b4=19 rank=9 kernel_dim=1 constants=True torsion=[1, 1, 1, 1, 1, 1, 1, 1, 2] exponent=2 distinct-point labellings=0
F-class 16: b4=19 rank=9 kernel_dim=1 constants=True torsion=[1, 1, 1, 1, 1, 1, 1, 1, 2] exponent=2 distinct-point labellings=0
F-class 17: b4=19 rank=9 kernel_dim=1 constants=True torsion=[1, 1, 1, 1, 1, 1, 1, 2, 5] exponent=10 distinct-point labellings=8
  0 labelled line sets with l >= 13
F-class 18: b4=19 rank=9 kernel_dim=1 constants=True torsion=[1, 1, 1, 1, 1, 1, 1, 1, 2] exponent=2 distinct-point labellings=0
F-class 19: b4=19 rank=9 kernel_dim=1 constants=True torsion=[1, 1, 1, 1, 1, 1, 1, 1, 2] exponent=2 distinct-point labellings=0
F-class 20: b4=19 rank=9 kernel_dim=1 constants=True torsion=[1, 1, 1, 1, 1, 1, 1, 1, 2] exponent=2 distinct-point labellings=0
F-class 21: b4=19 rank=9 kernel_dim=1 constants=True torsion=[1, 1, 1, 1, 1, 1, 1, 1, 2] exponent=2 distinct-point labellings=0
F-class 22: b4=19 rank=9 kernel_dim=1 constants=True torsion=[1, 1, 1, 1, 1, 1, 1, 1, 2] exponent=2 distinct-point labellings=0
F-class 23: b4=19 rank=9 kernel_dim=1 constants=True torsion=[1, 1, 1, 1, 1, 1, 1, 1, 2] exponent=2 distinct-point labellings=0
F-class 24: b4=19 rank=9 kernel_dim=1 constants=True torsion=[1, 1, 1, 1, 1, 1, 1, 1, 2] exponent=2 distinct-point labellings=0
F-class 25: b4=19 rank=9 kernel_dim=1 constants=True torsion=[1, 1, 1, 1, 1, 1, 1, 1, 2] exponent=2 distinct-point labellings=0
F-class 26: b4=19 rank=9 kernel_dim=1 constants=True torsion=[1, 1, 1, 1, 1, 1, 1, 1, 2] exponent=2 distinct-point labellings=0
F-class 27: b4=19 rank=9 kernel_dim=1 constants=True torsion=[1, 1, 1, 1, 1, 1, 1, 1, 2] exponent=2 distinct-point labellings=0
F-class 28: b4=19 rank=9 kernel_dim=1 constants=True torsion=[1, 1, 1, 1, 1, 1, 1, 1, 2] exponent=2 distinct-point labellings=0
F-class 29: b4=19 rank=9 kernel_dim=1 constants=True torsion=[1, 1, 1, 1, 1, 1, 1, 1, 2] exponent=2 distinct-point labellings=0
F-class 30: b4=19 rank=9 kernel_dim=1 constants=True torsion=[1, 1, 1, 1, 1, 1, 1, 1, 2] exponent=2 distinct-point labellings=0
F-class 31: b4=19 rank=9 kernel_dim=1 constants=True torsion=[1, 1, 1, 1, 1, 1, 1, 1, 2] exponent=2 distinct-point labellings=0
F-class 32: b4=19 rank=9 kernel_dim=1 constants=True torsion=[1, 1, 1, 1, 1, 1, 1, 1, 2] exponent=2 distinct-point labellings=0
F-class 33: b4=19 rank=9 kernel_dim=1 constants=True torsion=[1, 1, 1, 1, 1, 1, 1, 1, 2] exponent=2 distinct-point labellings=0
F-class 34: b4=19 rank=9 kernel_dim=1 constants=True torsion=[1, 1, 1, 1, 1, 1, 1, 1, 2] exponent=2 distinct-point labellings=0
F-class 35: b4=19 rank=9 kernel_dim=1 constants=True torsion=[1, 1, 1, 1, 1, 1, 1, 2, 1] exponent=2 distinct-point labellings=0
F-class 36: b4=19 rank=9 kernel_dim=1 constants=True torsion=[1, 1, 1, 1, 1, 1, 1, 1, 2] exponent=2 distinct-point labellings=0
F-class 37: b4=19 rank=9 kernel_dim=1 constants=True torsion=[1, 1, 1, 1, 1, 1, 1, 1, 2] exponent=2 distinct-point labellings=0
F-class 38: b4=19 rank=9 kernel_dim=1 constants=True torsion=[1, 1, 1, 1, 1, 1, 1, 1, 2] exponent=2 distinct-point labellings=0
F-class 39: b4=19 rank=9 kernel_dim=1 constants=True torsion=[1, 1, 1, 1, 1, 1, 1, 1, 2] exponent=2 distinct-point labellings=0
F-class 40: b4=19 rank=9 kernel_dim=1 constants=True torsion=[1, 1, 1, 1, 1, 1, 1, 1, 2] exponent=2 distinct-point labellings=0
F-class 41: b4=19 rank=9 kernel_dim=1 constants=True torsion=[1, 1, 1, 1, 1, 1, 1, 1, 2] exponent=2 distinct-point labellings=0
F-class 42: b4=19 rank=9 kernel_dim=1 constants=True torsion=[1, 1, 1, 1, 1, 1, 1, 1, 2] exponent=2 distinct-point labellings=0
F-class 43: b4=19 rank=9 kernel_dim=1 constants=True torsion=[1, 1, 1, 1, 1, 1, 1, 1, 2] exponent=2 distinct-point labellings=0
F-class 44: b4=19 rank=9 kernel_dim=1 constants=True torsion=[1, 1, 1, 1, 1, 1, 1, 1, 2] exponent=2 distinct-point labellings=0
F-class 45: b4=19 rank=9 kernel_dim=1 constants=True torsion=[1, 1, 1, 1, 1, 1, 1, 1, 2] exponent=2 distinct-point labellings=0
F-class 46: b4=19 rank=9 kernel_dim=1 constants=True torsion=[1, 1, 1, 1, 1, 1, 1, 1, 2] exponent=2 distinct-point labellings=0
F-class 47: b4=19 rank=9 kernel_dim=1 constants=True torsion=[1, 1, 1, 1, 1, 1, 1, 1, 2] exponent=2 distinct-point labellings=0
F-class 48: b4=19 rank=9 kernel_dim=1 constants=True torsion=[1, 1, 1, 1, 1, 1, 1, 1, 2] exponent=2 distinct-point labellings=0
F-class 49: b4=19 rank=9 kernel_dim=1 constants=True torsion=[1, 1, 1, 1, 1, 1, 1, 1, 10] exponent=10 distinct-point labellings=8
  0 labelled line sets with l >= 13
F-class 50: b4=19 rank=9 kernel_dim=1 constants=True torsion=[1, 1, 1, 1, 1, 1, 1, 1, 2] exponent=2 distinct-point labellings=0
F-class 51: b4=19 rank=9 kernel_dim=1 constants=True torsion=[1, 1, 1, 1, 1, 1, 1, 1, 2] exponent=2 distinct-point labellings=0
F-class 52: b4=19 rank=9 kernel_dim=1 constants=True torsion=[1, 1, 1, 1, 1, 1, 1, 1, 2] exponent=2 distinct-point labellings=0
F-class 53: b4=20 rank=9 kernel_dim=1 constants=True torsion=[1, 1, 1, 1, 1, 1, 1, 1, 2] exponent=2 distinct-point labellings=0
F-class 54: b4=20 rank=9 kernel_dim=1 constants=True torsion=[1, 1, 1, 1, 1, 1, 1, 1, 2] exponent=2 distinct-point labellings=0
F-class 55: b4=20 rank=9 kernel_dim=1 constants=True torsion=[1, 1, 1, 1, 1, 1, 1, 1, 2] exponent=2 distinct-point labellings=0
F-class 56: b4=20 rank=9 kernel_dim=1 constants=True torsion=[1, 1, 1, 1, 1, 1, 1, 2, 1] exponent=2 distinct-point labellings=0
F-class 57: b4=20 rank=9 kernel_dim=1 constants=True torsion=[1, 1, 1, 1, 1, 1, 1, 1, 10] exponent=10 distinct-point labellings=8
  31 labelled line sets with l >= 10
  line set 0: [[0, 1, 2, 3, 4], [0, 6, 7], [0, 8, 9], [1, 5, 8], [1, 7, 9], [2, 5, 9], [2, 6, 8], [3, 5, 7], [3, 6, 9], [4, 5, 6]]
    labelling angles*10 = [0, 6, 4, 2, 8, 5, 1, 9, 7, 3]: finite O -> GB={1}; O=inf -> impossible (5-line)
    labelling angles*5 = [0, 1, 4, 2, 3, 0, 1, 4, 2, 3]: finite O -> GB={1}; O=inf -> impossible (5-line)
    labelling angles*10 = [0, 8, 2, 6, 4, 5, 3, 7, 1, 9]: finite O -> GB={1}; O=inf -> impossible (5-line)
    labelling angles*5 = [0, 2, 3, 4, 1, 0, 2, 3, 4, 1]: finite O -> GB={1}; O=inf -> impossible (5-line)
    labelling angles*5 = [0, 3, 2, 1, 4, 0, 3, 2, 1, 4]: finite O -> GB={1}; O=inf -> impossible (5-line)
    labelling angles*10 = [0, 2, 8, 4, 6, 5, 7, 3, 9, 1]: finite O -> GB={1}; O=inf -> impossible (5-line)
    labelling angles*5 = [0, 4, 1, 3, 2, 0, 4, 1, 3, 2]: finite O -> GB={1}; O=inf -> impossible (5-line)
    labelling angles*10 = [0, 4, 6, 8, 2, 5, 9, 1, 3, 7]: finite O -> GB={1}; O=inf -> impossible (5-line)
  line set 1: [[0, 1, 2, 3, 4], [0, 6, 7], [0, 8, 9], [1, 5, 8], [1, 7, 9], [2, 5, 9], [2, 6, 8], [3, 5, 7], [3, 6, 9], [4, 5, 6], [4, 7, 8]]
    labelling angles*10 = [0, 6, 4, 2, 8, 5, 1, 9, 7, 3]: finite O -> GB={1}; O=inf -> impossible (5-line)
    labelling angles*5 = [0, 1, 4, 2, 3, 0, 1, 4, 2, 3]: finite O -> GB={1}; O=inf -> impossible (5-line)
    labelling angles*10 = [0, 8, 2, 6, 4, 5, 3, 7, 1, 9]: finite O -> GB={1}; O=inf -> impossible (5-line)
    labelling angles*5 = [0, 2, 3, 4, 1, 0, 2, 3, 4, 1]: finite O -> GB={1}; O=inf -> impossible (5-line)
    labelling angles*5 = [0, 3, 2, 1, 4, 0, 3, 2, 1, 4]: finite O -> GB={1}; O=inf -> impossible (5-line)
    labelling angles*10 = [0, 2, 8, 4, 6, 5, 7, 3, 9, 1]: finite O -> GB={1}; O=inf -> impossible (5-line)
    labelling angles*5 = [0, 4, 1, 3, 2, 0, 4, 1, 3, 2]: finite O -> GB={1}; O=inf -> impossible (5-line)
    labelling angles*10 = [0, 4, 6, 8, 2, 5, 9, 1, 3, 7]: finite O -> GB={1}; O=inf -> impossible (5-line)
  line set 2: [[0, 1, 2, 3, 4], [0, 6, 7], [0, 8, 9], [1, 5, 8], [1, 7, 9], [2, 5, 9], [2, 6, 8], [3, 5, 7], [3, 6, 9], [4, 7, 8]]
    labelling angles*10 = [0, 6, 4, 2, 8, 5, 1, 9, 7, 3]: finite O -> GB={1}; O=inf -> impossible (5-line)
    labelling angles*5 = [0, 1, 4, 2, 3, 0, 1, 4, 2, 3]: finite O -> GB={1}; O=inf -> impossible (5-line)
    labelling angles*10 = [0, 8, 2, 6, 4, 5, 3, 7, 1, 9]: finite O -> GB={1}; O=inf -> impossible (5-line)
    labelling angles*5 = [0, 2, 3, 4, 1, 0, 2, 3, 4, 1]: finite O -> GB={1}; O=inf -> impossible (5-line)
    labelling angles*5 = [0, 3, 2, 1, 4, 0, 3, 2, 1, 4]: finite O -> GB={1}; O=inf -> impossible (5-line)
    labelling angles*10 = [0, 2, 8, 4, 6, 5, 7, 3, 9, 1]: finite O -> GB={1}; O=inf -> impossible (5-line)
    labelling angles*5 = [0, 4, 1, 3, 2, 0, 4, 1, 3, 2]: finite O -> GB={1}; O=inf -> impossible (5-line)
    labelling angles*10 = [0, 4, 6, 8, 2, 5, 9, 1, 3, 7]: finite O -> GB={1}; O=inf -> impossible (5-line)
  line set 3: [[0, 1, 2, 3, 4], [0, 6, 7], [0, 8, 9], [1, 5, 8], [1, 7, 9], [2, 5, 9], [2, 6, 8], [3, 5, 7], [4, 5, 6], [4, 7, 8]]
    labelling angles*10 = [0, 6, 4, 2, 8, 5, 1, 9, 7, 3]: finite O -> GB={1}; O=inf -> impossible (5-line)
    labelling angles*5 = [0, 1, 4, 2, 3, 0, 1, 4, 2, 3]: finite O -> GB={1}; O=inf -> impossible (5-line)
    labelling angles*10 = [0, 8, 2, 6, 4, 5, 3, 7, 1, 9]: finite O -> GB={1}; O=inf -> impossible (5-line)
    labelling angles*5 = [0, 2, 3, 4, 1, 0, 2, 3, 4, 1]: finite O -> GB={1}; O=inf -> impossible (5-line)
    labelling angles*5 = [0, 3, 2, 1, 4, 0, 3, 2, 1, 4]: finite O -> GB={1}; O=inf -> impossible (5-line)
    labelling angles*10 = [0, 2, 8, 4, 6, 5, 7, 3, 9, 1]: finite O -> GB={1}; O=inf -> impossible (5-line)
    labelling angles*5 = [0, 4, 1, 3, 2, 0, 4, 1, 3, 2]: finite O -> GB={1}; O=inf -> impossible (5-line)
    labelling angles*10 = [0, 4, 6, 8, 2, 5, 9, 1, 3, 7]: finite O -> GB={1}; O=inf -> impossible (5-line)
  line set 4: [[0, 1, 2, 3, 4], [0, 6, 7], [0, 8, 9], [1, 5, 8], [1, 7, 9], [2, 5, 9], [2, 6, 8], [3, 6, 9], [4, 5, 6], [4, 7, 8]]
    labelling angles*10 = [0, 6, 4, 2, 8, 5, 1, 9, 7, 3]: finite O -> GB={1}; O=inf -> impossible (5-line)
    labelling angles*5 = [0, 1, 4, 2, 3, 0, 1, 4, 2, 3]: finite O -> GB={1}; O=inf -> impossible (5-line)
    labelling angles*10 = [0, 8, 2, 6, 4, 5, 3, 7, 1, 9]: finite O -> GB={1}; O=inf -> impossible (5-line)
    labelling angles*5 = [0, 2, 3, 4, 1, 0, 2, 3, 4, 1]: finite O -> GB={1}; O=inf -> impossible (5-line)
    labelling angles*5 = [0, 3, 2, 1, 4, 0, 3, 2, 1, 4]: finite O -> GB={1}; O=inf -> impossible (5-line)
    labelling angles*10 = [0, 2, 8, 4, 6, 5, 7, 3, 9, 1]: finite O -> GB={1}; O=inf -> impossible (5-line)
    labelling angles*5 = [0, 4, 1, 3, 2, 0, 4, 1, 3, 2]: finite O -> GB={1}; O=inf -> impossible (5-line)
    labelling angles*10 = [0, 4, 6, 8, 2, 5, 9, 1, 3, 7]: finite O -> GB={1}; O=inf -> impossible (5-line)
  line set 5: [[0, 1, 2, 3, 4], [0, 6, 7], [0, 8, 9], [1, 5, 8], [1, 7, 9], [2, 5, 9], [3, 5, 7], [3, 6, 9], [4, 5, 6], [4, 7, 8]]
    labelling angles*10 = [0, 6, 4, 2, 8, 5, 1, 9, 7, 3]: finite O -> GB={1}; O=inf -> impossible (5-line)
    labelling angles*5 = [0, 1, 4, 2, 3, 0, 1, 4, 2, 3]: finite O -> GB={1}; O=inf -> impossible (5-line)
    labelling angles*10 = [0, 8, 2, 6, 4, 5, 3, 7, 1, 9]: finite O -> GB={1}; O=inf -> impossible (5-line)
    labelling angles*5 = [0, 2, 3, 4, 1, 0, 2, 3, 4, 1]: finite O -> GB={1}; O=inf -> impossible (5-line)
    labelling angles*5 = [0, 3, 2, 1, 4, 0, 3, 2, 1, 4]: finite O -> GB={1}; O=inf -> impossible (5-line)
    labelling angles*10 = [0, 2, 8, 4, 6, 5, 7, 3, 9, 1]: finite O -> GB={1}; O=inf -> impossible (5-line)
    labelling angles*5 = [0, 4, 1, 3, 2, 0, 4, 1, 3, 2]: finite O -> GB={1}; O=inf -> impossible (5-line)
    labelling angles*10 = [0, 4, 6, 8, 2, 5, 9, 1, 3, 7]: finite O -> GB={1}; O=inf -> impossible (5-line)
  line set 6: [[0, 1, 2, 3, 4], [0, 6, 7], [0, 8, 9], [1, 5, 8], [1, 7, 9], [2, 6, 8], [3, 5, 7], [3, 6, 9], [4, 5, 6], [4, 7, 8]]
    labelling angles*10 = [0, 6, 4, 2, 8, 5, 1, 9, 7, 3]: finite O -> GB={1}; O=inf -> impossible (5-line)
    labelling angles*5 = [0, 1, 4, 2, 3, 0, 1, 4, 2, 3]: finite O -> GB={1}; O=inf -> impossible (5-line)
    labelling angles*10 = [0, 8, 2, 6, 4, 5, 3, 7, 1, 9]: finite O -> GB={1}; O=inf -> impossible (5-line)
    labelling angles*5 = [0, 2, 3, 4, 1, 0, 2, 3, 4, 1]: finite O -> GB={1}; O=inf -> impossible (5-line)
    labelling angles*5 = [0, 3, 2, 1, 4, 0, 3, 2, 1, 4]: finite O -> GB={1}; O=inf -> impossible (5-line)
    labelling angles*10 = [0, 2, 8, 4, 6, 5, 7, 3, 9, 1]: finite O -> GB={1}; O=inf -> impossible (5-line)
    labelling angles*5 = [0, 4, 1, 3, 2, 0, 4, 1, 3, 2]: finite O -> GB={1}; O=inf -> impossible (5-line)
    labelling angles*10 = [0, 4, 6, 8, 2, 5, 9, 1, 3, 7]: finite O -> GB={1}; O=inf -> impossible (5-line)
  line set 7: [[0, 1, 2, 3, 4], [0, 6, 7], [0, 8, 9], [1, 5, 8], [2, 5, 9], [2, 6, 8], [3, 5, 7], [3, 6, 9], [4, 5, 6], [4, 7, 8]]
    labelling angles*10 = [0, 6, 4, 2, 8, 5, 1, 9, 7, 3]: finite O -> GB={1}; O=inf -> impossible (5-line)
    labelling angles*5 = [0, 1, 4, 2, 3, 0, 1, 4, 2, 3]: finite O -> GB={1}; O=inf -> impossible (5-line)
    labelling angles*10 = [0, 8, 2, 6, 4, 5, 3, 7, 1, 9]: finite O -> GB={1}; O=inf -> impossible (5-line)
    labelling angles*5 = [0, 2, 3, 4, 1, 0, 2, 3, 4, 1]: finite O -> GB={1}; O=inf -> impossible (5-line)
    labelling angles*5 = [0, 3, 2, 1, 4, 0, 3, 2, 1, 4]: finite O -> GB={1}; O=inf -> impossible (5-line)
    labelling angles*10 = [0, 2, 8, 4, 6, 5, 7, 3, 9, 1]: finite O -> GB={1}; O=inf -> impossible (5-line)
    labelling angles*5 = [0, 4, 1, 3, 2, 0, 4, 1, 3, 2]: finite O -> GB={1}; O=inf -> impossible (5-line)
    labelling angles*10 = [0, 4, 6, 8, 2, 5, 9, 1, 3, 7]: finite O -> GB={1}; O=inf -> impossible (5-line)
  line set 8: [[0, 1, 2, 3, 4], [0, 6, 7], [0, 8, 9], [1, 7, 9], [2, 5, 9], [2, 6, 8], [3, 5, 7], [3, 6, 9], [4, 5, 6], [4, 7, 8]]
    labelling angles*10 = [0, 6, 4, 2, 8, 5, 1, 9, 7, 3]: finite O -> GB={1}; O=inf -> impossible (5-line)
    labelling angles*5 = [0, 1, 4, 2, 3, 0, 1, 4, 2, 3]: finite O -> GB={1}; O=inf -> impossible (5-line)
    labelling angles*10 = [0, 8, 2, 6, 4, 5, 3, 7, 1, 9]: finite O -> GB={1}; O=inf -> impossible (5-line)
    labelling angles*5 = [0, 2, 3, 4, 1, 0, 2, 3, 4, 1]: finite O -> GB={1}; O=inf -> impossible (5-line)
    labelling angles*5 = [0, 3, 2, 1, 4, 0, 3, 2, 1, 4]: finite O -> GB={1}; O=inf -> impossible (5-line)
    labelling angles*10 = [0, 2, 8, 4, 6, 5, 7, 3, 9, 1]: finite O -> GB={1}; O=inf -> impossible (5-line)
    labelling angles*5 = [0, 4, 1, 3, 2, 0, 4, 1, 3, 2]: finite O -> GB={1}; O=inf -> impossible (5-line)
    labelling angles*10 = [0, 4, 6, 8, 2, 5, 9, 1, 3, 7]: finite O -> GB={1}; O=inf -> impossible (5-line)
  line set 9: [[0, 1, 2, 3, 4], [0, 6, 7], [1, 5, 8], [1, 7, 9], [2, 5, 9], [2, 6, 8], [3, 5, 7], [3, 6, 9], [4, 5, 6], [4, 7, 8]]
    labelling angles*10 = [0, 6, 4, 2, 8, 5, 1, 9, 7, 3]: finite O -> GB={1}; O=inf -> impossible (5-line)
    labelling angles*5 = [0, 1, 4, 2, 3, 0, 1, 4, 2, 3]: finite O -> GB={1}; O=inf -> impossible (5-line)
    labelling angles*10 = [0, 8, 2, 6, 4, 5, 3, 7, 1, 9]: finite O -> GB={1}; O=inf -> impossible (5-line)
    labelling angles*5 = [0, 2, 3, 4, 1, 0, 2, 3, 4, 1]: finite O -> GB={1}; O=inf -> impossible (5-line)
    labelling angles*5 = [0, 3, 2, 1, 4, 0, 3, 2, 1, 4]: finite O -> GB={1}; O=inf -> impossible (5-line)
    labelling angles*10 = [0, 2, 8, 4, 6, 5, 7, 3, 9, 1]: finite O -> GB={1}; O=inf -> impossible (5-line)
    labelling angles*5 = [0, 4, 1, 3, 2, 0, 4, 1, 3, 2]: finite O -> GB={1}; O=inf -> impossible (5-line)
    labelling angles*10 = [0, 4, 6, 8, 2, 5, 9, 1, 3, 7]: finite O -> GB={1}; O=inf -> impossible (5-line)
  line set 10: [[0, 1, 2, 3, 4], [0, 8, 9], [1, 5, 8], [1, 7, 9], [2, 5, 9], [2, 6, 8], [3, 5, 7], [3, 6, 9], [4, 5, 6], [4, 7, 8]]
    labelling angles*10 = [0, 6, 4, 2, 8, 5, 1, 9, 7, 3]: finite O -> GB={1}; O=inf -> impossible (5-line)
    labelling angles*5 = [0, 1, 4, 2, 3, 0, 1, 4, 2, 3]: finite O -> GB={1}; O=inf -> impossible (5-line)
    labelling angles*10 = [0, 8, 2, 6, 4, 5, 3, 7, 1, 9]: finite O -> GB={1}; O=inf -> impossible (5-line)
    labelling angles*5 = [0, 2, 3, 4, 1, 0, 2, 3, 4, 1]: finite O -> GB={1}; O=inf -> impossible (5-line)
    labelling angles*5 = [0, 3, 2, 1, 4, 0, 3, 2, 1, 4]: finite O -> GB={1}; O=inf -> impossible (5-line)
    labelling angles*10 = [0, 2, 8, 4, 6, 5, 7, 3, 9, 1]: finite O -> GB={1}; O=inf -> impossible (5-line)
    labelling angles*5 = [0, 4, 1, 3, 2, 0, 4, 1, 3, 2]: finite O -> GB={1}; O=inf -> impossible (5-line)
    labelling angles*10 = [0, 4, 6, 8, 2, 5, 9, 1, 3, 7]: finite O -> GB={1}; O=inf -> impossible (5-line)
  line set 11: [[5, 6, 7, 8, 9], [0, 1, 9], [0, 2, 8], [0, 3, 6], [0, 4, 7], [1, 2, 5], [1, 3, 7], [1, 4, 8], [2, 3, 9], [2, 4, 6]]
    labelling angles*10 = [0, 6, 4, 2, 8, 5, 1, 9, 7, 3]: finite O -> GB={1}; O=inf -> impossible (5-line)
    labelling angles*5 = [0, 1, 4, 2, 3, 0, 1, 4, 2, 3]: finite O -> GB={1}; O=inf -> impossible (5-line)
    labelling angles*10 = [0, 8, 2, 6, 4, 5, 3, 7, 1, 9]: finite O -> GB={1}; O=inf -> impossible (5-line)
    labelling angles*5 = [0, 2, 3, 4, 1, 0, 2, 3, 4, 1]: finite O -> GB={1}; O=inf -> impossible (5-line)
    labelling angles*5 = [0, 3, 2, 1, 4, 0, 3, 2, 1, 4]: finite O -> GB={1}; O=inf -> impossible (5-line)
    labelling angles*10 = [0, 2, 8, 4, 6, 5, 7, 3, 9, 1]: finite O -> GB={1}; O=inf -> impossible (5-line)
    labelling angles*5 = [0, 4, 1, 3, 2, 0, 4, 1, 3, 2]: finite O -> GB={1}; O=inf -> impossible (5-line)
    labelling angles*10 = [0, 4, 6, 8, 2, 5, 9, 1, 3, 7]: finite O -> GB={1}; O=inf -> impossible (5-line)
  line set 12: [[5, 6, 7, 8, 9], [0, 1, 9], [0, 2, 8], [0, 3, 6], [0, 4, 7], [1, 2, 5], [1, 3, 7], [1, 4, 8], [2, 3, 9], [2, 4, 6], [3, 4, 5]]
    labelling angles*10 = [0, 6, 4, 2, 8, 5, 1, 9, 7, 3]: finite O -> GB={1}; O=inf -> impossible (5-line)
    labelling angles*5 = [0, 1, 4, 2, 3, 0, 1, 4, 2, 3]: finite O -> GB={1}; O=inf -> impossible (5-line)
    labelling angles*10 = [0, 8, 2, 6, 4, 5, 3, 7, 1, 9]: finite O -> GB={1}; O=inf -> impossible (5-line)
    labelling angles*5 = [0, 2, 3, 4, 1, 0, 2, 3, 4, 1]: finite O -> GB={1}; O=inf -> impossible (5-line)
    labelling angles*5 = [0, 3, 2, 1, 4, 0, 3, 2, 1, 4]: finite O -> GB={1}; O=inf -> impossible (5-line)
    labelling angles*10 = [0, 2, 8, 4, 6, 5, 7, 3, 9, 1]: finite O -> GB={1}; O=inf -> impossible (5-line)
    labelling angles*5 = [0, 4, 1, 3, 2, 0, 4, 1, 3, 2]: finite O -> GB={1}; O=inf -> impossible (5-line)
    labelling angles*10 = [0, 4, 6, 8, 2, 5, 9, 1, 3, 7]: finite O -> GB={1}; O=inf -> impossible (5-line)
  line set 13: [[5, 6, 7, 8, 9], [0, 1, 9], [0, 2, 8], [0, 3, 6], [0, 4, 7], [1, 2, 5], [1, 3, 7], [1, 4, 8], [2, 3, 9], [3, 4, 5]]
    labelling angles*10 = [0, 6, 4, 2, 8, 5, 1, 9, 7, 3]: finite O -> GB={1}; O=inf -> impossible (5-line)
    labelling angles*5 = [0, 1, 4, 2, 3, 0, 1, 4, 2, 3]: finite O -> GB={1}; O=inf -> impossible (5-line)
    labelling angles*10 = [0, 8, 2, 6, 4, 5, 3, 7, 1, 9]: finite O -> GB={1}; O=inf -> impossible (5-line)
    labelling angles*5 = [0, 2, 3, 4, 1, 0, 2, 3, 4, 1]: finite O -> GB={1}; O=inf -> impossible (5-line)
    labelling angles*5 = [0, 3, 2, 1, 4, 0, 3, 2, 1, 4]: finite O -> GB={1}; O=inf -> impossible (5-line)
    labelling angles*10 = [0, 2, 8, 4, 6, 5, 7, 3, 9, 1]: finite O -> GB={1}; O=inf -> impossible (5-line)
    labelling angles*5 = [0, 4, 1, 3, 2, 0, 4, 1, 3, 2]: finite O -> GB={1}; O=inf -> impossible (5-line)
    labelling angles*10 = [0, 4, 6, 8, 2, 5, 9, 1, 3, 7]: finite O -> GB={1}; O=inf -> impossible (5-line)
  line set 14: [[5, 6, 7, 8, 9], [0, 1, 9], [0, 2, 8], [0, 3, 6], [0, 4, 7], [1, 2, 5], [1, 3, 7], [1, 4, 8], [2, 4, 6], [3, 4, 5]]
    labelling angles*10 = [0, 6, 4, 2, 8, 5, 1, 9, 7, 3]: finite O -> GB={1}; O=inf -> impossible (5-line)
    labelling angles*5 = [0, 1, 4, 2, 3, 0, 1, 4, 2, 3]: finite O -> GB={1}; O=inf -> impossible (5-line)
    labelling angles*10 = [0, 8, 2, 6, 4, 5, 3, 7, 1, 9]: finite O -> GB={1}; O=inf -> impossible (5-line)
    labelling angles*5 = [0, 2, 3, 4, 1, 0, 2, 3, 4, 1]: finite O -> GB={1}; O=inf -> impossible (5-line)
    labelling angles*5 = [0, 3, 2, 1, 4, 0, 3, 2, 1, 4]: finite O -> GB={1}; O=inf -> impossible (5-line)
    labelling angles*10 = [0, 2, 8, 4, 6, 5, 7, 3, 9, 1]: finite O -> GB={1}; O=inf -> impossible (5-line)
    labelling angles*5 = [0, 4, 1, 3, 2, 0, 4, 1, 3, 2]: finite O -> GB={1}; O=inf -> impossible (5-line)
    labelling angles*10 = [0, 4, 6, 8, 2, 5, 9, 1, 3, 7]: finite O -> GB={1}; O=inf -> impossible (5-line)
  line set 15: [[5, 6, 7, 8, 9], [0, 1, 9], [0, 2, 8], [0, 3, 6], [0, 4, 7], [1, 2, 5], [1, 3, 7], [2, 3, 9], [2, 4, 6], [3, 4, 5]]
    labelling angles*10 = [0, 6, 4, 2, 8, 5, 1, 9, 7, 3]: finite O -> GB={1}; O=inf -> impossible (5-line)
    labelling angles*5 = [0, 1, 4, 2, 3, 0, 1, 4, 2, 3]: finite O -> GB={1}; O=inf -> impossible (5-line)
    labelling angles*10 = [0, 8, 2, 6, 4, 5, 3, 7, 1, 9]: finite O -> GB={1}; O=inf -> impossible (5-line)
    labelling angles*5 = [0, 2, 3, 4, 1, 0, 2, 3, 4, 1]: finite O -> GB={1}; O=inf -> impossible (5-line)
    labelling angles*5 = [0, 3, 2, 1, 4, 0, 3, 2, 1, 4]: finite O -> GB={1}; O=inf -> impossible (5-line)
    labelling angles*10 = [0, 2, 8, 4, 6, 5, 7, 3, 9, 1]: finite O -> GB={1}; O=inf -> impossible (5-line)
    labelling angles*5 = [0, 4, 1, 3, 2, 0, 4, 1, 3, 2]: finite O -> GB={1}; O=inf -> impossible (5-line)
    labelling angles*10 = [0, 4, 6, 8, 2, 5, 9, 1, 3, 7]: finite O -> GB={1}; O=inf -> impossible (5-line)
  line set 16: [[5, 6, 7, 8, 9], [0, 1, 9], [0, 2, 8], [0, 3, 6], [0, 4, 7], [1, 2, 5], [1, 4, 8], [2, 3, 9], [2, 4, 6], [3, 4, 5]]
    labelling angles*10 = [0, 6, 4, 2, 8, 5, 1, 9, 7, 3]: finite O -> GB={1}; O=inf -> impossible (5-line)
    labelling angles*5 = [0, 1, 4, 2, 3, 0, 1, 4, 2, 3]: finite O -> GB={1}; O=inf -> impossible (5-line)
    labelling angles*10 = [0, 8, 2, 6, 4, 5, 3, 7, 1, 9]: finite O -> GB={1}; O=inf -> impossible (5-line)
    labelling angles*5 = [0, 2, 3, 4, 1, 0, 2, 3, 4, 1]: finite O -> GB={1}; O=inf -> impossible (5-line)
    labelling angles*5 = [0, 3, 2, 1, 4, 0, 3, 2, 1, 4]: finite O -> GB={1}; O=inf -> impossible (5-line)
    labelling angles*10 = [0, 2, 8, 4, 6, 5, 7, 3, 9, 1]: finite O -> GB={1}; O=inf -> impossible (5-line)
    labelling angles*5 = [0, 4, 1, 3, 2, 0, 4, 1, 3, 2]: finite O -> GB={1}; O=inf -> impossible (5-line)
    labelling angles*10 = [0, 4, 6, 8, 2, 5, 9, 1, 3, 7]: finite O -> GB={1}; O=inf -> impossible (5-line)
  line set 17: [[5, 6, 7, 8, 9], [0, 1, 9], [0, 2, 8], [0, 3, 6], [0, 4, 7], [1, 3, 7], [1, 4, 8], [2, 3, 9], [2, 4, 6], [3, 4, 5]]
    labelling angles*10 = [0, 6, 4, 2, 8, 5, 1, 9, 7, 3]: finite O -> GB={1}; O=inf -> impossible (5-line)
    labelling angles*5 = [0, 1, 4, 2, 3, 0, 1, 4, 2, 3]: finite O -> GB={1}; O=inf -> impossible (5-line)
    labelling angles*10 = [0, 8, 2, 6, 4, 5, 3, 7, 1, 9]: finite O -> GB={1}; O=inf -> impossible (5-line)
    labelling angles*5 = [0, 2, 3, 4, 1, 0, 2, 3, 4, 1]: finite O -> GB={1}; O=inf -> impossible (5-line)
    labelling angles*5 = [0, 3, 2, 1, 4, 0, 3, 2, 1, 4]: finite O -> GB={1}; O=inf -> impossible (5-line)
    labelling angles*10 = [0, 2, 8, 4, 6, 5, 7, 3, 9, 1]: finite O -> GB={1}; O=inf -> impossible (5-line)
    labelling angles*5 = [0, 4, 1, 3, 2, 0, 4, 1, 3, 2]: finite O -> GB={1}; O=inf -> impossible (5-line)
    labelling angles*10 = [0, 4, 6, 8, 2, 5, 9, 1, 3, 7]: finite O -> GB={1}; O=inf -> impossible (5-line)
  line set 18: [[5, 6, 7, 8, 9], [0, 1, 9], [0, 2, 8], [0, 3, 6], [1, 2, 5], [1, 3, 7], [1, 4, 8], [2, 3, 9], [2, 4, 6], [3, 4, 5]]
    labelling angles*10 = [0, 6, 4, 2, 8, 5, 1, 9, 7, 3]: finite O -> GB={1}; O=inf -> impossible (5-line)
    labelling angles*5 = [0, 1, 4, 2, 3, 0, 1, 4, 2, 3]: finite O -> GB={1}; O=inf -> impossible (5-line)
    labelling angles*10 = [0, 8, 2, 6, 4, 5, 3, 7, 1, 9]: finite O -> GB={1}; O=inf -> impossible (5-line)
    labelling angles*5 = [0, 2, 3, 4, 1, 0, 2, 3, 4, 1]: finite O -> GB={1}; O=inf -> impossible (5-line)
    labelling angles*5 = [0, 3, 2, 1, 4, 0, 3, 2, 1, 4]: finite O -> GB={1}; O=inf -> impossible (5-line)
    labelling angles*10 = [0, 2, 8, 4, 6, 5, 7, 3, 9, 1]: finite O -> GB={1}; O=inf -> impossible (5-line)
    labelling angles*5 = [0, 4, 1, 3, 2, 0, 4, 1, 3, 2]: finite O -> GB={1}; O=inf -> impossible (5-line)
    labelling angles*10 = [0, 4, 6, 8, 2, 5, 9, 1, 3, 7]: finite O -> GB={1}; O=inf -> impossible (5-line)
  line set 19: [[5, 6, 7, 8, 9], [0, 1, 9], [0, 2, 8], [0, 4, 7], [1, 2, 5], [1, 3, 7], [1, 4, 8], [2, 3, 9], [2, 4, 6], [3, 4, 5]]
    labelling angles*10 = [0, 6, 4, 2, 8, 5, 1, 9, 7, 3]: finite O -> GB={1}; O=inf -> impossible (5-line)
    labelling angles*5 = [0, 1, 4, 2, 3, 0, 1, 4, 2, 3]: finite O -> GB={1}; O=inf -> impossible (5-line)
    labelling angles*10 = [0, 8, 2, 6, 4, 5, 3, 7, 1, 9]: finite O -> GB={1}; O=inf -> impossible (5-line)
    labelling angles*5 = [0, 2, 3, 4, 1, 0, 2, 3, 4, 1]: finite O -> GB={1}; O=inf -> impossible (5-line)
    labelling angles*5 = [0, 3, 2, 1, 4, 0, 3, 2, 1, 4]: finite O -> GB={1}; O=inf -> impossible (5-line)
    labelling angles*10 = [0, 2, 8, 4, 6, 5, 7, 3, 9, 1]: finite O -> GB={1}; O=inf -> impossible (5-line)
    labelling angles*5 = [0, 4, 1, 3, 2, 0, 4, 1, 3, 2]: finite O -> GB={1}; O=inf -> impossible (5-line)
    labelling angles*10 = [0, 4, 6, 8, 2, 5, 9, 1, 3, 7]: finite O -> GB={1}; O=inf -> impossible (5-line)
  line set 20: [[5, 6, 7, 8, 9], [0, 1, 9], [0, 3, 6], [0, 4, 7], [1, 2, 5], [1, 3, 7], [1, 4, 8], [2, 3, 9], [2, 4, 6], [3, 4, 5]]
    labelling angles*10 = [0, 6, 4, 2, 8, 5, 1, 9, 7, 3]: finite O -> GB={1}; O=inf -> impossible (5-line)
    labelling angles*5 = [0, 1, 4, 2, 3, 0, 1, 4, 2, 3]: finite O -> GB={1}; O=inf -> impossible (5-line)
    labelling angles*10 = [0, 8, 2, 6, 4, 5, 3, 7, 1, 9]: finite O -> GB={1}; O=inf -> impossible (5-line)
    labelling angles*5 = [0, 2, 3, 4, 1, 0, 2, 3, 4, 1]: finite O -> GB={1}; O=inf -> impossible (5-line)
    labelling angles*5 = [0, 3, 2, 1, 4, 0, 3, 2, 1, 4]: finite O -> GB={1}; O=inf -> impossible (5-line)
    labelling angles*10 = [0, 2, 8, 4, 6, 5, 7, 3, 9, 1]: finite O -> GB={1}; O=inf -> impossible (5-line)
    labelling angles*5 = [0, 4, 1, 3, 2, 0, 4, 1, 3, 2]: finite O -> GB={1}; O=inf -> impossible (5-line)
    labelling angles*10 = [0, 4, 6, 8, 2, 5, 9, 1, 3, 7]: finite O -> GB={1}; O=inf -> impossible (5-line)
  line set 21: [[5, 6, 7, 8, 9], [0, 2, 8], [0, 3, 6], [0, 4, 7], [1, 2, 5], [1, 3, 7], [1, 4, 8], [2, 3, 9], [2, 4, 6], [3, 4, 5]]
    labelling angles*10 = [0, 6, 4, 2, 8, 5, 1, 9, 7, 3]: finite O -> GB={1}; O=inf -> impossible (5-line)
    labelling angles*5 = [0, 1, 4, 2, 3, 0, 1, 4, 2, 3]: finite O -> GB={1}; O=inf -> impossible (5-line)
    labelling angles*10 = [0, 8, 2, 6, 4, 5, 3, 7, 1, 9]: finite O -> GB={1}; O=inf -> impossible (5-line)
    labelling angles*5 = [0, 2, 3, 4, 1, 0, 2, 3, 4, 1]: finite O -> GB={1}; O=inf -> impossible (5-line)
    labelling angles*5 = [0, 3, 2, 1, 4, 0, 3, 2, 1, 4]: finite O -> GB={1}; O=inf -> impossible (5-line)
    labelling angles*10 = [0, 2, 8, 4, 6, 5, 7, 3, 9, 1]: finite O -> GB={1}; O=inf -> impossible (5-line)
    labelling angles*5 = [0, 4, 1, 3, 2, 0, 4, 1, 3, 2]: finite O -> GB={1}; O=inf -> impossible (5-line)
    labelling angles*10 = [0, 4, 6, 8, 2, 5, 9, 1, 3, 7]: finite O -> GB={1}; O=inf -> impossible (5-line)
  line set 22: [[0, 1, 5, 6], [2, 3, 7, 8], [0, 4, 7], [0, 8, 9], [1, 4, 8], [1, 7, 9], [2, 4, 6], [2, 5, 9], [3, 4, 5], [3, 6, 9]]
    labelling angles*10 = [0, 6, 4, 2, 8, 5, 1, 9, 7, 3]: finite O -> GB={1}; O=inf -> GB={1}
    labelling angles*5 = [0, 1, 4, 2, 3, 0, 1, 4, 2, 3]: finite O -> GB={1}; O=inf -> GB={1}
    labelling angles*10 = [0, 8, 2, 6, 4, 5, 3, 7, 1, 9]: finite O -> GB={1}; O=inf -> GB={1}
    labelling angles*5 = [0, 2, 3, 4, 1, 0, 2, 3, 4, 1]: finite O -> GB={1}; O=inf -> GB={1}
    labelling angles*5 = [0, 3, 2, 1, 4, 0, 3, 2, 1, 4]: finite O -> GB={1}; O=inf -> GB={1}
    labelling angles*10 = [0, 2, 8, 4, 6, 5, 7, 3, 9, 1]: finite O -> GB={1}; O=inf -> GB={1}
    labelling angles*5 = [0, 4, 1, 3, 2, 0, 4, 1, 3, 2]: finite O -> GB={1}; O=inf -> GB={1}
    labelling angles*10 = [0, 4, 6, 8, 2, 5, 9, 1, 3, 7]: finite O -> GB={1}; O=inf -> GB={1}
  line set 23: [[0, 2, 5, 7], [1, 4, 6, 9], [0, 3, 6], [0, 8, 9], [1, 3, 7], [1, 5, 8], [2, 3, 9], [2, 6, 8], [3, 4, 5], [4, 7, 8]]
    labelling angles*10 = [0, 6, 4, 2, 8, 5, 1, 9, 7, 3]: finite O -> GB={1}; O=inf -> GB={1}
    labelling angles*5 = [0, 1, 4, 2, 3, 0, 1, 4, 2, 3]: finite O -> GB={1}; O=inf -> GB={1}
    labelling angles*10 = [0, 8, 2, 6, 4, 5, 3, 7, 1, 9]: finite O -> GB={1}; O=inf -> GB={1}
    labelling angles*5 = [0, 2, 3, 4, 1, 0, 2, 3, 4, 1]: finite O -> GB={1}; O=inf -> GB={1}
    labelling angles*5 = [0, 3, 2, 1, 4, 0, 3, 2, 1, 4]: finite O -> GB={1}; O=inf -> GB={1}
    labelling angles*10 = [0, 2, 8, 4, 6, 5, 7, 3, 9, 1]: finite O -> GB={1}; O=inf -> GB={1}
    labelling angles*5 = [0, 4, 1, 3, 2, 0, 4, 1, 3, 2]: finite O -> GB={1}; O=inf -> GB={1}
    labelling angles*10 = [0, 4, 6, 8, 2, 5, 9, 1, 3, 7]: finite O -> GB={1}; O=inf -> GB={1}
  line set 24: [[0, 3, 5, 8], [2, 4, 7, 9], [0, 1, 9], [0, 6, 7], [1, 2, 5], [1, 3, 7], [1, 4, 8], [2, 6, 8], [3, 6, 9], [4, 5, 6]]
    labelling angles*10 = [0, 6, 4, 2, 8, 5, 1, 9, 7, 3]: finite O -> GB={1}; O=inf -> GB={1}
    labelling angles*5 = [0, 1, 4, 2, 3, 0, 1, 4, 2, 3]: finite O -> GB={1}; O=inf -> GB={1}
    labelling angles*10 = [0, 8, 2, 6, 4, 5, 3, 7, 1, 9]: finite O -> GB={1}; O=inf -> GB={1}
    labelling angles*5 = [0, 2, 3, 4, 1, 0, 2, 3, 4, 1]: finite O -> GB={1}; O=inf -> GB={1}
    labelling angles*5 = [0, 3, 2, 1, 4, 0, 3, 2, 1, 4]: finite O -> GB={1}; O=inf -> GB={1}
    labelling angles*10 = [0, 2, 8, 4, 6, 5, 7, 3, 9, 1]: finite O -> GB={1}; O=inf -> GB={1}
    labelling angles*5 = [0, 4, 1, 3, 2, 0, 4, 1, 3, 2]: finite O -> GB={1}; O=inf -> GB={1}
    labelling angles*10 = [0, 4, 6, 8, 2, 5, 9, 1, 3, 7]: finite O -> GB={1}; O=inf -> GB={1}
  line set 25: [[0, 4, 5, 9], [1, 3, 6, 8], [0, 2, 8], [0, 6, 7], [1, 2, 5], [1, 7, 9], [2, 3, 9], [2, 4, 6], [3, 5, 7], [4, 7, 8]]
    labelling angles*10 = [0, 6, 4, 2, 8, 5, 1, 9, 7, 3]: finite O -> GB={1}; O=inf -> GB={1}
    labelling angles*5 = [0, 1, 4, 2, 3, 0, 1, 4, 2, 3]: finite O -> GB={1}; O=inf -> GB={1}
    labelling angles*10 = [0, 8, 2, 6, 4, 5, 3, 7, 1, 9]: finite O -> GB={1}; O=inf -> GB={1}
    labelling angles*5 = [0, 2, 3, 4, 1, 0, 2, 3, 4, 1]: finite O -> GB={1}; O=inf -> GB={1}
    labelling angles*5 = [0, 3, 2, 1, 4, 0, 3, 2, 1, 4]: finite O -> GB={1}; O=inf -> GB={1}
    labelling angles*10 = [0, 2, 8, 4, 6, 5, 7, 3, 9, 1]: finite O -> GB={1}; O=inf -> GB={1}
    labelling angles*5 = [0, 4, 1, 3, 2, 0, 4, 1, 3, 2]: finite O -> GB={1}; O=inf -> GB={1}
    labelling angles*10 = [0, 4, 6, 8, 2, 5, 9, 1, 3, 7]: finite O -> GB={1}; O=inf -> GB={1}
  line set 26: [[1, 2, 6, 7], [3, 4, 8, 9], [0, 1, 9], [0, 2, 8], [0, 3, 6], [0, 4, 7], [1, 5, 8], [2, 5, 9], [3, 5, 7], [4, 5, 6]]
    labelling angles*10 = [0, 6, 4, 2, 8, 5, 1, 9, 7, 3]: finite O -> GB={1}; O=inf -> GB={1}
    labelling angles*5 = [0, 1, 4, 2, 3, 0, 1, 4, 2, 3]: finite O -> GB={1}; O=inf -> GB={1}
    labelling angles*10 = [0, 8, 2, 6, 4, 5, 3, 7, 1, 9]: finite O -> GB={1}; O=inf -> GB={1}
    labelling angles*5 = [0, 2, 3, 4, 1, 0, 2, 3, 4, 1]: finite O -> GB={1}; O=inf -> GB={1}
    labelling angles*5 = [0, 3, 2, 1, 4, 0, 3, 2, 1, 4]: finite O -> GB={1}; O=inf -> GB={1}
    labelling angles*10 = [0, 2, 8, 4, 6, 5, 7, 3, 9, 1]: finite O -> GB={1}; O=inf -> GB={1}
    labelling angles*5 = [0, 4, 1, 3, 2, 0, 4, 1, 3, 2]: finite O -> GB={1}; O=inf -> GB={1}
    labelling angles*10 = [0, 4, 6, 8, 2, 5, 9, 1, 3, 7]: finite O -> GB={1}; O=inf -> GB={1}
  line set 27: [[0, 1, 9], [0, 2, 8], [0, 3, 6], [0, 4, 7], [1, 2, 5], [1, 3, 7], [1, 4, 8], [2, 3, 9], [2, 4, 6], [3, 4, 5]]
    labelling angles*10 = [0, 6, 4, 2, 8, 5, 1, 9, 7, 3]: finite O -> GB={1}; O=inf -> GB={1}
    labelling angles*5 = [0, 1, 4, 2, 3, 0, 1, 4, 2, 3]: finite O -> GB={1}; O=inf -> GB={1}
    labelling angles*10 = [0, 8, 2, 6, 4, 5, 3, 7, 1, 9]: finite O -> GB={1}; O=inf -> GB={1}
    labelling angles*5 = [0, 2, 3, 4, 1, 0, 2, 3, 4, 1]: finite O -> GB={1}; O=inf -> GB={1}
    labelling angles*5 = [0, 3, 2, 1, 4, 0, 3, 2, 1, 4]: finite O -> GB={1}; O=inf -> GB={1}
    labelling angles*10 = [0, 2, 8, 4, 6, 5, 7, 3, 9, 1]: finite O -> GB={1}; O=inf -> GB={1}
    labelling angles*5 = [0, 4, 1, 3, 2, 0, 4, 1, 3, 2]: finite O -> GB={1}; O=inf -> GB={1}
    labelling angles*10 = [0, 4, 6, 8, 2, 5, 9, 1, 3, 7]: finite O -> GB={1}; O=inf -> GB={1}
  line set 28: [[0, 1, 9], [0, 2, 8], [0, 6, 7], [1, 3, 7], [1, 5, 8], [2, 4, 6], [2, 5, 9], [3, 4, 5], [3, 6, 9], [4, 7, 8]]
    labelling angles*10 = [0, 6, 4, 2, 8, 5, 1, 9, 7, 3]: finite O -> GB={1}; O=inf -> GB={1}
    labelling angles*5 = [0, 1, 4, 2, 3, 0, 1, 4, 2, 3]: finite O -> GB={1}; O=inf -> GB={1}
    labelling angles*10 = [0, 8, 2, 6, 4, 5, 3, 7, 1, 9]: finite O -> GB={1}; O=inf -> GB={1}
    labelling angles*5 = [0, 2, 3, 4, 1, 0, 2, 3, 4, 1]: finite O -> GB={1}; O=inf -> GB={1}
    labelling angles*5 = [0, 3, 2, 1, 4, 0, 3, 2, 1, 4]: finite O -> GB={1}; O=inf -> GB={1}
    labelling angles*10 = [0, 2, 8, 4, 6, 5, 7, 3, 9, 1]: finite O -> GB={1}; O=inf -> GB={1}
    labelling angles*5 = [0, 4, 1, 3, 2, 0, 4, 1, 3, 2]: finite O -> GB={1}; O=inf -> GB={1}
    labelling angles*10 = [0, 4, 6, 8, 2, 5, 9, 1, 3, 7]: finite O -> GB={1}; O=inf -> GB={1}
  line set 29: [[0, 3, 6], [0, 4, 7], [0, 8, 9], [1, 2, 5], [1, 4, 8], [1, 7, 9], [2, 3, 9], [2, 6, 8], [3, 5, 7], [4, 5, 6]]
    labelling angles*10 = [0, 6, 4, 2, 8, 5, 1, 9, 7, 3]: finite O -> GB={1}; O=inf -> GB={1}
    labelling angles*5 = [0, 1, 4, 2, 3, 0, 1, 4, 2, 3]: finite O -> GB={1}; O=inf -> GB={1}
    labelling angles*10 = [0, 8, 2, 6, 4, 5, 3, 7, 1, 9]: finite O -> GB={1}; O=inf -> GB={1}
    labelling angles*5 = [0, 2, 3, 4, 1, 0, 2, 3, 4, 1]: finite O -> GB={1}; O=inf -> GB={1}
    labelling angles*5 = [0, 3, 2, 1, 4, 0, 3, 2, 1, 4]: finite O -> GB={1}; O=inf -> GB={1}
    labelling angles*10 = [0, 2, 8, 4, 6, 5, 7, 3, 9, 1]: finite O -> GB={1}; O=inf -> GB={1}
    labelling angles*5 = [0, 4, 1, 3, 2, 0, 4, 1, 3, 2]: finite O -> GB={1}; O=inf -> GB={1}
    labelling angles*10 = [0, 4, 6, 8, 2, 5, 9, 1, 3, 7]: finite O -> GB={1}; O=inf -> GB={1}
  line set 30: [[0, 6, 7], [0, 8, 9], [1, 5, 8], [1, 7, 9], [2, 5, 9], [2, 6, 8], [3, 5, 7], [3, 6, 9], [4, 5, 6], [4, 7, 8]]
    labelling angles*10 = [0, 6, 4, 2, 8, 5, 1, 9, 7, 3]: finite O -> GB={1}; O=inf -> GB={1}
    labelling angles*5 = [0, 1, 4, 2, 3, 0, 1, 4, 2, 3]: finite O -> GB={1}; O=inf -> GB={1}
    labelling angles*10 = [0, 8, 2, 6, 4, 5, 3, 7, 1, 9]: finite O -> GB={1}; O=inf -> GB={1}
    labelling angles*5 = [0, 2, 3, 4, 1, 0, 2, 3, 4, 1]: finite O -> GB={1}; O=inf -> GB={1}
    labelling angles*5 = [0, 3, 2, 1, 4, 0, 3, 2, 1, 4]: finite O -> GB={1}; O=inf -> GB={1}
    labelling angles*10 = [0, 2, 8, 4, 6, 5, 7, 3, 9, 1]: finite O -> GB={1}; O=inf -> GB={1}
    labelling angles*5 = [0, 4, 1, 3, 2, 0, 4, 1, 3, 2]: finite O -> GB={1}; O=inf -> GB={1}
    labelling angles*10 = [0, 4, 6, 8, 2, 5, 9, 1, 3, 7]: finite O -> GB={1}; O=inf -> GB={1}
F-class 58: b4=20 rank=9 kernel_dim=1 constants=True torsion=[1, 1, 1, 1, 1, 1, 1, 1, 2] exponent=2 distinct-point labellings=0
F-classes with a distinct-point angle labelling: 3; all their (labelled) line sets and labellings killed exactly.  271.2s
