===== GROUP lattice Sat Sep  5 16:28:32 UTC 2026
[S2lat-2] {'name': 'S2lat-2', 'N': 12, 'nblocks': 81, 'sizes': {3: 56, 4: 21, 6: 4}, 'max_pdeg': 23, 'n_extras': 0, 'max_extra_deg': 0} classes=1 extras=0 maxextra=0 build=0.0s
   n=9: count=31 (cp 31, f=25) centre=(-1,-1,0) S=['(-1,0,-1)', '(-1,0,1)', '(-1,1,0)', '(0,-1,-1)', '(0,-1,1)', '(0,1,-1)', '(0,1,1)', '(1,0,-1)', '(1,0,1)'] t=0.0s
   n=10: count=44 (cp 44, f=33) centre=(-1,-1,0) S=['(-1,0,-1)', '(-1,0,1)', '(-1,1,0)', '(0,-1,-1)', '(0,-1,1)', '(0,1,-1)', '(0,1,1)', '(1,-1,0)', '(1,0,-1)', '(1,0,1)'] t=0.1s
   n=11: count=58 (cp 58, f=41) centre=(-1,-1,0) S=['(-1,0,-1)', '(-1,0,1)', '(-1,1,0)', '(0,-1,-1)', '(0,-1,1)', '(0,1,-1)', '(0,1,1)', '(1,-1,0)', '(1,0,-1)', '(1,0,1)', '(1,1,0)'] t=0.1s
[S2lat-3] {'name': 'S2lat-3', 'N': 8, 'nblocks': 20, 'sizes': {3: 8, 4: 12}, 'max_pdeg': 9, 'n_extras': 0, 'max_extra_deg': 0} classes=1 extras=0 maxextra=0 build=0.0s
[S2lat-5] {'name': 'S2lat-5', 'N': 24, 'nblocks': 679, 'sizes': {3: 432, 4: 216, 6: 28, 8: 3}, 'max_pdeg': 98, 'n_extras': 12, 'max_extra_deg': 20} classes=1 extras=12 maxextra=20 build=0.4s
   n=9: count=25 (cp 25, f=25) centre=(0,1,-2) S=['(-2,0,-1)', '(-2,0,1)', '(-1,0,-2)', '(-1,0,2)', '(1,0,-2)', '(1,0,2)', '(2,0,-1)', '(2,0,1)', '(2,1,0)'] t=60.0s (= formula)
   n=10: count=39 (cp 39, f=33) centre=(-2,0,1) S=['(-2,-1,0)', '(-1,-2,0)', '(0,-2,1)', '(0,-1,2)', '(0,1,-2)', '(0,2,-1)', '(1,0,-2)', '(1,2,0)', '(2,0,-1)', '(2,1,0)'] t=60.1s
   n=11: count=45 (cp 45, f=41) centre=(-1,-2,0) S=['(-2,-1,0)', '(-2,0,1)', '(-1,0,2)', '(0,-2,1)', '(0,-1,2)', '(0,1,-2)', '(0,2,-1)', '(1,0,-2)', '(1,2,0)', '(2,0,-1)', '(2,1,0)'] t=60.1s
   n=12: count=61 (cp 61, f=51) centre=(1,0,2) S=['(-2,0,1)', '(-2,1,0)', '(-1,0,2)', '(-1,2,0)', '(0,-2,-1)', '(0,-1,-2)', '(0,1,2)', '(0,2,1)', '(1,-2,0)', '(1,0,-2)', '(2,-1,0)', '(2,0,-1)'] t=60.1s
   n=13: count=100 (cp 100, f=61) centre=(0,1,2) S=['(-2,0,-1)', '(-2,1,0)', '(-1,0,-2)', '(-1,2,0)', '(0,-2,1)', '(0,-1,2)', '(0,1,-2)', '(0,2,-1)', '(1,-2,0)', '(1,0,2)', '(2,-1,0)', '(2,0,1)', '(2,1,0)'] t=60.5s
   n=14: count=137 (cp 137, f=73) centre=(0,1,-2) S=['(-2,-1,0)', '(-2,0,-1)', '(-1,-2,0)', '(-1,0,-2)', '(0,-2,-1)', '(0,-1,-2)', '(0,1,2)', '(0,2,1)', '(1,-2,0)', '(1,0,-2)', '(1,0,2)', '(1,2,0)', '(2,0,1)', '(2,1,0)'] t=60.5s
   n=15: count=169 (cp 169, f=85) centre=(-2,-1,0) S=['(-2,0,-1)', '(-2,0,1)', '(-2,1,0)', '(-1,0,-2)', '(-1,0,2)', '(0,-1,-2)', '(0,-1,2)', '(0,1,-2)', '(0,1,2)', '(1,0,-2)', '(1,0,2)', '(2,-1,0)', '(2,0,-1)', '(2,0,1)', '(2,1,0)'] t=60.9s
   n=16: count=205 (cp 205, f=99) centre=(1,0,-2) S=['(-2,-1,0)', '(-2,0,-1)', '(-2,0,1)', '(-2,1,0)', '(-1,-2,0)', '(-1,2,0)', '(0,-2,-1)', '(0,-2,1)', '(0,2,-1)', '(0,2,1)', '(1,-2,0)', '(1,2,0)', '(2,-1,0)', '(2,0,-1)', '(2,0,1)', '(2,1,0)'] t=61.3s
[S2lat-6] {'name': 'S2lat-6', 'N': 24, 'nblocks': 782, 'sizes': {3: 536, 4: 228, 6: 12, 8: 6}, 'max_pdeg': 110, 'n_extras': 12, 'max_extra_deg': 20} classes=1 extras=12 maxextra=20 build=0.4s
   n=9: count=25 (cp 25, f=25) centre=(2,-1,-1) S=['(1,-2,-1)', '(1,-2,1)', '(1,-1,-2)', '(1,-1,2)', '(1,1,-2)', '(1,1,2)', '(1,2,-1)', '(1,2,1)', '(2,1,-1)'] t=60.0s (= formula)
   n=10: count=45 (cp 45, f=33) centre=(2,1,1) S=['(1,-2,-1)', '(1,-2,1)', '(1,-1,-2)', '(1,-1,2)', '(1,1,-2)', '(1,1,2)', '(1,2,-1)', '(1,2,1)', '(2,-1,1)', '(2,1,-1)'] t=60.1s
   n=11: count=59 (cp 59, f=41) centre=(-2,-1,-1) S=['(-2,1,1)', '(-1,-2,-1)', '(-1,1,-2)', '(-1,1,2)', '(-1,2,-1)', '(1,-2,1)', '(1,-1,-2)', '(1,-1,2)', '(1,2,1)', '(2,-1,-1)', '(2,1,1)'] t=60.1s
   n=12: count=78 (cp 78, f=51) centre=(2,-1,-1) S=['(-2,-1,1)', '(-2,1,-1)', '(-1,-2,-1)', '(-1,-1,-2)', '(-1,-1,2)', '(-1,2,-1)', '(1,-2,1)', '(1,1,-2)', '(1,1,2)', '(1,2,1)', '(2,-1,1)', '(2,1,-1)'] t=60.3s
   n=13: count=113 (cp 113, f=61) centre=(-2,1,1) S=['(-2,-1,-1)', '(-2,1,-1)', '(-1,-2,-1)', '(-1,2,-1)', '(-1,2,1)', '(1,-2,-1)', '(1,-2,1)', '(1,2,-1)', '(1,2,1)', '(2,-1,-1)', '(2,-1,1)', '(2,1,-1)', '(2,1,1)'] t=60.5s
   n=14: count=134 (cp 134, f=73) centre=(-1,-2,-1) S=['(-2,-1,1)', '(-2,1,-1)', '(-2,1,1)', '(-1,-2,1)', '(-1,2,-1)', '(-1,2,1)', '(1,-2,-1)', '(1,-2,1)', '(1,2,-1)', '(1,2,1)', '(2,-1,-1)', '(2,-1,1)', '(2,1,-1)', '(2,1,1)'] t=60.6s
   n=15: count=155 (cp 155, f=85) centre=(-1,-2,1) S=['(-1,-2,-1)', '(-1,-1,-2)', '(-1,-1,2)', '(-1,1,-2)', '(-1,1,2)', '(-1,2,-1)', '(-1,2,1)', '(1,-2,-1)', '(1,-2,1)', '(1,-1,-2)', '(1,-1,2)', '(1,1,-2)', '(1,1,2)', '(1,2,-1)', '(1,2,1)'] t=61.2s
   n=16: count=189 (cp 189, f=99) centre=(2,-1,1) S=['(-1,-2,-1)', '(-1,-2,1)', '(-1,-1,-2)', '(-1,-1,2)', '(-1,1,-2)', '(-1,1,2)', '(-1,2,-1)', '(-1,2,1)', '(1,-2,-1)', '(1,-2,1)', '(1,-1,-2)', '(1,-1,2)', '(1,1,-2)', '(1,1,2)', '(1,2,-1)', '(1,2,1)'] t=61.8s
[S2lat-9] {'name': 'S2lat-9', 'N': 30, 'nblocks': 1761, 'sizes': {3: 1472, 4: 213, 6: 70, 8: 6}, 'max_pdeg': 192, 'n_extras': 12, 'max_extra_deg': 32} classes=2 extras=12 maxextra=32 build=1.3s
   n=9: count=25 (cp 25, f=25) centre=(-2,2,1) S=['(-2,-1,-2)', '(2,-2,-1)', '(2,-2,1)', '(2,-1,-2)', '(2,-1,2)', '(2,1,-2)', '(2,1,2)', '(2,2,-1)', '(2,2,1)'] t=60.1s (= formula)
   n=10: count=39 (cp 39, f=33) centre=(3,0,0) S=['(-3,0,0)', '(-2,-2,1)', '(-2,1,-2)', '(0,-3,0)', '(0,0,-3)', '(0,0,3)', '(0,3,0)', '(1,-2,-2)', '(2,-1,2)', '(2,2,-1)'] t=60.3s
   n=11: count=45 (cp 45, f=41) centre=(-1,2,2) S=['(-3,0,0)', '(-2,-2,1)', '(-2,1,-2)', '(0,-3,0)', '(0,0,-3)', '(0,0,3)', '(0,3,0)', '(1,-2,-2)', '(2,-1,2)', '(2,2,-1)', '(3,0,0)'] t=60.1s
   n=12: count=61 (cp 61, f=51) centre=extra3(deg 32) S=['(-3,0,0)', '(-2,-2,-1)', '(-2,1,2)', '(-1,2,-2)', '(0,-3,0)', '(0,0,-3)', '(0,0,3)', '(0,3,0)', '(1,-2,2)', '(2,-1,-2)', '(2,2,1)', '(3,0,0)'] t=60.2s
   n=13: count=100 (cp 100, f=61) centre=extra7(deg 32) S=['(-3,0,0)', '(-2,-2,1)', '(-2,-1,2)', '(-2,2,-1)', '(-1,-2,-2)', '(0,-3,0)', '(0,0,-3)', '(0,0,3)', '(0,3,0)', '(1,2,2)', '(2,-2,1)', '(2,1,-2)', '(3,0,0)'] t=60.4s
   n=14: count=134 (cp 134, f=73) centre=(-2,2,1) S=['(-2,-2,-1)', '(-2,-2,1)', '(-2,-1,-2)', '(-2,-1,2)', '(-2,1,-2)', '(-2,2,-1)', '(2,-2,-1)', '(2,-2,1)', '(2,-1,-2)', '(2,-1,2)', '(2,1,-2)', '(2,1,2)', '(2,2,-1)', '(2,2,1)'] t=60.9s
   n=15: count=155 (cp 155, f=85) centre=(-2,-1,-2) S=['(-2,-2,-1)', '(-2,-2,1)', '(-2,-1,2)', '(-2,1,-2)', '(-2,1,2)', '(-2,2,-1)', '(-2,2,1)', '(2,-2,-1)', '(2,-2,1)', '(2,-1,-2)', '(2,-1,2)', '(2,1,-2)', '(2,1,2)', '(2,2,-1)', '(2,2,1)'] t=61.4s
   n=16: count=186 (cp 186, f=99) centre=(0,3,0) S=['(-2,-2,-1)', '(-2,-2,1)', '(-2,2,-1)', '(-2,2,1)', '(-1,-2,-2)', '(-1,-2,2)', '(-1,2,-2)', '(-1,2,2)', '(1,-2,-2)', '(1,-2,2)', '(1,2,-2)', '(1,2,2)', '(2,-2,-1)', '(2,-2,1)', '(2,2,-1)', '(2,2,1)'] t=61.8s
[S2lat-11] {'name': 'S2lat-11', 'N': 24, 'nblocks': 702, 'sizes': {3: 472, 4: 204, 6: 20, 8: 6}, 'max_pdeg': 100, 'n_extras': 12, 'max_extra_deg': 28} classes=1 extras=12 maxextra=28 build=0.3s
   n=9: count=25 (cp 25, f=25) centre=extra0(deg 28) S=['(1,-3,-1)', '(1,-3,1)', '(1,-1,-3)', '(1,-1,3)', '(1,1,-3)', '(1,1,3)', '(1,3,-1)', '(1,3,1)', '(3,1,-1)'] t=60.1s (= formula)
   n=10: count=39 (cp 39, f=33) centre=(-3,-1,-1) S=['(-3,1,1)', '(-1,-3,1)', '(-1,-1,3)', '(-1,3,1)', '(1,-3,-1)', '(1,1,-3)', '(1,1,3)', '(1,3,-1)', '(3,-1,-1)', '(3,1,1)'] t=60.1s
   n=11: count=45 (cp 45, f=41) centre=(-3,-1,1) S=['(-3,1,-1)', '(-1,-3,1)', '(-1,1,-3)', '(-1,1,3)', '(-1,3,1)', '(1,-3,-1)', '(1,-1,-3)', '(1,-1,3)', '(1,3,-1)', '(3,-1,1)', '(3,1,-1)'] t=60.1s
   n=12: count=61 (cp 61, f=51) centre=extra4(deg 28) S=['(-3,-1,-1)', '(-3,1,1)', '(-1,-3,-1)', '(-1,1,-3)', '(-1,1,3)', '(-1,3,-1)', '(1,-3,1)', '(1,-1,-3)', '(1,-1,3)', '(1,3,1)', '(3,-1,-1)', '(3,1,1)'] t=60.2s
   n=13: count=97 (cp 97, f=61) centre=(-3,-1,-1) S=['(-3,-1,1)', '(-3,1,-1)', '(-1,-3,1)', '(-1,1,-3)', '(-1,1,3)', '(-1,3,1)', '(1,-3,-1)', '(1,-1,-3)', '(1,-1,3)', '(1,3,-1)', '(3,-1,1)', '(3,1,-1)', '(3,1,1)'] t=60.3s
   n=14: count=133 (cp 133, f=73) centre=(1,-1,3) S=['(-3,-1,1)', '(-3,1,-1)', '(-3,1,1)', '(-1,-3,-1)', '(-1,-1,-3)', '(-1,-1,3)', '(-1,3,-1)', '(-1,3,1)', '(1,-3,1)', '(1,1,-3)', '(1,1,3)', '(1,3,1)', '(3,-1,1)', '(3,1,-1)'] t=60.6s
   n=15: count=155 (cp 155, f=85) centre=(-1,-3,1) S=['(-1,-3,-1)', '(-1,-1,-3)', '(-1,-1,3)', '(-1,1,-3)', '(-1,1,3)', '(-1,3,-1)', '(-1,3,1)', '(1,-3,-1)', '(1,-3,1)', '(1,-1,-3)', '(1,-1,3)', '(1,1,-3)', '(1,1,3)', '(1,3,-1)', '(1,3,1)'] t=62.1s
   n=16: count=187 (cp 187, f=99) centre=(-3,-1,1) S=['(-1,-3,-1)', '(-1,-3,1)', '(-1,-1,-3)', '(-1,-1,3)', '(-1,1,-3)', '(-1,1,3)', '(-1,3,-1)', '(-1,3,1)', '(1,-3,-1)', '(1,-3,1)', '(1,-1,-3)', '(1,-1,3)', '(1,1,-3)', '(1,1,3)', '(1,3,-1)', '(1,3,1)'] t=63.5s
[S2lat-14] {'name': 'S2lat-14', 'N': 48, 'nblocks': 7522, 'sizes': {3: 5712, 4: 1656, 6: 120, 8: 30, 12: 4}, 'max_pdeg': 516, 'n_extras': 12, 'max_extra_deg': 67} classes=1 extras=12 maxextra=67 build=3.1s
   n=9: count=25 (cp 25, f=25) centre=(2,-1,-3) S=['(-2,-3,1)', '(-2,1,-3)', '(-1,-3,2)', '(-1,2,-3)', '(1,-2,3)', '(1,3,-2)', '(2,-3,-1)', '(2,-1,3)', '(2,3,-1)'] t=60.5s (= formula)
   n=10: count=33 (cp 33, f=33) centre=extra5(deg 67) S=['(-3,-1,-2)', '(-2,1,-3)', '(-1,-3,2)', '(-1,2,-3)', '(1,3,-2)', '(2,-1,3)', '(2,3,-1)', '(3,1,-2)', '(3,1,2)', '(3,2,1)'] t=60.5s (= formula)
   n=11: count=41 (cp 41, f=41) centre=(1,-2,-3) S=['(-3,-1,-2)', '(-2,1,-3)', '(-1,-3,2)', '(-1,2,-3)', '(1,-2,3)', '(1,3,-2)', '(2,-3,-1)', '(2,-1,3)', '(2,3,-1)', '(3,1,2)', '(3,2,1)'] t=60.5s (= formula)
   n=12: count=51 (cp 51, f=51) centre=(3,-1,-2) S=['(-3,-1,-2)', '(-2,-3,1)', '(-2,1,-3)', '(-1,-3,2)', '(-1,2,-3)', '(1,-2,3)', '(1,3,-2)', '(2,-1,-3)', '(2,-1,3)', '(2,3,-1)', '(3,1,2)', '(3,2,1)'] t=60.5s (= formula)
   n=13: count=61 (cp 61, f=61) centre=extra7(deg 67) S=['(-3,1,2)', '(-3,2,1)', '(-2,-1,3)', '(-2,3,-1)', '(-1,-2,3)', '(-1,3,-2)', '(1,-3,2)', '(1,2,-3)', '(2,-3,1)', '(2,1,-3)', '(2,3,-1)', '(3,-2,-1)', '(3,-1,-2)'] t=60.4s (= formula)
   n=14: count=169 (cp 169, f=73) centre=(2,-1,-3) S=['(1,-3,-2)', '(1,-3,2)', '(1,-2,-3)', '(1,-2,3)', '(1,2,-3)', '(1,2,3)', '(1,3,-2)', '(1,3,2)', '(2,-3,-1)', '(2,-3,1)', '(2,-1,3)', '(2,1,-3)', '(2,1,3)', '(2,3,-1)'] t=61.3s
   n=15: count=205 (cp 205, f=85) centre=(2,3,1) S=['(1,-3,-2)', '(1,-3,2)', '(1,-2,-3)', '(1,-2,3)', '(1,2,-3)', '(1,2,3)', '(1,3,-2)', '(1,3,2)', '(2,-3,-1)', '(2,-3,1)', '(2,-1,-3)', '(2,-1,3)', '(2,1,-3)', '(2,1,3)', '(2,3,-1)'] t=62.6s
   n=16: count=250 (cp 250, f=99) centre=(3,1,-2) S=['(1,-3,-2)', '(1,-3,2)', '(1,-2,-3)', '(1,-2,3)', '(1,2,-3)', '(1,2,3)', '(1,3,-2)', '(1,3,2)', '(2,-3,-1)', '(2,-3,1)', '(2,-1,-3)', '(2,-1,3)', '(2,1,-3)', '(2,1,3)', '(2,3,-1)', '(2,3,1)'] t=63.8s
[S2lat-17] {'name': 'S2lat-17', 'N': 48, 'nblocks': 8489, 'sizes': {3: 6760, 4: 1620, 5: 48, 6: 32, 8: 21, 12: 8}, 'max_pdeg': 575, 'n_extras': 12, 'max_extra_deg': 78} classes=2 extras=12 maxextra=78 build=42.1s
   n=9: count=25 (cp 25, f=25) centre=(-4,-1,0) S=['(-4,0,-1)', '(-2,-3,-2)', '(-2,-3,2)', '(-2,-2,-3)', '(-2,-2,3)', '(-2,2,-3)', '(-2,2,3)', '(-2,3,-2)', '(-2,3,2)'] t=60.3s (= formula)
   n=10: count=33 (cp 33, f=33) centre=(-1,0,4) S=['(-4,0,-1)', '(-4,0,1)', '(-3,-2,2)', '(-3,2,-2)', '(-2,-2,3)', '(0,4,-1)', '(1,0,4)', '(1,4,0)', '(2,2,3)', '(2,3,2)'] t=60.5s (= formula)
   n=11: count=41 (cp 41, f=41) centre=(3,-2,2) S=['(-4,0,-1)', '(-3,-2,2)', '(-3,2,-2)', '(-2,-2,3)', '(0,-1,4)', '(0,4,-1)', '(1,0,4)', '(1,4,0)', '(2,2,3)', '(2,3,2)', '(4,0,1)'] t=60.5s (= formula)
   n=12: count=51 (cp 51, f=51) centre=(-2,2,3) S=['(-4,-1,0)', '(-4,0,-1)', '(-3,2,-2)', '(-3,2,2)', '(-2,-2,3)', '(-2,3,-2)', '(0,-1,4)', '(0,4,-1)', '(1,0,4)', '(1,4,0)', '(2,2,3)', '(2,3,2)'] t=60.3s (= formula)
   n=13: count=61 (cp 61, f=61) centre=(2,-3,-2) S=['(-4,-1,0)', '(-4,0,-1)', '(-3,-2,2)', '(-3,2,-2)', '(-2,-2,3)', '(-2,3,-2)', '(0,-1,4)', '(0,4,-1)', '(1,0,4)', '(1,4,0)', '(2,-2,-3)', '(2,2,3)', '(2,3,2)'] t=60.4s (= formula)
   n=14: count=124 (cp 124, f=73) centre=(-2,2,-3) S=['(-4,0,-1)', '(-4,1,0)', '(-3,-2,-2)', '(-3,2,2)', '(-2,-3,-2)', '(-2,2,3)', '(0,-4,-1)', '(0,1,4)', '(0,4,1)', '(1,-4,0)', '(1,0,4)', '(2,-3,2)', '(2,-2,-3)', '(2,-2,3)'] t=60.8s
   n=15: count=227 (cp 227, f=85) centre=(-2,2,-3) S=['(-4,0,-1)', '(-3,-2,-2)', '(-3,2,-2)', '(-2,-2,-3)', '(-2,-2,3)', '(-2,2,3)', '(-1,0,-4)', '(0,-4,1)', '(0,4,1)', '(1,-4,0)', '(1,4,0)', '(2,-3,2)', '(2,3,2)', '(3,-2,-2)', '(3,2,-2)'] t=61.8s
   n=16: count=304 (cp 304, f=99) centre=(-2,2,-3) S=['(-4,0,-1)', '(-3,-2,-2)', '(-3,2,-2)', '(-3,2,2)', '(-2,-2,-3)', '(-2,-2,3)', '(-2,2,3)', '(-1,0,-4)', '(0,-4,1)', '(0,4,1)', '(1,-4,0)', '(1,4,0)', '(2,-3,2)', '(2,3,2)', '(3,-2,-2)', '(3,2,-2)'] t=63.4s
[S2lat-18] {'name': 'S2lat-18', 'N': 36, 'nblocks': 3319, 'sizes': {3: 2720, 4: 483, 5: 48, 6: 50, 8: 18}, 'max_pdeg': 311, 'n_extras': 12, 'max_extra_deg': 39} classes=2 extras=12 maxextra=39 build=5.2s
   n=9: count=25 (cp 25, f=25) centre=(-1,-4,1) S=['(-1,-1,4)', '(1,-4,-1)', '(1,-4,1)', '(1,-1,-4)', '(1,-1,4)', '(1,1,-4)', '(1,1,4)', '(1,4,-1)', '(1,4,1)'] t=60.1s (= formula)
   n=10: count=39 (cp 39, f=33) centre=(-1,-4,-1) S=['(-4,-1,-1)', '(-3,0,-3)', '(-1,-1,-4)', '(0,-3,-3)', '(0,3,3)', '(1,1,4)', '(1,4,1)', '(3,0,3)', '(3,3,0)', '(4,1,1)'] t=60.2s
   n=11: count=52 (cp 52, f=41) centre=(-4,-1,-1) S=['(-3,-3,0)', '(-3,0,-3)', '(-3,0,3)', '(-3,3,0)', '(-1,-4,-1)', '(-1,-1,-4)', '(0,-3,-3)', '(0,-3,3)', '(0,3,-3)', '(3,-3,0)', '(3,0,-3)'] t=60.2s
   n=12: count=69 (cp 69, f=51) centre=(1,-1,4) S=['(-4,-1,1)', '(-3,-3,0)', '(-3,0,-3)', '(-3,0,3)', '(-3,3,0)', '(-1,-4,1)', '(-1,-1,4)', '(0,-3,-3)', '(0,-3,3)', '(0,3,3)', '(3,-3,0)', '(3,0,3)'] t=60.3s
   n=13: count=103 (cp 103, f=61) centre=(-1,-1,-4) S=['(-3,-3,0)', '(-3,0,3)', '(-3,3,0)', '(0,-3,3)', '(0,3,-3)', '(0,3,3)', '(1,1,4)', '(1,4,1)', '(3,-3,0)', '(3,0,-3)', '(3,0,3)', '(3,3,0)', '(4,1,1)'] t=60.4s
   n=14: count=136 (cp 136, f=73) centre=(0,3,-3) S=['(-3,-3,0)', '(-3,0,-3)', '(-3,0,3)', '(-3,3,0)', '(-1,1,-4)', '(-1,4,-1)', '(0,-3,-3)', '(0,3,3)', '(1,-4,1)', '(1,-1,4)', '(3,-3,0)', '(3,0,-3)', '(3,0,3)', '(3,3,0)'] t=60.5s
   n=15: count=168 (cp 168, f=85) centre=(-1,-1,-4) S=['(-3,-3,0)', '(-3,0,-3)', '(-3,0,3)', '(-3,3,0)', '(-1,-1,4)', '(0,-3,-3)', '(0,-3,3)', '(0,3,-3)', '(0,3,3)', '(1,1,-4)', '(1,1,4)', '(3,-3,0)', '(3,0,-3)', '(3,0,3)', '(3,3,0)'] t=60.9s
   n=16: count=203 (cp 203, f=99) centre=(4,-1,-1) S=['(-3,-3,0)', '(-3,0,-3)', '(-3,0,3)', '(-3,3,0)', '(-1,1,-4)', '(-1,1,4)', '(0,-3,-3)', '(0,-3,3)', '(0,3,-3)', '(0,3,3)', '(1,-1,-4)', '(1,-1,4)', '(3,-3,0)', '(3,0,-3)', '(3,0,3)', '(3,3,0)'] t=61.4s
[S2lat-21] {'name': 'S2lat-21', 'N': 48, 'nblocks': 8606, 'sizes': {3: 6864, 4: 1620, 6: 80, 8: 42}, 'max_pdeg': 581, 'n_extras': 12, 'max_extra_deg': 48} classes=1 extras=12 maxextra=48 build=2.1s
   n=9: count=25 (cp 25, f=25) centre=(2,4,-1) S=['(1,-4,-2)', '(1,-4,2)', '(1,-2,-4)', '(1,-2,4)', '(1,2,-4)', '(1,2,4)', '(1,4,-2)', '(1,4,2)', '(2,1,-4)'] t=60.3s (= formula)
   n=10: count=47 (cp 47, f=33) centre=(4,-2,-1) S=['(-4,-1,-2)', '(-2,-1,-4)', '(-2,4,1)', '(-1,-4,2)', '(-1,-2,4)', '(1,2,-4)', '(1,4,-2)', '(2,-4,-1)', '(2,1,4)', '(4,1,2)'] t=60.4s
   n=11: count=69 (cp 69, f=41) centre=(2,1,4) S=['(-2,-1,-4)', '(-2,1,-4)', '(-2,1,4)', '(-1,-2,-4)', '(-1,-2,4)', '(-1,2,-4)', '(1,-2,-4)', '(1,-2,4)', '(1,2,-4)', '(2,-1,-4)', '(2,1,-4)'] t=60.6s
   n=12: count=105 (cp 105, f=51) centre=(1,4,-2) S=['(1,-2,-4)', '(1,-2,4)', '(1,2,4)', '(1,4,2)', '(2,-4,-1)', '(2,-4,1)', '(2,-1,-4)', '(2,-1,4)', '(2,1,-4)', '(2,1,4)', '(2,4,-1)', '(2,4,1)'] t=60.7s
   n=13: count=137 (cp 137, f=61) centre=(2,-4,1) S=['(1,-4,-2)', '(1,-4,2)', '(1,-2,-4)', '(1,-2,4)', '(1,2,-4)', '(1,2,4)', '(1,4,-2)', '(1,4,2)', '(2,-4,-1)', '(2,-1,-4)', '(2,-1,4)', '(2,1,-4)', '(2,4,-1)'] t=60.8s
   n=14: count=169 (cp 169, f=73) centre=(2,1,-4) S=['(1,-4,-2)', '(1,-4,2)', '(1,-2,-4)', '(1,-2,4)', '(1,2,-4)', '(1,2,4)', '(1,4,-2)', '(1,4,2)', '(2,-4,-1)', '(2,-4,1)', '(2,-1,-4)', '(2,-1,4)', '(2,1,4)', '(2,4,1)'] t=61.3s
   n=15: count=205 (cp 205, f=85) centre=(1,2,-4) S=['(1,-4,-2)', '(1,-4,2)', '(1,-2,-4)', '(1,-2,4)', '(1,2,4)', '(1,4,-2)', '(1,4,2)', '(2,-4,-1)', '(2,-4,1)', '(2,-1,-4)', '(2,-1,4)', '(2,1,-4)', '(2,1,4)', '(2,4,-1)', '(2,4,1)'] t=62.1s
   n=16: count=251 (cp 252, f=99) centre=(4,2,1) S=['(1,-4,-2)', '(1,-4,2)', '(1,-2,-4)', '(1,-2,4)', '(1,2,-4)', '(1,2,4)', '(1,4,-2)', '(1,4,2)', '(2,-4,-1)', '(2,-4,1)', '(2,-1,-4)', '(2,-1,4)', '(2,1,-4)', '(2,1,4)', '(2,4,-1)', '(2,4,1)'] t=63.5s
[S2lat-27] {'name': 'S2lat-27', 'N': 32, 'nblocks': 2196, 'sizes': {3: 1760, 4: 372, 6: 52, 8: 12}, 'max_pdeg': 228, 'n_extras': 12, 'max_extra_deg': 34} classes=2 extras=12 maxextra=34 build=1.8s
   n=9: count=25 (cp 25, f=25) centre=(5,-1,1) S=['(1,-5,-1)', '(1,-5,1)', '(1,-1,-5)', '(1,-1,5)', '(1,1,-5)', '(1,1,5)', '(1,5,-1)', '(1,5,1)', '(5,1,1)'] t=60.1s (= formula)
   n=10: count=39 (cp 39, f=33) centre=(-5,1,-1) S=['(-3,-3,-3)', '(-3,3,3)', '(-1,-1,-5)', '(-1,5,1)', '(1,-5,-1)', '(1,1,5)', '(3,-3,-3)', '(3,-3,3)', '(3,3,3)', '(5,-1,1)'] t=60.6s
   n=11: count=45 (cp 45, f=41) centre=(-1,-1,5) S=['(-5,1,1)', '(-3,-3,3)', '(-3,3,-3)', '(-3,3,3)', '(-1,5,-1)', '(1,-5,1)', '(1,1,-5)', '(3,-3,-3)', '(3,-3,3)', '(3,3,-3)', '(5,-1,-1)'] t=60.2s
   n=12: count=56 (cp 56, f=51) centre=(3,3,3) S=['(-5,1,1)', '(-3,-3,3)', '(-3,3,-3)', '(-3,3,3)', '(-1,-1,5)', '(-1,5,-1)', '(1,-5,1)', '(1,1,-5)', '(3,-3,-3)', '(3,-3,3)', '(3,3,-3)', '(5,-1,-1)'] t=60.2s
   n=13: count=86 (cp 86, f=61) centre=(-3,-3,-3) S=['(-5,1,1)', '(-3,-3,3)', '(-3,3,-3)', '(-3,3,3)', '(-1,-1,5)', '(-1,5,-1)', '(1,-5,1)', '(1,1,-5)', '(3,-3,-3)', '(3,-3,3)', '(3,3,-3)', '(3,3,3)', '(5,-1,-1)'] t=60.4s
   n=14: count=134 (cp 134, f=73) centre=(-1,-1,-5) S=['(-1,-5,1)', '(-1,-1,5)', '(-1,1,-5)', '(-1,1,5)', '(-1,5,-1)', '(-1,5,1)', '(1,-5,-1)', '(1,-5,1)', '(1,-1,-5)', '(1,-1,5)', '(1,1,-5)', '(1,1,5)', '(1,5,-1)', '(1,5,1)'] t=61.1s
   n=15: count=155 (cp 155, f=85) centre=(-1,-1,5) S=['(-5,-1,-1)', '(-5,-1,1)', '(-5,1,-1)', '(-5,1,1)', '(-1,-1,-5)', '(-1,1,-5)', '(-1,1,5)', '(1,-1,-5)', '(1,-1,5)', '(1,1,-5)', '(1,1,5)', '(5,-1,-1)', '(5,-1,1)', '(5,1,-1)', '(5,1,1)'] t=61.9s
   n=16: count=219 (cp 219, f=99) centre=(1,-1,5) S=['(-3,-3,-3)', '(-3,-3,3)', '(-3,3,-3)', '(-3,3,3)', '(-1,-1,-5)', '(-1,-1,5)', '(1,-5,-1)', '(1,-5,1)', '(1,1,-5)', '(1,1,5)', '(3,-3,-3)', '(3,-3,3)', '(3,3,-3)', '(3,3,3)', '(5,-1,-1)', '(5,-1,1)'] t=62.6s
[S2lat-30] {'name': 'S2lat-30', 'N': 48, 'nblocks': 9374, 'sizes': {3: 7632, 4: 1668, 6: 32, 8: 42}, 'max_pdeg': 627, 'n_extras': 12, 'max_extra_deg': 36} classes=1 extras=12 maxextra=36 build=2.2s
   n=9: count=25 (cp 25, f=25) centre=(2,1,-5) S=['(1,-5,-2)', '(1,-5,2)', '(1,-2,-5)', '(1,-2,5)', '(1,2,-5)', '(1,2,5)', '(1,5,-2)', '(1,5,2)', '(2,1,5)'] t=60.4s (= formula)
   n=10: count=47 (cp 47, f=33) centre=(2,1,5) S=['(-2,-5,-1)', '(-2,-5,1)', '(-2,-1,-5)', '(-2,-1,5)', '(-2,1,-5)', '(-2,1,5)', '(-2,5,-1)', '(-2,5,1)', '(2,-5,-1)', '(2,-5,1)'] t=60.5s
   n=11: count=81 (cp 81, f=41) centre=(-1,2,5) S=['(-2,-5,-1)', '(-2,1,5)', '(-1,-5,-2)', '(-1,-5,2)', '(-1,-2,5)', '(1,-5,-2)', '(1,-5,2)', '(1,-2,5)', '(1,2,5)', '(2,-5,-1)', '(2,1,5)'] t=60.6s
   n=12: count=106 (cp 110, f=51) centre=(5,1,2) S=['(-2,-5,-1)', '(-2,1,5)', '(-1,-5,-2)', '(-1,-5,2)', '(-1,-2,5)', '(-1,2,5)', '(1,-5,-2)', '(1,-5,2)', '(1,-2,5)', '(1,2,5)', '(2,-5,-1)', '(2,1,5)'] t=61.6s
   n=13: count=137 (cp 137, f=61) centre=(2,5,-1) S=['(1,-5,-2)', '(1,-5,2)', '(1,-2,-5)', '(1,-2,5)', '(1,2,-5)', '(1,2,5)', '(1,5,-2)', '(1,5,2)', '(2,-5,1)', '(2,-1,-5)', '(2,-1,5)', '(2,1,-5)', '(2,5,1)'] t=61.3s
   n=14: count=169 (cp 169, f=73) centre=(2,1,-5) S=['(1,-5,-2)', '(1,-5,2)', '(1,-2,-5)', '(1,-2,5)', '(1,2,-5)', '(1,2,5)', '(1,5,-2)', '(1,5,2)', '(2,-5,-1)', '(2,-5,1)', '(2,-1,-5)', '(2,-1,5)', '(2,1,5)', '(2,5,1)'] t=61.5s
   n=15: count=205 (cp 205, f=85) centre=(2,-1,5) S=['(1,-5,-2)', '(1,-5,2)', '(1,-2,-5)', '(1,-2,5)', '(1,2,-5)', '(1,2,5)', '(1,5,-2)', '(1,5,2)', '(2,-5,-1)', '(2,-5,1)', '(2,-1,-5)', '(2,1,-5)', '(2,1,5)', '(2,5,-1)', '(2,5,1)'] t=62.5s
   n=16: count=251 (cp 254, f=99) centre=extra3(deg 36) S=['(1,-5,-2)', '(1,-5,2)', '(1,-2,-5)', '(1,-2,5)', '(1,2,-5)', '(1,2,5)', '(1,5,-2)', '(1,5,2)', '(2,-5,-1)', '(2,-5,1)', '(2,-1,-5)', '(2,-1,5)', '(2,1,-5)', '(2,1,5)', '(2,5,-1)', '(2,5,1)'] t=63.6s
[S2lat-33] {'name': 'S2lat-33', 'N': 48, 'nblocks': 10034, 'sizes': {3: 8432, 4: 1548, 6: 16, 8: 30, 9: 8}, 'max_pdeg': 669, 'n_extras': 12, 'max_extra_deg': 42} classes=2 extras=12 maxextra=42 build=27.4s
   n=9: count=25 (cp 25, f=25) centre=(4,-1,-4) S=['(-2,-5,-2)', '(-2,-5,2)', '(-2,-2,-5)', '(-2,-2,5)', '(-2,2,-5)', '(-2,2,5)', '(-2,5,-2)', '(-2,5,2)', '(4,-4,-1)'] t=60.4s (= formula)
   n=10: count=49 (cp 49, f=33) centre=(1,-4,-4) S=['(1,-4,4)', '(1,4,-4)', '(1,4,4)', '(2,-5,-2)', '(2,-5,2)', '(2,-2,-5)', '(2,-2,5)', '(2,2,-5)', '(2,2,5)', '(2,5,-2)'] t=60.4s
   n=11: count=61 (cp 61, f=41) centre=(-2,-5,2) S=['(-5,2,-2)', '(-5,2,2)', '(-2,-5,-2)', '(-2,2,-5)', '(-2,2,5)', '(2,-5,-2)', '(2,-5,2)', '(2,2,-5)', '(2,2,5)', '(5,2,-2)', '(5,2,2)'] t=60.5s
   n=12: count=83 (cp 88, f=51) centre=(5,2,-2) S=['(-2,-5,-2)', '(-2,-5,2)', '(-2,-2,-5)', '(-2,-2,5)', '(-2,2,-5)', '(-2,2,5)', '(-2,5,-2)', '(-2,5,2)', '(-1,-4,-4)', '(-1,-4,4)', '(-1,4,-4)', '(-1,4,4)'] t=60.6s
   n=13: count=132 (cp 132, f=61) centre=(-2,-2,-5) S=['(-5,2,-2)', '(-5,2,2)', '(-2,-5,-2)', '(-2,-5,2)', '(-2,2,-5)', '(-2,2,5)', '(2,-5,-2)', '(2,-5,2)', '(2,-2,-5)', '(2,2,-5)', '(2,2,5)', '(5,2,-2)', '(5,2,2)'] t=60.8s
   n=14: count=166 (cp 166, f=73) centre=(-2,-2,-5) S=['(-2,-5,-2)', '(-2,-5,2)', '(-2,-2,5)', '(-2,2,-5)', '(-2,2,5)', '(2,-5,-2)', '(2,-5,2)', '(2,-2,-5)', '(2,-2,5)', '(2,2,-5)', '(2,2,5)', '(2,5,-2)', '(2,5,2)', '(5,2,2)'] t=61.0s
   n=15: count=259 (cp 259, f=85) centre=(-2,-5,2) S=['(-5,2,-2)', '(-5,2,2)', '(-4,-4,-1)', '(-2,-5,-2)', '(-2,2,-5)', '(-2,2,5)', '(1,-4,-4)', '(1,-4,4)', '(2,-5,-2)', '(2,-5,2)', '(2,2,-5)', '(2,2,5)', '(4,-4,-1)', '(5,2,-2)', '(5,2,2)'] t=62.5s
   n=16: count=226 (cp 226, f=99) centre=(-2,-2,-5) S=['(-5,2,-2)', '(-2,-5,-2)', '(-2,-5,2)', '(-2,-2,5)', '(-2,2,-5)', '(-2,2,5)', '(-2,5,-2)', '(-2,5,2)', '(2,-5,-2)', '(2,-5,2)', '(2,-2,-5)', '(2,-2,5)', '(2,2,-5)', '(2,2,5)', '(2,5,-2)', '(2,5,2)'] t=62.5s
[S2lat-35] {'name': 'S2lat-35', 'N': 48, 'nblocks': 8018, 'sizes': {3: 6288, 4: 1596, 6: 80, 8: 54}, 'max_pdeg': 545, 'n_extras': 12, 'max_extra_deg': 67} classes=1 extras=12 maxextra=67 build=29.5s
   n=9: count=25 (cp 25, f=25) centre=(3,-1,-5) S=['(1,-5,-3)', '(1,-5,3)', '(1,-3,-5)', '(1,-3,5)', '(1,3,-5)', '(1,3,5)', '(1,5,-3)', '(1,5,3)', '(3,-5,-1)'] t=60.3s (= formula)
   n=10: count=39 (cp 39, f=33) centre=(-3,5,-1) S=['(-5,1,-3)', '(-5,3,-1)', '(-3,-5,1)', '(-3,-1,5)', '(-1,3,-5)', '(-1,5,-3)', '(1,-5,-3)', '(1,3,5)', '(5,-1,-3)', '(5,3,1)'] t=60.3s
   n=11: count=69 (cp 69, f=41) centre=(-1,-3,-5) S=['(-1,-3,5)', '(-1,5,-3)', '(-1,5,3)', '(1,-5,-3)', '(1,-5,3)', '(1,-3,-5)', '(1,-3,5)', '(1,3,-5)', '(1,3,5)', '(1,5,-3)', '(1,5,3)'] t=60.5s
   n=12: count=62 (cp 62, f=51) centre=(1,-3,-5) S=['(-5,1,-3)', '(-5,3,-1)', '(-3,-5,1)', '(-3,-1,5)', '(-3,1,-5)', '(-3,5,-1)', '(-1,3,-5)', '(-1,5,-3)', '(1,-5,-3)', '(1,3,5)', '(5,-1,-3)', '(5,3,1)'] t=60.4s
   n=13: count=125 (cp 125, f=61) centre=(-3,1,-5) S=['(-5,1,-3)', '(-5,3,-1)', '(-3,-5,1)', '(-3,-1,5)', '(-3,5,-1)', '(-1,3,-5)', '(-1,5,-3)', '(1,-5,-3)', '(1,3,5)', '(3,-1,-5)', '(3,5,1)', '(5,-1,-3)', '(5,3,1)'] t=60.7s
   n=14: count=166 (cp 166, f=73) centre=(3,1,5) S=['(-5,-3,1)', '(-5,-1,3)', '(-5,3,-1)', '(-3,-5,1)', '(-3,-1,5)', '(-1,-5,3)', '(-1,-3,5)', '(-1,3,-5)', '(-1,5,-3)', '(1,3,5)', '(3,-1,-5)', '(3,5,1)', '(5,-1,-3)', '(5,3,1)'] t=61.1s
   n=15: count=205 (cp 205, f=85) centre=(1,-5,3) S=['(1,-5,-3)', '(1,-3,-5)', '(1,-3,5)', '(1,3,-5)', '(1,3,5)', '(1,5,-3)', '(1,5,3)', '(3,-5,-1)', '(3,-5,1)', '(3,-1,-5)', '(3,-1,5)', '(3,1,-5)', '(3,1,5)', '(3,5,-1)', '(3,5,1)'] t=62.1s
   n=16: count=242 (cp 242, f=99) centre=(-5,-1,3) S=['(-5,1,-3)', '(-5,3,-1)', '(-3,-5,1)', '(-3,-1,5)', '(-3,1,-5)', '(-3,5,-1)', '(-1,3,-5)', '(-1,5,-3)', '(1,-5,-3)', '(1,-3,-5)', '(1,3,5)', '(1,5,3)', '(3,-1,-5)', '(3,5,1)', '(5,-1,-3)', '(5,3,1)'] t=62.2s
[S2lat-26] {'name': 'S2lat-26', 'N': 72, 'nblocks': 30519, 'sizes': {3: 25152, 4: 4914, 5: 96, 6: 252, 8: 87, 12: 18}, 'max_pdeg': 1372, 'n_extras': 12, 'max_extra_deg': 142} classes=2 extras=12 maxextra=142 build=27.8s
   n=9: count=25 (cp 25, f=25) centre=(-3,-1,-4) S=['(-1,-4,3)', '(-1,-3,4)', '(0,-1,5)', '(1,0,5)', '(1,3,-4)', '(3,-4,-1)', '(3,1,4)', '(4,-3,-1)', '(4,1,3)'] t=61.3s (= formula)
   n=10: count=33 (cp 33, f=33) centre=(3,4,1) S=['(-1,-3,4)', '(0,-1,5)', '(1,0,5)', '(3,-4,-1)', '(3,1,4)', '(4,-3,-1)', '(4,1,3)', '(4,3,-1)', '(5,-1,0)', '(5,0,1)'] t=61.0s (= formula)
   n=11: count=41 (cp 41, f=41) centre=(4,3,-1) S=['(-1,-3,4)', '(-1,3,4)', '(0,-5,1)', '(0,-1,5)', '(1,-5,0)', '(1,0,5)', '(3,1,4)', '(4,-3,-1)', '(4,1,3)', '(5,-1,0)', '(5,0,1)'] t=60.9s (= formula)
   n=12: count=51 (cp 51, f=51) centre=(0,-5,-1) S=['(-4,-3,1)', '(-4,-1,3)', '(-3,-4,-1)', '(-3,1,4)', '(-1,-4,-3)', '(-1,3,4)', '(1,4,3)', '(3,-1,-4)', '(3,4,1)', '(4,1,-3)', '(4,3,-1)', '(5,0,-1)'] t=61.2s (= formula)
   n=13: count=61 (cp 61, f=61) centre=(0,5,1) S=['(-4,-3,1)', '(-4,-1,3)', '(-3,-4,-1)', '(-3,1,4)', '(-1,-4,-3)', '(-1,3,4)', '(1,-3,-4)', '(1,4,3)', '(1,5,0)', '(3,-1,-4)', '(3,4,1)', '(4,1,-3)', '(4,3,-1)'] t=61.0s (= formula)
   n=14: count=119 (cp 119, f=73) centre=(1,0,-5) S=['(-5,0,1)', '(-4,-3,1)', '(-4,-1,3)', '(-3,-4,-1)', '(-3,1,4)', '(-1,-4,-3)', '(-1,3,4)', '(1,-3,-4)', '(1,4,3)', '(3,-1,-4)', '(3,4,1)', '(4,1,-3)', '(4,3,-1)', '(5,0,-1)'] t=61.1s
   n=15: count=194 (cp 194, f=85) centre=(5,0,-1) S=['(-5,0,1)', '(-4,-3,1)', '(-4,-1,3)', '(-3,-4,-1)', '(-3,1,4)', '(-1,-4,-3)', '(-1,3,4)', '(1,-3,-4)', '(1,0,-5)', '(1,4,3)', '(3,-1,-4)', '(3,4,1)', '(4,-3,1)', '(4,1,-3)', '(4,3,-1)'] t=62.3s
   n=16: count=253 (cp 262, f=99) centre=(5,0,-1) S=['(-5,0,1)', '(-4,-3,1)', '(-4,-1,3)', '(-3,-4,-1)', '(-3,1,4)', '(-1,-4,-3)', '(-1,3,4)', '(1,-3,-4)', '(1,0,-5)', '(1,3,4)', '(1,4,3)', '(3,-1,-4)', '(3,4,1)', '(4,1,-3)', '(4,3,-1)', '(4,3,1)'] t=63.1s
[S2lat-29] {'name': 'S2lat-29', 'N': 72, 'nblocks': 31891, 'sizes': {3: 26640, 4: 4854, 5: 72, 6: 212, 8: 99, 12: 14}, 'max_pdeg': 1427, 'n_extras': 12, 'max_extra_deg': 135} classes=2 extras=12 maxextra=135 build=22.8s
   n=9: count=25 (cp 25, f=25) centre=(5,2,0) S=['(-5,0,-2)', '(-5,0,2)', '(-5,2,0)', '(-2,0,-5)', '(-2,0,5)', '(2,0,-5)', '(2,0,5)', '(5,0,-2)', '(5,0,2)'] t=61.3s (= formula)
   n=10: count=33 (cp 33, f=33) centre=(0,-2,-5) S=['(-5,0,-2)', '(-4,-2,-3)', '(-4,3,2)', '(-2,-4,-3)', '(-2,3,4)', '(0,2,5)', '(2,-5,0)', '(2,-3,-4)', '(2,0,5)', '(3,-4,2)'] t=61.3s (= formula)
   n=11: count=41 (cp 41, f=41) centre=(2,4,3) S=['(-4,-2,-3)', '(-4,3,2)', '(-2,-4,-3)', '(-2,3,4)', '(0,-5,-2)', '(0,2,5)', '(2,-5,0)', '(2,-3,-4)', '(2,0,5)', '(3,-4,2)', '(3,-2,4)'] t=61.1s (= formula)
   n=12: count=51 (cp 51, f=51) centre=(2,5,0) S=['(-3,2,-4)', '(-3,4,-2)', '(-2,0,-5)', '(-2,5,0)', '(0,-2,-5)', '(0,5,-2)', '(0,5,2)', '(2,-3,-4)', '(2,4,3)', '(4,-3,-2)', '(5,-2,0)', '(5,0,2)'] t=61.4s (= formula)
   n=13: count=153 (cp 153, f=61) centre=(3,-4,2) S=['(-5,-2,0)', '(-5,0,2)', '(-2,-4,3)', '(-2,-3,4)', '(0,-2,-5)', '(0,5,2)', '(2,0,-5)', '(2,5,0)', '(3,-4,-2)', '(3,2,4)', '(4,-3,-2)', '(4,-3,2)', '(4,2,3)'] t=61.5s
   n=14: count=188 (cp 188, f=73) centre=(-2,3,4) S=['(-5,0,2)', '(-4,3,2)', '(-3,-4,2)', '(-3,4,2)', '(-2,-4,-3)', '(-2,-3,-4)', '(-2,0,5)', '(-2,3,-4)', '(0,-5,2)', '(0,5,2)', '(3,-4,2)', '(3,4,2)', '(4,-3,2)', '(4,3,2)'] t=61.9s
   n=15: count=198 (cp 198, f=85) centre=(0,2,5) S=['(-5,-2,0)', '(-5,0,2)', '(-4,-3,-2)', '(-4,2,3)', '(-2,-3,-4)', '(-2,0,5)', '(-2,4,3)', '(0,-2,-5)', '(0,5,2)', '(2,-4,-3)', '(2,0,-5)', '(2,0,5)', '(2,5,0)', '(3,2,-4)', '(3,4,-2)'] t=62.3s
   n=16: count=284 (cp 284, f=99) centre=(-3,-2,-4) S=['(-3,-4,-2)', '(-3,2,-4)', '(-3,2,4)', '(-3,4,-2)', '(-3,4,2)', '(-2,-5,0)', '(-2,-4,3)', '(-2,-3,-4)', '(-2,-3,4)', '(-2,0,-5)', '(-2,0,5)', '(-2,3,-4)', '(-2,4,-3)', '(-2,4,3)', '(-2,5,0)', '(0,5,-2)'] t=63.4s
[S2lat-38] {'name': 'S2lat-38', 'N': 72, 'nblocks': 34740, 'sizes': {3: 29528, 4: 4932, 5: 72, 6: 116, 8: 72, 9: 8, 12: 12}, 'max_pdeg': 1544, 'n_extras': 12, 'max_extra_deg': 122} classes=2 extras=12 maxextra=122 build=12.4s
   n=9: count=25 (cp 25, f=25) centre=(2,-3,5) S=['(-3,-5,-2)', '(-3,-5,2)', '(-3,-2,-5)', '(-3,-2,5)', '(-3,2,-5)', '(-3,2,5)', '(-3,5,-2)', '(-3,5,2)', '(2,3,5)'] t=61.1s (= formula)
   n=10: count=33 (cp 33, f=33) centre=(-1,-6,-1) S=['(-6,-1,1)', '(-6,1,-1)', '(-5,3,-2)', '(-3,-2,5)', '(-3,5,-2)', '(-2,-5,-3)', '(-1,-1,6)', '(-1,6,-1)', '(1,1,6)', '(2,3,5)'] t=61.1s (= formula)
   n=11: count=41 (cp 41, f=41) centre=(3,-5,2) S=['(-6,-1,1)', '(-6,1,-1)', '(-5,-2,3)', '(-5,3,-2)', '(-3,-2,5)', '(-3,5,-2)', '(-2,-5,-3)', '(-1,-1,6)', '(1,1,6)', '(2,3,5)', '(2,5,3)'] t=61.3s (= formula)
   n=12: count=83 (cp 87, f=51) centre=(-6,1,-1) S=['(-3,-2,-5)', '(-3,2,-5)', '(-2,-3,-5)', '(-2,3,-5)', '(-1,-1,-6)', '(-1,1,-6)', '(1,-1,-6)', '(1,1,-6)', '(2,-3,-5)', '(2,3,-5)', '(3,-2,-5)', '(3,2,-5)'] t=61.4s
   n=13: count=132 (cp 132, f=61) centre=(1,-6,-1) S=['(-3,-2,-5)', '(-3,2,-5)', '(-2,-3,-5)', '(-2,3,-5)', '(-1,-1,-6)', '(-1,1,-6)', '(1,-1,-6)', '(1,1,-6)', '(1,6,-1)', '(2,-3,-5)', '(2,3,-5)', '(3,-2,-5)', '(3,2,-5)'] t=61.4s
   n=14: count=169 (cp 169, f=73) centre=(2,-5,3) S=['(2,-3,-5)', '(2,-3,5)', '(2,3,-5)', '(2,3,5)', '(2,5,-3)', '(2,5,3)', '(3,-5,-2)', '(3,-5,2)', '(3,-2,-5)', '(3,-2,5)', '(3,2,-5)', '(3,2,5)', '(3,5,-2)', '(3,5,2)'] t=62.2s
   n=15: count=205 (cp 205, f=85) centre=(2,-5,-3) S=['(2,-5,3)', '(2,-3,-5)', '(2,-3,5)', '(2,3,-5)', '(2,3,5)', '(2,5,-3)', '(2,5,3)', '(3,-5,-2)', '(3,-5,2)', '(3,-2,-5)', '(3,-2,5)', '(3,2,-5)', '(3,2,5)', '(3,5,-2)', '(3,5,2)'] t=62.9s
   n=16: count=251 (cp 252, f=99) centre=extra8(deg 122) S=['(2,-5,-3)', '(2,-5,3)', '(2,-3,-5)', '(2,-3,5)', '(2,3,-5)', '(2,3,5)', '(2,5,-3)', '(2,5,3)', '(3,-5,-2)', '(3,-5,2)', '(3,-2,-5)', '(3,-2,5)', '(3,2,-5)', '(3,2,5)', '(3,5,-2)', '(3,5,2)'] t=64.6s
===== GROUP poly Sat Sep  5 18:33:42 UTC 2026
[cube] {'name': 'cube', 'N': 8, 'nblocks': 20, 'sizes': {3: 8, 4: 12}, 'max_pdeg': 9, 'n_extras': 0, 'max_extra_deg': 0} classes=1 extras=0 maxextra=0 build=0.0s
[octahedron] {'name': 'octahedron', 'N': 6, 'nblocks': 11, 'sizes': {3: 8, 4: 3}, 'max_pdeg': 6, 'n_extras': 0, 'max_extra_deg': 0} classes=1 extras=0 maxextra=0 build=0.0s
[cuboctahedron] {'name': 'cuboctahedron', 'N': 12, 'nblocks': 81, 'sizes': {3: 56, 4: 21, 6: 4}, 'max_pdeg': 23, 'n_extras': 0, 'max_extra_deg': 0} classes=1 extras=0 maxextra=0 build=0.0s
   n=9: count=31 (cp 31, f=25) centre=cub0 S=['cub1', 'cub2', 'cub3', 'cub4', 'cub5', 'cub6', 'cub7', 'cub9', 'cub10'] t=0.1s
   n=10: count=44 (cp 44, f=33) centre=cub0 S=['cub1', 'cub2', 'cub3', 'cub4', 'cub5', 'cub6', 'cub7', 'cub8', 'cub9', 'cub10'] t=0.1s
   n=11: count=58 (cp 58, f=41) centre=cub0 S=['cub1', 'cub2', 'cub3', 'cub4', 'cub5', 'cub6', 'cub7', 'cub8', 'cub9', 'cub10', 'cub11'] t=0.1s
[cube+octahedron] {'name': 'cube+octahedron', 'N': 14, 'nblocks': 151, 'sizes': {3: 112, 4: 33, 6: 6}, 'max_pdeg': 40, 'n_extras': 12, 'max_extra_deg': 7} classes=2 extras=12 maxextra=7 build=0.0s
   n=9: count=32 (cp 32, f=25) centre=cub10 S=['cub0', 'cub1', 'cub2', 'cub3', 'cub4', 'cub5', 'cub6', 'cub7', 'cub12'] t=3.7s
   n=10: count=46 (cp 46, f=33) centre=cub10 S=['cub0', 'cub1', 'cub2', 'cub3', 'cub4', 'cub5', 'cub6', 'cub7', 'cub8', 'cub9'] t=1.7s
   n=11: count=65 (cp 65, f=41) centre=cub13 S=['cub0', 'cub1', 'cub2', 'cub3', 'cub4', 'cub5', 'cub6', 'cub7', 'cub8', 'cub10', 'cub11'] t=0.8s
   n=12: count=83 (cp 83, f=51) centre=cub9 S=['cub0', 'cub1', 'cub2', 'cub3', 'cub4', 'cub5', 'cub6', 'cub7', 'cub10', 'cub11', 'cub12', 'cub13'] t=0.5s
   n=13: count=111 (cp 111, f=61) centre=cub8 S=['cub0', 'cub1', 'cub2', 'cub3', 'cub4', 'cub5', 'cub6', 'cub7', 'cub9', 'cub10', 'cub11', 'cub12', 'cub13'] t=0.5s
[cube+octa+cubocta] {'name': 'cube+octa+cubocta', 'N': 26, 'nblocks': 1417, 'sizes': {3: 1200, 4: 204, 6: 4, 8: 9}, 'max_pdeg': 178, 'n_extras': 12, 'max_extra_deg': 18} classes=3 extras=12 maxextra=18 build=0.6s
   n=9: count=25 (cp 25, f=25) centre=cub3 S=['cub9', 'cub10', 'cub11', 'cub12', 'cub13', 'cub14', 'cub15', 'cub16', 'cub22'] t=60.1s (= formula)
   n=10: count=44 (cp 44, f=33) centre=cub24 S=['cub3', 'cub5', 'cub7', 'cub9', 'cub11', 'cub14', 'cub16', 'cub18', 'cub20', 'cub22'] t=60.1s
   n=11: count=58 (cp 58, f=41) centre=cub9 S=['cub1', 'cub3', 'cub5', 'cub7', 'cub11', 'cub14', 'cub16', 'cub18', 'cub20', 'cub22', 'cub24'] t=60.3s
   n=12: count=74 (cp 79, f=51) centre=cub21 S=['cub1', 'cub3', 'cub5', 'cub7', 'cub9', 'cub11', 'cub14', 'cub16', 'cub18', 'cub20', 'cub22', 'cub24'] t=60.3s
   n=13: count=116 (cp 116, f=61) centre=extra2(deg 18) S=['cub3', 'cub4', 'cub5', 'cub9', 'cub10', 'cub11', 'cub13', 'cub14', 'cub15', 'cub16', 'cub20', 'cub21', 'cub22'] t=60.5s
   n=14: count=148 (cp 148, f=73) centre=extra9(deg 18) S=['cub1', 'cub3', 'cub4', 'cub7', 'cub9', 'cub10', 'cub12', 'cub13', 'cub14', 'cub15', 'cub18', 'cub20', 'cub21', 'cub24'] t=60.9s
   n=15: count=192 (cp 192, f=85) centre=extra8(deg 18) S=['cub1', 'cub4', 'cub5', 'cub9', 'cub10', 'cub11', 'cub12', 'cub13', 'cub15', 'cub16', 'cub18', 'cub20', 'cub21', 'cub22', 'cub24'] t=61.4s
   n=16: count=241 (cp 241, f=99) centre=extra5(deg 18) S=['cub3', 'cub4', 'cub7', 'cub9', 'cub10', 'cub11', 'cub12', 'cub13', 'cub14', 'cub15', 'cub16', 'cub18', 'cub20', 'cub21', 'cub22', 'cub24'] t=62.4s
[icosahedron] {'name': 'icosahedron', 'N': 12, 'nblocks': 67, 'sizes': {3: 40, 4: 15, 5: 12}, 'max_pdeg': 20, 'n_extras': 12, 'max_extra_deg': 3} classes=1 extras=12 maxextra=3 build=0.0s
   n=9: count=27 (cp 27, f=25) centre=ico0 S=['ico1', 'ico2', 'ico3', 'ico4', 'ico5', 'ico6', 'ico7', 'ico9', 'ico10'] t=0.1s
   n=10: count=37 (cp 37, f=33) centre=ico0 S=['ico1', 'ico2', 'ico4', 'ico5', 'ico6', 'ico7', 'ico8', 'ico9', 'ico10', 'ico11'] t=0.1s
   n=11: count=47 (cp 47, f=41) centre=ico0 S=['ico1', 'ico2', 'ico3', 'ico4', 'ico5', 'ico6', 'ico7', 'ico8', 'ico9', 'ico10', 'ico11'] t=0.1s
[dodecahedron] {'name': 'dodecahedron', 'N': 20, 'nblocks': 319, 'sizes': {3: 200, 4: 75, 5: 24, 6: 20}, 'max_pdeg': 57, 'n_extras': 12, 'max_extra_deg': 11} classes=1 extras=12 maxextra=11 build=0.2s
   n=9: count=27 (cp 27, f=25) centre=dod4 S=['dod5', 'dod6', 'dod7', 'dod10', 'dod11', 'dod13', 'dod15', 'dod17', 'dod19'] t=60.1s
   n=10: count=38 (cp 38, f=33) centre=dod12 S=['dod0', 'dod3', 'dod4', 'dod7', 'dod8', 'dod11', 'dod16', 'dod17', 'dod18', 'dod19'] t=60.0s
   n=11: count=59 (cp 59, f=41) centre=dod10 S=['dod1', 'dod3', 'dod4', 'dod6', 'dod8', 'dod9', 'dod11', 'dod12', 'dod13', 'dod14', 'dod15'] t=60.2s
   n=12: count=71 (cp 71, f=51) centre=dod10 S=['dod0', 'dod3', 'dod4', 'dod7', 'dod12', 'dod13', 'dod14', 'dod15', 'dod16', 'dod17', 'dod18', 'dod19'] t=60.2s
   n=13: count=95 (cp 95, f=61) centre=dod10 S=['dod0', 'dod3', 'dod4', 'dod7', 'dod9', 'dod12', 'dod13', 'dod14', 'dod15', 'dod16', 'dod17', 'dod18', 'dod19'] t=60.2s
   n=14: count=121 (cp 121, f=73) centre=dod18 S=['dod0', 'dod2', 'dod5', 'dod7', 'dod8', 'dod9', 'dod10', 'dod11', 'dod12', 'dod13', 'dod14', 'dod15', 'dod16', 'dod19'] t=60.3s
   n=15: count=145 (cp 145, f=85) centre=dod16 S=['dod1', 'dod3', 'dod4', 'dod6', 'dod8', 'dod9', 'dod10', 'dod11', 'dod12', 'dod13', 'dod14', 'dod15', 'dod17', 'dod18', 'dod19'] t=60.5s
   n=16: count=172 (cp 172, f=99) centre=dod12 S=['dod0', 'dod2', 'dod3', 'dod4', 'dod5', 'dod7', 'dod8', 'dod9', 'dod10', 'dod11', 'dod13', 'dod14', 'dod16', 'dod17', 'dod18', 'dod19'] t=26.8s
[icosidodecahedron] {'name': 'icosidodecahedron', 'N': 30, 'nblocks': 1345, 'sizes': {3: 880, 4: 405, 5: 24, 6: 30, 10: 6}, 'max_pdeg': 154, 'n_extras': 12, 'max_extra_deg': 26} classes=1 extras=12 maxextra=26 build=2.0s
   n=9: count=25 (cp 25, f=25) centre=ico0 S=['ico4', 'ico6', 'ico9', 'ico10', 'ico13', 'ico21', 'ico22', 'ico25', 'ico29'] t=60.1s (= formula)
   n=10: count=33 (cp 33, f=33) centre=ico28 S=['ico5', 'ico6', 'ico9', 'ico10', 'ico13', 'ico22', 'ico24', 'ico25', 'ico26', 'ico29'] t=60.1s (= formula)
   n=11: count=41 (cp 41, f=41) centre=ico28 S=['ico4', 'ico5', 'ico6', 'ico9', 'ico10', 'ico13', 'ico22', 'ico24', 'ico25', 'ico26', 'ico29'] t=60.1s (= formula)
   n=12: count=76 (cp 76, f=51) centre=ico0 S=['ico4', 'ico5', 'ico6', 'ico9', 'ico10', 'ico13', 'ico21', 'ico22', 'ico25', 'ico26', 'ico28', 'ico29'] t=60.3s
   n=13: count=106 (cp 106, f=61) centre=ico2 S=['ico4', 'ico5', 'ico6', 'ico7', 'ico9', 'ico10', 'ico13', 'ico15', 'ico19', 'ico22', 'ico25', 'ico26', 'ico29'] t=60.3s
   n=14: count=131 (cp 131, f=73) centre=ico3 S=['ico4', 'ico5', 'ico6', 'ico8', 'ico9', 'ico10', 'ico12', 'ico13', 'ico16', 'ico20', 'ico22', 'ico25', 'ico26', 'ico29'] t=60.6s
   n=15: count=156 (cp 167, f=85) centre=ico18 S=['ico2', 'ico4', 'ico5', 'ico6', 'ico7', 'ico9', 'ico10', 'ico11', 'ico13', 'ico15', 'ico19', 'ico22', 'ico25', 'ico26', 'ico29'] t=60.9s
   n=16: count=219 (cp 224, f=99) centre=ico27 S=['ico2', 'ico4', 'ico5', 'ico6', 'ico7', 'ico9', 'ico10', 'ico11', 'ico13', 'ico15', 'ico18', 'ico19', 'ico22', 'ico25', 'ico26', 'ico29'] t=62.0s
[icosa+dodeca] {'name': 'icosa+dodeca', 'N': 32, 'nblocks': 3359, 'sizes': {3: 3120, 4: 168, 5: 36, 6: 32, 8: 3}, 'max_pdeg': 352, 'n_extras': 12, 'max_extra_deg': 29} classes=3 extras=12 maxextra=29 build=0.8s
   n=9: count=25 (cp 25, f=25) centre=ico12 S=['ico0', 'ico1', 'ico2', 'ico3', 'ico13', 'ico20', 'ico21', 'ico22', 'ico23'] t=60.2s (= formula)
   n=10: count=37 (cp 37, f=33) centre=ico0 S=['ico1', 'ico2', 'ico4', 'ico5', 'ico6', 'ico7', 'ico8', 'ico9', 'ico10', 'ico11'] t=60.2s
   n=11: count=47 (cp 47, f=41) centre=ico0 S=['ico1', 'ico2', 'ico3', 'ico4', 'ico5', 'ico6', 'ico7', 'ico8', 'ico9', 'ico10', 'ico11'] t=60.1s
   n=12: count=62 (cp 64, f=51) centre=extra0(deg 29) S=['ico0', 'ico1', 'ico2', 'ico3', 'ico4', 'ico5', 'ico6', 'ico7', 'ico8', 'ico9', 'ico10', 'ico11'] t=60.3s
   n=13: count=95 (cp 95, f=61) centre=ico20 S=['ico13', 'ico14', 'ico17', 'ico18', 'ico23', 'ico24', 'ico25', 'ico26', 'ico27', 'ico28', 'ico29', 'ico30', 'ico31'] t=60.4s
   n=14: count=121 (cp 121, f=73) centre=ico20 S=['ico13', 'ico14', 'ico15', 'ico16', 'ico17', 'ico18', 'ico24', 'ico25', 'ico26', 'ico27', 'ico28', 'ico29', 'ico30', 'ico31'] t=60.7s
   n=15: count=145 (cp 145, f=85) centre=ico20 S=['ico13', 'ico14', 'ico17', 'ico18', 'ico21', 'ico22', 'ico23', 'ico24', 'ico25', 'ico26', 'ico27', 'ico28', 'ico29', 'ico30', 'ico31'] t=60.6s
   n=16: count=172 (cp 172, f=99) centre=ico20 S=['ico13', 'ico14', 'ico15', 'ico16', 'ico17', 'ico18', 'ico21', 'ico22', 'ico24', 'ico25', 'ico26', 'ico27', 'ico28', 'ico29', 'ico30', 'ico31'] t=60.8s
[truncated-tetrahedron] {'name': 'truncated-tetrahedron', 'N': 12, 'nblocks': 90, 'sizes': {3: 68, 4: 18, 6: 4}, 'max_pdeg': 25, 'n_extras': 0, 'max_extra_deg': 0} classes=1 extras=0 maxextra=0 build=0.0s
   n=9: count=31 (cp 34, f=25) centre=tru0 S=['tru2', 'tru3', 'tru4', 'tru5', 'tru6', 'tru7', 'tru8', 'tru9', 'tru11'] t=0.1s
   n=10: count=50 (cp 50, f=33) centre=tru0 S=['tru1', 'tru3', 'tru4', 'tru5', 'tru6', 'tru7', 'tru8', 'tru9', 'tru10', 'tru11'] t=0.1s
   n=11: count=65 (cp 65, f=41) centre=tru0 S=['tru1', 'tru2', 'tru3', 'tru4', 'tru5', 'tru6', 'tru7', 'tru8', 'tru9', 'tru10', 'tru11'] t=0.1s
[truncated-cube] {'name': 'truncated-cube', 'N': 24, 'nblocks': 678, 'sizes': {3: 424, 4: 216, 5: 24, 6: 8, 8: 6}, 'max_pdeg': 98, 'n_extras': 12, 'max_extra_deg': 27} classes=1 extras=12 maxextra=27 build=0.6s
   n=9: count=25 (cp 25, f=25) centre=tru0 S=['tru2', 'tru5', 'tru7', 'tru8', 'tru11', 'tru13', 'tru16', 'tru17', 'tru23'] t=60.1s (= formula)
   n=10: count=45 (cp 45, f=33) centre=tru3 S=['tru2', 'tru5', 'tru7', 'tru8', 'tru11', 'tru13', 'tru16', 'tru21', 'tru22', 'tru23'] t=60.3s
   n=11: count=59 (cp 59, f=41) centre=tru4 S=['tru1', 'tru3', 'tru6', 'tru7', 'tru10', 'tru12', 'tru13', 'tru15', 'tru16', 'tru18', 'tru23'] t=60.2s
   n=12: count=77 (cp 77, f=51) centre=extra8(deg 27) S=['tru2', 'tru3', 'tru5', 'tru7', 'tru8', 'tru11', 'tru13', 'tru16', 'tru18', 'tru21', 'tru22', 'tru23'] t=60.3s
   n=13: count=93 (cp 93, f=61) centre=tru10 S=['tru1', 'tru2', 'tru6', 'tru7', 'tru8', 'tru9', 'tru11', 'tru12', 'tru13', 'tru14', 'tru16', 'tru17', 'tru23'] t=60.3s
   n=14: count=106 (cp 106, f=73) centre=tru1 S=['tru0', 'tru2', 'tru5', 'tru6', 'tru7', 'tru8', 'tru9', 'tru10', 'tru11', 'tru13', 'tru14', 'tru16', 'tru17', 'tru23'] t=60.6s
   n=15: count=115 (cp 115, f=85) centre=tru9 S=['tru0', 'tru1', 'tru2', 'tru5', 'tru6', 'tru7', 'tru8', 'tru10', 'tru11', 'tru12', 'tru13', 'tru14', 'tru16', 'tru17', 'tru23'] t=61.0s
   n=16: count=142 (cp 142, f=99) centre=tru22 S=['tru0', 'tru1', 'tru2', 'tru5', 'tru6', 'tru7', 'tru8', 'tru9', 'tru10', 'tru11', 'tru12', 'tru13', 'tru14', 'tru16', 'tru17', 'tru23'] t=60.8s
[truncated-octahedron] {'name': 'truncated-octahedron', 'N': 24, 'nblocks': 679, 'sizes': {3: 432, 4: 216, 6: 28, 8: 3}, 'max_pdeg': 98, 'n_extras': 12, 'max_extra_deg': 20} classes=1 extras=12 maxextra=20 build=0.4s
   n=9: count=25 (cp 25, f=25) centre=tru14 S=['tru2', 'tru3', 'tru10', 'tru12', 'tru13', 'tru17', 'tru19', 'tru21', 'tru22'] t=60.1s (= formula)
   n=10: count=39 (cp 39, f=33) centre=tru11 S=['tru0', 'tru1', 'tru6', 'tru7', 'tru8', 'tru10', 'tru12', 'tru13', 'tru14', 'tru22'] t=60.1s
   n=11: count=45 (cp 45, f=41) centre=tru2 S=['tru3', 'tru4', 'tru5', 'tru7', 'tru8', 'tru14', 'tru17', 'tru18', 'tru19', 'tru20', 'tru21'] t=60.1s
   n=12: count=61 (cp 61, f=51) centre=tru3 S=['tru2', 'tru5', 'tru9', 'tru10', 'tru12', 'tru13', 'tru15', 'tru16', 'tru18', 'tru20', 'tru22', 'tru23'] t=60.2s
   n=13: count=100 (cp 100, f=61) centre=tru16 S=['tru0', 'tru1', 'tru4', 'tru6', 'tru7', 'tru8', 'tru10', 'tru11', 'tru12', 'tru13', 'tru14', 'tru19', 'tru22'] t=60.4s
   n=14: count=137 (cp 137, f=73) centre=tru12 S=['tru1', 'tru2', 'tru3', 'tru4', 'tru5', 'tru7', 'tru8', 'tru14', 'tru15', 'tru17', 'tru18', 'tru19', 'tru20', 'tru21'] t=60.6s
   n=15: count=169 (cp 169, f=85) centre=tru4 S=['tru0', 'tru1', 'tru2', 'tru5', 'tru6', 'tru7', 'tru11', 'tru12', 'tru16', 'tru18', 'tru19', 'tru20', 'tru21', 'tru22', 'tru23'] t=61.0s
   n=16: count=205 (cp 205, f=99) centre=tru13 S=['tru0', 'tru1', 'tru2', 'tru4', 'tru5', 'tru6', 'tru7', 'tru11', 'tru12', 'tru16', 'tru18', 'tru19', 'tru20', 'tru21', 'tru22', 'tru23'] t=61.7s
[rhombicuboctahedron] {'name': 'rhombicuboctahedron', 'N': 24, 'nblocks': 678, 'sizes': {3: 424, 4: 216, 5: 24, 6: 8, 8: 6}, 'max_pdeg': 98, 'n_extras': 12, 'max_extra_deg': 27} classes=1 extras=12 maxextra=27 build=0.4s
   n=9: count=25 (cp 25, f=25) centre=rho1 S=['rho3', 'rho4', 'rho6', 'rho9', 'rho10', 'rho14', 'rho15', 'rho20', 'rho22'] t=60.0s (= formula)
   n=10: count=45 (cp 45, f=33) centre=rho14 S=['rho0', 'rho5', 'rho9', 'rho10', 'rho11', 'rho12', 'rho13', 'rho16', 'rho18', 'rho22'] t=60.3s
   n=11: count=59 (cp 59, f=41) centre=rho10 S=['rho0', 'rho1', 'rho3', 'rho4', 'rho8', 'rho9', 'rho13', 'rho17', 'rho18', 'rho19', 'rho21'] t=60.2s
   n=12: count=77 (cp 77, f=51) centre=extra9(deg 27) S=['rho1', 'rho2', 'rho3', 'rho4', 'rho5', 'rho10', 'rho12', 'rho16', 'rho19', 'rho20', 'rho21', 'rho22'] t=60.4s
   n=13: count=93 (cp 93, f=61) centre=rho0 S=['rho2', 'rho3', 'rho4', 'rho5', 'rho6', 'rho8', 'rho13', 'rho14', 'rho16', 'rho18', 'rho19', 'rho22', 'rho23'] t=60.8s
   n=14: count=106 (cp 106, f=73) centre=rho16 S=['rho0', 'rho1', 'rho7', 'rho10', 'rho11', 'rho12', 'rho15', 'rho17', 'rho18', 'rho19', 'rho20', 'rho21', 'rho22', 'rho23'] t=60.6s
   n=15: count=115 (cp 115, f=85) centre=rho4 S=['rho0', 'rho1', 'rho2', 'rho3', 'rho5', 'rho6', 'rho7', 'rho8', 'rho13', 'rho14', 'rho16', 'rho18', 'rho19', 'rho22', 'rho23'] t=61.4s
   n=16: count=142 (cp 142, f=99) centre=extra7(deg 27) S=['rho0', 'rho1', 'rho2', 'rho3', 'rho4', 'rho5', 'rho6', 'rho7', 'rho8', 'rho13', 'rho14', 'rho16', 'rho18', 'rho19', 'rho22', 'rho23'] t=61.6s
[prism-3-0.3] {'name': 'prism-3-0.3', 'N': 6, 'nblocks': 11, 'sizes': {3: 8, 4: 3}, 'max_pdeg': 6, 'n_extras': 0, 'max_extra_deg': 0} classes=1 extras=0 maxextra=0 build=0.0s
[antiprism-3-0.3] {'name': 'antiprism-3-0.3', 'N': 6, 'nblocks': 11, 'sizes': {3: 8, 4: 3}, 'max_pdeg': 6, 'n_extras': 0, 'max_extra_deg': 0} classes=1 extras=0 maxextra=0 build=0.0s
[prism-3-0.5] {'name': 'prism-3-0.5', 'N': 6, 'nblocks': 11, 'sizes': {3: 8, 4: 3}, 'max_pdeg': 6, 'n_extras': 0, 'max_extra_deg': 0} classes=1 extras=0 maxextra=0 build=0.0s
[antiprism-3-0.5] {'name': 'antiprism-3-0.5', 'N': 6, 'nblocks': 11, 'sizes': {3: 8, 4: 3}, 'max_pdeg': 6, 'n_extras': 0, 'max_extra_deg': 0} classes=1 extras=0 maxextra=0 build=0.0s
[prism-3-1.0] {'name': 'prism-3-1.0', 'N': 6, 'nblocks': 11, 'sizes': {3: 8, 4: 3}, 'max_pdeg': 6, 'n_extras': 0, 'max_extra_deg': 0} classes=1 extras=0 maxextra=0 build=0.0s
[antiprism-3-1.0] {'name': 'antiprism-3-1.0', 'N': 6, 'nblocks': 11, 'sizes': {3: 8, 4: 3}, 'max_pdeg': 6, 'n_extras': 0, 'max_extra_deg': 0} classes=1 extras=0 maxextra=0 build=0.0s
[prism-3-0.7071] {'name': 'prism-3-0.7071', 'N': 6, 'nblocks': 11, 'sizes': {3: 8, 4: 3}, 'max_pdeg': 6, 'n_extras': 0, 'max_extra_deg': 0} classes=1 extras=0 maxextra=0 build=0.0s
[antiprism-3-0.7071] {'name': 'antiprism-3-0.7071', 'N': 6, 'nblocks': 11, 'sizes': {3: 8, 4: 3}, 'max_pdeg': 6, 'n_extras': 0, 'max_extra_deg': 0} classes=1 extras=0 maxextra=0 build=0.0s
[prism-4-0.3] {'name': 'prism-4-0.3', 'N': 8, 'nblocks': 20, 'sizes': {3: 8, 4: 12}, 'max_pdeg': 9, 'n_extras': 0, 'max_extra_deg': 0} classes=1 extras=0 maxextra=0 build=0.0s
[antiprism-4-0.3] {'name': 'antiprism-4-0.3', 'N': 8, 'nblocks': 26, 'sizes': {3: 16, 4: 10}, 'max_pdeg': 11, 'n_extras': 0, 'max_extra_deg': 0} classes=1 extras=0 maxextra=0 build=0.0s
[prism-4-0.5] {'name': 'prism-4-0.5', 'N': 8, 'nblocks': 20, 'sizes': {3: 8, 4: 12}, 'max_pdeg': 9, 'n_extras': 0, 'max_extra_deg': 0} classes=1 extras=0 maxextra=0 build=0.0s
[antiprism-4-0.5] {'name': 'antiprism-4-0.5', 'N': 8, 'nblocks': 26, 'sizes': {3: 16, 4: 10}, 'max_pdeg': 11, 'n_extras': 0, 'max_extra_deg': 0} classes=1 extras=0 maxextra=0 build=0.0s
[prism-4-1.0] {'name': 'prism-4-1.0', 'N': 8, 'nblocks': 20, 'sizes': {3: 8, 4: 12}, 'max_pdeg': 9, 'n_extras': 0, 'max_extra_deg': 0} classes=1 extras=0 maxextra=0 build=0.0s
[antiprism-4-1.0] {'name': 'antiprism-4-1.0', 'N': 8, 'nblocks': 26, 'sizes': {3: 16, 4: 10}, 'max_pdeg': 11, 'n_extras': 0, 'max_extra_deg': 0} classes=1 extras=0 maxextra=0 build=0.0s
[prism-4-0.7071] {'name': 'prism-4-0.7071', 'N': 8, 'nblocks': 20, 'sizes': {3: 8, 4: 12}, 'max_pdeg': 9, 'n_extras': 0, 'max_extra_deg': 0} classes=1 extras=0 maxextra=0 build=0.0s
[antiprism-4-0.7071] {'name': 'antiprism-4-0.7071', 'N': 8, 'nblocks': 26, 'sizes': {3: 16, 4: 10}, 'max_pdeg': 11, 'n_extras': 0, 'max_extra_deg': 0} classes=1 extras=0 maxextra=0 build=0.0s
[prism-5-0.3] {'name': 'prism-5-0.3', 'N': 10, 'nblocks': 42, 'sizes': {3: 20, 4: 20, 5: 2}, 'max_pdeg': 15, 'n_extras': 0, 'max_extra_deg': 0} classes=1 extras=0 maxextra=0 build=0.0s
   n=9: count=27 (cp 27, f=25) centre=pri0 S=['pri1', 'pri2', 'pri3', 'pri4', 'pri5', 'pri6', 'pri7', 'pri8', 'pri9'] t=0.0s
[antiprism-5-0.3] {'name': 'antiprism-5-0.3', 'N': 10, 'nblocks': 42, 'sizes': {3: 20, 4: 20, 5: 2}, 'max_pdeg': 15, 'n_extras': 0, 'max_extra_deg': 0} classes=1 extras=0 maxextra=0 build=0.0s
   n=9: count=27 (cp 27, f=25) centre=ant0 S=['ant1', 'ant2', 'ant3', 'ant4', 'ant5', 'ant6', 'ant7', 'ant8', 'ant9'] t=0.0s
[prism-5-0.5] {'name': 'prism-5-0.5', 'N': 10, 'nblocks': 42, 'sizes': {3: 20, 4: 20, 5: 2}, 'max_pdeg': 15, 'n_extras': 0, 'max_extra_deg': 0} classes=1 extras=0 maxextra=0 build=0.0s
   n=9: count=27 (cp 27, f=25) centre=pri0 S=['pri1', 'pri2', 'pri3', 'pri4', 'pri5', 'pri6', 'pri7', 'pri8', 'pri9'] t=0.0s
[antiprism-5-0.5] {'name': 'antiprism-5-0.5', 'N': 10, 'nblocks': 42, 'sizes': {3: 20, 4: 20, 5: 2}, 'max_pdeg': 15, 'n_extras': 2, 'max_extra_deg': 5} classes=1 extras=2 maxextra=5 build=0.0s
   n=9: count=27 (cp 27, f=25) centre=ant0 S=['ant1', 'ant2', 'ant3', 'ant4', 'ant5', 'ant6', 'ant7', 'ant8', 'ant9'] t=0.0s
[prism-5-1.0] {'name': 'prism-5-1.0', 'N': 10, 'nblocks': 42, 'sizes': {3: 20, 4: 20, 5: 2}, 'max_pdeg': 15, 'n_extras': 0, 'max_extra_deg': 0} classes=1 extras=0 maxextra=0 build=0.0s
   n=9: count=27 (cp 27, f=25) centre=pri0 S=['pri1', 'pri2', 'pri3', 'pri4', 'pri5', 'pri6', 'pri7', 'pri8', 'pri9'] t=0.0s
[antiprism-5-1.0] {'name': 'antiprism-5-1.0', 'N': 10, 'nblocks': 42, 'sizes': {3: 20, 4: 20, 5: 2}, 'max_pdeg': 15, 'n_extras': 0, 'max_extra_deg': 0} classes=1 extras=0 maxextra=0 build=0.0s
   n=9: count=27 (cp 27, f=25) centre=ant0 S=['ant1', 'ant2', 'ant3', 'ant4', 'ant5', 'ant6', 'ant7', 'ant8', 'ant9'] t=0.0s
[prism-5-0.7071] {'name': 'prism-5-0.7071', 'N': 10, 'nblocks': 42, 'sizes': {3: 20, 4: 20, 5: 2}, 'max_pdeg': 15, 'n_extras': 0, 'max_extra_deg': 0} classes=1 extras=0 maxextra=0 build=0.0s
   n=9: count=27 (cp 27, f=25) centre=pri0 S=['pri1', 'pri2', 'pri3', 'pri4', 'pri5', 'pri6', 'pri7', 'pri8', 'pri9'] t=0.0s
[antiprism-5-0.7071] {'name': 'antiprism-5-0.7071', 'N': 10, 'nblocks': 42, 'sizes': {3: 20, 4: 20, 5: 2}, 'max_pdeg': 15, 'n_extras': 0, 'max_extra_deg': 0} classes=1 extras=0 maxextra=0 build=0.0s
   n=9: count=27 (cp 27, f=25) centre=ant0 S=['ant1', 'ant2', 'ant3', 'ant4', 'ant5', 'ant6', 'ant7', 'ant8', 'ant9'] t=0.0s
[prism-6-0.3] {'name': 'prism-6-0.3', 'N': 12, 'nblocks': 65, 'sizes': {3: 24, 4: 39, 6: 2}, 'max_pdeg': 20, 'n_extras': 12, 'max_extra_deg': 3} classes=1 extras=12 maxextra=3 build=0.0s
   n=9: count=29 (cp 29, f=25) centre=pri5 S=['pri0', 'pri1', 'pri3', 'pri4', 'pri6', 'pri7', 'pri9', 'pri10', 'pri11'] t=0.1s
   n=10: count=39 (cp 39, f=33) centre=pri0 S=['pri1', 'pri2', 'pri3', 'pri4', 'pri6', 'pri7', 'pri8', 'pri9', 'pri10', 'pri11'] t=0.1s
   n=11: count=45 (cp 45, f=41) centre=pri5 S=['pri0', 'pri1', 'pri2', 'pri3', 'pri4', 'pri6', 'pri7', 'pri8', 'pri9', 'pri10', 'pri11'] t=0.1s
[antiprism-6-0.3] {'name': 'antiprism-6-0.3', 'N': 12, 'nblocks': 74, 'sizes': {3: 36, 4: 36, 6: 2}, 'max_pdeg': 22, 'n_extras': 0, 'max_extra_deg': 0} classes=1 extras=0 maxextra=0 build=0.0s
   n=9: count=31 (cp 31, f=25) centre=ant0 S=['ant1', 'ant3', 'ant5', 'ant6', 'ant7', 'ant8', 'ant9', 'ant10', 'ant11'] t=0.0s
   n=10: count=43 (cp 43, f=33) centre=ant0 S=['ant1', 'ant2', 'ant3', 'ant5', 'ant6', 'ant7', 'ant8', 'ant9', 'ant10', 'ant11'] t=0.1s
   n=11: count=52 (cp 52, f=41) centre=ant0 S=['ant1', 'ant2', 'ant3', 'ant4', 'ant5', 'ant6', 'ant7', 'ant8', 'ant9', 'ant10', 'ant11'] t=0.1s
[prism-6-0.5] {'name': 'prism-6-0.5', 'N': 12, 'nblocks': 65, 'sizes': {3: 24, 4: 39, 6: 2}, 'max_pdeg': 20, 'n_extras': 12, 'max_extra_deg': 6} classes=1 extras=12 maxextra=6 build=0.0s
   n=9: count=29 (cp 29, f=25) centre=pri0 S=['pri1', 'pri2', 'pri4', 'pri5', 'pri6', 'pri7', 'pri8', 'pri10', 'pri11'] t=0.1s
   n=10: count=39 (cp 39, f=33) centre=pri0 S=['pri1', 'pri2', 'pri3', 'pri4', 'pri6', 'pri7', 'pri8', 'pri9', 'pri10', 'pri11'] t=0.1s
   n=11: count=45 (cp 45, f=41) centre=pri0 S=['pri1', 'pri2', 'pri3', 'pri4', 'pri5', 'pri6', 'pri7', 'pri8', 'pri9', 'pri10', 'pri11'] t=0.1s
[antiprism-6-0.5] {'name': 'antiprism-6-0.5', 'N': 12, 'nblocks': 74, 'sizes': {3: 36, 4: 36, 6: 2}, 'max_pdeg': 22, 'n_extras': 0, 'max_extra_deg': 0} classes=1 extras=0 maxextra=0 build=0.0s
   n=9: count=31 (cp 31, f=25) centre=ant0 S=['ant1', 'ant3', 'ant5', 'ant6', 'ant7', 'ant8', 'ant9', 'ant10', 'ant11'] t=0.1s
   n=10: count=43 (cp 43, f=33) centre=ant0 S=['ant1', 'ant2', 'ant3', 'ant5', 'ant6', 'ant7', 'ant8', 'ant9', 'ant10', 'ant11'] t=0.1s
   n=11: count=52 (cp 52, f=41) centre=ant0 S=['ant1', 'ant2', 'ant3', 'ant4', 'ant5', 'ant6', 'ant7', 'ant8', 'ant9', 'ant10', 'ant11'] t=0.1s
[prism-6-1.0] {'name': 'prism-6-1.0', 'N': 12, 'nblocks': 65, 'sizes': {3: 24, 4: 39, 6: 2}, 'max_pdeg': 20, 'n_extras': 12, 'max_extra_deg': 3} classes=1 extras=12 maxextra=3 build=0.0s
   n=9: count=29 (cp 29, f=25) centre=pri9 S=['pri1', 'pri2', 'pri3', 'pri4', 'pri5', 'pri7', 'pri8', 'pri10', 'pri11'] t=0.3s
   n=10: count=39 (cp 39, f=33) centre=pri0 S=['pri1', 'pri2', 'pri3', 'pri4', 'pri5', 'pri6', 'pri7', 'pri8', 'pri10', 'pri11'] t=0.1s
   n=11: count=45 (cp 45, f=41) centre=pri5 S=['pri0', 'pri1', 'pri2', 'pri3', 'pri4', 'pri6', 'pri7', 'pri8', 'pri9', 'pri10', 'pri11'] t=0.1s
[antiprism-6-1.0] {'name': 'antiprism-6-1.0', 'N': 12, 'nblocks': 74, 'sizes': {3: 36, 4: 36, 6: 2}, 'max_pdeg': 22, 'n_extras': 0, 'max_extra_deg': 0} classes=1 extras=0 maxextra=0 build=0.0s
   n=9: count=31 (cp 31, f=25) centre=ant0 S=['ant1', 'ant3', 'ant5', 'ant6', 'ant7', 'ant8', 'ant9', 'ant10', 'ant11'] t=0.0s
   n=10: count=43 (cp 43, f=33) centre=ant0 S=['ant1', 'ant2', 'ant3', 'ant5', 'ant6', 'ant7', 'ant8', 'ant9', 'ant10', 'ant11'] t=0.1s
   n=11: count=52 (cp 52, f=41) centre=ant0 S=['ant1', 'ant2', 'ant3', 'ant4', 'ant5', 'ant6', 'ant7', 'ant8', 'ant9', 'ant10', 'ant11'] t=0.1s
[prism-6-0.7071] {'name': 'prism-6-0.7071', 'N': 12, 'nblocks': 65, 'sizes': {3: 24, 4: 39, 6: 2}, 'max_pdeg': 20, 'n_extras': 12, 'max_extra_deg': 3} classes=1 extras=12 maxextra=3 build=0.0s
   n=9: count=29 (cp 29, f=25) centre=pri2 S=['pri0', 'pri1', 'pri3', 'pri4', 'pri6', 'pri7', 'pri9', 'pri10', 'pri11'] t=0.2s
   n=10: count=39 (cp 39, f=33) centre=pri5 S=['pri1', 'pri2', 'pri3', 'pri4', 'pri6', 'pri7', 'pri8', 'pri9', 'pri10', 'pri11'] t=0.2s
   n=11: count=45 (cp 45, f=41) centre=pri5 S=['pri0', 'pri1', 'pri2', 'pri3', 'pri4', 'pri6', 'pri7', 'pri8', 'pri9', 'pri10', 'pri11'] t=0.2s
[antiprism-6-0.7071] {'name': 'antiprism-6-0.7071', 'N': 12, 'nblocks': 74, 'sizes': {3: 36, 4: 36, 6: 2}, 'max_pdeg': 22, 'n_extras': 0, 'max_extra_deg': 0} classes=1 extras=0 maxextra=0 build=0.0s
   n=9: count=31 (cp 31, f=25) centre=ant0 S=['ant1', 'ant3', 'ant5', 'ant6', 'ant7', 'ant8', 'ant9', 'ant10', 'ant11'] t=0.0s
   n=10: count=43 (cp 43, f=33) centre=ant0 S=['ant1', 'ant2', 'ant3', 'ant5', 'ant6', 'ant7', 'ant8', 'ant9', 'ant10', 'ant11'] t=0.1s
   n=11: count=52 (cp 52, f=41) centre=ant0 S=['ant1', 'ant2', 'ant3', 'ant4', 'ant5', 'ant6', 'ant7', 'ant8', 'ant9', 'ant10', 'ant11'] t=0.1s
[prism-8-0.3] {'name': 'prism-8-0.3', 'N': 16, 'nblocks': 150, 'sizes': {3: 48, 4: 100, 8: 2}, 'max_pdeg': 35, 'n_extras': 12, 'max_extra_deg': 4} classes=1 extras=12 maxextra=4 build=0.1s
   n=9: count=25 (cp 25, f=25) centre=pri0 S=['pri1', 'pri8', 'pri9', 'pri10', 'pri11', 'pri12', 'pri13', 'pri14', 'pri15'] t=11.0s (= formula)
   n=10: count=46 (cp 46, f=33) centre=pri9 S=['pri0', 'pri1', 'pri2', 'pri3', 'pri4', 'pri5', 'pri6', 'pri7', 'pri14', 'pri15'] t=22.1s
   n=11: count=63 (cp 63, f=41) centre=pri14 S=['pri2', 'pri3', 'pri4', 'pri5', 'pri6', 'pri7', 'pri8', 'pri9', 'pri10', 'pri11', 'pri15'] t=14.9s
   n=12: count=78 (cp 78, f=51) centre=pri7 S=['pri0', 'pri1', 'pri2', 'pri3', 'pri5', 'pri6', 'pri8', 'pri9', 'pri10', 'pri11', 'pri13', 'pri14'] t=5.3s
   n=13: count=93 (cp 93, f=61) centre=pri9 S=['pri0', 'pri1', 'pri3', 'pri4', 'pri5', 'pri6', 'pri7', 'pri8', 'pri10', 'pri11', 'pri12', 'pri13', 'pri15'] t=1.8s
   n=14: count=106 (cp 106, f=73) centre=pri7 S=['pri1', 'pri2', 'pri3', 'pri4', 'pri5', 'pri6', 'pri8', 'pri9', 'pri10', 'pri11', 'pri12', 'pri13', 'pri14', 'pri15'] t=1.1s
   n=15: count=115 (cp 115, f=85) centre=pri7 S=['pri0', 'pri1', 'pri2', 'pri3', 'pri4', 'pri5', 'pri6', 'pri8', 'pri9', 'pri10', 'pri11', 'pri12', 'pri13', 'pri14', 'pri15'] t=0.9s
[antiprism-8-0.3] {'name': 'antiprism-8-0.3', 'N': 16, 'nblocks': 162, 'sizes': {3: 64, 4: 96, 8: 2}, 'max_pdeg': 37, 'n_extras': 12, 'max_extra_deg': 4} classes=1 extras=12 maxextra=4 build=0.1s
   n=9: count=25 (cp 25, f=25) centre=ant0 S=['ant4', 'ant8', 'ant9', 'ant10', 'ant11', 'ant12', 'ant13', 'ant14', 'ant15'] t=11.4s (= formula)
   n=10: count=45 (cp 45, f=33) centre=ant2 S=['ant0', 'ant6', 'ant8', 'ant9', 'ant10', 'ant11', 'ant12', 'ant13', 'ant14', 'ant15'] t=17.6s
   n=11: count=61 (cp 61, f=41) centre=ant3 S=['ant1', 'ant5', 'ant7', 'ant8', 'ant9', 'ant10', 'ant11', 'ant12', 'ant13', 'ant14', 'ant15'] t=12.2s
   n=12: count=77 (cp 77, f=51) centre=ant8 S=['ant0', 'ant1', 'ant2', 'ant3', 'ant4', 'ant5', 'ant6', 'ant7', 'ant9', 'ant11', 'ant13', 'ant15'] t=4.0s
   n=13: count=97 (cp 97, f=61) centre=ant10 S=['ant0', 'ant1', 'ant2', 'ant3', 'ant4', 'ant5', 'ant6', 'ant7', 'ant9', 'ant11', 'ant12', 'ant13', 'ant15'] t=1.7s
   n=14: count=113 (cp 113, f=73) centre=ant6 S=['ant1', 'ant2', 'ant3', 'ant4', 'ant5', 'ant7', 'ant8', 'ant9', 'ant10', 'ant11', 'ant12', 'ant13', 'ant14', 'ant15'] t=0.7s
   n=15: count=125 (cp 125, f=85) centre=ant0 S=['ant1', 'ant2', 'ant3', 'ant4', 'ant5', 'ant6', 'ant7', 'ant8', 'ant9', 'ant10', 'ant11', 'ant12', 'ant13', 'ant14', 'ant15'] t=0.4s
[prism-8-0.5] {'name': 'prism-8-0.5', 'N': 16, 'nblocks': 150, 'sizes': {3: 48, 4: 100, 8: 2}, 'max_pdeg': 35, 'n_extras': 12, 'max_extra_deg': 4} classes=1 extras=12 maxextra=4 build=0.1s
   n=9: count=25 (cp 25, f=25) centre=pri9 S=['pri0', 'pri1', 'pri2', 'pri3', 'pri4', 'pri5', 'pri6', 'pri7', 'pri10'] t=11.7s (= formula)
   n=10: count=46 (cp 46, f=33) centre=pri1 S=['pri2', 'pri7', 'pri8', 'pri9', 'pri10', 'pri11', 'pri12', 'pri13', 'pri14', 'pri15'] t=21.7s
   n=11: count=63 (cp 63, f=41) centre=pri0 S=['pri3', 'pri4', 'pri5', 'pri6', 'pri7', 'pri8', 'pri11', 'pri12', 'pri13', 'pri14', 'pri15'] t=13.2s
   n=12: count=78 (cp 78, f=51) centre=pri15 S=['pri1', 'pri2', 'pri4', 'pri5', 'pri6', 'pri7', 'pri8', 'pri9', 'pri10', 'pri11', 'pri13', 'pri14'] t=5.2s
   n=13: count=93 (cp 93, f=61) centre=pri7 S=['pri0', 'pri1', 'pri2', 'pri3', 'pri4', 'pri5', 'pri8', 'pri9', 'pri10', 'pri11', 'pri12', 'pri13', 'pri15'] t=1.6s
   n=14: count=106 (cp 106, f=73) centre=pri8 S=['pri0', 'pri1', 'pri2', 'pri3', 'pri4', 'pri5', 'pri6', 'pri7', 'pri9', 'pri10', 'pri11', 'pri12', 'pri13', 'pri14'] t=0.9s
   n=15: count=115 (cp 115, f=85) centre=pri1 S=['pri0', 'pri2', 'pri3', 'pri4', 'pri5', 'pri6', 'pri7', 'pri8', 'pri9', 'pri10', 'pri11', 'pri12', 'pri13', 'pri14', 'pri15'] t=0.9s
[antiprism-8-0.5] {'name': 'antiprism-8-0.5', 'N': 16, 'nblocks': 162, 'sizes': {3: 64, 4: 96, 8: 2}, 'max_pdeg': 37, 'n_extras': 12, 'max_extra_deg': 4} classes=1 extras=12 maxextra=4 build=0.1s
   n=9: count=25 (cp 25, f=25) centre=extra1(deg 4) S=['ant6', 'ant8', 'ant9', 'ant10', 'ant11', 'ant12', 'ant13', 'ant14', 'ant15'] t=12.4s (= formula)
   n=10: count=45 (cp 45, f=33) centre=ant0 S=['ant4', 'ant6', 'ant8', 'ant9', 'ant10', 'ant11', 'ant12', 'ant13', 'ant14', 'ant15'] t=16.8s
   n=11: count=61 (cp 61, f=41) centre=ant1 S=['ant3', 'ant5', 'ant7', 'ant8', 'ant9', 'ant10', 'ant11', 'ant12', 'ant13', 'ant14', 'ant15'] t=10.6s
   n=12: count=77 (cp 77, f=51) centre=ant2 S=['ant1', 'ant3', 'ant5', 'ant7', 'ant8', 'ant9', 'ant10', 'ant11', 'ant12', 'ant13', 'ant14', 'ant15'] t=4.5s
   n=13: count=97 (cp 97, f=61) centre=ant1 S=['ant0', 'ant2', 'ant4', 'ant5', 'ant6', 'ant8', 'ant9', 'ant10', 'ant11', 'ant12', 'ant13', 'ant14', 'ant15'] t=1.9s
   n=14: count=113 (cp 113, f=73) centre=ant0 S=['ant1', 'ant3', 'ant4', 'ant5', 'ant6', 'ant7', 'ant8', 'ant9', 'ant10', 'ant11', 'ant12', 'ant13', 'ant14', 'ant15'] t=0.5s
   n=15: count=125 (cp 125, f=85) centre=ant0 S=['ant1', 'ant2', 'ant3', 'ant4', 'ant5', 'ant6', 'ant7', 'ant8', 'ant9', 'ant10', 'ant11', 'ant12', 'ant13', 'ant14', 'ant15'] t=0.5s
[prism-8-1.0] {'name': 'prism-8-1.0', 'N': 16, 'nblocks': 150, 'sizes': {3: 48, 4: 100, 8: 2}, 'max_pdeg': 35, 'n_extras': 12, 'max_extra_deg': 4} classes=1 extras=12 maxextra=4 build=0.1s
   n=9: count=25 (cp 25, f=25) centre=pri12 S=['pri0', 'pri1', 'pri2', 'pri3', 'pri4', 'pri5', 'pri6', 'pri7', 'pri13'] t=11.3s (= formula)
   n=10: count=46 (cp 46, f=33) centre=pri0 S=['pri2', 'pri7', 'pri8', 'pri9', 'pri10', 'pri11', 'pri12', 'pri13', 'pri14', 'pri15'] t=22.5s
   n=11: count=63 (cp 63, f=41) centre=pri7 S=['pri1', 'pri2', 'pri4', 'pri5', 'pri8', 'pri9', 'pri10', 'pri12', 'pri13', 'pri14', 'pri15'] t=9.6s
   n=12: count=78 (cp 78, f=51) centre=pri14 S=['pri0', 'pri1', 'pri2', 'pri3', 'pri4', 'pri7', 'pri8', 'pri9', 'pri10', 'pri11', 'pri12', 'pri15'] t=3.8s
   n=13: count=93 (cp 93, f=61) centre=pri8 S=['pri1', 'pri2', 'pri3', 'pri4', 'pri5', 'pri6', 'pri7', 'pri9', 'pri10', 'pri11', 'pri13', 'pri14', 'pri15'] t=1.4s
   n=14: count=106 (cp 106, f=73) centre=pri2 S=['pri0', 'pri1', 'pri3', 'pri4', 'pri5', 'pri6', 'pri7', 'pri8', 'pri9', 'pri11', 'pri12', 'pri13', 'pri14', 'pri15'] t=0.7s
   n=15: count=115 (cp 115, f=85) centre=pri0 S=['pri1', 'pri2', 'pri3', 'pri4', 'pri5', 'pri6', 'pri7', 'pri8', 'pri9', 'pri10', 'pri11', 'pri12', 'pri13', 'pri14', 'pri15'] t=0.8s
[antiprism-8-1.0] {'name': 'antiprism-8-1.0', 'N': 16, 'nblocks': 162, 'sizes': {3: 64, 4: 96, 8: 2}, 'max_pdeg': 37, 'n_extras': 12, 'max_extra_deg': 4} classes=1 extras=12 maxextra=4 build=0.1s
   n=9: count=25 (cp 25, f=25) centre=ant7 S=['ant5', 'ant8', 'ant9', 'ant10', 'ant11', 'ant12', 'ant13', 'ant14', 'ant15'] t=11.3s (= formula)
   n=10: count=45 (cp 45, f=33) centre=ant5 S=['ant3', 'ant7', 'ant8', 'ant9', 'ant10', 'ant11', 'ant12', 'ant13', 'ant14', 'ant15'] t=17.5s
   n=11: count=61 (cp 61, f=41) centre=ant1 S=['ant3', 'ant5', 'ant7', 'ant8', 'ant9', 'ant10', 'ant11', 'ant12', 'ant13', 'ant14', 'ant15'] t=10.2s
   n=12: count=77 (cp 77, f=51) centre=ant0 S=['ant1', 'ant3', 'ant5', 'ant7', 'ant8', 'ant9', 'ant10', 'ant11', 'ant12', 'ant13', 'ant14', 'ant15'] t=6.9s
   n=13: count=97 (cp 97, f=61) centre=ant8 S=['ant0', 'ant1', 'ant2', 'ant3', 'ant4', 'ant5', 'ant6', 'ant7', 'ant9', 'ant11', 'ant13', 'ant14', 'ant15'] t=1.3s
   n=14: count=113 (cp 113, f=73) centre=ant2 S=['ant1', 'ant3', 'ant4', 'ant5', 'ant6', 'ant7', 'ant8', 'ant9', 'ant10', 'ant11', 'ant12', 'ant13', 'ant14', 'ant15'] t=0.6s
   n=15: count=125 (cp 125, f=85) centre=ant0 S=['ant1', 'ant2', 'ant3', 'ant4', 'ant5', 'ant6', 'ant7', 'ant8', 'ant9', 'ant10', 'ant11', 'ant12', 'ant13', 'ant14', 'ant15'] t=0.4s
[prism-8-0.7071] {'name': 'prism-8-0.7071', 'N': 16, 'nblocks': 150, 'sizes': {3: 48, 4: 100, 8: 2}, 'max_pdeg': 35, 'n_extras': 12, 'max_extra_deg': 4} classes=1 extras=12 maxextra=4 build=0.1s
   n=9: count=25 (cp 25, f=25) centre=extra10(deg 4) S=['pri0', 'pri8', 'pri9', 'pri10', 'pri11', 'pri12', 'pri13', 'pri14', 'pri15'] t=12.7s (= formula)
   n=10: count=46 (cp 46, f=33) centre=pri6 S=['pri0', 'pri7', 'pri8', 'pri9', 'pri10', 'pri11', 'pri12', 'pri13', 'pri14', 'pri15'] t=20.0s
   n=11: count=63 (cp 63, f=41) centre=pri4 S=['pri2', 'pri3', 'pri5', 'pri6', 'pri9', 'pri10', 'pri11', 'pri12', 'pri13', 'pri14', 'pri15'] t=13.7s
   n=12: count=78 (cp 78, f=51) centre=pri14 S=['pri0', 'pri1', 'pri4', 'pri5', 'pri6', 'pri7', 'pri8', 'pri9', 'pri10', 'pri11', 'pri12', 'pri13'] t=4.1s
   n=13: count=93 (cp 93, f=61) centre=pri1 S=['pri0', 'pri2', 'pri3', 'pri4', 'pri6', 'pri7', 'pri8', 'pri10', 'pri11', 'pri12', 'pri13', 'pri14', 'pri15'] t=1.8s
   n=14: count=106 (cp 106, f=73) centre=pri2 S=['pri0', 'pri1', 'pri3', 'pri4', 'pri5', 'pri6', 'pri7', 'pri8', 'pri9', 'pri11', 'pri12', 'pri13', 'pri14', 'pri15'] t=0.9s
   n=15: count=115 (cp 115, f=85) centre=pri0 S=['pri1', 'pri2', 'pri3', 'pri4', 'pri5', 'pri6', 'pri7', 'pri8', 'pri9', 'pri10', 'pri11', 'pri12', 'pri13', 'pri14', 'pri15'] t=0.9s
[antiprism-8-0.7071] {'name': 'antiprism-8-0.7071', 'N': 16, 'nblocks': 162, 'sizes': {3: 64, 4: 96, 8: 2}, 'max_pdeg': 37, 'n_extras': 12, 'max_extra_deg': 4} classes=1 extras=12 maxextra=4 build=0.1s
   n=9: count=25 (cp 25, f=25) centre=ant6 S=['ant0', 'ant8', 'ant9', 'ant10', 'ant11', 'ant12', 'ant13', 'ant14', 'ant15'] t=11.6s (= formula)
   n=10: count=45 (cp 45, f=33) centre=ant8 S=['ant0', 'ant1', 'ant2', 'ant3', 'ant4', 'ant5', 'ant6', 'ant7', 'ant12', 'ant14'] t=15.3s
   n=11: count=61 (cp 61, f=41) centre=ant0 S=['ant2', 'ant4', 'ant6', 'ant8', 'ant9', 'ant10', 'ant11', 'ant12', 'ant13', 'ant14', 'ant15'] t=12.5s
   n=12: count=77 (cp 77, f=51) centre=ant8 S=['ant0', 'ant1', 'ant2', 'ant3', 'ant4', 'ant5', 'ant6', 'ant7', 'ant9', 'ant11', 'ant13', 'ant15'] t=4.1s
   n=13: count=97 (cp 97, f=61) centre=ant6 S=['ant1', 'ant2', 'ant3', 'ant5', 'ant7', 'ant8', 'ant9', 'ant10', 'ant11', 'ant12', 'ant13', 'ant14', 'ant15'] t=2.4s
   n=14: count=113 (cp 113, f=73) centre=ant0 S=['ant1', 'ant3', 'ant4', 'ant5', 'ant6', 'ant7', 'ant8', 'ant9', 'ant10', 'ant11', 'ant12', 'ant13', 'ant14', 'ant15'] t=0.8s
   n=15: count=125 (cp 125, f=85) centre=ant0 S=['ant1', 'ant2', 'ant3', 'ant4', 'ant5', 'ant6', 'ant7', 'ant8', 'ant9', 'ant10', 'ant11', 'ant12', 'ant13', 'ant14', 'ant15'] t=0.7s
[bipyramid-4] {'name': 'bipyramid-4', 'N': 6, 'nblocks': 11, 'sizes': {3: 8, 4: 3}, 'max_pdeg': 6, 'n_extras': 0, 'max_extra_deg': 0} classes=1 extras=0 maxextra=0 build=0.0s
[bipyramid-5] {'name': 'bipyramid-5', 'N': 7, 'nblocks': 26, 'sizes': {3: 25, 5: 1}, 'max_pdeg': 15, 'n_extras': 0, 'max_extra_deg': 0} classes=2 extras=0 maxextra=0 build=0.0s
[bipyramid-6] {'name': 'bipyramid-6', 'N': 8, 'nblocks': 28, 'sizes': {3: 24, 4: 3, 6: 1}, 'max_pdeg': 15, 'n_extras': 0, 'max_extra_deg': 0} classes=2 extras=0 maxextra=0 build=0.0s
[bipyramid-8] {'name': 'bipyramid-8', 'N': 10, 'nblocks': 53, 'sizes': {3: 48, 4: 4, 8: 1}, 'max_pdeg': 28, 'n_extras': 0, 'max_extra_deg': 0} classes=2 extras=0 maxextra=0 build=0.0s
   n=9: count=25 (cp 25, f=25) centre=bip8 S=['bip0', 'bip1', 'bip2', 'bip3', 'bip4', 'bip5', 'bip6', 'bip7', 'bip9'] t=0.1s (= formula)
[bipyramid-10] {'name': 'bipyramid-10', 'N': 12, 'nblocks': 86, 'sizes': {3: 80, 4: 5, 10: 1}, 'max_pdeg': 45, 'n_extras': 0, 'max_extra_deg': 0} classes=2 extras=0 maxextra=0 build=0.0s
   n=9: count=25 (cp 25, f=25) centre=bip10 S=['bip0', 'bip1', 'bip2', 'bip4', 'bip5', 'bip6', 'bip7', 'bip9', 'bip11'] t=0.1s (= formula)
   n=10: count=33 (cp 33, f=33) centre=bip10 S=['bip1', 'bip2', 'bip3', 'bip4', 'bip5', 'bip6', 'bip7', 'bip8', 'bip9', 'bip11'] t=0.1s (= formula)
   n=11: count=41 (cp 41, f=41) centre=bip10 S=['bip0', 'bip1', 'bip2', 'bip3', 'bip4', 'bip5', 'bip6', 'bip7', 'bip8', 'bip9', 'bip11'] t=0.1s (= formula)
===== GROUP tri Sat Sep  5 19:36:43 UTC 2026
[tri-13-14-15] {'name': 'tri-13-14-15', 'N': 42, 'nblocks': 10346, 'sizes': {3: 10234, 4: 93, 5: 5, 6: 9, 7: 3, 9: 1, 15: 1}, 'max_pdeg': 803, 'n_extras': 12, 'max_extra_deg': 15} classes=42 extras=12 maxextra=15 build=2.7s
   n=9: count=26 (cp 26, f=25) centre=inf S=['A', 'B', 'C', 'Hb', 'Wa', 'Wb', "Wb'", "Wc'", 'La'] t=60.4s
   n=10: count=34 (cp 34, f=33) centre=H S=['Da', 'Ma', 'Ea', 'Db', 'Mb', 'Eb', 'Dc', 'Mc', 'Ec', 'inf'] t=60.4s
   n=11: count=41 (cp 41, f=41) centre=O S=['A', 'B', 'C', "A'", "B'", "C'", 'Wb', "Wb'", 'Wc', "Wc'", 'inf'] t=60.3s (= formula)
   n=12: count=53 (cp 53, f=51) centre=O S=['B', 'C', 'Ha', "A'", 'Hb', "B'", 'Hc', "C'", 'Wa', "Wa'", "Wc'", 'inf'] t=60.5s
   n=13: count=63 (cp 63, f=61) centre=extra7(deg 11) S=['A', 'C', 'Ha', "A'", "B'", 'Hc', 'Ia', 'Wa', "Wa'", 'Wb', "Wb'", 'Wc', "Wc'"] t=60.4s
   n=14: count=73 (cp 73, f=73) centre=O S=['A', 'B', 'C', "A'", "B'", 'Hc', "C'", 'Wa', "Wa'", 'Wb', "Wb'", 'Wc', "Wc'", 'inf'] t=60.6s (= formula)
   n=15: count=86 (cp 86, f=85) centre=O S=['A', 'B', 'C', "A'", 'Hb', "B'", 'Hc', "C'", 'Wa', "Wa'", 'Wb', "Wb'", 'Wc', "Wc'", 'inf'] t=60.5s
   n=16: count=100 (cp 100, f=99) centre=O S=['A', 'B', 'C', 'Ha', "A'", 'Hb', "B'", 'Hc', "C'", 'Wa', "Wa'", 'Wb', "Wb'", 'Wc', "Wc'", 'inf'] t=60.6s
[tri-3-4-5] {'name': 'tri-3-4-5', 'N': 30, 'nblocks': 3278, 'sizes': {3: 3144, 4: 114, 5: 10, 6: 8, 7: 1, 11: 1}, 'max_pdeg': 384, 'n_extras': 12, 'max_extra_deg': 31} classes=30 extras=12 maxextra=31 build=0.9s
   n=9: count=25 (cp 25, f=25) centre=extra8(deg 27) S=['A', 'C', 'Ic', 'Wa', "Wa'", 'Wb', "Wb'", 'Wc', "Wc'"] t=60.1s (= formula)
   n=10: count=33 (cp 33, f=33) centre=O S=['A', 'C', 'Hb', 'Wa', "Wa'", 'Wb', "Wb'", 'Wc', "Wc'", 'inf'] t=60.1s (= formula)
   n=11: count=41 (cp 41, f=41) centre=O S=['A', 'B', 'C', "B'", 'Wa', "Wa'", 'Wb', "Wb'", 'Wc', "Wc'", 'inf'] t=60.2s (= formula)
   n=12: count=51 (cp 51, f=51) centre=O S=['A', 'B', 'C', 'Hb', "B'", 'Wa', "Wa'", 'Wb', "Wb'", 'Wc', "Wc'", 'inf'] t=60.2s (= formula)
   n=13: count=100 (cp 100, f=61) centre=extra1(deg 30) S=['A', 'B', 'C', 'O', 'Hb', "B'", 'Wa', "Wa'", 'Wb', "Wb'", 'Wc', "Wc'", 'inf'] t=60.3s
   n=14: count=151 (cp 152, f=73) centre=extra1(deg 30) S=['A', 'B', 'C', 'O', 'Hb', "B'", 'I', 'Wa', "Wa'", 'Wb', "Wb'", 'Wc', "Wc'", 'inf'] t=60.8s
   n=15: count=214 (cp 214, f=85) centre=extra1(deg 30) S=['A', 'B', 'C', 'O', 'Hb', "B'", 'I', 'Wa', "Wa'", 'Wb', "Wb'", 'Wc', "Wc'", 'La', 'inf'] t=61.7s
   n=16: count=286 (cp 286, f=99) centre=extra1(deg 30) S=['A', 'B', 'C', 'O', 'Hb', "B'", 'I', 'Ib', 'Wa', "Wa'", 'Wb', "Wb'", 'Wc', "Wc'", 'La', 'inf'] t=62.9s
[tri-5-5-6] {'name': 'tri-5-5-6', 'N': 36, 'nblocks': 5982, 'sizes': {3: 5822, 4: 143, 5: 6, 6: 6, 7: 2, 8: 1, 12: 2}, 'max_pdeg': 549, 'n_extras': 12, 'max_extra_deg': 20} classes=24 extras=12 maxextra=20 build=1.6s
   n=9: count=25 (cp 25, f=25) centre=Dc S=['Db', 'Hb', "B'", 'Hc', "C'", 'Wb', "Wb'", 'Wc', "Wc'"] t=60.3s (= formula)
   n=10: count=33 (cp 33, f=33) centre=extra1(deg 20) S=['A', 'C', 'H', 'O', 'N', 'G', 'Da', 'Ha', 'I', 'Ia'] t=60.3s (= formula)
   n=11: count=41 (cp 41, f=41) centre=extra7(deg 15) S=['A', 'B', 'C', 'Ha', "B'", 'Mc', "C'", 'Wb', "Wb'", 'Wc', "Wc'"] t=60.4s (= formula)
   n=12: count=51 (cp 51, f=51) centre=Ob S=['A', 'B', 'C', 'Hb', "B'", 'Hc', "C'", 'Oc', 'Wb', "Wb'", 'Wc', "Wc'"] t=60.4s (= formula)
   n=13: count=62 (cp 62, f=61) centre=Ob S=['A', 'B', 'C', 'Ha', 'Hb', "B'", 'Hc', "C'", 'Oc', 'Wb', "Wb'", 'Wc', "Wc'"] t=60.3s
   n=14: count=121 (cp 124, f=73) centre=inf S=['A', 'B', 'C', 'Ha', 'Hb', "B'", 'Ob', 'Hc', "C'", 'Oc', 'Wb', "Wb'", 'Wc', "Wc'"] t=60.5s
   n=15: count=207 (cp 207, f=85) centre=Mb S=['A', 'C', 'H', 'O', 'N', 'G', 'Da', 'Ea', 'Ha', 'Oa', 'Ob', 'Ec', 'I', 'Ia', 'inf'] t=61.3s
   n=16: count=291 (cp 291, f=99) centre=extra1(deg 20) S=['A', 'B', 'C', 'H', 'O', 'N', 'G', 'Da', 'Ea', 'Ha', 'Oa', 'Hb', 'Ob', 'I', 'Ia', 'inf'] t=61.9s
[tri-5-5-8] {'name': 'tri-5-5-8', 'N': 36, 'nblocks': 5988, 'sizes': {3: 5830, 4: 141, 5: 6, 6: 6, 7: 2, 8: 1, 12: 2}, 'max_pdeg': 553, 'n_extras': 12, 'max_extra_deg': 20} classes=24 extras=12 maxextra=20 build=1.1s
   n=9: count=25 (cp 25, f=25) centre=Eb S=['Hb', "B'", 'Ec', 'Hc', "C'", 'Wb', "Wb'", 'Wc', "Wc'"] t=60.2s (= formula)
   n=10: count=33 (cp 33, f=33) centre=extra10(deg 14) S=['A', 'C', 'Ha', 'Mb', 'Hc', "C'", 'Wb', "Wb'", 'Wc', "Wc'"] t=60.2s (= formula)
   n=11: count=41 (cp 41, f=41) centre=Mb S=['B', 'C', 'Hb', "B'", 'Mc', 'Hc', "C'", 'Wb', "Wb'", 'Wc', "Wc'"] t=60.3s (= formula)
   n=12: count=51 (cp 51, f=51) centre=Tb S=['B', 'C', 'Ha', 'Hb', "B'", 'Hc', "C'", 'Wb', "Wb'", 'Wc', "Wc'", 'Tc'] t=60.2s (= formula)
   n=13: count=62 (cp 62, f=61) centre=Ob S=['A', 'B', 'C', 'Ha', 'Hb', "B'", 'Hc', "C'", 'Oc', 'Wb', "Wb'", 'Wc', "Wc'"] t=60.3s
   n=14: count=125 (cp 125, f=73) centre=inf S=['A', 'B', 'C', 'Ha', 'Hb', "B'", 'Hc', "C'", 'Ib', 'Ic', 'Wb', "Wb'", 'Wc', "Wc'"] t=60.4s
   n=15: count=194 (cp 197, f=85) centre=Ia S=['A', 'B', 'C', 'O', 'Ha', 'Hb', "B'", 'Hc', "C'", 'I', 'Wb', "Wb'", 'Wc', "Wc'", 'inf'] t=61.0s
   n=16: count=273 (cp 278, f=99) centre=Oc S=['A', 'B', 'C', 'O', 'Ha', 'Hb', "B'", 'Hc', "C'", 'I', 'Ia', 'Wb', "Wb'", 'Wc', "Wc'", 'inf'] t=61.6s
[tri-10-13-13] {'name': 'tri-10-13-13', 'N': 36, 'nblocks': 6000, 'sizes': {3: 5846, 4: 137, 5: 6, 6: 6, 7: 2, 8: 1, 12: 2}, 'max_pdeg': 553, 'n_extras': 12, 'max_extra_deg': 19} classes=24 extras=12 maxextra=19 build=1.1s
   n=9: count=25 (cp 25, f=25) centre=Ic S=['Hb', "B'", 'Hc', "C'", 'Ib', 'Wb', "Wb'", 'Wc', "Wc'"] t=60.2s (= formula)
   n=10: count=33 (cp 33, f=33) centre=O S=['A', 'B', 'C', 'Ha', 'Hb', "B'", "C'", 'Wb', "Wb'", 'inf'] t=60.2s (= formula)
   n=11: count=41 (cp 41, f=41) centre=inf S=['A', 'B', 'C', 'O', 'Ha', "B'", "C'", 'Wb', "Wb'", 'Wc', "Wc'"] t=60.2s (= formula)
   n=12: count=51 (cp 51, f=51) centre=Eb S=['B', 'C', 'Ha', 'Hb', "B'", 'Ec', 'Hc', "C'", 'Wb', "Wb'", 'Wc', "Wc'"] t=60.3s (= formula)
   n=13: count=62 (cp 62, f=61) centre=Ib S=['A', 'B', 'C', 'Ha', 'Hb', "B'", 'Hc', "C'", 'Ic', 'Wb', "Wb'", 'Wc', "Wc'"] t=60.3s
   n=14: count=125 (cp 125, f=73) centre=inf S=['A', 'B', 'C', 'Ha', 'Hb', "B'", 'Hc', "C'", 'Ib', 'Ic', 'Wb', "Wb'", 'Wc', "Wc'"] t=60.4s
   n=15: count=194 (cp 194, f=85) centre=O S=['A', 'B', 'C', 'Ha', 'Hb', "B'", 'Ob', 'Hc', "C'", 'Oc', 'Wb', "Wb'", 'Wc', "Wc'", 'inf'] t=60.8s
   n=16: count=337 (cp 337, f=99) centre=Oc S=['A', 'B', 'C', 'H', 'O', 'Da', 'Ea', 'Db', 'Mb', 'Eb', 'Hb', 'Dc', 'Mc', 'Ec', 'Hc', 'inf'] t=62.0s
[tri-7-15-20] {'name': 'tri-7-15-20', 'N': 40, 'nblocks': 8772, 'sizes': {3: 8654, 4: 99, 5: 6, 6: 8, 7: 2, 8: 1, 10: 1, 14: 1}, 'max_pdeg': 724, 'n_extras': 12, 'max_extra_deg': 19} classes=40 extras=12 maxextra=19 build=1.8s
