subsets 3268760 t=3s
stage 1 done t=20s
Euclidean hist head: [(47, 10), (48, 28), (49, 44), (50, 64), (51, 50), (52, 230), (53, 136), (54, 324), (55, 424), (56, 446), (57, 688), (58, 724)]
NB hist head: [(52, 4), (53, 108), (54, 28), (56, 148), (57, 20), (58, 40), (59, 876), (60, 176), (62, 836), (63, 804), (64, 112), (65, 3036), (66, 2922), (67, 304), (68, 10736)]
min Euclid 47 count 10  min NB 52
candidates with NB <= 59: 1224
  0/1224 t=20s
histogram of per-subset min over all centres (complete for values <= 44): [(45, 72), (46, 4), (47, 8), (49, 456), (50, 68), (51, 140), (52, 126), (53, 306), (54, 40), (55, 4)]
(NB,best_deg) hist: [((52, 6), 4), ((53, 4), 28), ((53, 6), 8), ((53, 8), 72), ((54, 5), 28), ((56, 5), 76), ((56, 6), 56), ((56, 7), 16), ((57, 6), 8), ((57, 7), 12), ((58, 4), 4), ((58, 5), 2), ((58, 6), 10), ((58, 7), 24), ((59, 4), 4), ((59, 5), 36), ((59, 6), 304), ((59, 7), 116), ((59, 8), 32), ((59, 10), 384)]
minimiser: [(0, 0), (0, 1), (0, 2), (0, 3), (1, 0), (1, 3), (2, 0), (2, 3), (3, 1), (3, 2)] NB 53 L 3 best_deg 8 sizes Counter({3: 48, 4: 4, 8: 1})
minimiser: [(0, 0), (0, 1), (0, 2), (1, 0), (1, 3), (2, 0), (2, 3), (3, 0), (3, 1), (3, 2)] NB 53 L 3 best_deg 8 sizes Counter({3: 48, 4: 4, 8: 1})
minimiser: [(0, 0), (0, 1), (0, 2), (1, 0), (1, 3), (2, 0), (2, 3), (3, 1), (3, 2), (3, 3)] NB 53 L 4 best_deg 8 sizes Counter({3: 48, 4: 4, 8: 1})
minimiser: [(0, 0), (0, 1), (0, 3), (0, 4), (1, 0), (1, 4), (3, 0), (3, 4), (4, 1), (4, 3)] NB 53 L 3 best_deg 8 sizes Counter({3: 48, 4: 4, 8: 1})
minimiser: [(0, 0), (0, 1), (0, 3), (1, 0), (1, 4), (3, 0), (3, 4), (4, 0), (4, 1), (4, 3)] NB 53 L 3 best_deg 8 sizes Counter({3: 48, 4: 4, 8: 1})
minimiser: [(0, 0), (0, 1), (0, 3), (1, 0), (1, 4), (3, 0), (3, 4), (4, 1), (4, 3), (4, 4)] NB 53 L 4 best_deg 8 sizes Counter({3: 48, 4: 4, 8: 1})
minimiser: [(0, 1), (0, 2), (0, 3), (0, 4), (1, 1), (1, 4), (2, 1), (2, 4), (3, 2), (3, 3)] NB 53 L 3 best_deg 8 sizes Counter({3: 48, 4: 4, 8: 1})
minimiser: [(0, 1), (0, 2), (0, 3), (1, 0), (1, 3), (2, 0), (2, 3), (3, 0), (3, 1), (3, 2)] NB 53 L 4 best_deg 8 sizes Counter({3: 48, 4: 4, 8: 1})
minimiser: [(0, 1), (0, 2), (0, 3), (1, 0), (1, 3), (2, 0), (2, 3), (3, 1), (3, 2), (3, 3)] NB 53 L 3 best_deg 8 sizes Counter({3: 48, 4: 4, 8: 1})
minimiser: [(0, 1), (0, 2), (0, 3), (1, 0), (1, 4), (2, 0), (3, 0), (3, 4), (4, 1), (4, 3)] NB 53 L 2 best_deg 8 sizes Counter({3: 48, 4: 4, 8: 1})
minimiser: [(0, 1), (0, 2), (0, 3), (1, 0), (1, 4), (2, 4), (3, 0), (3, 4), (4, 1), (4, 3)] NB 53 L 2 best_deg 8 sizes Counter({3: 48, 4: 4, 8: 1})
minimiser: [(0, 1), (0, 2), (0, 3), (1, 0), (1, 4), (3, 0), (3, 4), (4, 1), (4, 2), (4, 3)] NB 53 L 2 best_deg 8 sizes Counter({3: 48, 4: 4, 8: 1})
minimiser: [(0, 1), (0, 2), (0, 3), (1, 1), (1, 4), (2, 1), (2, 4), (3, 1), (3, 2), (3, 3)] NB 53 L 3 best_deg 8 sizes Counter({3: 48, 4: 4, 8: 1})
minimiser: [(0, 1), (0, 2), (0, 3), (1, 1), (1, 4), (2, 1), (2, 4), (3, 2), (3, 3), (3, 4)] NB 53 L 4 best_deg 8 sizes Counter({3: 48, 4: 4, 8: 1})
minimiser: [(0, 1), (0, 2), (1, 0), (1, 1), (1, 2), (1, 3), (2, 0), (2, 3), (3, 1), (3, 2)] NB 53 L 5 best_deg 8 sizes Counter({3: 48, 4: 4, 8: 1})
minimiser: [(0, 1), (0, 2), (1, 0), (1, 1), (1, 3), (2, 0), (2, 1), (2, 3), (3, 1), (3, 2)] NB 53 L 5 best_deg 8 sizes Counter({3: 48, 4: 4, 8: 1})
minimiser: [(0, 1), (0, 2), (1, 0), (1, 1), (1, 3), (2, 0), (2, 2), (2, 3), (3, 1), (3, 2)] NB 53 L 6 best_deg 8 sizes Counter({3: 48, 4: 4, 8: 1})
minimiser: [(0, 1), (0, 2), (1, 0), (1, 2), (1, 3), (2, 0), (2, 1), (2, 3), (3, 1), (3, 2)] NB 53 L 6 best_deg 8 sizes Counter({3: 48, 4: 4, 8: 1})
minimiser: [(0, 1), (0, 2), (1, 0), (1, 2), (1, 3), (2, 0), (2, 2), (2, 3), (3, 1), (3, 2)] NB 53 L 5 best_deg 8 sizes Counter({3: 48, 4: 4, 8: 1})
minimiser: [(0, 1), (0, 2), (1, 0), (1, 3), (2, 0), (2, 1), (2, 2), (2, 3), (3, 1), (3, 2)] NB 53 L 5 best_deg 8 sizes Counter({3: 48, 4: 4, 8: 1})
minimiser: [(0, 1), (0, 2), (1, 0), (1, 3), (2, 0), (2, 3), (3, 0), (3, 1), (3, 2), (3, 3)] NB 53 L 3 best_deg 8 sizes Counter({3: 48, 4: 4, 8: 1})
minimiser: [(0, 1), (0, 3), (0, 4), (1, 0), (1, 4), (3, 0), (3, 4), (4, 0), (4, 1), (4, 3)] NB 53 L 4 best_deg 8 sizes Counter({3: 48, 4: 4, 8: 1})
minimiser: [(0, 1), (0, 3), (0, 4), (1, 0), (1, 4), (3, 0), (3, 4), (4, 1), (4, 3), (4, 4)] NB 53 L 3 best_deg 8 sizes Counter({3: 48, 4: 4, 8: 1})
minimiser: [(0, 1), (0, 3), (1, 0), (1, 1), (1, 3), (1, 4), (3, 0), (3, 4), (4, 1), (4, 3)] NB 53 L 3 best_deg 8 sizes Counter({3: 48, 4: 4, 8: 1})
minimiser: [(0, 1), (0, 3), (1, 0), (1, 1), (1, 4), (3, 0), (3, 1), (3, 4), (4, 1), (4, 3)] NB 53 L 3 best_deg 8 sizes Counter({3: 48, 4: 4, 8: 1})
minimiser: [(0, 1), (0, 3), (1, 0), (1, 1), (1, 4), (3, 0), (3, 3), (3, 4), (4, 1), (4, 3)] NB 53 L 4 best_deg 8 sizes Counter({3: 48, 4: 4, 8: 1})
minimiser: [(0, 1), (0, 3), (1, 0), (1, 2), (1, 4), (2, 1), (3, 0), (3, 4), (4, 1), (4, 3)] NB 53 L 5 best_deg 8 sizes Counter({3: 48, 4: 4, 8: 1})
minimiser: [(0, 1), (0, 3), (1, 0), (1, 2), (1, 4), (2, 3), (3, 0), (3, 4), (4, 1), (4, 3)] NB 53 L 5 best_deg 8 sizes Counter({3: 48, 4: 4, 8: 1})
minimiser: [(0, 1), (0, 3), (1, 0), (1, 2), (1, 4), (3, 0), (3, 2), (3, 4), (4, 1), (4, 3)] NB 53 L 6 best_deg 8 sizes Counter({3: 48, 4: 4, 8: 1})
minimiser: [(0, 1), (0, 3), (1, 0), (1, 3), (1, 4), (3, 0), (3, 1), (3, 4), (4, 1), (4, 3)] NB 53 L 4 best_deg 8 sizes Counter({3: 48, 4: 4, 8: 1})
minimiser: [(0, 1), (0, 3), (1, 0), (1, 3), (1, 4), (3, 0), (3, 3), (3, 4), (4, 1), (4, 3)] NB 53 L 3 best_deg 8 sizes Counter({3: 48, 4: 4, 8: 1})
minimiser: [(0, 1), (0, 3), (1, 0), (1, 4), (2, 0), (2, 4), (3, 0), (3, 4), (4, 1), (4, 3)] NB 53 L 2 best_deg 8 sizes Counter({3: 48, 4: 4, 8: 1})
minimiser: [(0, 1), (0, 3), (1, 0), (1, 4), (2, 0), (3, 0), (3, 4), (4, 1), (4, 2), (4, 3)] NB 53 L 2 best_deg 8 sizes Counter({3: 48, 4: 4, 8: 1})
minimiser: [(0, 1), (0, 3), (1, 0), (1, 4), (2, 1), (2, 3), (3, 0), (3, 4), (4, 1), (4, 3)] NB 53 L 6 best_deg 8 sizes Counter({3: 48, 4: 4, 8: 1})
minimiser: [(0, 1), (0, 3), (1, 0), (1, 4), (2, 1), (3, 0), (3, 2), (3, 4), (4, 1), (4, 3)] NB 53 L 5 best_deg 8 sizes Counter({3: 48, 4: 4, 8: 1})
minimiser: [(0, 1), (0, 3), (1, 0), (1, 4), (2, 3), (3, 0), (3, 2), (3, 4), (4, 1), (4, 3)] NB 53 L 5 best_deg 8 sizes Counter({3: 48, 4: 4, 8: 1})
minimiser: [(0, 1), (0, 3), (1, 0), (1, 4), (2, 4), (3, 0), (3, 4), (4, 1), (4, 2), (4, 3)] NB 53 L 2 best_deg 8 sizes Counter({3: 48, 4: 4, 8: 1})
minimiser: [(0, 1), (0, 3), (1, 0), (1, 4), (3, 0), (3, 1), (3, 3), (3, 4), (4, 1), (4, 3)] NB 53 L 3 best_deg 8 sizes Counter({3: 48, 4: 4, 8: 1})
minimiser: [(0, 1), (0, 3), (1, 0), (1, 4), (3, 0), (3, 4), (4, 0), (4, 1), (4, 3), (4, 4)] NB 53 L 3 best_deg 8 sizes Counter({3: 48, 4: 4, 8: 1})
minimiser: [(0, 2), (0, 3), (0, 4), (1, 1), (1, 4), (2, 1), (2, 4), (3, 1), (3, 2), (3, 3)] NB 53 L 4 best_deg 8 sizes Counter({3: 48, 4: 4, 8: 1})
minimiser: [(0, 2), (0, 3), (0, 4), (1, 1), (1, 4), (2, 1), (2, 4), (3, 2), (3, 3), (3, 4)] NB 53 L 3 best_deg 8 sizes Counter({3: 48, 4: 4, 8: 1})
minimiser: [(0, 2), (0, 3), (1, 1), (1, 2), (1, 3), (1, 4), (2, 1), (2, 4), (3, 2), (3, 3)] NB 53 L 5 best_deg 8 sizes Counter({3: 48, 4: 4, 8: 1})
minimiser: [(0, 2), (0, 3), (1, 1), (1, 2), (1, 4), (2, 1), (2, 2), (2, 4), (3, 2), (3, 3)] NB 53 L 5 best_deg 8 sizes Counter({3: 48, 4: 4, 8: 1})
minimiser: [(0, 2), (0, 3), (1, 1), (1, 2), (1, 4), (2, 1), (2, 3), (2, 4), (3, 2), (3, 3)] NB 53 L 6 best_deg 8 sizes Counter({3: 48, 4: 4, 8: 1})
minimiser: [(0, 2), (0, 3), (1, 1), (1, 3), (1, 4), (2, 1), (2, 2), (2, 4), (3, 2), (3, 3)] NB 53 L 6 best_deg 8 sizes Counter({3: 48, 4: 4, 8: 1})
minimiser: [(0, 2), (0, 3), (1, 1), (1, 3), (1, 4), (2, 1), (2, 3), (2, 4), (3, 2), (3, 3)] NB 53 L 5 best_deg 8 sizes Counter({3: 48, 4: 4, 8: 1})
minimiser: [(0, 2), (0, 3), (1, 1), (1, 4), (2, 1), (2, 2), (2, 3), (2, 4), (3, 2), (3, 3)] NB 53 L 5 best_deg 8 sizes Counter({3: 48, 4: 4, 8: 1})
minimiser: [(0, 2), (0, 3), (1, 1), (1, 4), (2, 1), (2, 4), (3, 1), (3, 2), (3, 3), (3, 4)] NB 53 L 3 best_deg 8 sizes Counter({3: 48, 4: 4, 8: 1})
minimiser: [(1, 0), (1, 1), (1, 2), (1, 3), (2, 0), (2, 3), (3, 0), (3, 3), (4, 1), (4, 2)] NB 53 L 3 best_deg 8 sizes Counter({3: 48, 4: 4, 8: 1})
minimiser: [(1, 0), (1, 1), (1, 2), (2, 0), (2, 3), (3, 0), (3, 3), (4, 0), (4, 1), (4, 2)] NB 53 L 3 best_deg 8 sizes Counter({3: 48, 4: 4, 8: 1})
minimiser: [(1, 0), (1, 1), (1, 2), (2, 0), (2, 3), (3, 0), (3, 3), (4, 1), (4, 2), (4, 3)] NB 53 L 4 best_deg 8 sizes Counter({3: 48, 4: 4, 8: 1})
minimiser: [(1, 1), (1, 2), (1, 3), (1, 4), (2, 1), (2, 4), (3, 1), (3, 4), (4, 2), (4, 3)] NB 53 L 3 best_deg 8 sizes Counter({3: 48, 4: 4, 8: 1})
minimiser: [(1, 1), (1, 2), (1, 3), (2, 0), (2, 3), (3, 0), (3, 3), (4, 0), (4, 1), (4, 2)] NB 53 L 4 best_deg 8 sizes Counter({3: 48, 4: 4, 8: 1})
minimiser: [(1, 1), (1, 2), (1, 3), (2, 0), (2, 3), (3, 0), (3, 3), (4, 1), (4, 2), (4, 3)] NB 53 L 3 best_deg 8 sizes Counter({3: 48, 4: 4, 8: 1})
minimiser: [(1, 1), (1, 2), (1, 3), (2, 1), (2, 4), (3, 1), (3, 4), (4, 1), (4, 2), (4, 3)] NB 53 L 3 best_deg 8 sizes Counter({3: 48, 4: 4, 8: 1})
minimiser: [(1, 1), (1, 2), (1, 3), (2, 1), (2, 4), (3, 1), (3, 4), (4, 2), (4, 3), (4, 4)] NB 53 L 4 best_deg 8 sizes Counter({3: 48, 4: 4, 8: 1})
minimiser: [(1, 1), (1, 2), (2, 0), (2, 1), (2, 2), (2, 3), (3, 0), (3, 3), (4, 1), (4, 2)] NB 53 L 5 best_deg 8 sizes Counter({3: 48, 4: 4, 8: 1})
minimiser: [(1, 1), (1, 2), (2, 0), (2, 1), (2, 3), (3, 0), (3, 1), (3, 3), (4, 1), (4, 2)] NB 53 L 5 best_deg 8 sizes Counter({3: 48, 4: 4, 8: 1})
minimiser: [(1, 1), (1, 2), (2, 0), (2, 1), (2, 3), (3, 0), (3, 2), (3, 3), (4, 1), (4, 2)] NB 53 L 6 best_deg 8 sizes Counter({3: 48, 4: 4, 8: 1})
minimiser: [(1, 1), (1, 2), (2, 0), (2, 2), (2, 3), (3, 0), (3, 1), (3, 3), (4, 1), (4, 2)] NB 53 L 6 best_deg 8 sizes Counter({3: 48, 4: 4, 8: 1})
minimiser: [(1, 1), (1, 2), (2, 0), (2, 2), (2, 3), (3, 0), (3, 2), (3, 3), (4, 1), (4, 2)] NB 53 L 5 best_deg 8 sizes Counter({3: 48, 4: 4, 8: 1})
minimiser: [(1, 1), (1, 2), (2, 0), (2, 3), (3, 0), (3, 1), (3, 2), (3, 3), (4, 1), (4, 2)] NB 53 L 5 best_deg 8 sizes Counter({3: 48, 4: 4, 8: 1})
minimiser: [(1, 1), (1, 2), (2, 0), (2, 3), (3, 0), (3, 3), (4, 0), (4, 1), (4, 2), (4, 3)] NB 53 L 3 best_deg 8 sizes Counter({3: 48, 4: 4, 8: 1})
minimiser: [(1, 2), (1, 3), (1, 4), (2, 1), (2, 4), (3, 1), (3, 4), (4, 1), (4, 2), (4, 3)] NB 53 L 4 best_deg 8 sizes Counter({3: 48, 4: 4, 8: 1})
minimiser: [(1, 2), (1, 3), (1, 4), (2, 1), (2, 4), (3, 1), (3, 4), (4, 2), (4, 3), (4, 4)] NB 53 L 3 best_deg 8 sizes Counter({3: 48, 4: 4, 8: 1})
minimiser: [(1, 2), (1, 3), (2, 1), (2, 2), (2, 3), (2, 4), (3, 1), (3, 4), (4, 2), (4, 3)] NB 53 L 5 best_deg 8 sizes Counter({3: 48, 4: 4, 8: 1})
minimiser: [(1, 2), (1, 3), (2, 1), (2, 2), (2, 4), (3, 1), (3, 2), (3, 4), (4, 2), (4, 3)] NB 53 L 5 best_deg 8 sizes Counter({3: 48, 4: 4, 8: 1})
minimiser: [(1, 2), (1, 3), (2, 1), (2, 2), (2, 4), (3, 1), (3, 3), (3, 4), (4, 2), (4, 3)] NB 53 L 6 best_deg 8 sizes Counter({3: 48, 4: 4, 8: 1})
minimiser: [(1, 2), (1, 3), (2, 1), (2, 3), (2, 4), (3, 1), (3, 2), (3, 4), (4, 2), (4, 3)] NB 53 L 6 best_deg 8 sizes Counter({3: 48, 4: 4, 8: 1})
minimiser: [(1, 2), (1, 3), (2, 1), (2, 3), (2, 4), (3, 1), (3, 3), (3, 4), (4, 2), (4, 3)] NB 53 L 5 best_deg 8 sizes Counter({3: 48, 4: 4, 8: 1})
minimiser: [(1, 2), (1, 3), (2, 1), (2, 4), (3, 1), (3, 2), (3, 3), (3, 4), (4, 2), (4, 3)] NB 53 L 5 best_deg 8 sizes Counter({3: 48, 4: 4, 8: 1})
minimiser: [(1, 2), (1, 3), (2, 1), (2, 4), (3, 1), (3, 4), (4, 1), (4, 2), (4, 3), (4, 4)] NB 53 L 3 best_deg 8 sizes Counter({3: 48, 4: 4, 8: 1})
total t=56s
