  0/1602 t=0s
  100/1602 t=1s
  200/1602 t=2s
  300/1602 t=3s
  400/1602 t=4s
  500/1602 t=6s
  600/1602 t=7s
  700/1602 t=8s
  800/1602 t=9s
  900/1602 t=10s
  1000/1602 t=11s
  1100/1602 t=12s
  1200/1602 t=13s
  1300/1602 t=14s
  1400/1602 t=16s
  1500/1602 t=17s
  1600/1602 t=18s
[pure] subsets treated exactly: 1602 (|B(S)| <= 43); t=18s
[pure] histogram of min over all centres: [(25, 85), (32, 8), (33, 18), (34, 11), (35, 736), (36, 184), (37, 496), (38, 56), (39, 8)]
[pure] histogram of (NB, best_deg): [((29, 4), 85), ((36, 3), 2), ((36, 4), 8), ((39, 6), 16), ((41, 3), 48), ((41, 4), 208), ((41, 5), 96), ((41, 6), 616), ((42, 3), 8), ((42, 4), 8), ((42, 5), 288), ((42, 6), 88), ((42, 7), 120), ((42, 8), 11)]
