level 1: 5 classes  [1s]
level 2: 7 classes  [1s]
level 3: 4 classes  [1s]
level 4: 4 classes  [1s]
level 5: 1 classes  [1s]
level 6: 1 classes  [1s]
level 7: 0 classes  [1s]
total classes: 22
[5] [[0, 1, 2, 3, 4]]
[6] [[0, 1, 2, 3, 4, 5]]
[7] [[0, 1, 2, 3, 4, 5, 6]]
[8] [[0, 1, 2, 3, 4, 5, 6, 7]]
[9] [[0, 1, 2, 3, 4, 5, 6, 7, 8]]
[5, 5] [[0, 1, 2, 3, 4], [0, 1, 5, 6, 7]]
[5, 5] [[0, 1, 2, 3, 4], [0, 5, 6, 7, 8]]
[5, 5] [[0, 1, 2, 3, 4], [5, 6, 7, 8, 9]]
[5, 6] [[0, 1, 2, 3, 4], [0, 1, 5, 6, 7, 8]]
[5, 6] [[0, 1, 2, 3, 4], [0, 5, 6, 7, 8, 9]]
[5, 7] [[0, 1, 2, 3, 4], [0, 1, 5, 6, 7, 8, 9]]
[6, 6] [[0, 1, 2, 3, 4, 5], [0, 1, 6, 7, 8, 9]]
[5, 5, 5] [[0, 1, 2, 3, 4], [0, 1, 5, 6, 7], [0, 2, 5, 8, 9]]
[5, 5, 5] [[0, 1, 2, 3, 4], [0, 1, 5, 6, 7], [2, 3, 5, 6, 8]]
[5, 5, 5] [[0, 1, 2, 3, 4], [0, 1, 5, 6, 7], [2, 3, 5, 8, 9]]
[5, 5, 6] [[0, 1, 2, 3, 4], [0, 1, 5, 6, 7], [2, 3, 5, 6, 8, 9]]
[5, 5, 5, 5] [[0, 1, 2, 3, 4], [0, 1, 5, 6, 7], [0, 2, 5, 8, 9], [1, 3, 6, 8, 9]]
[5, 5, 5, 5] [[0, 1, 2, 3, 4], [0, 1, 5, 6, 7], [0, 2, 5, 8, 9], [3, 4, 6, 7, 8]]
[5, 5, 5, 6] [[0, 1, 2, 3, 4], [0, 1, 5, 6, 7], [0, 2, 5, 8, 9], [3, 4, 6, 7, 8, 9]]
[5, 5, 5, 5] [[0, 1, 2, 3, 4], [0, 1, 5, 6, 7], [2, 3, 5, 8, 9], [4, 6, 7, 8, 9]]
[5, 5, 5, 5, 5] [[0, 1, 2, 3, 4], [0, 1, 5, 6, 7], [0, 2, 5, 8, 9], [1, 3, 6, 8, 9], [2, 4, 6, 7, 8]]
[5, 5, 5, 5, 5, 5] [[0, 1, 2, 3, 4], [0, 1, 5, 6, 7], [0, 2, 5, 8, 9], [1, 3, 6, 8, 9], [2, 4, 6, 7, 8], [3, 4, 5, 7, 9]]
v2 skeleton classes: 22; own classes matching a v2 class: 21; own classes not in v2: [[5, 7]]
done [1s]
