P1(92) = 0.090158049740975566601966882206414482864227984757987
P4(92) = 0.92393840332459168800013554550248582796735421492081
P8(92) = 0.99593920112551514683827128073634952623398377348988
rigorous upper bound for UB(92): -3.9440952179310416e-05  <0: True
  P1/2         = +0.045079024870
  P4/120       = +0.007699486694
  P8/240       = +0.004149746671
  -1/(2pi^2)   = -0.050660591821
  -15/(4pi^6)  = -0.003900605525
  2897/5040    = +0.574801587302
  -gamma       = -0.577215664902
  1/132000     = +0.000007575758
--- verify1b ---
checked 2862 squarefree n<=6000 with omega>=2: |G_exact - G_main| <= E_bound always; max ratio = 0.9995
k= 2 brute G=+1.166666666667e-01  main=+1.166619493014e-01  |diff|=4.72e-06  E_bound=7.53e-06
k= 3 brute G=+8.554344961019e-02  main=+8.553873154500e-02  |diff|=4.72e-06  E_bound=7.53e-06
k= 4 brute G=+6.758108985752e-02  main=+6.757637176695e-02  |diff|=4.72e-06  E_bound=7.53e-06
k= 5 brute G=+5.762273171263e-02  main=+5.761801362178e-02  |diff|=4.72e-06  E_bound=7.53e-06
k= 6 brute G=+4.993704144675e-02  main=+4.993232335585e-02  |diff|=4.72e-06  E_bound=7.53e-06
k= 7 brute G=+4.447375531881e-02  main=+4.446903722790e-02  |diff|=4.72e-06  E_bound=7.53e-06
k= 8 brute G=+3.986521272032e-02  main=+3.986049462941e-02  |diff|=4.72e-06  E_bound=7.53e-06
k= 9 brute G=+3.624403186896e-02  main=+3.623931377805e-02  |diff|=4.72e-06  E_bound=7.53e-06
k=10 brute G=+3.348428321963e-02  main=+3.347956512872e-02  |diff|=4.72e-06  E_bound=7.53e-06
k=11 brute G=+3.098983853083e-02  main=+3.098512043992e-02  |diff|=4.72e-06  E_bound=7.53e-06
k=12 brute G=+2.896150039906e-02  main=+2.895678230815e-02  |diff|=4.72e-06  E_bound=7.53e-06
--- verify2 ---
p_91, p_92, p_93 = 467 479 487
c4 = 2897/5040 - gamma = -0.002414077599945559019210502780815129454862   check: -0.002414077599945559019210502780815129454862
zeta(10)-1 = 0.0009945751278180853371459589003190170060099  elementary bound: 0.0009991426170779070489480487956330053571328  < 1e-3: True

k, G_main, E_bound, [G_lo, G_hi], UB(k), Q(k)=prod(1+1/p)
k= 86 p_k= 443  G in [+5.188421e-04, +5.338970e-04]  UB=+5.498386e-04  Q=6.65799  (1/2)P1=0.045668
k= 87 p_k= 449  G in [+4.173824e-04, +4.324372e-04]  UB=+4.481274e-04  Q=6.67281  (1/2)P1=0.045567
k= 88 p_k= 457  G in [+3.179169e-04, +3.329718e-04]  UB=+3.484194e-04  Q=6.68742  (1/2)P1=0.045467
k= 89 p_k= 461  G in [+2.195287e-04, +2.345836e-04]  UB=+2.497927e-04  Q=6.70192  (1/2)P1=0.045368
k= 90 p_k= 463  G in [+1.217775e-04, +1.368324e-04]  UB=+1.518051e-04  Q=6.71640  (1/2)P1=0.045270
k= 91 p_k= 467  G in [+2.507139e-05, +4.012624e-05]  UB=+5.486663e-05  Q=6.73078  (1/2)P1=0.045173
k= 92 p_k= 479  G in [-6.901533e-05, -5.396048e-05]  UB=-3.944095e-05  Q=6.74483  (1/2)P1=0.045079
k= 93 p_k= 487  G in [-1.613664e-04, -1.463115e-04]  UB=-1.320057e-04  Q=6.75868  (1/2)P1=0.044986
k= 94 p_k= 491  G in [-2.527783e-04, -2.377235e-04]  UB=-2.236278e-04  Q=6.77245  (1/2)P1=0.044895
k= 95 p_k= 499  G in [-3.425444e-04, -3.274896e-04]  UB=-3.135974e-04  Q=6.78602  (1/2)P1=0.044805
k= 96 p_k= 503  G in [-4.314194e-04, -4.163646e-04]  UB=-4.026727e-04  Q=6.79951  (1/2)P1=0.044716
k= 97 p_k= 509  G in [-5.190741e-04, -5.040193e-04]  UB=-4.905230e-04  Q=6.81287  (1/2)P1=0.044628
k= 98 p_k= 521  G in [-6.045457e-04, -5.894908e-04]  UB=-5.761812e-04  Q=6.82594  (1/2)P1=0.044542
k= 99 p_k= 523  G in [-6.895273e-04, -6.744724e-04]  UB=-6.613481e-04  Q=6.83900  (1/2)P1=0.044457

smallest k with UB(k)<0: 92  UB(91)= 0.00005486663137488087513915995447436176583472  UB(92)= -0.00003944095218243946291884877356871534232161
min over 2<=k<=91 of lower bound on G(p_k#): (91, mpf('0.00002507139152749182938605812925871339942446922'))
all positive: True
UB strictly decreasing k=2..300: True
limit constant 1/(120 z4) - 1/(252 z6) + 1/(240 z8) + c4 = 0.005534550237564559374129012175285392966009
6/pi^2 = 0.6079271018540266286632767792583658334262  flip Q solving (0.5)(6/pi^2/Q)(1-Q/6)+C=0 -> Q = 6.735878890770082221999622136257378559016
q=2 coarse: first negative near k= 9500 p_k= 98947 Q= 12.45803568397212196570171581194215431092
