(3.3): psi(z) - [ln z - 1/(2z) - 2 int_0^inf t/((t^2+z^2)(e^{2 pi t}-1)) dt]
  z=  0.25  diff=1.524612729185400973165017786619428750833e-41
  z=   0.5  diff=3.452799416096349262756069693226353347475e-42
  z=   1.0  diff=2.253287930634305850045357169930185139099e-42
  z=   2.0  diff=2.253287930634305850045357169930185139099e-42
  z=   3.7  diff=4.304788882405838041877697279866622355293e-42
  z=  10.0  diff=-2.919184960881458922148313467909553284683e-41
  z= 100.0  diff=-2.842954324422188873490062578578581847141e-41
moment integrals int t^{2j+1}/(e^{2pi t}-1) dt vs (-1)^j B_{2j+2}/(4(j+1)):
  j=0  I=0.04166666666666666666666666666666666666667  formula=0.04166666666666666666666666666666666666667
  j=1  I=0.004166666666666666666666666666666666666667  formula=0.004166666666666666666666666666666666666667
  j=2  I=0.001984126984126984126984126984126984126984  formula=0.001984126984126984126984126984126984126984
  j=3  I=0.002083333333333333333333333333333333333333  formula=0.002083333333333333333333333333333333333333
  j=4  I=0.003787878787878787878787878787878787878788  formula=0.003787878787878787878787878787878787878788
  j=5  I=0.01054639804639804639804639804639804639805  formula=0.01054639804639804639804639804639804639805
  FAIL m=4 z=10000.0 theta=116.9611139349666195978170350939761293933
  FAIL m=5 z=10000.0 theta=-4200813590.875659406683864041659713632992
  FAIL m=6 z=10000.0 theta=106328285395424199.6343791228127055721757
  FAIL m=7 z=500.0 theta=543.3566757576875703540311696334275294776
  FAIL m=7 z=10000.0 theta=-1998983524160587662465518.482516997209829
  FAIL m=8 z=500.0 theta=-19716091.62329263709001008811775330013938
  FAIL m=8 z=10000.0 theta=29013827619468567935430234574237.71169543
  FAIL m=9 z=500.0 theta=568978309452.3198584385812413180221361416
  FAIL m=9 z=10000.0 theta=-334919088530982067561084453711324399360.0
theta_m(z) in (0,1) for all tested (m,z): False ; max theta: (mpf('29013827619468567935430234574237.71169543266'), (8, mpf('10000.0')))
theta_4(1) = 0.3186582431928137905357863670675970880415  theta_4(71) = 0.99944811162926429078374705588279152  theta_4(2) = 0.6241429561289048170766331360297717837906
Euler: zeta(2i) = (-1)^{i+1} B_{2i} (2pi)^{2i}/(2 (2i)!): [mpf('0.0'), mpf('0.0'), mpf('0.0'), mpf('-4.591774807899560578002877098524397178979162e-41'), mpf('-2.295887403949780289001438549262198589489581e-41')]
DLMF 25.5.1 check s=4: int x^3/(e^x-1) = Gamma(4) zeta(4): -9.183549615799121156005754197048794357958e-41
