p_91, p_92, p_93 = 467 479 487 ; #primes<=479 = 92
PI  = [3.14159265358979323846264338327950288419, 3.14159265358979323846264338327950288419]
GAMMA = [0.57721566490153286060651209008240243104, 0.57721566490153286060651209008240243104]
LN2 = [0.69314718055994530941723212145817656807, 0.69314718055994530941723212145817656807]
exact P1(92) = 0.0901580497409755666019668 
exact P4(92) = 0.9239384033245916880001355 
exact P8(92) = 0.9959392011255151468382712
table terms re-derived (ceil at 1e-10): ['0.0450790249', '0.0076994867', '0.0041497467', '-0.0506605918', '-0.0039006055', '0.5748015874', '-0.5772156649', '7.5758e-06']
match PROOF.md table: True ; sum = -3.94407e-05 ; claimed sum -0.0000394407: True
exact-rational UB(92) upper bound (pi<=3.1415926536, gamma>=0.5772156649): -3.944095024435877e-05 <0: True
pi <= 3.1415926536 ? True   gamma >= 0.5772156649 ? True
k=  2 p_k=   3  UB(k) in [1.21564774900917522e-01, 1.21564774900917522e-01]   G(p_k#) in [1.16654422679274922e-01, 1.16669475923607949e-01]
k=  3 p_k=   5  UB(k) in [8.82190852651912605e-02, 8.82190852651912605e-02]   G(p_k#) in [8.55312041463070494e-02, 8.55462589436966764e-02]
k=  4 p_k=   7  UB(k) in [6.91682569580782669e-02, 6.91682569580782669e-02]   G(p_k#) in [6.75688443414075995e-02, 6.75838991924889165e-02]
k=  5 p_k=  11  UB(k) in [5.87781205949279920e-02, 5.87781205949279920e-02]   G(p_k#) in [5.76104861959485515e-02, 5.76255410476146021e-02]
k= 10 p_k=  29  UB(k) in [3.38551689757427277e-02, 3.38551689757427277e-02]   G(p_k#) in [3.34720377028241145e-02, 3.34870925546105758e-02]
k= 50 p_k= 229  UB(k) in [5.90031079813781341e-03, 5.90031079813781341e-03]   G(p_k#) in [5.85141708310093524e-03, 5.86647193488742339e-03]
k= 85 p_k= 439  UB(k) in [6.53160545425334415e-04, 6.53160545425334415e-04]   G(p_k#) in [6.21905854997641442e-04, 6.36960706784130137e-04]
k= 86 p_k= 443  UB(k) in [5.49838589543966030e-04, 5.49838589543966030e-04]   G(p_k#) in [5.18842125875789003e-04, 5.33896977662277590e-04]
k= 87 p_k= 449  UB(k) in [4.48127443672559453e-04, 4.48127443672559453e-04]   G(p_k#) in [4.17382350211382676e-04, 4.32437201997871317e-04]
k= 88 p_k= 457  UB(k) in [3.48419361952230543e-04, 3.48419361952230543e-04]   G(p_k#) in [3.17916913817252401e-04, 3.32971765603740988e-04]
k= 89 p_k= 461  UB(k) in [2.49792712792653985e-04, 2.49792712792653985e-04]   G(p_k#) in [2.19528716345207493e-04, 2.34583568131696107e-04]
k= 90 p_k= 463  UB(k) in [1.51805113197488412e-04, 1.51805113197488412e-04]   G(p_k#) in [1.21777511716824591e-04, 1.36832363503313205e-04]
k= 91 p_k= 467  UB(k) in [5.48666313748808775e-05, 5.48666313748808775e-05]   G(p_k#) in [2.50713915274918319e-05, 4.01262433139804495e-05]
k= 92 p_k= 479  UB(k) in [-3.94409521824394578e-05, -3.94409521824394578e-05]   G(p_k#) in [-6.90153279127891689e-05, -5.39604761263005615e-05]
k= 93 p_k= 487  UB(k) in [-1.32005685112930723e-04, -1.32005685112930723e-04]   G(p_k#) in [-1.61366394373322301e-04, -1.46311542586833687e-04]
k= 94 p_k= 491  UB(k) in [-2.23627803652115401e-04, -2.23627803652115401e-04]   G(p_k#) in [-2.52778314475686863e-04, -2.37723462689198276e-04]
k= 95 p_k= 499  UB(k) in [-3.13597419045410824e-04, -3.13597419045410824e-04]   G(p_k#) in [-3.42544418079276296e-04, -3.27489566292787655e-04]
k=100 p_k= 541  UB(k) in [-7.43523935931125735e-04, -7.43523935931125735e-04]   G(p_k#) in [-7.71529974648616228e-04, -7.56475122862127641e-04]
k=150 p_k= 863  UB(k) in [-3.84847941680650698e-03, -3.84847941680650698e-03]   G(p_k#) in [-3.87106149293685092e-03, -3.85600664115036233e-03]
k=200 p_k=1223  UB(k) in [-5.79268401706952568e-03, -5.79268401706952568e-03]   G(p_k#) in [-5.81288664308860989e-03, -5.79783179130212087e-03]
UB(91) = [5.48666313748808751391599544743617658396, 5.48666313748808751391599544743617658396]
UB(92) = [-3.9440952182439462918848773568715342316, -3.9440952182439462918848773568715342316]
UB(93) = [-0.0001320056851129307436785666375248659, -0.0001320056851129307436785666375248659]
first k with UB(k).hi < 0: 92 ; UB(91).lo > 0: True
UB(k+1).hi < UB(k).lo for all 2<=k<200 (numerical monotonicity): True
G(p_k#).lo > 0 for all 2<=k<=91: True ; min lower bound: (mpfr('2.5071391527491829386058129258713399431048148311564e-05',160), 91)
G(p_k#).hi < 0 for all 92<=k<=200: True ; G(92) hi: -5.396047612630056e-05  G(93) hi: -0.0001463115425868337
G(p_k#) < UB(k) numerically for all k (G.hi < UB.lo): True
[0.4s]
Q(51) = [5.98743735696402268e+00, 5.98743735696402268e+00]  p_51=233
Q(52) = [6.01248939611449984e+00, 6.01248939611449984e+00]  p_52=239
Q(91) = [6.73077868619899355e+00, 6.73077868619899355e+00]  p_91=467
Q(92) = [6.74483041623281210e+00, 6.74483041623281210e+00]  p_92=479
Q(6480) = [1.19998182001728111e+01, 1.19998182001728111e+01]  p_6480=64849
Q(6481) = [1.20000032312153255e+01, 1.20000032312153255e+01]  p_6481=64853
least k with Q(k)>6 (certified: Q(k-1).hi<6<Q(k).lo): 52 True ; least k with Q(k)>12: 6481 True
[0.8s]
R_4(2) = [-4.6175348908684364426242389916975303578, -4.6175348908684364426242389916975303578]
n_k=2p_k#: min certified lower bound of G(n_k) over 2<=k<=9230: 8.295479016129863e-08 at k= 9230 -> all positive: True
first k with certified G(n_k)<0: 9231 upper bound -3.006162488636663e-08 p_k = 95783
first k with UB_2(k) < 0 (uniform bound with 7.4e-9 cap): 9231 -1.9374868638622814e-08
zeta(10)-1 elementary bound: 2^-10+3^-10+3^-9/9 = 0.000999142617077907 ; (1/132)2^-10*1e-3 = 7.398200757575757e-09
[7.5s]
