structure 0: sizes=[5, 5, 4, 4, 4, 4, 4, 4, 4, 4, 4, 4, 4, 4, 4, 4, 4, 4, 4, 4, 4, 4] D=78 ell_max=10 count_min=32 degrees=[8, 8, 9, 9, 9, 9, 9, 9, 10, 10] #line_sets=3
   blocks=[[0, 1, 2, 3, 4], [0, 1, 5, 6, 7], [0, 1, 8, 9], [0, 2, 5, 8], [0, 2, 6, 9], [0, 3, 5, 9], [0, 3, 6, 8], [0, 4, 7, 8], [1, 2, 5, 9], [1, 2, 7, 8], [1, 3, 6, 9], [1, 4, 5, 8], [1, 4, 7, 9], [2, 3, 5, 6], [2, 3, 7, 9], [2, 4, 5, 7], [2, 4, 6, 8], [3, 4, 6, 7], [3, 4, 8, 9], [3, 5, 7, 8], [4, 5, 6, 9], [6, 7, 8, 9]]
   F alone, tier A: violated at 0: ([1, 2, 3, 5, 6, 8, 9], [[1, 2, 3], [1, 5, 6], [1, 8, 9], [2, 5, 8], [2, 6, 9], [3, 5, 9], [3, 6, 8]], 'no ordinary line')
   F alone, tier B: violated at 3: ([0, 2, 4, 5, 6, 7, 8, 9], [[0, 2, 4], [0, 5, 9], [0, 6, 8], [2, 5, 6], [2, 7, 9], [4, 6, 7], [4, 8, 9], [5, 7, 8]], '(8_3)')
   F alone, tier K: violated at 0: ([1, 2, 3, 5, 6, 8, 9], 0, 'ordinary 0 < ceil(3*7/7)')
   F alone, tier C: violated at 0: ([1, 2, 3, 5, 6, 8, 9], 7, 0, 'n3 7 > t3(7)=6')
   line sets surviving tier A: 0 counts=[]
   line sets surviving tier AB: 0 counts=[]
   line sets surviving tier ABK: 0 counts=[]
   line sets surviving tier ABKC: 0 counts=[]
structure 1: sizes=[5, 5, 5, 4, 4, 4, 4, 4, 4, 4, 4, 4, 4, 4, 4, 4, 4, 4, 4, 4] D=78 ell_max=12 count_min=30 degrees=[5, 8, 8, 9, 9, 8, 9, 9, 9, 9] #line_sets=342
   blocks=[[0, 1, 2, 3, 4], [0, 1, 5, 6, 7], [0, 2, 5, 8, 9], [0, 3, 6, 8], [0, 4, 7, 9], [1, 2, 6, 8], [1, 2, 7, 9], [1, 3, 5, 8], [1, 3, 6, 9], [1, 4, 5, 9], [1, 4, 7, 8], [2, 3, 5, 6], [2, 3, 7, 8], [2, 4, 5, 7], [2, 4, 6, 9], [3, 4, 6, 7], [3, 4, 8, 9], [3, 5, 7, 9], [4, 5, 6, 8], [6, 7, 8, 9]]
   F alone, tier B: violated at 1: ([2, 3, 4, 5, 6, 7, 8, 9], [[2, 3, 4], [5, 6, 7], [2, 6, 8], [2, 7, 9], [3, 5, 8], [3, 6, 9], [4, 5, 9], [4, 7, 8]], '(8_3)')
   F alone, tier C: violated at 1: ([2, 3, 4, 5, 6, 7, 8, 9], 8, 4, 'n3 8 > t3(8)=7')
   line sets surviving tier A: 32 counts=[32]
   line sets surviving tier AB: 0 counts=[]
   line sets surviving tier ABK: 0 counts=[]
   line sets surviving tier ABKC: 0 counts=[]
structure 2: sizes=[5, 5, 5, 5, 4, 4, 4, 4, 4, 4, 4, 4, 4, 4, 4, 4, 4, 4] D=78 ell_max=10 count_min=32 degrees=[8, 8, 8, 8, 6, 6, 8, 8, 8, 8] #line_sets=32
   blocks=[[0, 1, 2, 3, 4], [0, 1, 5, 6, 7], [2, 3, 5, 8, 9], [4, 6, 7, 8, 9], [0, 1, 8, 9], [0, 2, 6, 8], [0, 2, 7, 9], [0, 3, 6, 9], [0, 3, 7, 8], [0, 4, 5, 8], [1, 2, 6, 9], [1, 2, 7, 8], [1, 3, 6, 8], [1, 3, 7, 9], [1, 4, 5, 9], [2, 3, 6, 7], [2, 4, 5, 6], [3, 4, 5, 7]]
   F alone, tier A: violated at 0: ([1, 2, 3, 6, 7, 8, 9], [[1, 2, 3], [1, 6, 7], [1, 8, 9], [2, 6, 8], [2, 7, 9], [3, 6, 9], [3, 7, 8]], 'no ordinary line')
   F alone, tier K: violated at 0: ([1, 2, 3, 6, 7, 8, 9], 0, 'ordinary 0 < ceil(3*7/7)')
   F alone, tier C: violated at 0: ([1, 2, 3, 6, 7, 8, 9], 7, 0, 'n3 7 > t3(7)=6')
   line sets surviving tier A: 0 counts=[]
   line sets surviving tier AB: 0 counts=[]
   line sets surviving tier ABK: 0 counts=[]
   line sets surviving tier ABKC: 0 counts=[]
structure 3: sizes=[5, 5, 5, 5, 4, 4, 4, 4, 4, 4, 4, 4, 4, 4, 4, 4, 4, 4] D=78 ell_max=10 count_min=32 degrees=[8, 8, 8, 8, 6, 6, 8, 8, 8, 8] #line_sets=20
   blocks=[[0, 1, 2, 3, 4], [0, 1, 5, 6, 7], [2, 3, 5, 8, 9], [4, 6, 7, 8, 9], [0, 1, 8, 9], [0, 2, 6, 8], [0, 2, 7, 9], [0, 3, 6, 9], [0, 3, 7, 8], [0, 4, 5, 8], [1, 2, 6, 9], [1, 2, 7, 8], [1, 3, 6, 8], [1, 3, 7, 9], [1, 4, 5, 9], [2, 3, 6, 7], [2, 4, 5, 7], [3, 4, 5, 6]]
   F alone, tier A: violated at 0: ([1, 2, 3, 6, 7, 8, 9], [[1, 2, 3], [1, 6, 7], [1, 8, 9], [2, 6, 8], [2, 7, 9], [3, 6, 9], [3, 7, 8]], 'no ordinary line')
   F alone, tier K: violated at 0: ([1, 2, 3, 6, 7, 8, 9], 0, 'ordinary 0 < ceil(3*7/7)')
   F alone, tier C: violated at 0: ([1, 2, 3, 6, 7, 8, 9], 7, 0, 'n3 7 > t3(7)=6')
   line sets surviving tier A: 0 counts=[]
   line sets surviving tier AB: 0 counts=[]
   line sets surviving tier ABK: 0 counts=[]
   line sets surviving tier ABKC: 0 counts=[]
structure 4: sizes=[5, 5, 4, 4, 4, 4, 4, 4, 4, 4, 4, 4, 4, 4, 4, 4, 4, 4, 4, 4, 4, 4] D=78 ell_max=11 count_min=31 degrees=[9, 9, 9, 9, 9, 9, 9, 9, 9, 9] #line_sets=30
   blocks=[[0, 1, 2, 3, 4], [5, 6, 7, 8, 9], [0, 1, 5, 6], [0, 1, 7, 8], [0, 2, 5, 7], [0, 2, 6, 9], [0, 3, 5, 8], [0, 3, 7, 9], [0, 4, 5, 9], [0, 4, 6, 8], [1, 2, 5, 8], [1, 2, 7, 9], [1, 3, 5, 9], [1, 3, 6, 8], [1, 4, 6, 7], [1, 4, 8, 9], [2, 3, 6, 7], [2, 3, 8, 9], [2, 4, 5, 6], [2, 4, 7, 8], [3, 4, 5, 7], [3, 4, 6, 9]]
   line sets surviving tier A: 30 counts=[31, 32]
   line sets surviving tier AB: 30 counts=[31, 32]
   line sets surviving tier ABK: 0 counts=[]
   line sets surviving tier ABKC: 0 counts=[]
structure 5: sizes=[5, 5, 4, 4, 4, 4, 4, 4, 4, 4, 4, 4, 4, 4, 4, 4, 4, 4, 4, 4, 4, 4] D=78 ell_max=11 count_min=31 degrees=[9, 9, 9, 9, 9, 9, 9, 9, 9, 9] #line_sets=31
   blocks=[[0, 1, 2, 3, 4], [5, 6, 7, 8, 9], [0, 1, 5, 6], [0, 1, 7, 8], [0, 2, 5, 7], [0, 2, 6, 9], [0, 3, 5, 8], [0, 3, 7, 9], [0, 4, 5, 9], [0, 4, 6, 8], [1, 2, 6, 7], [1, 2, 8, 9], [1, 3, 5, 9], [1, 3, 6, 8], [1, 4, 5, 7], [1, 4, 6, 9], [2, 3, 5, 6], [2, 3, 7, 8], [2, 4, 5, 8], [2, 4, 7, 9], [3, 4, 6, 7], [3, 4, 8, 9]]
   line sets surviving tier A: 31 counts=[31, 32]
   line sets surviving tier AB: 26 counts=[31, 32]
   line sets surviving tier ABK: 2 counts=[32]
   line sets surviving tier ABKC: 2 counts=[32]
      A+B+K survivor: line set 28 count=32 lines=[[0, 1, 9], [0, 2, 8], [0, 6, 7], [1, 3, 7], [1, 5, 8], [2, 4, 6], [2, 5, 9], [3, 4, 5], [3, 6, 9], [4, 7, 8]]  passes C: True
      A+B+K survivor: line set 29 count=32 lines=[[0, 3, 6], [0, 4, 7], [0, 8, 9], [1, 2, 5], [1, 4, 8], [1, 7, 9], [2, 3, 9], [2, 6, 8], [3, 5, 7], [4, 5, 6]]  passes C: True
structure 6: sizes=[5, 5, 4, 4, 4, 4, 4, 4, 4, 4, 4, 4, 4, 4, 4, 4, 4, 4, 4, 4, 4, 4] D=78 ell_max=11 count_min=31 degrees=[9, 9, 9, 9, 9, 9, 9, 9, 9, 9] #line_sets=26
   blocks=[[0, 1, 2, 3, 4], [5, 6, 7, 8, 9], [0, 1, 5, 6], [0, 1, 7, 8], [0, 2, 5, 7], [0, 2, 6, 9], [0, 3, 5, 8], [0, 3, 7, 9], [0, 4, 5, 9], [0, 4, 6, 8], [1, 2, 6, 8], [1, 2, 7, 9], [1, 3, 5, 9], [1, 3, 6, 7], [1, 4, 5, 7], [1, 4, 8, 9], [2, 3, 5, 6], [2, 3, 8, 9], [2, 4, 5, 8], [2, 4, 6, 7], [3, 4, 6, 9], [3, 4, 7, 8]]
   line sets surviving tier A: 26 counts=[31, 32]
   line sets surviving tier AB: 26 counts=[31, 32]
   line sets surviving tier ABK: 2 counts=[32]
   line sets surviving tier ABKC: 2 counts=[32]
      A+B+K survivor: line set 23 count=32 lines=[[0, 1, 9], [0, 2, 8], [0, 6, 7], [1, 4, 6], [1, 5, 8], [2, 3, 7], [2, 5, 9], [3, 4, 5], [3, 6, 8], [4, 7, 9]]  passes C: True
      A+B+K survivor: line set 24 count=32 lines=[[0, 3, 6], [0, 4, 7], [0, 8, 9], [1, 2, 5], [1, 3, 8], [1, 6, 9], [2, 4, 9], [2, 7, 8], [3, 5, 7], [4, 5, 6]]  passes C: True
structure 7: sizes=[6, 4, 4, 4, 4, 4, 4, 4, 4, 4, 4, 4, 4, 4, 4, 4, 4, 4, 4, 4] D=76 ell_max=13 count_min=31 degrees=[7, 7, 7, 7, 7, 7, 10, 10, 10, 10] #line_sets=28
   blocks=[[0, 1, 2, 3, 4, 5], [0, 1, 6, 7], [0, 1, 8, 9], [0, 2, 6, 8], [0, 3, 6, 9], [0, 4, 7, 8], [0, 5, 7, 9], [1, 2, 6, 9], [1, 3, 7, 8], [1, 4, 7, 9], [1, 5, 6, 8], [2, 3, 7, 9], [2, 4, 6, 7], [2, 4, 8, 9], [2, 5, 7, 8], [3, 4, 6, 8], [3, 5, 6, 7], [3, 5, 8, 9], [4, 5, 6, 9], [6, 7, 8, 9]]
   line sets surviving tier A: 28 counts=[31, 32]
   line sets surviving tier AB: 28 counts=[31, 32]
   line sets surviving tier ABK: 2 counts=[32]
   line sets surviving tier ABKC: 0 counts=[]
      A+B+K survivor: line set 26 count=32 lines=[[0, 2, 7], [0, 3, 8], [0, 4, 9], [0, 5, 6], [1, 2, 8], [1, 3, 9], [1, 4, 6], [1, 5, 7], [2, 3, 6], [2, 5, 9], [3, 4, 7], [4, 5, 8]]  passes C: False
      A+B+K survivor: line set 27 count=32 lines=[[0, 2, 9], [0, 3, 7], [0, 4, 6], [0, 5, 8], [1, 2, 7], [1, 3, 6], [1, 4, 8], [1, 5, 9], [2, 3, 8], [2, 5, 6], [3, 4, 9], [4, 5, 7]]  passes C: False
structure 8: sizes=[6, 4, 4, 4, 4, 4, 4, 4, 4, 4, 4, 4, 4, 4, 4, 4, 4, 4, 4, 4] D=76 ell_max=13 count_min=31 degrees=[7, 7, 7, 7, 7, 7, 10, 10, 10, 10] #line_sets=28
   blocks=[[0, 1, 2, 3, 4, 5], [0, 1, 6, 7], [0, 1, 8, 9], [0, 2, 6, 8], [0, 3, 6, 9], [0, 4, 7, 8], [0, 5, 7, 9], [1, 2, 7, 9], [1, 3, 7, 8], [1, 4, 6, 9], [1, 5, 6, 8], [2, 3, 6, 7], [2, 4, 8, 9], [2, 5, 6, 9], [2, 5, 7, 8], [3, 4, 6, 8], [3, 4, 7, 9], [3, 5, 8, 9], [4, 5, 6, 7], [6, 7, 8, 9]]
   line sets surviving tier A: 28 counts=[31, 32]
   line sets surviving tier AB: 28 counts=[31, 32]
   line sets surviving tier ABK: 2 counts=[32]
   line sets surviving tier ABKC: 0 counts=[]
      A+B+K survivor: line set 26 count=32 lines=[[0, 2, 7], [0, 3, 8], [0, 4, 9], [0, 5, 6], [1, 2, 8], [1, 3, 6], [1, 4, 7], [1, 5, 9], [2, 3, 9], [2, 4, 6], [3, 5, 7], [4, 5, 8]]  passes C: False
      A+B+K survivor: line set 27 count=32 lines=[[0, 2, 9], [0, 3, 7], [0, 4, 6], [0, 5, 8], [1, 2, 6], [1, 3, 9], [1, 4, 8], [1, 5, 7], [2, 3, 8], [2, 4, 7], [3, 5, 6], [4, 5, 9]]  passes C: False
SUMMARY [(0, 2, {'A': 0, 'AB': 0, 'ABK': 0, 'ABKC': 0}), (1, 3, {'A': 32, 'AB': 0, 'ABK': 0, 'ABKC': 0}), (2, 4, {'A': 0, 'AB': 0, 'ABK': 0, 'ABKC': 0}), (3, 4, {'A': 0, 'AB': 0, 'ABK': 0, 'ABKC': 0}), (4, 2, {'A': 30, 'AB': 30, 'ABK': 0, 'ABKC': 0}), (5, 2, {'A': 31, 'AB': 26, 'ABK': 2, 'ABKC': 2}), (6, 2, {'A': 26, 'AB': 26, 'ABK': 2, 'ABKC': 2}), (7, 0, {'A': 28, 'AB': 28, 'ABK': 2, 'ABKC': 0}), (8, 0, {'A': 28, 'AB': 28, 'ABK': 2, 'ABKC': 0})]

real	1m44.338s
user	0m52.198s
sys	0m0.092s
