n=10 target=32 mode=sg capD=35 capL=44 ellmax=14 need D+ell>=88
stage1: n=10 capD=35 sizes=[5, 6, 7, 8, 9]: 23 canonical families (incl. empty), 367 brute-force tests
stage1 time 329.1s
[1] big=[[0, 1, 2, 3, 4]] |Aut|=14400 D0=9 #cands4=155 nodes=2812 evals=15 candidates=0 [45.4s]
    CANDIDATE D=78 ell_max=10 count=32 degrees=[8, 8, 9, 9, 9, 9, 9, 9, 10, 10] #line_sets=3
[2] big=[[0, 1, 2, 3, 4], [0, 1, 5, 6, 7]] |Aut|=288 D0=18 #cands4=109 nodes=1626 evals=48 candidates=1 [2.0s]
[3] big=[[0, 1, 2, 3, 4], [0, 1, 5, 6, 7], [2, 3, 5, 6, 8]] |Aut|=48 D0=27 #cands4=72 nodes=481 evals=10 candidates=0 [0.5s]
[4] big=[[0, 1, 2, 3, 4], [0, 1, 5, 6, 7], [2, 3, 5, 6, 8], [2, 4, 5, 7, 9]] |Aut|=8 D0=36 #cands4=42 nodes=17 evals=1 candidates=0 [0.0s]
[5] big=[[0, 1, 2, 3, 4], [0, 1, 5, 6, 7], [2, 3, 5, 6, 8], [2, 4, 5, 7, 9], [0, 4, 6, 8, 9]] |Aut|=10 D0=45 #cands4=20 nodes=1 evals=0 candidates=0 [0.0s]
[6] big=[[0, 1, 2, 3, 4], [0, 1, 5, 6, 7], [2, 3, 5, 6, 8], [2, 4, 5, 7, 9], [0, 4, 6, 8, 9], [1, 3, 7, 8, 9]] |Aut|=60 D0=54 #cands4=5 nodes=1 evals=0 candidates=0 [0.0s]
[7] big=[[0, 1, 2, 3, 4], [0, 1, 5, 6, 7], [2, 3, 5, 6, 8], [0, 4, 7, 8, 9]] |Aut|=8 D0=36 #cands4=34 nodes=3 evals=0 candidates=0 [0.0s]
    CANDIDATE D=78 ell_max=12 count=30 degrees=[5, 8, 8, 9, 9, 8, 9, 9, 9, 9] #line_sets=342
[8] big=[[0, 1, 2, 3, 4], [0, 1, 5, 6, 7], [0, 2, 5, 8, 9]] |Aut|=48 D0=27 #cands4=71 nodes=156 evals=10 candidates=1 [0.2s]
[9] big=[[0, 1, 2, 3, 4], [0, 1, 5, 6, 7], [0, 2, 5, 8, 9], [3, 4, 6, 7, 8, 9]] |Aut|=48 D0=46 #cands4=12 nodes=1 evals=0 candidates=0 [0.0s]
[10] big=[[0, 1, 2, 3, 4], [0, 1, 5, 6, 7], [2, 3, 5, 8, 9]] |Aut|=32 D0=27 #cands4=63 nodes=168 evals=0 candidates=0 [0.1s]
    CANDIDATE D=78 ell_max=10 count=32 degrees=[8, 8, 8, 8, 6, 6, 8, 8, 8, 8] #line_sets=32
    CANDIDATE D=78 ell_max=10 count=32 degrees=[8, 8, 8, 8, 6, 6, 8, 8, 8, 8] #line_sets=20
[11] big=[[0, 1, 2, 3, 4], [0, 1, 5, 6, 7], [2, 3, 5, 8, 9], [4, 6, 7, 8, 9]] |Aut|=128 D0=36 #cands4=26 nodes=59 evals=9 candidates=2 [0.1s]
[12] big=[[0, 1, 2, 3, 4], [0, 1, 5, 6, 7], [2, 3, 5, 6, 8, 9]] |Aut|=32 D0=37 #cands4=38 nodes=5 evals=0 candidates=0 [0.0s]
[13] big=[[0, 1, 2, 3, 4], [0, 5, 6, 7, 8]] |Aut|=1152 D0=18 #cands4=100 nodes=33 evals=0 candidates=0 [0.1s]
[14] big=[[0, 1, 2, 3, 4], [0, 1, 5, 6, 7, 8]] |Aut|=288 D0=28 #cands4=72 nodes=5 evals=0 candidates=0 [0.0s]
    CANDIDATE D=78 ell_max=11 count=31 degrees=[9, 9, 9, 9, 9, 9, 9, 9, 9, 9] #line_sets=30
    CANDIDATE D=78 ell_max=11 count=31 degrees=[9, 9, 9, 9, 9, 9, 9, 9, 9, 9] #line_sets=31
    CANDIDATE D=78 ell_max=11 count=31 degrees=[9, 9, 9, 9, 9, 9, 9, 9, 9, 9] #line_sets=26
[15] big=[[0, 1, 2, 3, 4], [5, 6, 7, 8, 9]] |Aut|=28800 D0=18 #cands4=100 nodes=1931 evals=59 candidates=3 [68.5s]
[16] big=[[0, 1, 2, 3, 4], [0, 5, 6, 7, 8, 9]] |Aut|=2880 D0=28 #cands4=60 nodes=1 evals=0 candidates=0 [0.0s]
[17] big=[[0, 1, 2, 3, 4], [0, 1, 5, 6, 7, 8, 9]] |Aut|=1440 D0=43 #cands4=30 nodes=1 evals=0 candidates=0 [0.0s]
    CANDIDATE D=76 ell_max=13 count=31 degrees=[7, 7, 7, 7, 7, 7, 10, 10, 10, 10] #line_sets=28
    CANDIDATE D=76 ell_max=13 count=31 degrees=[7, 7, 7, 7, 7, 7, 10, 10, 10, 10] #line_sets=28
[18] big=[[0, 1, 2, 3, 4, 5]] |Aut|=17280 D0=19 #cands4=115 nodes=207 evals=8 candidates=2 [4.1s]
[19] big=[[0, 1, 2, 3, 4, 5], [0, 1, 6, 7, 8, 9]] |Aut|=2304 D0=38 #cands4=36 nodes=13 evals=1 candidates=0 [0.0s]
[20] big=[[0, 1, 2, 3, 4, 5, 6]] |Aut|=30240 D0=34 #cands4=70 nodes=4 evals=0 candidates=0 [0.1s]
[21] big=[[0, 1, 2, 3, 4, 5, 6, 7]] |Aut|=80640 D0=55 #cands4=28 nodes=2 evals=0 candidates=0 [0.0s]
[22] big=[[0, 1, 2, 3, 4, 5, 6, 7, 8]] |Aut|=362880 D0=83 #cands4=0 nodes=1 evals=1 candidates=0 [0.0s]
TOTAL stage-2 nodes=7528; candidate structures (count <= 32): 9 [450.3s]
cand 0: sizes=[5, 5, 4, 4, 4, 4, 4, 4, 4, 4, 4, 4, 4, 4, 4, 4, 4, 4, 4, 4, 4, 4] D=78 ell_max=10 count=32 degrees=[8, 8, 9, 9, 9, 9, 9, 9, 10, 10] #line_sets=3
   blocks=[[0, 1, 2, 3, 4], [0, 1, 5, 6, 7], [0, 1, 8, 9], [0, 2, 5, 8], [0, 2, 6, 9], [0, 3, 5, 9], [0, 3, 6, 8], [0, 4, 7, 8], [1, 2, 5, 9], [1, 2, 7, 8], [1, 3, 6, 9], [1, 4, 5, 8], [1, 4, 7, 9], [2, 3, 5, 6], [2, 3, 7, 9], [2, 4, 5, 7], [2, 4, 6, 8], [3, 4, 6, 7], [3, 4, 8, 9], [3, 5, 7, 8], [4, 5, 6, 9], [6, 7, 8, 9]]
cand 1: sizes=[5, 5, 5, 4, 4, 4, 4, 4, 4, 4, 4, 4, 4, 4, 4, 4, 4, 4, 4, 4] D=78 ell_max=12 count=30 degrees=[5, 8, 8, 9, 9, 8, 9, 9, 9, 9] #line_sets=342
   blocks=[[0, 1, 2, 3, 4], [0, 1, 5, 6, 7], [0, 2, 5, 8, 9], [0, 3, 6, 8], [0, 4, 7, 9], [1, 2, 6, 8], [1, 2, 7, 9], [1, 3, 5, 8], [1, 3, 6, 9], [1, 4, 5, 9], [1, 4, 7, 8], [2, 3, 5, 6], [2, 3, 7, 8], [2, 4, 5, 7], [2, 4, 6, 9], [3, 4, 6, 7], [3, 4, 8, 9], [3, 5, 7, 9], [4, 5, 6, 8], [6, 7, 8, 9]]
cand 2: sizes=[5, 5, 5, 5, 4, 4, 4, 4, 4, 4, 4, 4, 4, 4, 4, 4, 4, 4] D=78 ell_max=10 count=32 degrees=[8, 8, 8, 8, 6, 6, 8, 8, 8, 8] #line_sets=32
   blocks=[[0, 1, 2, 3, 4], [0, 1, 5, 6, 7], [2, 3, 5, 8, 9], [4, 6, 7, 8, 9], [0, 1, 8, 9], [0, 2, 6, 8], [0, 2, 7, 9], [0, 3, 6, 9], [0, 3, 7, 8], [0, 4, 5, 8], [1, 2, 6, 9], [1, 2, 7, 8], [1, 3, 6, 8], [1, 3, 7, 9], [1, 4, 5, 9], [2, 3, 6, 7], [2, 4, 5, 6], [3, 4, 5, 7]]
cand 3: sizes=[5, 5, 5, 5, 4, 4, 4, 4, 4, 4, 4, 4, 4, 4, 4, 4, 4, 4] D=78 ell_max=10 count=32 degrees=[8, 8, 8, 8, 6, 6, 8, 8, 8, 8] #line_sets=20
   blocks=[[0, 1, 2, 3, 4], [0, 1, 5, 6, 7], [2, 3, 5, 8, 9], [4, 6, 7, 8, 9], [0, 1, 8, 9], [0, 2, 6, 8], [0, 2, 7, 9], [0, 3, 6, 9], [0, 3, 7, 8], [0, 4, 5, 8], [1, 2, 6, 9], [1, 2, 7, 8], [1, 3, 6, 8], [1, 3, 7, 9], [1, 4, 5, 9], [2, 3, 6, 7], [2, 4, 5, 7], [3, 4, 5, 6]]
cand 4: sizes=[5, 5, 4, 4, 4, 4, 4, 4, 4, 4, 4, 4, 4, 4, 4, 4, 4, 4, 4, 4, 4, 4] D=78 ell_max=11 count=31 degrees=[9, 9, 9, 9, 9, 9, 9, 9, 9, 9] #line_sets=30
   blocks=[[0, 1, 2, 3, 4], [5, 6, 7, 8, 9], [0, 1, 5, 6], [0, 1, 7, 8], [0, 2, 5, 7], [0, 2, 6, 9], [0, 3, 5, 8], [0, 3, 7, 9], [0, 4, 5, 9], [0, 4, 6, 8], [1, 2, 5, 8], [1, 2, 7, 9], [1, 3, 5, 9], [1, 3, 6, 8], [1, 4, 6, 7], [1, 4, 8, 9], [2, 3, 6, 7], [2, 3, 8, 9], [2, 4, 5, 6], [2, 4, 7, 8], [3, 4, 5, 7], [3, 4, 6, 9]]
cand 5: sizes=[5, 5, 4, 4, 4, 4, 4, 4, 4, 4, 4, 4, 4, 4, 4, 4, 4, 4, 4, 4, 4, 4] D=78 ell_max=11 count=31 degrees=[9, 9, 9, 9, 9, 9, 9, 9, 9, 9] #line_sets=31
   blocks=[[0, 1, 2, 3, 4], [5, 6, 7, 8, 9], [0, 1, 5, 6], [0, 1, 7, 8], [0, 2, 5, 7], [0, 2, 6, 9], [0, 3, 5, 8], [0, 3, 7, 9], [0, 4, 5, 9], [0, 4, 6, 8], [1, 2, 6, 7], [1, 2, 8, 9], [1, 3, 5, 9], [1, 3, 6, 8], [1, 4, 5, 7], [1, 4, 6, 9], [2, 3, 5, 6], [2, 3, 7, 8], [2, 4, 5, 8], [2, 4, 7, 9], [3, 4, 6, 7], [3, 4, 8, 9]]
cand 6: sizes=[5, 5, 4, 4, 4, 4, 4, 4, 4, 4, 4, 4, 4, 4, 4, 4, 4, 4, 4, 4, 4, 4] D=78 ell_max=11 count=31 degrees=[9, 9, 9, 9, 9, 9, 9, 9, 9, 9] #line_sets=26
   blocks=[[0, 1, 2, 3, 4], [5, 6, 7, 8, 9], [0, 1, 5, 6], [0, 1, 7, 8], [0, 2, 5, 7], [0, 2, 6, 9], [0, 3, 5, 8], [0, 3, 7, 9], [0, 4, 5, 9], [0, 4, 6, 8], [1, 2, 6, 8], [1, 2, 7, 9], [1, 3, 5, 9], [1, 3, 6, 7], [1, 4, 5, 7], [1, 4, 8, 9], [2, 3, 5, 6], [2, 3, 8, 9], [2, 4, 5, 8], [2, 4, 6, 7], [3, 4, 6, 9], [3, 4, 7, 8]]
cand 7: sizes=[6, 4, 4, 4, 4, 4, 4, 4, 4, 4, 4, 4, 4, 4, 4, 4, 4, 4, 4, 4] D=76 ell_max=13 count=31 degrees=[7, 7, 7, 7, 7, 7, 10, 10, 10, 10] #line_sets=28
   blocks=[[0, 1, 2, 3, 4, 5], [0, 1, 6, 7], [0, 1, 8, 9], [0, 2, 6, 8], [0, 3, 6, 9], [0, 4, 7, 8], [0, 5, 7, 9], [1, 2, 6, 9], [1, 3, 7, 8], [1, 4, 7, 9], [1, 5, 6, 8], [2, 3, 7, 9], [2, 4, 6, 7], [2, 4, 8, 9], [2, 5, 7, 8], [3, 4, 6, 8], [3, 5, 6, 7], [3, 5, 8, 9], [4, 5, 6, 9], [6, 7, 8, 9]]
cand 8: sizes=[6, 4, 4, 4, 4, 4, 4, 4, 4, 4, 4, 4, 4, 4, 4, 4, 4, 4, 4, 4] D=76 ell_max=13 count=31 degrees=[7, 7, 7, 7, 7, 7, 10, 10, 10, 10] #line_sets=28
   blocks=[[0, 1, 2, 3, 4, 5], [0, 1, 6, 7], [0, 1, 8, 9], [0, 2, 6, 8], [0, 3, 6, 9], [0, 4, 7, 8], [0, 5, 7, 9], [1, 2, 7, 9], [1, 3, 7, 8], [1, 4, 6, 9], [1, 5, 6, 8], [2, 3, 6, 7], [2, 4, 8, 9], [2, 5, 6, 9], [2, 5, 7, 8], [3, 4, 6, 8], [3, 4, 7, 9], [3, 5, 8, 9], [4, 5, 6, 7], [6, 7, 8, 9]]

real	7m32.541s
user	4m6.330s
sys	0m51.254s
