n=9 target=25 mode=sg capD=27 capL=35 ellmax=11 need D+ell>=59
stage1: n=9 capD=27 sizes=[5, 6, 7, 8]: 9 canonical families (incl. empty), 68 brute-force tests
stage1 time 3.1s
[1] big=[[0, 1, 2, 3, 4]] |Aut|=2880 D0=9 #cands4=81 nodes=397 evals=49 candidates=0 [2.9s]
[2] big=[[0, 1, 2, 3, 4], [0, 1, 5, 6, 7]] |Aut|=144 D0=18 #cands4=45 nodes=25 evals=2 candidates=0 [0.1s]
[3] big=[[0, 1, 2, 3, 4], [0, 1, 5, 6, 7], [2, 3, 5, 6, 8]] |Aut|=48 D0=27 #cands4=18 nodes=2 evals=0 candidates=0 [0.0s]
    CANDIDATE D=54 ell_max=6 count=24 degrees=[2, 7, 7, 7, 7, 7, 7, 7, 7] #line_sets=168
[4] big=[[0, 1, 2, 3, 4], [0, 5, 6, 7, 8]] |Aut|=1152 D0=18 #cands4=36 nodes=34 evals=5 candidates=1 [0.1s]
[5] big=[[0, 1, 2, 3, 4], [0, 1, 5, 6, 7, 8]] |Aut|=288 D0=28 #cands4=18 nodes=1 evals=0 candidates=0 [0.0s]
[6] big=[[0, 1, 2, 3, 4, 5]] |Aut|=4320 D0=19 #cands4=51 nodes=7 evals=0 candidates=0 [0.1s]
[7] big=[[0, 1, 2, 3, 4, 5, 6]] |Aut|=10080 D0=34 #cands4=21 nodes=2 evals=0 candidates=0 [0.0s]
    CANDIDATE D=55 ell_max=4 count=25 degrees=[1, 1, 1, 1, 1, 1, 1, 1, 0] #line_sets=105
[8] big=[[0, 1, 2, 3, 4, 5, 6, 7]] |Aut|=40320 D0=55 #cands4=0 nodes=1 evals=1 candidates=1 [0.0s]
TOTAL stage-2 nodes=469; candidate structures (count <= 25): 2 [6.2s]
    CANDIDATE D=48 ell_max=11 count=25 degrees=[7, 8, 7, 7, 8, 7, 7, 6, 7] #line_sets=1
    CANDIDATE D=48 ell_max=11 count=25 degrees=[8, 8, 8, 7, 6, 7, 6, 7, 7] #line_sets=12
    CANDIDATE D=51 ell_max=11 count=22 degrees=[8, 8, 8, 8, 7, 7, 7, 8, 7] #line_sets=977
    CANDIDATE D=54 ell_max=11 count=19 degrees=[8, 8, 8, 8, 8, 8, 8, 8, 8] #line_sets=3745
    CANDIDATE D=48 ell_max=11 count=25 degrees=[8, 8, 7, 7, 7, 7, 6, 6, 8] #line_sets=12
    CANDIDATE D=48 ell_max=11 count=25 degrees=[8, 8, 7, 7, 7, 7, 7, 7, 6] #line_sets=12
    CANDIDATE D=48 ell_max=11 count=25 degrees=[8, 7, 7, 7, 7, 7, 7, 7, 7] #line_sets=12
[all-4-block] nodes=246 evals=9 candidates=7 [289.9s]
cand 0: sizes=[5, 5, 4, 4, 4, 4, 4, 4, 4, 4, 4, 4, 4, 4] D=54 ell_max=6 count=24 degrees=[2, 7, 7, 7, 7, 7, 7, 7, 7] #line_sets=168
   blocks=[[0, 1, 2, 3, 4], [0, 5, 6, 7, 8], [1, 2, 5, 6], [1, 2, 7, 8], [1, 3, 5, 7], [1, 3, 6, 8], [1, 4, 5, 8], [1, 4, 6, 7], [2, 3, 5, 8], [2, 3, 6, 7], [2, 4, 5, 7], [2, 4, 6, 8], [3, 4, 5, 6], [3, 4, 7, 8]]
cand 1: sizes=[8] D=55 ell_max=4 count=25 degrees=[1, 1, 1, 1, 1, 1, 1, 1, 0] #line_sets=105
   blocks=[[0, 1, 2, 3, 4, 5, 6, 7]]
cand 2: sizes=[4, 4, 4, 4, 4, 4, 4, 4, 4, 4, 4, 4, 4, 4, 4, 4] D=48 ell_max=11 count=25 degrees=[7, 8, 7, 7, 8, 7, 7, 6, 7] #line_sets=1
   blocks=[[0, 1, 2, 3], [0, 1, 4, 5], [0, 1, 6, 7], [0, 2, 4, 6], [0, 2, 5, 7], [0, 3, 4, 8], [0, 5, 6, 8], [1, 2, 4, 7], [1, 2, 5, 8], [1, 3, 5, 6], [1, 3, 7, 8], [1, 4, 6, 8], [2, 3, 4, 5], [2, 3, 6, 8], [3, 4, 6, 7], [4, 5, 7, 8]]
cand 3: sizes=[4, 4, 4, 4, 4, 4, 4, 4, 4, 4, 4, 4, 4, 4, 4, 4] D=48 ell_max=11 count=25 degrees=[8, 8, 8, 7, 6, 7, 6, 7, 7] #line_sets=12
   blocks=[[0, 1, 2, 3], [0, 1, 4, 5], [0, 1, 6, 7], [0, 2, 4, 6], [0, 2, 5, 8], [0, 3, 5, 7], [0, 3, 6, 8], [0, 4, 7, 8], [1, 2, 4, 7], [1, 2, 6, 8], [1, 3, 4, 8], [1, 3, 5, 6], [1, 5, 7, 8], [2, 3, 4, 5], [2, 3, 7, 8], [2, 5, 6, 7]]
cand 4: sizes=[4, 4, 4, 4, 4, 4, 4, 4, 4, 4, 4, 4, 4, 4, 4, 4, 4] D=51 ell_max=11 count=22 degrees=[8, 8, 8, 8, 7, 7, 7, 8, 7] #line_sets=977
   blocks=[[0, 1, 2, 3], [0, 1, 4, 5], [0, 1, 6, 7], [0, 2, 4, 6], [0, 2, 5, 8], [0, 3, 5, 7], [0, 3, 6, 8], [0, 4, 7, 8], [1, 2, 4, 7], [1, 2, 6, 8], [1, 3, 4, 8], [1, 3, 5, 6], [1, 5, 7, 8], [2, 3, 4, 5], [2, 3, 7, 8], [2, 5, 6, 7], [3, 4, 6, 7]]
cand 5: sizes=[4, 4, 4, 4, 4, 4, 4, 4, 4, 4, 4, 4, 4, 4, 4, 4, 4, 4] D=54 ell_max=11 count=19 degrees=[8, 8, 8, 8, 8, 8, 8, 8, 8] #line_sets=3745
   blocks=[[0, 1, 2, 3], [0, 1, 4, 5], [0, 1, 6, 7], [0, 2, 4, 6], [0, 2, 5, 8], [0, 3, 5, 7], [0, 3, 6, 8], [0, 4, 7, 8], [1, 2, 4, 7], [1, 2, 6, 8], [1, 3, 4, 8], [1, 3, 5, 6], [1, 5, 7, 8], [2, 3, 4, 5], [2, 3, 7, 8], [2, 5, 6, 7], [3, 4, 6, 7], [4, 5, 6, 8]]
cand 6: sizes=[4, 4, 4, 4, 4, 4, 4, 4, 4, 4, 4, 4, 4, 4, 4, 4] D=48 ell_max=11 count=25 degrees=[8, 8, 7, 7, 7, 7, 6, 6, 8] #line_sets=12
   blocks=[[0, 1, 2, 3], [0, 1, 4, 5], [0, 1, 6, 7], [0, 2, 4, 6], [0, 2, 5, 8], [0, 3, 5, 7], [0, 3, 6, 8], [0, 4, 7, 8], [1, 2, 4, 7], [1, 2, 6, 8], [1, 3, 4, 8], [1, 3, 5, 6], [1, 5, 7, 8], [2, 3, 4, 5], [2, 3, 7, 8], [4, 5, 6, 8]]
cand 7: sizes=[4, 4, 4, 4, 4, 4, 4, 4, 4, 4, 4, 4, 4, 4, 4, 4] D=48 ell_max=11 count=25 degrees=[8, 8, 7, 7, 7, 7, 7, 7, 6] #line_sets=12
   blocks=[[0, 1, 2, 3], [0, 1, 4, 5], [0, 1, 6, 7], [0, 2, 4, 6], [0, 2, 5, 8], [0, 3, 5, 7], [0, 3, 6, 8], [0, 4, 7, 8], [1, 2, 4, 7], [1, 2, 6, 8], [1, 3, 4, 8], [1, 3, 5, 6], [1, 5, 7, 8], [2, 3, 4, 5], [2, 5, 6, 7], [3, 4, 6, 7]]
cand 8: sizes=[4, 4, 4, 4, 4, 4, 4, 4, 4, 4, 4, 4, 4, 4, 4, 4] D=48 ell_max=11 count=25 degrees=[8, 7, 7, 7, 7, 7, 7, 7, 7] #line_sets=12
   blocks=[[0, 1, 2, 3], [0, 1, 4, 5], [0, 1, 6, 7], [0, 2, 4, 6], [0, 2, 5, 8], [0, 3, 5, 7], [0, 3, 6, 8], [0, 4, 7, 8], [1, 2, 4, 7], [1, 2, 6, 8], [1, 3, 5, 6], [1, 5, 7, 8], [2, 3, 4, 5], [2, 3, 7, 8], [3, 4, 6, 7], [4, 5, 6, 8]]

real	4m56.713s
user	2m9.590s
sys	0m18.572s
