F-class 0: 6-block matchings per R-pair: [((6, 7), [(0, 5), (1, 4), (2, 3)]), ((6, 8), [(0, 4), (1, 3), (2, 5)]), ((6, 9), [(0, 3), (1, 2), (4, 5)]), ((7, 8), [(0, 3), (1, 2), (4, 5)]), ((7, 9), [(0, 2), (1, 5), (3, 4)]), ((8, 9), [(0, 1), (2, 4), (3, 5)])]
   6 involution conditions; saturated Groebner basis = (1): True  [0.0s]
   => 4-BLOCK FAMILY NOT REALISABLE over C (any lines)
F-class 1: 6-block matchings per R-pair: [((6, 7), [(0, 5), (1, 4), (2, 3)]), ((6, 8), [(0, 4), (1, 3), (2, 5)]), ((6, 9), [(0, 3), (1, 5), (2, 4)]), ((7, 8), [(0, 3), (1, 5), (2, 4)]), ((7, 9), [(0, 4), (1, 2), (3, 5)]), ((8, 9), [(0, 5), (1, 4), (2, 3)])]
   6 involution conditions; saturated Groebner basis = (1): False  [0.2s]
   all solutions of the saturated system: [{t3: 1/2 - I/2, t4: 1 - I, t5: -I}, {t3: 1/2 + I/2, t4: 1 + I, t5: I}]
   => saturated ideal zero-dimensional with 2 complex solutions, none real => 4-BLOCK FAMILY NOT REALISABLE over R (any lines)
F-class 2: 6-block matchings per R-pair: [((6, 7), [(0, 5), (1, 4), (2, 3)]), ((6, 8), [(0, 4), (1, 3), (2, 5)]), ((6, 9), [(0, 3), (1, 5), (2, 4)]), ((7, 8), [(0, 3), (1, 2), (4, 5)]), ((7, 9), [(0, 4), (1, 3), (2, 5)]), ((8, 9), [(0, 2), (1, 4), (3, 5)])]
   6 involution conditions; saturated Groebner basis = (1): False  [0.0s]
   all solutions of the saturated system: [{t3: 1 - I, t4: -I, t5: 1/2 - I/2}, {t3: 1 + I, t4: I, t5: 1/2 + I/2}]
   => saturated ideal zero-dimensional with 2 complex solutions, none real => 4-BLOCK FAMILY NOT REALISABLE over R (any lines)
F-class 3: 6-block matchings per R-pair: [((6, 7), [(0, 5), (1, 4), (2, 3)]), ((6, 8), [(0, 4), (1, 3), (2, 5)]), ((6, 9), [(0, 3), (1, 2), (4, 5)]), ((7, 8), [(0, 3), (1, 2), (4, 5)]), ((7, 9), [(0, 4), (1, 3), (2, 5)]), ((8, 9), [(0, 5), (1, 4), (2, 3)])]
   6 involution conditions; saturated Groebner basis = (1): False  [0.0s]
   all solutions of the saturated system: [{t3: 1 - I, t4: -I, t5: 1/2 - I/2}, {t3: 1 + I, t4: I, t5: 1/2 + I/2}]
   => saturated ideal zero-dimensional with 2 complex solutions, none real => 4-BLOCK FAMILY NOT REALISABLE over R (any lines)
F-class 4: 6-block matchings per R-pair: [((6, 7), [(0, 5), (1, 4), (2, 3)]), ((6, 8), [(0, 4), (1, 3), (2, 5)]), ((6, 9), [(0, 3), (1, 2), (4, 5)]), ((7, 8), [(0, 3), (1, 2), (4, 5)]), ((7, 9), [(0, 4), (1, 3), (2, 5)]), ((8, 9), [(0, 2), (1, 5), (3, 4)])]
   6 involution conditions; saturated Groebner basis = (1): True  [0.0s]
   => 4-BLOCK FAMILY NOT REALISABLE over C (any lines)
F-class 5: 6-block matchings per R-pair: [((6, 7), [(0, 5), (1, 4), (2, 3)]), ((6, 8), [(0, 4), (1, 3), (2, 5)]), ((6, 9), [(0, 3), (1, 5), (2, 4)]), ((7, 8), [(0, 3), (1, 5), (2, 4)]), ((7, 9), [(0, 4), (1, 3), (2, 5)]), ((8, 9), [(0, 5), (1, 4), (2, 3)])]
   6 involution conditions; saturated Groebner basis = (1): False  [0.1s]
   all solutions of the saturated system: [{t3: (t4 - 1)/t4, t5: -1/(t4 - 1)}]
   => REAL SOLUTIONS MAY EXIST: isolated real [], parametric [{t3: (t4 - 1)/t4, t5: -1/(t4 - 1)}] => needs the lines analysis
F-class 6: 6-block matchings per R-pair: [((6, 7), [(0, 5), (1, 3), (2, 4)]), ((6, 8), [(0, 4), (1, 5), (2, 3)]), ((6, 9), [(0, 3), (1, 2), (4, 5)]), ((7, 8), [(0, 3), (1, 4), (2, 5)]), ((7, 9), [(0, 2), (1, 5), (3, 4)]), ((8, 9), [(0, 1), (2, 4), (3, 5)])]
   6 involution conditions; saturated Groebner basis = (1): False  [0.0s]
   all solutions of the saturated system: [{t3: 1 - I, t4: 1/2 - I/2, t5: -I}, {t3: 1 + I, t4: 1/2 + I/2, t5: I}]
   => saturated ideal zero-dimensional with 2 complex solutions, none real => 4-BLOCK FAMILY NOT REALISABLE over R (any lines)
F-class 7: 6-block matchings per R-pair: [((6, 7), [(0, 5), (1, 3), (2, 4)]), ((6, 8), [(0, 4), (1, 5), (2, 3)]), ((6, 9), [(0, 3), (1, 4), (2, 5)]), ((7, 8), [(0, 3), (1, 2), (4, 5)]), ((7, 9), [(0, 2), (1, 5), (3, 4)]), ((8, 9), [(0, 1), (2, 4), (3, 5)])]
   6 involution conditions; saturated Groebner basis = (1): False  [0.1s]
   all solutions of the saturated system: [{t3: 1 - I, t4: 1/2 - I/2, t5: -I}, {t3: 1 + I, t4: 1/2 + I/2, t5: I}]
   => saturated ideal zero-dimensional with 2 complex solutions, none real => 4-BLOCK FAMILY NOT REALISABLE over R (any lines)
