structure 0: count 31, l = 11, lines [[0, 1, 2, 3, 4], [0, 5, 8], [0, 6, 7], [1, 5, 7], [1, 8, 9], [2, 6, 9], [2, 7, 8], [3, 5, 6], [3, 7, 9], [4, 5, 9], [4, 6, 8]]
   20 four-blocks; rank 9; real kernel dim 1
   torsion exponent e = 10; torsion solutions 10; with theta_0 = 0 and distinct points on each circle: 8
      S angles (0, 2, 6, 4, 8)  R angles (1, 7, 3, 9, 5)   (units 2 pi / 10)
      S angles (0, 2, 6, 4, 8)  R angles (6, 2, 8, 4, 0)   (units 2 pi / 10)
      S angles (0, 4, 2, 8, 6)  R angles (2, 4, 6, 8, 0)   (units 2 pi / 10)
      S angles (0, 4, 2, 8, 6)  R angles (7, 9, 1, 3, 5)   (units 2 pi / 10)
      S angles (0, 6, 8, 2, 4)  R angles (3, 1, 9, 7, 5)   (units 2 pi / 10)
      S angles (0, 6, 8, 2, 4)  R angles (8, 6, 4, 2, 0)   (units 2 pi / 10)
      S angles (0, 8, 4, 6, 2)  R angles (4, 8, 2, 6, 0)   (units 2 pi / 10)
      S angles (0, 8, 4, 6, 2)  R angles (9, 3, 7, 1, 5)   (units 2 pi / 10)
      labelling S=(0, 2, 6, 4, 8) R=(1, 7, 3, 9, 5): finite O impossible: True; O = infinity impossible: True  [1.9s]
      labelling S=(0, 2, 6, 4, 8) R=(6, 2, 8, 4, 0): finite O impossible: True; O = infinity impossible: True  [1.8s]
      labelling S=(0, 4, 2, 8, 6) R=(2, 4, 6, 8, 0): finite O impossible: True; O = infinity impossible: True  [1.6s]
      labelling S=(0, 4, 2, 8, 6) R=(7, 9, 1, 3, 5): finite O impossible: True; O = infinity impossible: True  [1.6s]
      labelling S=(0, 6, 8, 2, 4) R=(3, 1, 9, 7, 5): finite O impossible: True; O = infinity impossible: True  [1.0s]
      labelling S=(0, 6, 8, 2, 4) R=(8, 6, 4, 2, 0): finite O impossible: True; O = infinity impossible: True  [1.0s]
      labelling S=(0, 8, 4, 6, 2) R=(4, 8, 2, 6, 0): finite O impossible: True; O = infinity impossible: True  [0.9s]
      labelling S=(0, 8, 4, 6, 2) R=(9, 3, 7, 1, 5): finite O impossible: True; O = infinity impossible: True  [1.0s]
   => NOT REALISABLE (all labellings, finite and infinite O)
structure 1: count 32, l = 10, lines [[0, 1, 2, 3, 4], [0, 5, 8], [0, 6, 7], [1, 5, 7], [1, 8, 9], [2, 6, 9], [2, 7, 8], [3, 5, 6], [3, 7, 9], [4, 5, 9]]
   20 four-blocks; rank 9; real kernel dim 1
   torsion exponent e = 10; torsion solutions 10; with theta_0 = 0 and distinct points on each circle: 8
      S angles (0, 2, 6, 4, 8)  R angles (1, 7, 3, 9, 5)   (units 2 pi / 10)
      S angles (0, 2, 6, 4, 8)  R angles (6, 2, 8, 4, 0)   (units 2 pi / 10)
      S angles (0, 4, 2, 8, 6)  R angles (2, 4, 6, 8, 0)   (units 2 pi / 10)
      S angles (0, 4, 2, 8, 6)  R angles (7, 9, 1, 3, 5)   (units 2 pi / 10)
      S angles (0, 6, 8, 2, 4)  R angles (3, 1, 9, 7, 5)   (units 2 pi / 10)
      S angles (0, 6, 8, 2, 4)  R angles (8, 6, 4, 2, 0)   (units 2 pi / 10)
      S angles (0, 8, 4, 6, 2)  R angles (4, 8, 2, 6, 0)   (units 2 pi / 10)
      S angles (0, 8, 4, 6, 2)  R angles (9, 3, 7, 1, 5)   (units 2 pi / 10)
      labelling S=(0, 2, 6, 4, 8) R=(1, 7, 3, 9, 5): finite O impossible: True; O = infinity impossible: True  [0.7s]
      labelling S=(0, 2, 6, 4, 8) R=(6, 2, 8, 4, 0): finite O impossible: True; O = infinity impossible: True  [0.7s]
      labelling S=(0, 4, 2, 8, 6) R=(2, 4, 6, 8, 0): finite O impossible: True; O = infinity impossible: True  [0.8s]
      labelling S=(0, 4, 2, 8, 6) R=(7, 9, 1, 3, 5): finite O impossible: True; O = infinity impossible: True  [0.7s]
      labelling S=(0, 6, 8, 2, 4) R=(3, 1, 9, 7, 5): finite O impossible: True; O = infinity impossible: True  [0.7s]
      labelling S=(0, 6, 8, 2, 4) R=(8, 6, 4, 2, 0): finite O impossible: True; O = infinity impossible: True  [0.8s]
      labelling S=(0, 8, 4, 6, 2) R=(4, 8, 2, 6, 0): finite O impossible: True; O = infinity impossible: True  [0.7s]
      labelling S=(0, 8, 4, 6, 2) R=(9, 3, 7, 1, 5): finite O impossible: True; O = infinity impossible: True  [0.7s]
   => NOT REALISABLE (all labellings, finite and infinite O)
structure 2: count 32, l = 10, lines [[0, 1, 6, 9], [0, 2, 7], [0, 5, 8], [1, 2, 8], [1, 5, 7], [2, 3, 9], [2, 4, 6], [3, 4, 7, 8], [3, 5, 6], [4, 5, 9]]
   20 four-blocks; rank 9; real kernel dim 1
   torsion exponent e = 10; torsion solutions 10; with theta_0 = 0 and distinct points on each circle: 8
      S angles (0, 2, 6, 4, 8)  R angles (1, 7, 3, 9, 5)   (units 2 pi / 10)
      S angles (0, 2, 6, 4, 8)  R angles (6, 2, 8, 4, 0)   (units 2 pi / 10)
      S angles (0, 4, 2, 8, 6)  R angles (2, 4, 6, 8, 0)   (units 2 pi / 10)
      S angles (0, 4, 2, 8, 6)  R angles (7, 9, 1, 3, 5)   (units 2 pi / 10)
      S angles (0, 6, 8, 2, 4)  R angles (3, 1, 9, 7, 5)   (units 2 pi / 10)
      S angles (0, 6, 8, 2, 4)  R angles (8, 6, 4, 2, 0)   (units 2 pi / 10)
      S angles (0, 8, 4, 6, 2)  R angles (4, 8, 2, 6, 0)   (units 2 pi / 10)
      S angles (0, 8, 4, 6, 2)  R angles (9, 3, 7, 1, 5)   (units 2 pi / 10)
      labelling S=(0, 2, 6, 4, 8) R=(1, 7, 3, 9, 5): finite O impossible: True; O = infinity impossible: True  [1.2s]
      labelling S=(0, 2, 6, 4, 8) R=(6, 2, 8, 4, 0): finite O impossible: True; O = infinity impossible: True  [1.3s]
      labelling S=(0, 4, 2, 8, 6) R=(2, 4, 6, 8, 0): finite O impossible: True; O = infinity impossible: True  [1.7s]
      labelling S=(0, 4, 2, 8, 6) R=(7, 9, 1, 3, 5): finite O impossible: True; O = infinity impossible: True  [1.7s]
      labelling S=(0, 6, 8, 2, 4) R=(3, 1, 9, 7, 5): finite O impossible: True; O = infinity impossible: True  [1.6s]
      labelling S=(0, 6, 8, 2, 4) R=(8, 6, 4, 2, 0): finite O impossible: True; O = infinity impossible: True  [1.6s]
      labelling S=(0, 8, 4, 6, 2) R=(4, 8, 2, 6, 0): finite O impossible: True; O = infinity impossible: True  [1.4s]
      labelling S=(0, 8, 4, 6, 2) R=(9, 3, 7, 1, 5): finite O impossible: True; O = infinity impossible: True  [1.4s]
   => NOT REALISABLE (all labellings, finite and infinite O)
structure 3: count 32, l = 10, lines [[0, 1, 5], [0, 2, 7], [0, 3, 6], [0, 4, 8], [1, 2, 8], [1, 3, 7], [1, 4, 9], [2, 3, 9], [2, 4, 6], [3, 4, 5]]
   20 four-blocks; rank 9; real kernel dim 1
   torsion exponent e = 10; torsion solutions 10; with theta_0 = 0 and distinct points on each circle: 8
      S angles (0, 2, 6, 4, 8)  R angles (1, 7, 3, 9, 5)   (units 2 pi / 10)
      S angles (0, 2, 6, 4, 8)  R angles (6, 2, 8, 4, 0)   (units 2 pi / 10)
      S angles (0, 4, 2, 8, 6)  R angles (2, 4, 6, 8, 0)   (units 2 pi / 10)
      S angles (0, 4, 2, 8, 6)  R angles (7, 9, 1, 3, 5)   (units 2 pi / 10)
      S angles (0, 6, 8, 2, 4)  R angles (3, 1, 9, 7, 5)   (units 2 pi / 10)
      S angles (0, 6, 8, 2, 4)  R angles (8, 6, 4, 2, 0)   (units 2 pi / 10)
      S angles (0, 8, 4, 6, 2)  R angles (4, 8, 2, 6, 0)   (units 2 pi / 10)
      S angles (0, 8, 4, 6, 2)  R angles (9, 3, 7, 1, 5)   (units 2 pi / 10)
      labelling S=(0, 2, 6, 4, 8) R=(1, 7, 3, 9, 5): finite O impossible: True; O = infinity impossible: True  [0.7s]
      labelling S=(0, 2, 6, 4, 8) R=(6, 2, 8, 4, 0): finite O impossible: True; O = infinity impossible: True  [0.7s]
      labelling S=(0, 4, 2, 8, 6) R=(2, 4, 6, 8, 0): finite O impossible: True; O = infinity impossible: True  [0.5s]
      labelling S=(0, 4, 2, 8, 6) R=(7, 9, 1, 3, 5): finite O impossible: True; O = infinity impossible: True  [0.6s]
      labelling S=(0, 6, 8, 2, 4) R=(3, 1, 9, 7, 5): finite O impossible: True; O = infinity impossible: True  [0.3s]
      labelling S=(0, 6, 8, 2, 4) R=(8, 6, 4, 2, 0): finite O impossible: True; O = infinity impossible: True  [0.3s]
      labelling S=(0, 8, 4, 6, 2) R=(4, 8, 2, 6, 0): finite O impossible: True; O = infinity impossible: True  [0.2s]
      labelling S=(0, 8, 4, 6, 2) R=(9, 3, 7, 1, 5): finite O impossible: True; O = infinity impossible: True  [0.2s]
   => NOT REALISABLE (all labellings, finite and infinite O)
structure 4: count 32, l = 10, lines [[0, 1, 5], [0, 4, 8], [0, 6, 7], [1, 3, 7], [1, 8, 9], [2, 3, 9], [2, 4, 6], [2, 7, 8], [3, 5, 6], [4, 5, 9]]
   20 four-blocks; rank 9; real kernel dim 1
   torsion exponent e = 10; torsion solutions 10; with theta_0 = 0 and distinct points on each circle: 8
      S angles (0, 2, 6, 4, 8)  R angles (1, 7, 3, 9, 5)   (units 2 pi / 10)
      S angles (0, 2, 6, 4, 8)  R angles (6, 2, 8, 4, 0)   (units 2 pi / 10)
      S angles (0, 4, 2, 8, 6)  R angles (2, 4, 6, 8, 0)   (units 2 pi / 10)
      S angles (0, 4, 2, 8, 6)  R angles (7, 9, 1, 3, 5)   (units 2 pi / 10)
      S angles (0, 6, 8, 2, 4)  R angles (3, 1, 9, 7, 5)   (units 2 pi / 10)
      S angles (0, 6, 8, 2, 4)  R angles (8, 6, 4, 2, 0)   (units 2 pi / 10)
      S angles (0, 8, 4, 6, 2)  R angles (4, 8, 2, 6, 0)   (units 2 pi / 10)
      S angles (0, 8, 4, 6, 2)  R angles (9, 3, 7, 1, 5)   (units 2 pi / 10)
      labelling S=(0, 2, 6, 4, 8) R=(1, 7, 3, 9, 5): finite O impossible: True; O = infinity impossible: True  [0.4s]
      labelling S=(0, 2, 6, 4, 8) R=(6, 2, 8, 4, 0): finite O impossible: True; O = infinity impossible: True  [0.4s]
      labelling S=(0, 4, 2, 8, 6) R=(2, 4, 6, 8, 0): finite O impossible: True; O = infinity impossible: True  [0.4s]
      labelling S=(0, 4, 2, 8, 6) R=(7, 9, 1, 3, 5): finite O impossible: True; O = infinity impossible: True  [0.4s]
      labelling S=(0, 6, 8, 2, 4) R=(3, 1, 9, 7, 5): finite O impossible: True; O = infinity impossible: True  [0.5s]
      labelling S=(0, 6, 8, 2, 4) R=(8, 6, 4, 2, 0): finite O impossible: True; O = infinity impossible: True  [0.4s]
      labelling S=(0, 8, 4, 6, 2) R=(4, 8, 2, 6, 0): finite O impossible: True; O = infinity impossible: True  [0.4s]
      labelling S=(0, 8, 4, 6, 2) R=(9, 3, 7, 1, 5): finite O impossible: True; O = infinity impossible: True  [0.4s]
   => NOT REALISABLE (all labellings, finite and infinite O)
structure 5: count 31, l = 11, lines [[0, 1, 2, 3, 4], [0, 5, 9], [0, 6, 7], [1, 5, 8], [1, 7, 9], [2, 5, 7], [2, 6, 8], [3, 5, 6], [3, 8, 9], [4, 6, 9], [4, 7, 8]]
   20 four-blocks; rank 9; real kernel dim 1
   torsion exponent e = 2; torsion solutions 2; with theta_0 = 0 and distinct points on each circle: 0
   => NOT REALISABLE (all labellings, finite and infinite O)
structure 6: count 32, l = 10, lines [[0, 1, 2, 3, 4], [0, 5, 9], [0, 6, 7], [1, 5, 8], [1, 7, 9], [2, 5, 7], [2, 6, 8], [3, 5, 6], [3, 8, 9], [4, 6, 9]]
   20 four-blocks; rank 9; real kernel dim 1
   torsion exponent e = 2; torsion solutions 2; with theta_0 = 0 and distinct points on each circle: 0
   => NOT REALISABLE (all labellings, finite and infinite O)
structure 7: count 32, l = 10, lines [[0, 1, 2, 3, 4], [0, 5, 9], [0, 6, 7], [1, 5, 8], [1, 7, 9], [2, 5, 7], [2, 6, 8], [3, 5, 6], [3, 8, 9], [4, 7, 8]]
   20 four-blocks; rank 9; real kernel dim 1
   torsion exponent e = 2; torsion solutions 2; with theta_0 = 0 and distinct points on each circle: 0
   => NOT REALISABLE (all labellings, finite and infinite O)
structure 8: count 32, l = 10, lines [[0, 1, 2, 3, 4], [0, 5, 9], [1, 5, 8], [1, 7, 9], [2, 5, 7], [2, 6, 8], [3, 5, 6], [3, 8, 9], [4, 6, 9], [4, 7, 8]]
   20 four-blocks; rank 9; real kernel dim 1
   torsion exponent e = 2; torsion solutions 2; with theta_0 = 0 and distinct points on each circle: 0
   => NOT REALISABLE (all labellings, finite and infinite O)
structure 9: count 32, l = 10, lines [[0, 1, 5], [0, 2, 6], [0, 3, 9], [0, 4, 7], [1, 2, 7], [1, 3, 8], [1, 4, 9], [2, 3, 5], [2, 4, 8], [3, 4, 6]]
   20 four-blocks; rank 9; real kernel dim 1
   torsion exponent e = 2; torsion solutions 2; with theta_0 = 0 and distinct points on each circle: 0
   => NOT REALISABLE (all labellings, finite and infinite O)
structure 10: count 32, l = 10, lines [[0, 1, 5], [0, 2, 6], [0, 3, 9], [0, 4, 7], [1, 3, 8], [1, 7, 9], [2, 4, 8], [2, 5, 7], [3, 5, 6], [4, 6, 9]]
   20 four-blocks; rank 9; real kernel dim 1
   torsion exponent e = 2; torsion solutions 2; with theta_0 = 0 and distinct points on each circle: 0
   => NOT REALISABLE (all labellings, finite and infinite O)
structure 11: count 32, l = 10, lines [[0, 1, 5], [0, 3, 9], [0, 6, 7], [1, 2, 7], [1, 3, 8], [1, 4, 9], [2, 3, 5], [2, 6, 8], [3, 4, 6], [4, 7, 8]]
   20 four-blocks; rank 9; real kernel dim 1
   torsion exponent e = 2; torsion solutions 2; with theta_0 = 0 and distinct points on each circle: 0
   => NOT REALISABLE (all labellings, finite and infinite O)
structure 12: count 31, l = 11, lines [[0, 1, 2, 3, 4], [0, 5, 8], [0, 6, 7], [1, 5, 6], [1, 8, 9], [2, 5, 7], [2, 6, 9], [3, 6, 8], [3, 7, 9], [4, 5, 9], [4, 7, 8]]
   20 four-blocks; rank 9; real kernel dim 1
   torsion exponent e = 2; torsion solutions 2; with theta_0 = 0 and distinct points on each circle: 0
   => NOT REALISABLE (all labellings, finite and infinite O)
structure 13: count 32, l = 10, lines [[0, 1, 2, 3, 4], [0, 5, 8], [0, 6, 7], [1, 5, 6], [1, 8, 9], [2, 5, 7], [2, 6, 9], [3, 6, 8], [3, 7, 9], [4, 5, 9]]
   20 four-blocks; rank 9; real kernel dim 1
   torsion exponent e = 2; torsion solutions 2; with theta_0 = 0 and distinct points on each circle: 0
   => NOT REALISABLE (all labellings, finite and infinite O)
structure 14: count 32, l = 10, lines [[0, 1, 5], [0, 2, 7], [0, 3, 6], [0, 4, 8], [1, 2, 6], [1, 3, 8], [1, 4, 9], [2, 3, 9], [2, 4, 5], [3, 4, 7]]
   20 four-blocks; rank 9; real kernel dim 1
   torsion exponent e = 2; torsion solutions 2; with theta_0 = 0 and distinct points on each circle: 0
   => NOT REALISABLE (all labellings, finite and infinite O)
structure 15: count 32, l = 10, lines [[0, 1, 5], [0, 4, 8], [0, 6, 7], [1, 2, 6], [1, 8, 9], [2, 3, 9], [2, 5, 7], [3, 4, 7], [3, 6, 8], [4, 5, 9]]
   20 four-blocks; rank 9; real kernel dim 1
   torsion exponent e = 2; torsion solutions 2; with theta_0 = 0 and distinct points on each circle: 0
   => NOT REALISABLE (all labellings, finite and infinite O)
