structure 4: count 32, l = 10, lines [[0, 1, 5], [0, 4, 8], [0, 6, 7], [1, 3, 7], [1, 8, 9], [2, 3, 9], [2, 4, 6], [2, 7, 8], [3, 5, 6], [4, 5, 9]]
   20 four-blocks; rank 9; real kernel dim 1
   torsion exponent e = 10; torsion solutions 10; with theta_0 = 0 and distinct points on each circle: 8
      S angles (0, 2, 6, 4, 8)  R angles (1, 7, 3, 9, 5)   (units 2 pi / 10)
      S angles (0, 2, 6, 4, 8)  R angles (6, 2, 8, 4, 0)   (units 2 pi / 10)
      S angles (0, 4, 2, 8, 6)  R angles (2, 4, 6, 8, 0)   (units 2 pi / 10)
      S angles (0, 4, 2, 8, 6)  R angles (7, 9, 1, 3, 5)   (units 2 pi / 10)
      S angles (0, 6, 8, 2, 4)  R angles (3, 1, 9, 7, 5)   (units 2 pi / 10)
      S angles (0, 6, 8, 2, 4)  R angles (8, 6, 4, 2, 0)   (units 2 pi / 10)
      S angles (0, 8, 4, 6, 2)  R angles (4, 8, 2, 6, 0)   (units 2 pi / 10)
      S angles (0, 8, 4, 6, 2)  R angles (9, 3, 7, 1, 5)   (units 2 pi / 10)
      labelling S=(0, 2, 6, 4, 8) R=(1, 7, 3, 9, 5): finite O impossible: True; O = infinity impossible: True  [1.2s]
      labelling S=(0, 2, 6, 4, 8) R=(6, 2, 8, 4, 0): finite O impossible: True; O = infinity impossible: True  [0.8s]
      labelling S=(0, 4, 2, 8, 6) R=(2, 4, 6, 8, 0): finite O impossible: True; O = infinity impossible: True  [0.9s]
      labelling S=(0, 4, 2, 8, 6) R=(7, 9, 1, 3, 5): finite O impossible: True; O = infinity impossible: True  [0.9s]
      labelling S=(0, 6, 8, 2, 4) R=(3, 1, 9, 7, 5): finite O impossible: True; O = infinity impossible: True  [0.7s]
      labelling S=(0, 6, 8, 2, 4) R=(8, 6, 4, 2, 0): finite O impossible: True; O = infinity impossible: True  [0.8s]
      labelling S=(0, 8, 4, 6, 2) R=(4, 8, 2, 6, 0): finite O impossible: True; O = infinity impossible: True  [0.8s]
      labelling S=(0, 8, 4, 6, 2) R=(9, 3, 7, 1, 5): finite O impossible: True; O = infinity impossible: True  [0.7s]
   => NOT REALISABLE (all labellings, finite and infinite O)
