skeleton [[0, 1, 2, 3, 4, 5]]: D_skel=19, b4 >= 19, 115 candidate 4-blocks, |Aut|=17280, 6 generators, 21 transpositions
   ... 5000 labelled solutions
   stage 1: status OPTIMAL, 9840 labelled solutions, 8 classes  [1096s]
   F-class 0: b4=19 D=76 degrees=[7, 7, 7, 7, 7, 7, 10, 10, 10, 10] copies=2160: need l>=12: 28 line sets, (F,L) classes so far 5  [1100s]
   F-class 1: b4=19 D=76 degrees=[7, 7, 7, 7, 7, 7, 10, 10, 10, 10] copies=2160: need l>=12: 0 line sets, (F,L) classes so far 5  [1101s]
   F-class 2: b4=19 D=76 degrees=[7, 7, 7, 7, 7, 7, 10, 10, 10, 10] copies=2160: need l>=12: 0 line sets, (F,L) classes so far 5  [1101s]
   F-class 3: b4=19 D=76 degrees=[7, 7, 7, 7, 7, 7, 10, 10, 10, 10] copies=2160: need l>=12: 0 line sets, (F,L) classes so far 5  [1101s]
   F-class 4: b4=19 D=76 degrees=[7, 7, 7, 7, 7, 7, 10, 10, 10, 10] copies=360: need l>=12: 0 line sets, (F,L) classes so far 5  [1101s]
   F-class 5: b4=19 D=76 degrees=[7, 7, 7, 7, 7, 7, 10, 10, 10, 10] copies=360: need l>=12: 0 line sets, (F,L) classes so far 5  [1101s]
   F-class 6: b4=19 D=76 degrees=[7, 7, 7, 7, 7, 7, 10, 10, 10, 10] copies=360: need l>=12: 28 line sets, (F,L) classes so far 8  [1111s]
   F-class 7: b4=19 D=76 degrees=[7, 7, 7, 7, 7, 7, 10, 10, 10, 10] copies=120: need l>=12: 0 line sets, (F,L) classes so far 8  [1111s]
TOTAL: stage1 OPTIMAL; 8 F-classes; 8 (F,L) classes; time 1111s
   count 31 l 13 blocks [[0, 1, 2, 3, 4, 5], [0, 1, 7, 9], [0, 2, 6, 7], [0, 2, 8, 9], [0, 3, 7, 8], [0, 4, 6, 8], [0, 5, 6, 9], [1, 2, 6, 9], [1, 3, 6, 8], [1, 4, 6, 7], [1, 4, 8, 9], [1, 5, 7, 8], [2, 3, 7, 9], [2, 4, 7, 8], [2, 5, 6, 8], [3, 4, 6, 9], [3, 5, 6, 7], [3, 5, 8, 9], [4, 5, 7, 9], [6, 7, 8, 9]] lines [[0, 1, 6], [0, 3, 9], [0, 4, 7], [0, 5, 8], [1, 2, 8], [1, 3, 7], [1, 5, 9], [2, 3, 6], [2, 4, 9], [2, 5, 7], [3, 4, 8], [4, 5, 6], [6, 7, 8, 9]]
   count 32 l 12 blocks [[0, 1, 2, 3, 4, 5], [0, 1, 7, 9], [0, 2, 6, 7], [0, 2, 8, 9], [0, 3, 7, 8], [0, 4, 6, 8], [0, 5, 6, 9], [1, 2, 6, 9], [1, 3, 6, 8], [1, 4, 6, 7], [1, 4, 8, 9], [1, 5, 7, 8], [2, 3, 7, 9], [2, 4, 7, 8], [2, 5, 6, 8], [3, 4, 6, 9], [3, 5, 6, 7], [3, 5, 8, 9], [4, 5, 7, 9], [6, 7, 8, 9]] lines [[0, 1, 6], [0, 3, 9], [0, 4, 7], [0, 5, 8], [1, 2, 8], [1, 3, 7], [1, 5, 9], [2, 3, 6], [2, 4, 9], [2, 5, 7], [3, 4, 8], [6, 7, 8, 9]]
   count 32 l 12 blocks [[0, 1, 2, 3, 4, 5], [0, 1, 7, 9], [0, 2, 6, 7], [0, 2, 8, 9], [0, 3, 7, 8], [0, 4, 6, 8], [0, 5, 6, 9], [1, 2, 6, 9], [1, 3, 6, 8], [1, 4, 6, 7], [1, 4, 8, 9], [1, 5, 7, 8], [2, 3, 7, 9], [2, 4, 7, 8], [2, 5, 6, 8], [3, 4, 6, 9], [3, 5, 6, 7], [3, 5, 8, 9], [4, 5, 7, 9], [6, 7, 8, 9]] lines [[0, 1, 6], [0, 3, 9], [0, 4, 7], [0, 5, 8], [1, 2, 8], [1, 3, 7], [1, 5, 9], [2, 3, 6], [2, 4, 9], [3, 4, 8], [4, 5, 6], [6, 7, 8, 9]]
   count 32 l 12 blocks [[0, 1, 2, 3, 4, 5], [0, 1, 7, 9], [0, 2, 6, 7], [0, 2, 8, 9], [0, 3, 7, 8], [0, 4, 6, 8], [0, 5, 6, 9], [1, 2, 6, 9], [1, 3, 6, 8], [1, 4, 6, 7], [1, 4, 8, 9], [1, 5, 7, 8], [2, 3, 7, 9], [2, 4, 7, 8], [2, 5, 6, 8], [3, 4, 6, 9], [3, 5, 6, 7], [3, 5, 8, 9], [4, 5, 7, 9], [6, 7, 8, 9]] lines [[0, 1, 6], [0, 3, 9], [0, 4, 7], [1, 2, 8], [1, 3, 7], [1, 5, 9], [2, 3, 6], [2, 4, 9], [2, 5, 7], [3, 4, 8], [4, 5, 6], [6, 7, 8, 9]]
   count 32 l 12 blocks [[0, 1, 2, 3, 4, 5], [0, 1, 7, 9], [0, 2, 6, 7], [0, 2, 8, 9], [0, 3, 7, 8], [0, 4, 6, 8], [0, 5, 6, 9], [1, 2, 6, 9], [1, 3, 6, 8], [1, 4, 6, 7], [1, 4, 8, 9], [1, 5, 7, 8], [2, 3, 7, 9], [2, 4, 7, 8], [2, 5, 6, 8], [3, 4, 6, 9], [3, 5, 6, 7], [3, 5, 8, 9], [4, 5, 7, 9], [6, 7, 8, 9]] lines [[0, 1, 6], [0, 3, 9], [0, 4, 7], [0, 5, 8], [1, 2, 8], [1, 3, 7], [1, 5, 9], [2, 3, 6], [2, 4, 9], [2, 5, 7], [3, 4, 8], [4, 5, 6]]
   count 31 l 13 blocks [[0, 1, 2, 3, 4, 5], [0, 1, 6, 9], [0, 1, 7, 8], [0, 2, 7, 9], [0, 3, 6, 7], [0, 4, 8, 9], [0, 5, 6, 8], [1, 2, 6, 8], [1, 3, 8, 9], [1, 4, 6, 7], [1, 5, 7, 9], [2, 3, 7, 8], [2, 4, 6, 9], [2, 5, 6, 7], [2, 5, 8, 9], [3, 4, 6, 8], [3, 4, 7, 9], [3, 5, 6, 9], [4, 5, 7, 8], [6, 7, 8, 9]] lines [[0, 2, 6], [0, 3, 8], [0, 4, 7], [0, 5, 9], [1, 2, 7], [1, 3, 6], [1, 4, 9], [1, 5, 8], [2, 3, 9], [2, 4, 8], [3, 5, 7], [4, 5, 6], [6, 7, 8, 9]]
   count 32 l 12 blocks [[0, 1, 2, 3, 4, 5], [0, 1, 6, 9], [0, 1, 7, 8], [0, 2, 7, 9], [0, 3, 6, 7], [0, 4, 8, 9], [0, 5, 6, 8], [1, 2, 6, 8], [1, 3, 8, 9], [1, 4, 6, 7], [1, 5, 7, 9], [2, 3, 7, 8], [2, 4, 6, 9], [2, 5, 6, 7], [2, 5, 8, 9], [3, 4, 6, 8], [3, 4, 7, 9], [3, 5, 6, 9], [4, 5, 7, 8], [6, 7, 8, 9]] lines [[0, 2, 6], [0, 3, 8], [0, 4, 7], [0, 5, 9], [1, 2, 7], [1, 3, 6], [1, 4, 9], [1, 5, 8], [2, 3, 9], [2, 4, 8], [3, 5, 7], [6, 7, 8, 9]]
   count 32 l 12 blocks [[0, 1, 2, 3, 4, 5], [0, 1, 6, 9], [0, 1, 7, 8], [0, 2, 7, 9], [0, 3, 6, 7], [0, 4, 8, 9], [0, 5, 6, 8], [1, 2, 6, 8], [1, 3, 8, 9], [1, 4, 6, 7], [1, 5, 7, 9], [2, 3, 7, 8], [2, 4, 6, 9], [2, 5, 6, 7], [2, 5, 8, 9], [3, 4, 6, 8], [3, 4, 7, 9], [3, 5, 6, 9], [4, 5, 7, 8], [6, 7, 8, 9]] lines [[0, 2, 6], [0, 3, 8], [0, 4, 7], [0, 5, 9], [1, 2, 7], [1, 3, 6], [1, 4, 9], [1, 5, 8], [2, 3, 9], [2, 4, 8], [3, 5, 7], [4, 5, 6]]
