skeleton [[0, 1, 2, 3, 4], [5, 6, 7, 8, 9]]: D_skel=18, b4 >= 19, 100 candidate 4-blocks, |Aut|=28800, 7 generators, 20 transpositions
   stage 1: status OPTIMAL, 2934 labelled solutions, 59 classes  [293s]
   F-class 0: b4=19 D=75 degrees=[9, 9, 8, 9, 8, 9, 9, 9, 8, 8] copies=94: need l>=13: 0 line sets, (F,L) classes so far 0  [297s]
   F-class 1: b4=19 D=75 degrees=[8, 9, 9, 8, 9, 9, 9, 9, 8, 8] copies=101: need l>=13: 0 line sets, (F,L) classes so far 0  [297s]
   F-class 2: b4=19 D=75 degrees=[9, 8, 8, 9, 9, 9, 8, 8, 9, 9] copies=53: need l>=13: 0 line sets, (F,L) classes so far 0  [297s]
   F-class 3: b4=20 D=78 degrees=[9, 9, 9, 9, 9, 9, 9, 9, 9, 9] copies=18: need l>=10: 30 line sets, (F,L) classes so far 7  [301s]
   F-class 4: b4=19 D=75 degrees=[9, 9, 8, 8, 9, 9, 9, 8, 8, 9] copies=101: need l>=13: 0 line sets, (F,L) classes so far 7  [302s]
   F-class 5: b4=19 D=75 degrees=[8, 9, 9, 9, 8, 8, 9, 9, 8, 9] copies=46: need l>=13: 0 line sets, (F,L) classes so far 7  [302s]
   F-class 6: b4=19 D=75 degrees=[9, 9, 8, 9, 8, 8, 9, 9, 8, 9] copies=42: need l>=13: 0 line sets, (F,L) classes so far 7  [302s]
   F-class 7: b4=19 D=75 degrees=[9, 9, 8, 9, 8, 9, 9, 8, 9, 8] copies=47: need l>=13: 0 line sets, (F,L) classes so far 7  [302s]
   F-class 8: b4=19 D=75 degrees=[9, 9, 8, 9, 8, 9, 9, 9, 8, 8] copies=43: need l>=13: 0 line sets, (F,L) classes so far 7  [302s]
   F-class 9: b4=19 D=75 degrees=[8, 8, 9, 9, 9, 9, 9, 9, 8, 8] copies=45: need l>=13: 0 line sets, (F,L) classes so far 7  [302s]
   F-class 10: b4=19 D=75 degrees=[9, 9, 8, 8, 9, 9, 9, 9, 8, 8] copies=85: need l>=13: 0 line sets, (F,L) classes so far 7  [302s]
   F-class 11: b4=19 D=75 degrees=[9, 8, 8, 9, 9, 9, 8, 8, 9, 9] copies=50: need l>=13: 0 line sets, (F,L) classes so far 7  [302s]
   F-class 12: b4=19 D=75 degrees=[9, 8, 8, 9, 9, 9, 9, 8, 9, 8] copies=53: need l>=13: 0 line sets, (F,L) classes so far 7  [302s]
   F-class 13: b4=19 D=75 degrees=[9, 8, 8, 9, 9, 9, 9, 9, 8, 8] copies=52: need l>=13: 0 line sets, (F,L) classes so far 7  [302s]
   F-class 14: b4=19 D=75 degrees=[9, 8, 8, 9, 9, 9, 9, 9, 8, 8] copies=43: need l>=13: 0 line sets, (F,L) classes so far 7  [302s]
   F-class 15: b4=19 D=75 degrees=[9, 8, 8, 9, 9, 9, 8, 8, 9, 9] copies=95: need l>=13: 0 line sets, (F,L) classes so far 7  [302s]
   F-class 16: b4=19 D=75 degrees=[9, 8, 8, 9, 9, 9, 8, 8, 9, 9] copies=45: need l>=13: 0 line sets, (F,L) classes so far 7  [302s]
   F-class 17: b4=19 D=75 degrees=[9, 8, 8, 9, 9, 9, 9, 9, 8, 8] copies=89: need l>=13: 0 line sets, (F,L) classes so far 7  [302s]
   F-class 18: b4=19 D=75 degrees=[9, 8, 8, 9, 9, 9, 9, 8, 9, 8] copies=27: need l>=13: 0 line sets, (F,L) classes so far 7  [302s]
   F-class 19: b4=19 D=75 degrees=[9, 8, 9, 8, 9, 9, 9, 9, 8, 8] copies=48: need l>=13: 0 line sets, (F,L) classes so far 7  [302s]
   F-class 20: b4=19 D=75 degrees=[8, 9, 9, 8, 9, 9, 8, 8, 9, 9] copies=52: need l>=13: 0 line sets, (F,L) classes so far 7  [302s]
   F-class 21: b4=20 D=78 degrees=[9, 9, 9, 9, 9, 9, 9, 9, 9, 9] copies=15: need l>=10: 0 line sets, (F,L) classes so far 7  [302s]
   F-class 22: b4=19 D=75 degrees=[9, 9, 8, 9, 8, 8, 9, 8, 9, 9] copies=52: need l>=13: 0 line sets, (F,L) classes so far 7  [302s]
   F-class 23: b4=19 D=75 degrees=[9, 8, 8, 9, 9, 9, 8, 8, 9, 9] copies=26: need l>=13: 0 line sets, (F,L) classes so far 7  [302s]
   F-class 24: b4=19 D=75 degrees=[9, 8, 8, 9, 9, 9, 9, 9, 8, 8] copies=45: need l>=13: 0 line sets, (F,L) classes so far 7  [302s]
   F-class 25: b4=19 D=75 degrees=[9, 8, 8, 9, 9, 9, 8, 9, 8, 9] copies=100: need l>=13: 0 line sets, (F,L) classes so far 7  [302s]
   F-class 26: b4=19 D=75 degrees=[9, 8, 8, 9, 9, 9, 9, 9, 8, 8] copies=98: need l>=13: 0 line sets, (F,L) classes so far 7  [302s]
   F-class 27: b4=19 D=75 degrees=[9, 8, 8, 9, 9, 8, 8, 9, 9, 9] copies=51: need l>=13: 0 line sets, (F,L) classes so far 7  [302s]
   F-class 28: b4=19 D=75 degrees=[9, 9, 8, 8, 9, 9, 9, 8, 9, 8] copies=52: need l>=13: 0 line sets, (F,L) classes so far 7  [302s]
   F-class 29: b4=19 D=75 degrees=[9, 9, 8, 8, 9, 9, 9, 8, 9, 8] copies=57: need l>=13: 0 line sets, (F,L) classes so far 7  [302s]
   F-class 30: b4=20 D=78 degrees=[9, 9, 9, 9, 9, 9, 9, 9, 9, 9] copies=12: need l>=10: 0 line sets, (F,L) classes so far 7  [302s]
   F-class 31: b4=19 D=75 degrees=[9, 8, 9, 9, 8, 9, 8, 8, 9, 9] copies=42: need l>=13: 0 line sets, (F,L) classes so far 7  [302s]
   F-class 32: b4=19 D=75 degrees=[9, 9, 8, 8, 9, 8, 8, 9, 9, 9] copies=51: need l>=13: 0 line sets, (F,L) classes so far 7  [302s]
   F-class 33: b4=19 D=75 degrees=[9, 8, 8, 9, 9, 8, 9, 9, 9, 8] copies=52: need l>=13: 0 line sets, (F,L) classes so far 7  [302s]
   F-class 34: b4=19 D=75 degrees=[9, 9, 9, 8, 8, 9, 9, 9, 8, 8] copies=50: need l>=13: 0 line sets, (F,L) classes so far 7  [302s]
   F-class 35: b4=19 D=75 degrees=[8, 9, 9, 9, 8, 8, 8, 9, 9, 9] copies=50: need l>=13: 0 line sets, (F,L) classes so far 7  [302s]
   F-class 36: b4=19 D=75 degrees=[8, 9, 9, 9, 8, 8, 8, 9, 9, 9] copies=104: need l>=13: 0 line sets, (F,L) classes so far 7  [302s]
   F-class 37: b4=19 D=75 degrees=[8, 8, 9, 9, 9, 8, 8, 9, 9, 9] copies=85: need l>=13: 0 line sets, (F,L) classes so far 7  [302s]
   F-class 38: b4=19 D=75 degrees=[8, 8, 9, 9, 9, 9, 8, 9, 8, 9] copies=44: need l>=13: 0 line sets, (F,L) classes so far 7  [302s]
   F-class 39: b4=19 D=75 degrees=[9, 9, 8, 9, 8, 8, 9, 8, 9, 9] copies=25: need l>=13: 0 line sets, (F,L) classes so far 7  [302s]
   F-class 40: b4=19 D=75 degrees=[9, 8, 8, 9, 9, 9, 8, 8, 9, 9] copies=49: need l>=13: 0 line sets, (F,L) classes so far 7  [302s]
   F-class 41: b4=19 D=75 degrees=[8, 9, 9, 8, 9, 8, 8, 9, 9, 9] copies=55: need l>=13: 0 line sets, (F,L) classes so far 7  [302s]
   F-class 42: b4=19 D=75 degrees=[9, 9, 8, 9, 8, 9, 8, 8, 9, 9] copies=22: need l>=13: 0 line sets, (F,L) classes so far 7  [302s]
   F-class 43: b4=19 D=75 degrees=[8, 9, 9, 8, 9, 9, 8, 9, 8, 9] copies=28: need l>=13: 0 line sets, (F,L) classes so far 7  [302s]
   F-class 44: b4=20 D=78 degrees=[9, 9, 9, 9, 9, 9, 9, 9, 9, 9] copies=4: need l>=10: 31 line sets, (F,L) classes so far 12  [313s]
   F-class 45: b4=19 D=75 degrees=[8, 9, 9, 8, 9, 9, 9, 9, 8, 8] copies=99: need l>=13: 0 line sets, (F,L) classes so far 12  [313s]
   F-class 46: b4=19 D=75 degrees=[9, 9, 8, 9, 8, 8, 9, 9, 8, 9] copies=42: need l>=13: 0 line sets, (F,L) classes so far 12  [313s]
   F-class 47: b4=19 D=75 degrees=[9, 9, 9, 8, 8, 8, 9, 9, 8, 9] copies=93: need l>=13: 0 line sets, (F,L) classes so far 12  [313s]
   F-class 48: b4=19 D=75 degrees=[9, 9, 8, 9, 8, 9, 8, 9, 9, 8] copies=40: need l>=13: 0 line sets, (F,L) classes so far 12  [313s]
   F-class 49: b4=19 D=75 degrees=[8, 9, 9, 9, 8, 9, 9, 8, 9, 8] copies=47: need l>=13: 0 line sets, (F,L) classes so far 12  [313s]
   F-class 50: b4=19 D=75 degrees=[9, 9, 8, 8, 9, 9, 8, 8, 9, 9] copies=25: need l>=13: 0 line sets, (F,L) classes so far 12  [313s]
   F-class 51: b4=19 D=75 degrees=[9, 9, 8, 9, 8, 9, 8, 8, 9, 9] copies=40: need l>=13: 0 line sets, (F,L) classes so far 12  [313s]
   F-class 52: b4=20 D=78 degrees=[9, 9, 9, 9, 9, 9, 9, 9, 9, 9] copies=3: need l>=10: 26 line sets, (F,L) classes so far 16  [334s]
   F-class 53: b4=20 D=78 degrees=[9, 9, 9, 9, 9, 9, 9, 9, 9, 9] copies=16: need l>=10: 0 line sets, (F,L) classes so far 16  [334s]
   F-class 54: b4=19 D=75 degrees=[8, 8, 9, 9, 9, 9, 9, 9, 8, 8] copies=20: need l>=13: 0 line sets, (F,L) classes so far 16  [334s]
   F-class 55: b4=19 D=75 degrees=[8, 8, 9, 9, 9, 9, 9, 9, 8, 8] copies=45: need l>=13: 0 line sets, (F,L) classes so far 16  [334s]
   F-class 56: b4=19 D=75 degrees=[8, 8, 9, 9, 9, 8, 8, 9, 9, 9] copies=24: need l>=13: 0 line sets, (F,L) classes so far 16  [334s]
   F-class 57: b4=19 D=75 degrees=[8, 8, 9, 9, 9, 9, 9, 9, 8, 8] copies=15: need l>=13: 0 line sets, (F,L) classes so far 16  [334s]
   F-class 58: b4=19 D=75 degrees=[9, 8, 9, 9, 8, 8, 9, 8, 9, 9] copies=27: need l>=13: 0 line sets, (F,L) classes so far 16  [334s]
TOTAL: stage1 OPTIMAL; 59 F-classes; 16 (F,L) classes; time 334s
   count 31 l 11 blocks [[0, 1, 2, 3, 4], [0, 1, 6, 9], [0, 1, 7, 8], [0, 2, 5, 8], [0, 2, 7, 9], [0, 3, 5, 7], [0, 3, 6, 8], [0, 4, 5, 6], [0, 4, 8, 9], [1, 2, 5, 6], [1, 2, 8, 9], [1, 3, 5, 9], [1, 3, 6, 7], [1, 4, 5, 7], [1, 4, 6, 8], [2, 3, 6, 9], [2, 3, 7, 8], [2, 4, 5, 9], [2, 4, 6, 7], [3, 4, 5, 8], [3, 4, 7, 9], [5, 6, 7, 8, 9]] lines [[0, 1, 2, 3, 4], [0, 5, 9], [0, 6, 7], [1, 5, 8], [1, 7, 9], [2, 5, 7], [2, 6, 8], [3, 5, 6], [3, 8, 9], [4, 6, 9], [4, 7, 8]]
   count 32 l 10 blocks [[0, 1, 2, 3, 4], [0, 1, 6, 9], [0, 1, 7, 8], [0, 2, 5, 8], [0, 2, 7, 9], [0, 3, 5, 7], [0, 3, 6, 8], [0, 4, 5, 6], [0, 4, 8, 9], [1, 2, 5, 6], [1, 2, 8, 9], [1, 3, 5, 9], [1, 3, 6, 7], [1, 4, 5, 7], [1, 4, 6, 8], [2, 3, 6, 9], [2, 3, 7, 8], [2, 4, 5, 9], [2, 4, 6, 7], [3, 4, 5, 8], [3, 4, 7, 9], [5, 6, 7, 8, 9]] lines [[0, 1, 2, 3, 4], [0, 5, 9], [0, 6, 7], [1, 5, 8], [1, 7, 9], [2, 5, 7], [2, 6, 8], [3, 5, 6], [3, 8, 9], [4, 6, 9]]
   count 32 l 10 blocks [[0, 1, 2, 3, 4], [0, 1, 6, 9], [0, 1, 7, 8], [0, 2, 5, 8], [0, 2, 7, 9], [0, 3, 5, 7], [0, 3, 6, 8], [0, 4, 5, 6], [0, 4, 8, 9], [1, 2, 5, 6], [1, 2, 8, 9], [1, 3, 5, 9], [1, 3, 6, 7], [1, 4, 5, 7], [1, 4, 6, 8], [2, 3, 6, 9], [2, 3, 7, 8], [2, 4, 5, 9], [2, 4, 6, 7], [3, 4, 5, 8], [3, 4, 7, 9], [5, 6, 7, 8, 9]] lines [[0, 1, 2, 3, 4], [0, 5, 9], [0, 6, 7], [1, 5, 8], [1, 7, 9], [2, 5, 7], [2, 6, 8], [3, 5, 6], [3, 8, 9], [4, 7, 8]]
   count 32 l 10 blocks [[0, 1, 2, 3, 4], [0, 1, 6, 9], [0, 1, 7, 8], [0, 2, 5, 8], [0, 2, 7, 9], [0, 3, 5, 7], [0, 3, 6, 8], [0, 4, 5, 6], [0, 4, 8, 9], [1, 2, 5, 6], [1, 2, 8, 9], [1, 3, 5, 9], [1, 3, 6, 7], [1, 4, 5, 7], [1, 4, 6, 8], [2, 3, 6, 9], [2, 3, 7, 8], [2, 4, 5, 9], [2, 4, 6, 7], [3, 4, 5, 8], [3, 4, 7, 9], [5, 6, 7, 8, 9]] lines [[0, 1, 2, 3, 4], [0, 5, 9], [1, 5, 8], [1, 7, 9], [2, 5, 7], [2, 6, 8], [3, 5, 6], [3, 8, 9], [4, 6, 9], [4, 7, 8]]
   count 32 l 10 blocks [[0, 1, 2, 3, 4], [0, 1, 6, 9], [0, 1, 7, 8], [0, 2, 5, 8], [0, 2, 7, 9], [0, 3, 5, 7], [0, 3, 6, 8], [0, 4, 5, 6], [0, 4, 8, 9], [1, 2, 5, 6], [1, 2, 8, 9], [1, 3, 5, 9], [1, 3, 6, 7], [1, 4, 5, 7], [1, 4, 6, 8], [2, 3, 6, 9], [2, 3, 7, 8], [2, 4, 5, 9], [2, 4, 6, 7], [3, 4, 5, 8], [3, 4, 7, 9], [5, 6, 7, 8, 9]] lines [[0, 1, 5], [0, 2, 6], [0, 3, 9], [0, 4, 7], [1, 2, 7], [1, 3, 8], [1, 4, 9], [2, 3, 5], [2, 4, 8], [3, 4, 6]]
   count 32 l 10 blocks [[0, 1, 2, 3, 4], [0, 1, 6, 9], [0, 1, 7, 8], [0, 2, 5, 8], [0, 2, 7, 9], [0, 3, 5, 7], [0, 3, 6, 8], [0, 4, 5, 6], [0, 4, 8, 9], [1, 2, 5, 6], [1, 2, 8, 9], [1, 3, 5, 9], [1, 3, 6, 7], [1, 4, 5, 7], [1, 4, 6, 8], [2, 3, 6, 9], [2, 3, 7, 8], [2, 4, 5, 9], [2, 4, 6, 7], [3, 4, 5, 8], [3, 4, 7, 9], [5, 6, 7, 8, 9]] lines [[0, 1, 5], [0, 2, 6], [0, 3, 9], [0, 4, 7], [1, 3, 8], [1, 7, 9], [2, 4, 8], [2, 5, 7], [3, 5, 6], [4, 6, 9]]
   count 32 l 10 blocks [[0, 1, 2, 3, 4], [0, 1, 6, 9], [0, 1, 7, 8], [0, 2, 5, 8], [0, 2, 7, 9], [0, 3, 5, 7], [0, 3, 6, 8], [0, 4, 5, 6], [0, 4, 8, 9], [1, 2, 5, 6], [1, 2, 8, 9], [1, 3, 5, 9], [1, 3, 6, 7], [1, 4, 5, 7], [1, 4, 6, 8], [2, 3, 6, 9], [2, 3, 7, 8], [2, 4, 5, 9], [2, 4, 6, 7], [3, 4, 5, 8], [3, 4, 7, 9], [5, 6, 7, 8, 9]] lines [[0, 1, 5], [0, 3, 9], [0, 6, 7], [1, 2, 7], [1, 3, 8], [1, 4, 9], [2, 3, 5], [2, 6, 8], [3, 4, 6], [4, 7, 8]]
   count 31 l 11 blocks [[0, 1, 2, 3, 4], [0, 1, 6, 9], [0, 1, 7, 8], [0, 2, 5, 8], [0, 2, 7, 9], [0, 3, 5, 7], [0, 3, 6, 8], [0, 4, 5, 6], [0, 4, 8, 9], [1, 2, 5, 7], [1, 2, 6, 8], [1, 3, 5, 9], [1, 3, 6, 7], [1, 4, 5, 8], [1, 4, 7, 9], [2, 3, 5, 6], [2, 3, 8, 9], [2, 4, 5, 9], [2, 4, 6, 7], [3, 4, 6, 9], [3, 4, 7, 8], [5, 6, 7, 8, 9]] lines [[0, 1, 2, 3, 4], [0, 5, 9], [0, 6, 7], [1, 5, 6], [1, 8, 9], [2, 6, 9], [2, 7, 8], [3, 5, 8], [3, 7, 9], [4, 5, 7], [4, 6, 8]]
   count 32 l 10 blocks [[0, 1, 2, 3, 4], [0, 1, 6, 9], [0, 1, 7, 8], [0, 2, 5, 8], [0, 2, 7, 9], [0, 3, 5, 7], [0, 3, 6, 8], [0, 4, 5, 6], [0, 4, 8, 9], [1, 2, 5, 7], [1, 2, 6, 8], [1, 3, 5, 9], [1, 3, 6, 7], [1, 4, 5, 8], [1, 4, 7, 9], [2, 3, 5, 6], [2, 3, 8, 9], [2, 4, 5, 9], [2, 4, 6, 7], [3, 4, 6, 9], [3, 4, 7, 8], [5, 6, 7, 8, 9]] lines [[0, 1, 2, 3, 4], [0, 5, 9], [0, 6, 7], [1, 5, 6], [1, 8, 9], [2, 6, 9], [2, 7, 8], [3, 5, 8], [3, 7, 9], [4, 5, 7]]
   count 32 l 10 blocks [[0, 1, 2, 3, 4], [0, 1, 6, 9], [0, 1, 7, 8], [0, 2, 5, 8], [0, 2, 7, 9], [0, 3, 5, 7], [0, 3, 6, 8], [0, 4, 5, 6], [0, 4, 8, 9], [1, 2, 5, 7], [1, 2, 6, 8], [1, 3, 5, 9], [1, 3, 6, 7], [1, 4, 5, 8], [1, 4, 7, 9], [2, 3, 5, 6], [2, 3, 8, 9], [2, 4, 5, 9], [2, 4, 6, 7], [3, 4, 6, 9], [3, 4, 7, 8], [5, 6, 7, 8, 9]] lines [[0, 1, 7, 8], [0, 2, 6], [0, 5, 9], [1, 2, 9], [1, 5, 6], [2, 3, 7], [2, 4, 8], [3, 4, 6, 9], [3, 5, 8], [4, 5, 7]]
   count 32 l 10 blocks [[0, 1, 2, 3, 4], [0, 1, 6, 9], [0, 1, 7, 8], [0, 2, 5, 8], [0, 2, 7, 9], [0, 3, 5, 7], [0, 3, 6, 8], [0, 4, 5, 6], [0, 4, 8, 9], [1, 2, 5, 7], [1, 2, 6, 8], [1, 3, 5, 9], [1, 3, 6, 7], [1, 4, 5, 8], [1, 4, 7, 9], [2, 3, 5, 6], [2, 3, 8, 9], [2, 4, 5, 9], [2, 4, 6, 7], [3, 4, 6, 9], [3, 4, 7, 8], [5, 6, 7, 8, 9]] lines [[0, 1, 5], [0, 2, 6], [0, 3, 9], [0, 4, 7], [1, 2, 9], [1, 3, 8], [1, 4, 6], [2, 3, 7], [2, 4, 8], [3, 4, 5]]
   count 32 l 10 blocks [[0, 1, 2, 3, 4], [0, 1, 6, 9], [0, 1, 7, 8], [0, 2, 5, 8], [0, 2, 7, 9], [0, 3, 5, 7], [0, 3, 6, 8], [0, 4, 5, 6], [0, 4, 8, 9], [1, 2, 5, 7], [1, 2, 6, 8], [1, 3, 5, 9], [1, 3, 6, 7], [1, 4, 5, 8], [1, 4, 7, 9], [2, 3, 5, 6], [2, 3, 8, 9], [2, 4, 5, 9], [2, 4, 6, 7], [3, 4, 6, 9], [3, 4, 7, 8], [5, 6, 7, 8, 9]] lines [[0, 1, 5], [0, 3, 9], [0, 6, 7], [1, 4, 6], [1, 8, 9], [2, 3, 7], [2, 4, 8], [2, 6, 9], [3, 5, 8], [4, 5, 7]]
   count 31 l 11 blocks [[0, 1, 2, 3, 4], [0, 1, 6, 9], [0, 1, 7, 8], [0, 2, 5, 9], [0, 2, 6, 8], [0, 3, 5, 8], [0, 3, 6, 7], [0, 4, 5, 7], [0, 4, 8, 9], [1, 2, 5, 8], [1, 2, 7, 9], [1, 3, 5, 6], [1, 3, 8, 9], [1, 4, 5, 9], [1, 4, 6, 7], [2, 3, 5, 7], [2, 3, 6, 9], [2, 4, 5, 6], [2, 4, 7, 8], [3, 4, 6, 8], [3, 4, 7, 9], [5, 6, 7, 8, 9]] lines [[0, 1, 2, 3, 4], [0, 5, 6], [0, 7, 9], [1, 5, 7], [1, 6, 8], [2, 6, 7], [2, 8, 9], [3, 5, 9], [3, 7, 8], [4, 5, 8], [4, 6, 9]]
   count 32 l 10 blocks [[0, 1, 2, 3, 4], [0, 1, 6, 9], [0, 1, 7, 8], [0, 2, 5, 9], [0, 2, 6, 8], [0, 3, 5, 8], [0, 3, 6, 7], [0, 4, 5, 7], [0, 4, 8, 9], [1, 2, 5, 8], [1, 2, 7, 9], [1, 3, 5, 6], [1, 3, 8, 9], [1, 4, 5, 9], [1, 4, 6, 7], [2, 3, 5, 7], [2, 3, 6, 9], [2, 4, 5, 6], [2, 4, 7, 8], [3, 4, 6, 8], [3, 4, 7, 9], [5, 6, 7, 8, 9]] lines [[0, 1, 2, 3, 4], [0, 5, 6], [0, 7, 9], [1, 5, 7], [1, 6, 8], [2, 6, 7], [2, 8, 9], [3, 5, 9], [3, 7, 8], [4, 5, 8]]
   count 32 l 10 blocks [[0, 1, 2, 3, 4], [0, 1, 6, 9], [0, 1, 7, 8], [0, 2, 5, 9], [0, 2, 6, 8], [0, 3, 5, 8], [0, 3, 6, 7], [0, 4, 5, 7], [0, 4, 8, 9], [1, 2, 5, 8], [1, 2, 7, 9], [1, 3, 5, 6], [1, 3, 8, 9], [1, 4, 5, 9], [1, 4, 6, 7], [2, 3, 5, 7], [2, 3, 6, 9], [2, 4, 5, 6], [2, 4, 7, 8], [3, 4, 6, 8], [3, 4, 7, 9], [5, 6, 7, 8, 9]] lines [[0, 1, 5], [0, 2, 7], [0, 3, 9], [0, 4, 6], [1, 2, 6], [1, 3, 7], [1, 4, 8], [2, 3, 8], [2, 4, 9], [3, 4, 5]]
   count 32 l 10 blocks [[0, 1, 2, 3, 4], [0, 1, 6, 9], [0, 1, 7, 8], [0, 2, 5, 9], [0, 2, 6, 8], [0, 3, 5, 8], [0, 3, 6, 7], [0, 4, 5, 7], [0, 4, 8, 9], [1, 2, 5, 8], [1, 2, 7, 9], [1, 3, 5, 6], [1, 3, 8, 9], [1, 4, 5, 9], [1, 4, 6, 7], [2, 3, 5, 7], [2, 3, 6, 9], [2, 4, 5, 6], [2, 4, 7, 8], [3, 4, 6, 8], [3, 4, 7, 9], [5, 6, 7, 8, 9]] lines [[0, 1, 5], [0, 4, 6], [0, 7, 9], [1, 3, 7], [1, 6, 8], [2, 3, 8], [2, 4, 9], [2, 6, 7], [3, 5, 9], [4, 5, 8]]
