16 distinct (F, L) classes from 1 files
structure 0: sizes=[4, 4, 4, 4, 4, 4, 4, 4, 4, 4, 4, 4, 4, 4, 4, 4, 4, 4, 4, 4, 5, 5] lines=[3, 3, 3, 3, 3, 3, 3, 3, 3, 3, 5] D=78 l=11 count=31 -> theorems: ['MIQ']; +cited: ['ORD(cited)']
     Miquel cube faces ([5, 6, 7, 8], [1, 5, 7, 10], [0, 2, 6, 8], [0, 1, 2, 10], [0, 5, 8, 10], [1, 2, 6, 7])
     ordinary-lines (cited) e.g. ("('derived10', 5)", (3, 5))
structure 1: sizes=[4, 4, 4, 4, 4, 4, 4, 4, 4, 4, 4, 4, 4, 4, 4, 4, 4, 4, 4, 4, 5, 5] lines=[3, 3, 3, 3, 3, 3, 3, 3, 3, 5] D=78 l=10 count=32 -> theorems: ['MIQ']; +cited: ['ORD(cited)']
     Miquel cube faces ([5, 6, 7, 8], [1, 5, 7, 10], [0, 2, 6, 8], [0, 1, 2, 10], [0, 5, 8, 10], [1, 2, 6, 7])
     ordinary-lines (cited) e.g. ("('derived10', 5)", (3, 5))
structure 2: sizes=[4, 4, 4, 4, 4, 4, 4, 4, 4, 4, 4, 4, 4, 4, 4, 4, 4, 4, 4, 4, 5, 5] lines=[3, 3, 3, 3, 3, 3, 3, 3, 4, 4] D=78 l=10 count=32 -> theorems: ['ORCH']; +cited: ['ORCH(cited)', 'ORD(cited)']
     orchard e.g. ("('derived10', 0)", [((1, 2, 3, 5, 7, 8, 9, 10), 8, 7)])
     ordinary-lines (cited) e.g. ("('derived10', 2)", (3, 5))
structure 3: sizes=[4, 4, 4, 4, 4, 4, 4, 4, 4, 4, 4, 4, 4, 4, 4, 4, 4, 4, 4, 4, 5, 5] lines=[3, 3, 3, 3, 3, 3, 3, 3, 3, 3] D=78 l=10 count=32 -> theorems: ['MIQ']; +cited: ['ORD(cited)']
     Miquel cube faces ([0, 2, 7, 10], [1, 3, 7, 10], [0, 2, 5, 9], [2, 3, 9, 10], [1, 3, 5, 9], [0, 1, 5, 7])
     ordinary-lines (cited) e.g. ("('derived10', 0)", (3, 5))
structure 4: sizes=[4, 4, 4, 4, 4, 4, 4, 4, 4, 4, 4, 4, 4, 4, 4, 4, 4, 4, 4, 4, 5, 5] lines=[3, 3, 3, 3, 3, 3, 3, 3, 3, 3] D=78 l=10 count=32 -> theorems: SURVIVES; +cited: SURVIVES
structure 5: sizes=[4, 4, 4, 4, 4, 4, 4, 4, 4, 4, 4, 4, 4, 4, 4, 4, 4, 4, 4, 4, 5, 5] lines=[3, 3, 3, 3, 3, 3, 3, 3, 3, 3, 5] D=78 l=11 count=31 -> theorems: ['MIQ']; +cited: ['ORD(cited)']
     Miquel cube faces ([2, 3, 5, 6], [0, 1, 7, 8], [0, 1, 2, 3], [0, 2, 5, 8], [1, 3, 6, 7], [5, 6, 7, 8])
     ordinary-lines (cited) e.g. ("('derived10', 5)", (3, 5))
structure 6: sizes=[4, 4, 4, 4, 4, 4, 4, 4, 4, 4, 4, 4, 4, 4, 4, 4, 4, 4, 4, 4, 5, 5] lines=[3, 3, 3, 3, 3, 3, 3, 3, 3, 5] D=78 l=10 count=32 -> theorems: ['MIQ']; +cited: ['ORD(cited)']
     Miquel cube faces ([2, 3, 5, 6], [0, 1, 7, 8], [0, 1, 2, 3], [0, 2, 5, 8], [1, 3, 6, 7], [5, 6, 7, 8])
     ordinary-lines (cited) e.g. ("('derived10', 5)", (3, 5))
structure 7: sizes=[4, 4, 4, 4, 4, 4, 4, 4, 4, 4, 4, 4, 4, 4, 4, 4, 4, 4, 4, 4, 5, 5] lines=[3, 3, 3, 3, 3, 3, 3, 3, 3, 5] D=78 l=10 count=32 -> theorems: ['MIQ']; +cited: ['ORD(cited)']
     Miquel cube faces ([2, 3, 5, 6], [0, 1, 7, 8], [0, 1, 2, 3], [0, 2, 5, 8], [1, 3, 6, 7], [5, 6, 7, 8])
     ordinary-lines (cited) e.g. ("('derived10', 5)", (3, 5))
structure 8: sizes=[4, 4, 4, 4, 4, 4, 4, 4, 4, 4, 4, 4, 4, 4, 4, 4, 4, 4, 4, 4, 5, 5] lines=[3, 3, 3, 3, 3, 3, 3, 3, 3, 5] D=78 l=10 count=32 -> theorems: ['MIQ']; +cited: ['ORD(cited)']
     Miquel cube faces ([2, 3, 5, 6], [0, 1, 7, 8], [0, 1, 2, 3], [0, 2, 5, 8], [1, 3, 6, 7], [5, 6, 7, 8])
     ordinary-lines (cited) e.g. ("('derived10', 5)", (3, 5))
structure 9: sizes=[4, 4, 4, 4, 4, 4, 4, 4, 4, 4, 4, 4, 4, 4, 4, 4, 4, 4, 4, 4, 5, 5] lines=[3, 3, 3, 3, 3, 3, 3, 3, 3, 3] D=78 l=10 count=32 -> theorems: ['MIQ']; +cited: ['ORD(cited)']
     Miquel cube faces ([2, 3, 5, 6], [0, 1, 7, 8], [0, 1, 2, 3], [0, 2, 5, 8], [1, 3, 6, 7], [5, 6, 7, 8])
     ordinary-lines (cited) e.g. ("('derived10', 0)", (3, 5))
structure 10: sizes=[4, 4, 4, 4, 4, 4, 4, 4, 4, 4, 4, 4, 4, 4, 4, 4, 4, 4, 4, 4, 5, 5] lines=[3, 3, 3, 3, 3, 3, 3, 3, 3, 3] D=78 l=10 count=32 -> theorems: ['MIQ']; +cited: ['ORD(cited)']
     Miquel cube faces ([2, 3, 5, 6], [0, 1, 7, 8], [0, 1, 2, 3], [0, 2, 5, 8], [1, 3, 6, 7], [5, 6, 7, 8])
     ordinary-lines (cited) e.g. ("('derived10', 0)", (3, 5))
structure 11: sizes=[4, 4, 4, 4, 4, 4, 4, 4, 4, 4, 4, 4, 4, 4, 4, 4, 4, 4, 4, 4, 5, 5] lines=[3, 3, 3, 3, 3, 3, 3, 3, 3, 3] D=78 l=10 count=32 -> theorems: ['MIQ']; +cited: ['ORD(cited)']
     Miquel cube faces ([2, 3, 5, 6], [0, 1, 7, 8], [0, 1, 2, 3], [0, 2, 5, 8], [1, 3, 6, 7], [5, 6, 7, 8])
     ordinary-lines (cited) e.g. ("('derived10', 1)", (3, 5))
structure 12: sizes=[4, 4, 4, 4, 4, 4, 4, 4, 4, 4, 4, 4, 4, 4, 4, 4, 4, 4, 4, 4, 5, 5] lines=[3, 3, 3, 3, 3, 3, 3, 3, 3, 3, 5] D=78 l=11 count=31 -> theorems: ['MIQ']; +cited: ['ORD(cited)']
     Miquel cube faces ([2, 3, 5, 6], [0, 1, 7, 8], [0, 1, 2, 3], [0, 2, 5, 8], [1, 3, 6, 7], [5, 6, 7, 8])
     ordinary-lines (cited) e.g. ("('derived10', 5)", (3, 5))
structure 13: sizes=[4, 4, 4, 4, 4, 4, 4, 4, 4, 4, 4, 4, 4, 4, 4, 4, 4, 4, 4, 4, 5, 5] lines=[3, 3, 3, 3, 3, 3, 3, 3, 3, 5] D=78 l=10 count=32 -> theorems: ['MIQ']; +cited: ['ORD(cited)']
     Miquel cube faces ([2, 3, 5, 6], [0, 1, 7, 8], [0, 1, 2, 3], [0, 2, 5, 8], [1, 3, 6, 7], [5, 6, 7, 8])
     ordinary-lines (cited) e.g. ("('derived10', 5)", (3, 5))
structure 14: sizes=[4, 4, 4, 4, 4, 4, 4, 4, 4, 4, 4, 4, 4, 4, 4, 4, 4, 4, 4, 4, 5, 5] lines=[3, 3, 3, 3, 3, 3, 3, 3, 3, 3] D=78 l=10 count=32 -> theorems: ['MIQ']; +cited: ['ORD(cited)']
     Miquel cube faces ([2, 3, 5, 6], [0, 1, 7, 8], [0, 1, 2, 3], [0, 2, 5, 8], [1, 3, 6, 7], [5, 6, 7, 8])
     ordinary-lines (cited) e.g. ("('derived10', 0)", (3, 5))
structure 15: sizes=[4, 4, 4, 4, 4, 4, 4, 4, 4, 4, 4, 4, 4, 4, 4, 4, 4, 4, 4, 4, 5, 5] lines=[3, 3, 3, 3, 3, 3, 3, 3, 3, 3] D=78 l=10 count=32 -> theorems: ['MIQ']; +cited: SURVIVES
     Miquel cube faces ([2, 3, 5, 6], [0, 1, 7, 8], [0, 1, 2, 3], [0, 2, 5, 8], [1, 3, 6, 7], [5, 6, 7, 8])
survivors (theorems only): [4]
survivors (theorems + cited tables): [4]   [5s]
