line sets of size >= 9: 351 (ell_max = 11)
orbits under Aut(C-2): 19
orbit 0 (size 10, |L| = 9): [[1, 7, 9], [1, 5, 8], [0, 1, 2, 3, 4], [0, 8, 9], [0, 6, 7], [3, 5, 7], [2, 6, 8], [2, 5, 9], [3, 6, 9]] -> impossible for all labellings  [9s]
orbit 1 (size 20, |L| = 9): [[1, 7, 9], [1, 5, 8], [0, 1, 2, 3, 4], [0, 8, 9], [0, 6, 7], [3, 5, 7], [2, 6, 8], [4, 5, 6], [2, 5, 9]] -> impossible for all labellings  [14s]
orbit 2 (size 40, |L| = 9): [[1, 7, 9], [1, 5, 8], [0, 1, 2, 3, 4], [4, 7, 8], [0, 6, 7], [0, 8, 9], [3, 5, 7], [2, 6, 8], [2, 5, 9]] -> impossible for all labellings  [20s]
orbit 3 (size 20, |L| = 9): [[1, 7, 9], [1, 5, 8], [0, 1, 2, 3, 4], [4, 7, 8], [0, 6, 7], [0, 8, 9], [2, 6, 8], [2, 5, 9], [3, 6, 9]] -> impossible for all labellings  [26s]
orbit 4 (size 20, |L| = 9): [[2, 4, 6], [0, 2, 8], [0, 1, 5, 6], [1, 3, 7], [3, 4, 5], [1, 4, 8], [2, 5, 9], [3, 6, 9], [0, 4, 7]] -> impossible for all labellings  [37s]
orbit 5 (size 40, |L| = 9): [[2, 4, 6], [0, 2, 8], [1, 7, 9], [0, 1, 5, 6], [3, 4, 5], [1, 4, 8], [2, 5, 9], [3, 6, 9], [0, 4, 7]] -> impossible for all labellings  [51s]
orbit 6 (size 20, |L| = 9): [[2, 4, 6], [0, 2, 8], [1, 7, 9], [0, 1, 5, 6], [3, 5, 7], [1, 4, 8], [2, 5, 9], [3, 6, 9], [0, 4, 7]] -> impossible for all labellings  [64s]
orbit 7 (size 40, |L| = 9): [[2, 4, 6], [1, 7, 9], [0, 8, 9], [0, 1, 5, 6], [2, 3, 7, 8], [3, 4, 5], [1, 4, 8], [2, 5, 9], [0, 4, 7]] -> impossible for all labellings  [78s]
orbit 8 (size 10, |L| = 9): [[2, 4, 6], [1, 7, 9], [0, 8, 9], [0, 1, 5, 6], [3, 4, 5], [1, 4, 8], [2, 5, 9], [3, 6, 9], [0, 4, 7]] -> impossible for all labellings  [94s]
orbit 9 (size 20, |L| = 9): [[2, 4, 6], [0, 2, 8], [2, 3, 9], [0, 1, 9], [0, 3, 6], [1, 3, 7], [1, 2, 5], [1, 4, 8], [0, 4, 7]] -> impossible for all labellings  [102s]
orbit 10 (size 20, |L| = 9): [[0, 2, 8], [2, 3, 9], [0, 1, 9], [0, 3, 6], [1, 3, 7], [1, 4, 8], [1, 2, 5], [4, 5, 6], [0, 4, 7]] -> impossible for all labellings  [110s]
orbit 11 (size 20, |L| = 9): [[0, 2, 8], [2, 3, 9], [0, 1, 9], [0, 3, 6], [1, 4, 8], [1, 2, 5], [3, 5, 7], [4, 5, 6], [0, 4, 7]] -> impossible for all labellings  [117s]
orbit 12 (size 20, |L| = 9): [[2, 4, 6], [0, 2, 8], [0, 1, 9], [1, 5, 8], [4, 7, 8], [0, 3, 6], [1, 3, 7], [3, 4, 5], [2, 5, 9]] -> impossible for all labellings  [127s]
orbit 13 (size 20, |L| = 9): [[2, 4, 6], [0, 2, 8], [0, 1, 9], [1, 5, 8], [0, 6, 7], [1, 3, 7], [3, 4, 5], [2, 5, 9], [3, 6, 9]] -> impossible for all labellings  [137s]
orbit 14 (size 20, |L| = 10): [[1, 7, 9], [1, 5, 8], [0, 1, 2, 3, 4], [0, 8, 9], [0, 6, 7], [3, 5, 7], [2, 6, 8], [4, 5, 6], [2, 5, 9], [3, 6, 9]] -> impossible for all labellings  [148s]
orbit 15 (size 5, |L| = 10): [[2, 4, 6], [1, 7, 9], [0, 8, 9], [0, 1, 5, 6], [2, 3, 7, 8], [3, 4, 5], [1, 4, 8], [2, 5, 9], [3, 6, 9], [0, 4, 7]] -> impossible for all labellings  [167s]
orbit 16 (size 2, |L| = 10): [[2, 4, 6], [0, 2, 8], [2, 3, 9], [0, 1, 9], [0, 3, 6], [1, 3, 7], [1, 2, 5], [3, 4, 5], [1, 4, 8], [0, 4, 7]] -> impossible for all labellings  [177s]
orbit 17 (size 2, |L| = 10): [[2, 4, 6], [0, 2, 8], [0, 1, 9], [1, 5, 8], [4, 7, 8], [0, 6, 7], [1, 3, 7], [3, 4, 5], [2, 5, 9], [3, 6, 9]] -> impossible for all labellings  [189s]
orbit 18 (size 2, |L| = 11): [[1, 7, 9], [1, 5, 8], [0, 1, 2, 3, 4], [4, 7, 8], [0, 6, 7], [0, 8, 9], [3, 5, 7], [2, 6, 8], [4, 5, 6], [2, 5, 9], [3, 6, 9]] -> impossible for all labellings  [201s]
RESULT: no realisation of C-2 has a point on >= 9 blocks (every planar realisation has >= 34 circles)
