torsion labellings (a_0 = 0): 8
line-set orbit 0 (orbit size 2), representative of size 10: [[1, 2, 5], [3, 4, 5], [0, 3, 6], [2, 4, 6], [1, 3, 7], [0, 4, 7], [0, 2, 8], [1, 4, 8], [0, 1, 9], [2, 3, 9]]
      labelling s=(0, 2, 8, 4, 6) t=(0, 2, 8, 4, 6): Groebner basis (1) -> impossible  [0.3s]
      [O = infinity] labelling s=(0, 2, 8, 4, 6) t=(0, 2, 8, 4, 6): Groebner basis (1) -> impossible  [0.0s]
      labelling s=(0, 2, 8, 4, 6) t=(5, 7, 3, 9, 1): Groebner basis (1) -> impossible  [0.3s]
      [O = infinity] labelling s=(0, 2, 8, 4, 6) t=(5, 7, 3, 9, 1): Groebner basis (1) -> impossible  [0.0s]
      labelling s=(0, 4, 6, 8, 2) t=(0, 4, 6, 8, 2): Groebner basis (1) -> impossible  [0.2s]
      [O = infinity] labelling s=(0, 4, 6, 8, 2) t=(0, 4, 6, 8, 2): Groebner basis (1) -> impossible  [0.0s]
      labelling s=(0, 4, 6, 8, 2) t=(5, 9, 1, 3, 7): Groebner basis (1) -> impossible  [0.2s]
      [O = infinity] labelling s=(0, 4, 6, 8, 2) t=(5, 9, 1, 3, 7): Groebner basis (1) -> impossible  [0.0s]
      labelling s=(0, 6, 4, 2, 8) t=(0, 6, 4, 2, 8): Groebner basis (1) -> impossible  [0.1s]
      [O = infinity] labelling s=(0, 6, 4, 2, 8) t=(0, 6, 4, 2, 8): Groebner basis (1) -> impossible  [0.0s]
      labelling s=(0, 6, 4, 2, 8) t=(5, 1, 9, 7, 3): Groebner basis (1) -> impossible  [0.1s]
      [O = infinity] labelling s=(0, 6, 4, 2, 8) t=(5, 1, 9, 7, 3): Groebner basis (1) -> impossible  [0.0s]
      labelling s=(0, 8, 2, 6, 4) t=(0, 8, 2, 6, 4): Groebner basis (1) -> impossible  [0.2s]
      [O = infinity] labelling s=(0, 8, 2, 6, 4) t=(0, 8, 2, 6, 4): Groebner basis (1) -> impossible  [0.0s]
      labelling s=(0, 8, 2, 6, 4) t=(5, 3, 7, 1, 9): Groebner basis (1) -> impossible  [0.2s]
      [O = infinity] labelling s=(0, 8, 2, 6, 4) t=(5, 3, 7, 1, 9): Groebner basis (1) -> impossible  [0.0s]
line-set orbit 1 (orbit size 2), representative of size 11: [[1, 2, 5], [3, 4, 5], [0, 3, 6], [2, 4, 6], [1, 3, 7], [0, 4, 7], [0, 2, 8], [1, 4, 8], [0, 1, 9], [2, 3, 9], [5, 6, 7, 8, 9]]
      labelling s=(0, 2, 8, 4, 6) t=(0, 2, 8, 4, 6): Groebner basis (1) -> impossible  [0.2s]
      [O = infinity] labelling s=(0, 2, 8, 4, 6) t=(0, 2, 8, 4, 6): Groebner basis (1) -> impossible  [0.0s]
      labelling s=(0, 2, 8, 4, 6) t=(5, 7, 3, 9, 1): Groebner basis (1) -> impossible  [0.2s]
      [O = infinity] labelling s=(0, 2, 8, 4, 6) t=(5, 7, 3, 9, 1): Groebner basis (1) -> impossible  [0.0s]
      labelling s=(0, 4, 6, 8, 2) t=(0, 4, 6, 8, 2): Groebner basis (1) -> impossible  [0.2s]
      [O = infinity] labelling s=(0, 4, 6, 8, 2) t=(0, 4, 6, 8, 2): Groebner basis (1) -> impossible  [0.0s]
      labelling s=(0, 4, 6, 8, 2) t=(5, 9, 1, 3, 7): Groebner basis (1) -> impossible  [0.2s]
      [O = infinity] labelling s=(0, 4, 6, 8, 2) t=(5, 9, 1, 3, 7): Groebner basis (1) -> impossible  [0.0s]
      labelling s=(0, 6, 4, 2, 8) t=(0, 6, 4, 2, 8): Groebner basis (1) -> impossible  [0.2s]
      [O = infinity] labelling s=(0, 6, 4, 2, 8) t=(0, 6, 4, 2, 8): Groebner basis (1) -> impossible  [0.0s]
      labelling s=(0, 6, 4, 2, 8) t=(5, 1, 9, 7, 3): Groebner basis (1) -> impossible  [0.2s]
      [O = infinity] labelling s=(0, 6, 4, 2, 8) t=(5, 1, 9, 7, 3): Groebner basis (1) -> impossible  [0.0s]
      labelling s=(0, 8, 2, 6, 4) t=(0, 8, 2, 6, 4): Groebner basis (1) -> impossible  [0.2s]
      [O = infinity] labelling s=(0, 8, 2, 6, 4) t=(0, 8, 2, 6, 4): Groebner basis (1) -> impossible  [0.0s]
      labelling s=(0, 8, 2, 6, 4) t=(5, 3, 7, 1, 9): Groebner basis (1) -> impossible  [0.3s]
      [O = infinity] labelling s=(0, 8, 2, 6, 4) t=(5, 3, 7, 1, 9): Groebner basis (1) -> impossible  [0.0s]
line-set orbit 2 (orbit size 20), representative of size 10: [[1, 2, 5], [3, 4, 5], [0, 3, 6], [2, 4, 6], [1, 3, 7], [0, 4, 7], [0, 2, 8], [1, 4, 8], [0, 1, 9], [5, 6, 7, 8, 9]]
      labelling s=(0, 2, 8, 4, 6) t=(0, 2, 8, 4, 6): Groebner basis (1) -> impossible  [0.2s]
      [O = infinity] labelling s=(0, 2, 8, 4, 6) t=(0, 2, 8, 4, 6): Groebner basis (1) -> impossible  [0.0s]
      labelling s=(0, 2, 8, 4, 6) t=(5, 7, 3, 9, 1): Groebner basis (1) -> impossible  [0.3s]
      [O = infinity] labelling s=(0, 2, 8, 4, 6) t=(5, 7, 3, 9, 1): Groebner basis (1) -> impossible  [0.0s]
      labelling s=(0, 4, 6, 8, 2) t=(0, 4, 6, 8, 2): Groebner basis (1) -> impossible  [0.2s]
      [O = infinity] labelling s=(0, 4, 6, 8, 2) t=(0, 4, 6, 8, 2): Groebner basis (1) -> impossible  [0.0s]
      labelling s=(0, 4, 6, 8, 2) t=(5, 9, 1, 3, 7): Groebner basis (1) -> impossible  [0.2s]
      [O = infinity] labelling s=(0, 4, 6, 8, 2) t=(5, 9, 1, 3, 7): Groebner basis (1) -> impossible  [0.0s]
      labelling s=(0, 6, 4, 2, 8) t=(0, 6, 4, 2, 8): Groebner basis (1) -> impossible  [0.2s]
      [O = infinity] labelling s=(0, 6, 4, 2, 8) t=(0, 6, 4, 2, 8): Groebner basis (1) -> impossible  [0.0s]
      labelling s=(0, 6, 4, 2, 8) t=(5, 1, 9, 7, 3): Groebner basis (1) -> impossible  [0.2s]
      [O = infinity] labelling s=(0, 6, 4, 2, 8) t=(5, 1, 9, 7, 3): Groebner basis (1) -> impossible  [0.0s]
      labelling s=(0, 8, 2, 6, 4) t=(0, 8, 2, 6, 4): Groebner basis (1) -> impossible  [0.2s]
      [O = infinity] labelling s=(0, 8, 2, 6, 4) t=(0, 8, 2, 6, 4): Groebner basis (1) -> impossible  [0.0s]
      labelling s=(0, 8, 2, 6, 4) t=(5, 3, 7, 1, 9): Groebner basis (1) -> impossible  [0.2s]
      [O = infinity] labelling s=(0, 8, 2, 6, 4) t=(5, 3, 7, 1, 9): Groebner basis (1) -> impossible  [0.0s]
line-set orbit 3 (orbit size 2), representative of size 10: [[1, 2, 5], [0, 3, 6], [4, 5, 6], [0, 4, 7], [3, 5, 7], [1, 4, 8], [2, 6, 8], [2, 3, 9], [1, 7, 9], [0, 8, 9]]
      labelling s=(0, 2, 8, 4, 6) t=(0, 2, 8, 4, 6): Groebner basis (1) -> impossible  [0.4s]
      [O = infinity] labelling s=(0, 2, 8, 4, 6) t=(0, 2, 8, 4, 6): Groebner basis (1) -> impossible  [0.0s]
      labelling s=(0, 2, 8, 4, 6) t=(5, 7, 3, 9, 1): Groebner basis (1) -> impossible  [0.4s]
      [O = infinity] labelling s=(0, 2, 8, 4, 6) t=(5, 7, 3, 9, 1): Groebner basis (1) -> impossible  [0.0s]
      labelling s=(0, 4, 6, 8, 2) t=(0, 4, 6, 8, 2): Groebner basis (1) -> impossible  [0.3s]
      [O = infinity] labelling s=(0, 4, 6, 8, 2) t=(0, 4, 6, 8, 2): Groebner basis (1) -> impossible  [0.0s]
      labelling s=(0, 4, 6, 8, 2) t=(5, 9, 1, 3, 7): Groebner basis (1) -> impossible  [0.4s]
      [O = infinity] labelling s=(0, 4, 6, 8, 2) t=(5, 9, 1, 3, 7): Groebner basis (1) -> impossible  [0.0s]
      labelling s=(0, 6, 4, 2, 8) t=(0, 6, 4, 2, 8): Groebner basis (1) -> impossible  [0.3s]
      [O = infinity] labelling s=(0, 6, 4, 2, 8) t=(0, 6, 4, 2, 8): Groebner basis (1) -> impossible  [0.0s]
      labelling s=(0, 6, 4, 2, 8) t=(5, 1, 9, 7, 3): Groebner basis (1) -> impossible  [0.3s]
      [O = infinity] labelling s=(0, 6, 4, 2, 8) t=(5, 1, 9, 7, 3): Groebner basis (1) -> impossible  [0.0s]
      labelling s=(0, 8, 2, 6, 4) t=(0, 8, 2, 6, 4): Groebner basis (1) -> impossible  [0.5s]
      [O = infinity] labelling s=(0, 8, 2, 6, 4) t=(0, 8, 2, 6, 4): Groebner basis (1) -> impossible  [0.0s]
      labelling s=(0, 8, 2, 6, 4) t=(5, 3, 7, 1, 9): Groebner basis (1) -> impossible  [0.5s]
      [O = infinity] labelling s=(0, 8, 2, 6, 4) t=(5, 3, 7, 1, 9): Groebner basis (1) -> impossible  [0.0s]
line-set orbit 4 (orbit size 5), representative of size 10: [[1, 2, 5], [2, 4, 6], [3, 5, 7], [0, 6, 7], [0, 2, 8], [4, 7, 8], [2, 3, 9], [1, 7, 9], [1, 3, 6, 8], [0, 4, 5, 9]]
      labelling s=(0, 2, 8, 4, 6) t=(0, 2, 8, 4, 6): Groebner basis (1) -> impossible  [0.7s]
      [O = infinity] labelling s=(0, 2, 8, 4, 6) t=(0, 2, 8, 4, 6): Groebner basis (1) -> impossible  [0.0s]
      labelling s=(0, 2, 8, 4, 6) t=(5, 7, 3, 9, 1): Groebner basis (1) -> impossible  [0.7s]
      [O = infinity] labelling s=(0, 2, 8, 4, 6) t=(5, 7, 3, 9, 1): Groebner basis (1) -> impossible  [0.0s]
      labelling s=(0, 4, 6, 8, 2) t=(0, 4, 6, 8, 2): Groebner basis (1) -> impossible  [0.7s]
      [O = infinity] labelling s=(0, 4, 6, 8, 2) t=(0, 4, 6, 8, 2): Groebner basis (1) -> impossible  [0.0s]
      labelling s=(0, 4, 6, 8, 2) t=(5, 9, 1, 3, 7): Groebner basis (1) -> impossible  [0.7s]
      [O = infinity] labelling s=(0, 4, 6, 8, 2) t=(5, 9, 1, 3, 7): Groebner basis (1) -> impossible  [0.0s]
      labelling s=(0, 6, 4, 2, 8) t=(0, 6, 4, 2, 8): Groebner basis (1) -> impossible  [0.6s]
      [O = infinity] labelling s=(0, 6, 4, 2, 8) t=(0, 6, 4, 2, 8): Groebner basis (1) -> impossible  [0.0s]
      labelling s=(0, 6, 4, 2, 8) t=(5, 1, 9, 7, 3): Groebner basis (1) -> impossible  [0.5s]
      [O = infinity] labelling s=(0, 6, 4, 2, 8) t=(5, 1, 9, 7, 3): Groebner basis (1) -> impossible  [0.0s]
      labelling s=(0, 8, 2, 6, 4) t=(0, 8, 2, 6, 4): Groebner basis (1) -> impossible  [0.6s]
      [O = infinity] labelling s=(0, 8, 2, 6, 4) t=(0, 8, 2, 6, 4): Groebner basis (1) -> impossible  [0.0s]
      labelling s=(0, 8, 2, 6, 4) t=(5, 3, 7, 1, 9): Groebner basis (1) -> impossible  [0.7s]
      [O = infinity] labelling s=(0, 8, 2, 6, 4) t=(5, 3, 7, 1, 9): Groebner basis (1) -> impossible  [0.0s]
RESULT: no realisation of C-2 has a point on >= 10 blocks
