n=10 target=32 mode=sg_t3 C(n,3)=120 cap_derived=35 max4/pt=10 cap_lines=44 max3lines=12 ell_max=13 D_min=75 big_sizes=[5, 6, 7, 8, 9]
phase 1: 23 canonical big-block families (incl. empty)
[1] F_big sizes=[5] blocks=[[0, 1, 2, 3, 4]] D0=9 |Aut|=14400 root bound 23 (need >= 22) ...
      nodes=7911 leaves=5 candidates=0 time=18.9s
[2] F_big sizes=[5, 5] blocks=[[0, 1, 2, 3, 4], [0, 1, 5, 6, 7]] D0=18 |Aut|=288 root bound 22 (need >= 19) ...
    CANDIDATE sizes=[5, 5, 4, 4, 4, 4, 4, 4, 4, 4, 4, 4, 4, 4, 4, 4, 4, 4, 4, 4, 4, 4] D=78 ell_max=10 count=32 degrees=[8, 8, 9, 9, 9, 9, 9, 9, 10, 10] #line-sets>= 10: 3
      nodes=7545 leaves=48 candidates=1 time=6.8s
[3] F_big sizes=[5, 5, 5] blocks=[[0, 1, 2, 3, 4], [0, 1, 5, 6, 7], [2, 3, 5, 6, 8]] D0=27 |Aut|=48 root bound 19 (need >= 16) ...
      nodes=2377 leaves=10 candidates=0 time=1.9s
[4] F_big sizes=[5, 5, 5, 5] blocks=[[0, 1, 2, 3, 4], [0, 1, 5, 6, 7], [2, 3, 5, 6, 8], [2, 4, 5, 7, 9]] D0=36 |Aut|=8 root bound 17 (need >= 13) ...
      nodes=38 leaves=1 candidates=0 time=0.2s
[5] F_big sizes=[5, 5, 5, 5, 5] blocks=[[0, 1, 2, 3, 4], [0, 1, 5, 6, 7], [2, 3, 5, 6, 8], [2, 4, 5, 7, 9], [0, 4, 6, 8, 9]] D0=45 |Aut|=10 root bound 13 (need >= 10) ...
      nodes=1 leaves=0 candidates=0 time=0.0s
[6] F_big sizes=[5, 5, 5, 5, 5, 5] blocks=[[0, 1, 2, 3, 4], [0, 1, 5, 6, 7], [2, 3, 5, 6, 8], [2, 4, 5, 7, 9], [0, 4, 6, 8, 9], [1, 3, 7, 8, 9]] D0=54 |Aut|=60 root bound 5 four-blocks -> D <= 69 < D_min=75: skipped
[7] F_big sizes=[5, 5, 5, 5] blocks=[[0, 1, 2, 3, 4], [0, 1, 5, 6, 7], [2, 3, 5, 6, 8], [0, 4, 7, 8, 9]] D0=36 |Aut|=8 root bound 17 (need >= 13) ...
      nodes=19 leaves=0 candidates=0 time=0.0s
[8] F_big sizes=[5, 5, 5] blocks=[[0, 1, 2, 3, 4], [0, 1, 5, 6, 7], [0, 2, 5, 8, 9]] D0=27 |Aut|=48 root bound 20 (need >= 16) ...
    CANDIDATE sizes=[5, 5, 5, 4, 4, 4, 4, 4, 4, 4, 4, 4, 4, 4, 4, 4, 4, 4, 4, 4] D=78 ell_max=12 count=30 degrees=[5, 8, 8, 9, 9, 8, 9, 9, 9, 9] #line-sets>= 10: 342
      nodes=550 leaves=10 candidates=1 time=1.4s
[9] F_big sizes=[5, 5, 5, 6] blocks=[[0, 1, 2, 3, 4], [0, 1, 5, 6, 7], [0, 2, 5, 8, 9], [3, 4, 6, 7, 8, 9]] D0=46 |Aut|=48 root bound 11 (need >= 10) ...
      nodes=1 leaves=0 candidates=0 time=0.0s
[10] F_big sizes=[5, 5, 5] blocks=[[0, 1, 2, 3, 4], [0, 1, 5, 6, 7], [2, 3, 5, 8, 9]] D0=27 |Aut|=32 root bound 20 (need >= 16) ...
      nodes=1031 leaves=0 candidates=0 time=0.3s
[11] F_big sizes=[5, 5, 5, 5] blocks=[[0, 1, 2, 3, 4], [0, 1, 5, 6, 7], [2, 3, 5, 8, 9], [4, 6, 7, 8, 9]] D0=36 |Aut|=128 root bound 17 (need >= 13) ...
    CANDIDATE sizes=[5, 5, 5, 5, 4, 4, 4, 4, 4, 4, 4, 4, 4, 4, 4, 4, 4, 4] D=78 ell_max=10 count=32 degrees=[8, 8, 8, 8, 6, 6, 8, 8, 8, 8] #line-sets>= 10: 32
    CANDIDATE sizes=[5, 5, 5, 5, 4, 4, 4, 4, 4, 4, 4, 4, 4, 4, 4, 4, 4, 4] D=78 ell_max=10 count=32 degrees=[8, 8, 8, 8, 6, 6, 8, 8, 8, 8] #line-sets>= 10: 20
      nodes=79 leaves=9 candidates=2 time=1.2s
[12] F_big sizes=[5, 5, 6] blocks=[[0, 1, 2, 3, 4], [0, 1, 5, 6, 7], [2, 3, 5, 6, 8, 9]] D0=37 |Aut|=32 root bound 18 (need >= 13) ...
      nodes=21 leaves=0 candidates=0 time=0.0s
[13] F_big sizes=[5, 5] blocks=[[0, 1, 2, 3, 4], [0, 5, 6, 7, 8]] D0=18 |Aut|=1152 root bound 22 (need >= 19) ...
      nodes=111 leaves=0 candidates=0 time=0.1s
[14] F_big sizes=[5, 6] blocks=[[0, 1, 2, 3, 4], [0, 1, 5, 6, 7, 8]] D0=28 |Aut|=288 root bound 20 (need >= 16) ...
      nodes=20 leaves=0 candidates=0 time=0.0s
[15] F_big sizes=[5, 5] blocks=[[0, 1, 2, 3, 4], [5, 6, 7, 8, 9]] D0=18 |Aut|=28800 root bound 22 (need >= 19) ...
    CANDIDATE sizes=[5, 5, 4, 4, 4, 4, 4, 4, 4, 4, 4, 4, 4, 4, 4, 4, 4, 4, 4, 4, 4, 4] D=78 ell_max=11 count=31 degrees=[9, 9, 9, 9, 9, 9, 9, 9, 9, 9] #line-sets>= 10: 30
    CANDIDATE sizes=[5, 5, 4, 4, 4, 4, 4, 4, 4, 4, 4, 4, 4, 4, 4, 4, 4, 4, 4, 4, 4, 4] D=78 ell_max=11 count=31 degrees=[9, 9, 9, 9, 9, 9, 9, 9, 9, 9] #line-sets>= 10: 31
    CANDIDATE sizes=[5, 5, 4, 4, 4, 4, 4, 4, 4, 4, 4, 4, 4, 4, 4, 4, 4, 4, 4, 4, 4, 4] D=78 ell_max=11 count=31 degrees=[9, 9, 9, 9, 9, 9, 9, 9, 9, 9] #line-sets>= 10: 26
      nodes=7647 leaves=59 candidates=3 time=42.8s
[16] F_big sizes=[5, 6] blocks=[[0, 1, 2, 3, 4], [0, 5, 6, 7, 8, 9]] D0=28 |Aut|=2880 root bound 19 (need >= 16) ...
      nodes=1 leaves=0 candidates=0 time=0.1s
[17] F_big sizes=[5, 7] blocks=[[0, 1, 2, 3, 4], [0, 1, 5, 6, 7, 8, 9]] D0=43 |Aut|=1440 root bound 14 (need >= 11) ...
      nodes=1 leaves=0 candidates=0 time=0.0s
[18] F_big sizes=[6] blocks=[[0, 1, 2, 3, 4, 5]] D0=19 |Aut|=17280 root bound 22 (need >= 19) ...
    CANDIDATE sizes=[6, 4, 4, 4, 4, 4, 4, 4, 4, 4, 4, 4, 4, 4, 4, 4, 4, 4, 4, 4] D=76 ell_max=13 count=31 degrees=[7, 7, 7, 7, 7, 7, 10, 10, 10, 10] #line-sets>= 12: 28
    CANDIDATE sizes=[6, 4, 4, 4, 4, 4, 4, 4, 4, 4, 4, 4, 4, 4, 4, 4, 4, 4, 4, 4] D=76 ell_max=13 count=31 degrees=[7, 7, 7, 7, 7, 7, 10, 10, 10, 10] #line-sets>= 12: 28
      nodes=699 leaves=8 candidates=2 time=5.4s
[19] F_big sizes=[6, 6] blocks=[[0, 1, 2, 3, 4, 5], [0, 1, 6, 7, 8, 9]] D0=38 |Aut|=2304 root bound 16 (need >= 13) ...
      nodes=1 leaves=0 candidates=0 time=0.0s
[20] F_big sizes=[7] blocks=[[0, 1, 2, 3, 4, 5, 6]] D0=34 |Aut|=30240 root bound 18 (need >= 14) ...
      nodes=13 leaves=0 candidates=0 time=3.2s
[21] F_big sizes=[8] blocks=[[0, 1, 2, 3, 4, 5, 6, 7]] D0=55 |Aut|=80640 root bound 13 (need >= 7) ...
      nodes=3 leaves=0 candidates=0 time=2.8s
[22] F_big sizes=[9] blocks=[[0, 1, 2, 3, 4, 5, 6, 7, 8]] D0=83 |Aut|=362880 root bound 0 (need >= 0) ...
      nodes=1 leaves=1 candidates=0 time=0.0s
total phase-2 nodes 28070; candidate structures with count <= 32: 9
