n=10 target=32 mode=table C(n,3)=120 cap_derived=30 max4/pt=10 cap_lines=40 max3lines=12 ell_max=12 D_min=76 big_sizes=[5, 6, 7, 8, 9]
phase 1: 23 canonical big-block families (incl. empty)
[1] F_big sizes=[5] blocks=[[0, 1, 2, 3, 4]] D0=9 |Aut|=14400 root bound 22 four-blocks -> D <= 75 < D_min=76: skipped
[2] F_big sizes=[5, 5] blocks=[[0, 1, 2, 3, 4], [0, 1, 5, 6, 7]] D0=18 |Aut|=288 root bound 20 (need >= 20) ...
      nodes=189 leaves=1 candidates=1 time=0.1s
[3] F_big sizes=[5, 5, 5] blocks=[[0, 1, 2, 3, 4], [0, 1, 5, 6, 7], [2, 3, 5, 6, 8]] D0=27 |Aut|=48 root bound 17 (need >= 17) ...
      nodes=273 leaves=0 candidates=0 time=0.1s
[4] F_big sizes=[5, 5, 5, 5] blocks=[[0, 1, 2, 3, 4], [0, 1, 5, 6, 7], [2, 3, 5, 6, 8], [2, 4, 5, 7, 9]] D0=36 |Aut|=8 root bound 15 (need >= 14) ...
      nodes=1 leaves=0 candidates=0 time=0.0s
[5] F_big sizes=[5, 5, 5, 5, 5] blocks=[[0, 1, 2, 3, 4], [0, 1, 5, 6, 7], [2, 3, 5, 6, 8], [2, 4, 5, 7, 9], [0, 4, 6, 8, 9]] D0=45 |Aut|=10 root bound 12 (need >= 11) ...
      nodes=1 leaves=0 candidates=0 time=0.0s
[6] F_big sizes=[5, 5, 5, 5, 5, 5] blocks=[[0, 1, 2, 3, 4], [0, 1, 5, 6, 7], [2, 3, 5, 6, 8], [2, 4, 5, 7, 9], [0, 4, 6, 8, 9], [1, 3, 7, 8, 9]] D0=54 |Aut|=60 root bound 5 four-blocks -> D <= 69 < D_min=76: skipped
[7] F_big sizes=[5, 5, 5, 5] blocks=[[0, 1, 2, 3, 4], [0, 1, 5, 6, 7], [2, 3, 5, 6, 8], [0, 4, 7, 8, 9]] D0=36 |Aut|=8 root bound 15 (need >= 14) ...
      nodes=1 leaves=0 candidates=0 time=0.0s
[8] F_big sizes=[5, 5, 5] blocks=[[0, 1, 2, 3, 4], [0, 1, 5, 6, 7], [0, 2, 5, 8, 9]] D0=27 |Aut|=48 root bound 17 (need >= 17) ...
      nodes=96 leaves=1 candidates=1 time=0.1s
[9] F_big sizes=[5, 5, 5, 6] blocks=[[0, 1, 2, 3, 4], [0, 1, 5, 6, 7], [0, 2, 5, 8, 9], [3, 4, 6, 7, 8, 9]] D0=46 |Aut|=48 root bound 10 (need >= 10) ...
      nodes=1 leaves=0 candidates=0 time=0.0s
[10] F_big sizes=[5, 5, 5] blocks=[[0, 1, 2, 3, 4], [0, 1, 5, 6, 7], [2, 3, 5, 8, 9]] D0=27 |Aut|=32 root bound 17 (need >= 17) ...
      nodes=57 leaves=0 candidates=0 time=0.0s
[11] F_big sizes=[5, 5, 5, 5] blocks=[[0, 1, 2, 3, 4], [0, 1, 5, 6, 7], [2, 3, 5, 8, 9], [4, 6, 7, 8, 9]] D0=36 |Aut|=128 root bound 15 (need >= 14) ...
      nodes=21 leaves=2 candidates=2 time=0.2s
[12] F_big sizes=[5, 5, 6] blocks=[[0, 1, 2, 3, 4], [0, 1, 5, 6, 7], [2, 3, 5, 6, 8, 9]] D0=37 |Aut|=32 root bound 14 (need >= 13) ...
      nodes=9 leaves=0 candidates=0 time=0.0s
[13] F_big sizes=[5, 5] blocks=[[0, 1, 2, 3, 4], [0, 5, 6, 7, 8]] D0=18 |Aut|=1152 root bound 20 (need >= 20) ...
      nodes=3 leaves=0 candidates=0 time=0.0s
[14] F_big sizes=[5, 6] blocks=[[0, 1, 2, 3, 4], [0, 1, 5, 6, 7, 8]] D0=28 |Aut|=288 root bound 16 (need >= 16) ...
      nodes=3 leaves=0 candidates=0 time=0.0s
[15] F_big sizes=[5, 5] blocks=[[0, 1, 2, 3, 4], [5, 6, 7, 8, 9]] D0=18 |Aut|=28800 root bound 20 (need >= 20) ...
      nodes=220 leaves=6 candidates=3 time=3.7s
[16] F_big sizes=[5, 6] blocks=[[0, 1, 2, 3, 4], [0, 5, 6, 7, 8, 9]] D0=28 |Aut|=2880 root bound 15 four-blocks -> D <= 73 < D_min=76: skipped
[17] F_big sizes=[5, 7] blocks=[[0, 1, 2, 3, 4], [0, 1, 5, 6, 7, 8, 9]] D0=43 |Aut|=1440 root bound 12 (need >= 11) ...
      nodes=1 leaves=0 candidates=0 time=0.0s
[18] F_big sizes=[6] blocks=[[0, 1, 2, 3, 4, 5]] D0=19 |Aut|=17280 root bound 19 (need >= 19) ...
      nodes=234 leaves=8 candidates=2 time=1.7s
[19] F_big sizes=[6, 6] blocks=[[0, 1, 2, 3, 4, 5], [0, 1, 6, 7, 8, 9]] D0=38 |Aut|=2304 root bound 12 four-blocks -> D <= 74 < D_min=76: skipped
[20] F_big sizes=[7] blocks=[[0, 1, 2, 3, 4, 5, 6]] D0=34 |Aut|=30240 root bound 16 (need >= 14) ...
      nodes=12 leaves=0 candidates=0 time=2.8s
[21] F_big sizes=[8] blocks=[[0, 1, 2, 3, 4, 5, 6, 7]] D0=55 |Aut|=80640 root bound 11 (need >= 7) ...
      nodes=3 leaves=0 candidates=0 time=1.9s
[22] F_big sizes=[9] blocks=[[0, 1, 2, 3, 4, 5, 6, 7, 8]] D0=83 |Aut|=362880 root bound 0 (need >= 0) ...
      nodes=1 leaves=1 candidates=0 time=0.0s
total phase-2 nodes 1126; candidate structures with count <= 32: 9

real	0m20.640s
user	0m5.375s
sys	0m3.694s
