n=10 target=32 mode=table C(n,3)=120 cap_derived=30 max4/pt=10 cap_lines=40 max3lines=12 ell_max=12 D_min=76 big_sizes=[5, 6, 7, 8, 9]
phase 1: 23 canonical big-block families (incl. empty)
[4] F_big sizes=[5, 5, 5, 5] blocks=[[0, 1, 2, 3, 4], [0, 1, 5, 6, 7], [2, 3, 5, 6, 8], [2, 4, 5, 7, 9]] D0=36 |Aut|=8 root bound 15 (need >= 14) ...
      nodes=1 leaves=0 candidates=0 time=0.0s
[5] F_big sizes=[5, 5, 5, 5, 5] blocks=[[0, 1, 2, 3, 4], [0, 1, 5, 6, 7], [2, 3, 5, 6, 8], [2, 4, 5, 7, 9], [0, 4, 6, 8, 9]] D0=45 |Aut|=10 root bound 12 (need >= 11) ...
      nodes=1 leaves=0 candidates=0 time=0.0s
[7] F_big sizes=[5, 5, 5, 5] blocks=[[0, 1, 2, 3, 4], [0, 1, 5, 6, 7], [2, 3, 5, 6, 8], [0, 4, 7, 8, 9]] D0=36 |Aut|=8 root bound 15 (need >= 14) ...
      nodes=1 leaves=0 candidates=0 time=0.0s
[9] F_big sizes=[5, 5, 5, 6] blocks=[[0, 1, 2, 3, 4], [0, 1, 5, 6, 7], [0, 2, 5, 8, 9], [3, 4, 6, 7, 8, 9]] D0=46 |Aut|=48 root bound 10 (need >= 10) ...
      nodes=1 leaves=0 candidates=0 time=0.0s
[11] F_big sizes=[5, 5, 5, 5] blocks=[[0, 1, 2, 3, 4], [0, 1, 5, 6, 7], [2, 3, 5, 8, 9], [4, 6, 7, 8, 9]] D0=36 |Aut|=128 root bound 15 (need >= 14) ...
    CANDIDATE sizes=[5, 5, 5, 5, 4, 4, 4, 4, 4, 4, 4, 4, 4, 4, 4, 4, 4, 4] D=78 ell_max=10 count=32 degrees=[8, 8, 8, 8, 6, 6, 8, 8, 8, 8] #line-sets>= 10: 32
    CANDIDATE sizes=[5, 5, 5, 5, 4, 4, 4, 4, 4, 4, 4, 4, 4, 4, 4, 4, 4, 4] D=78 ell_max=10 count=32 degrees=[8, 8, 8, 8, 6, 6, 8, 8, 8, 8] #line-sets>= 10: 20
      nodes=21 leaves=2 candidates=2 time=0.5s
[12] F_big sizes=[5, 5, 6] blocks=[[0, 1, 2, 3, 4], [0, 1, 5, 6, 7], [2, 3, 5, 6, 8, 9]] D0=37 |Aut|=32 root bound 14 (need >= 13) ...
      nodes=9 leaves=0 candidates=0 time=0.0s
[17] F_big sizes=[5, 7] blocks=[[0, 1, 2, 3, 4], [0, 1, 5, 6, 7, 8, 9]] D0=43 |Aut|=1440 root bound 12 (need >= 11) ...
      nodes=1 leaves=0 candidates=0 time=0.0s
[20] F_big sizes=[7] blocks=[[0, 1, 2, 3, 4, 5, 6]] D0=34 |Aut|=30240 root bound 16 (need >= 14) ...
      nodes=12 leaves=0 candidates=0 time=6.5s
[21] F_big sizes=[8] blocks=[[0, 1, 2, 3, 4, 5, 6, 7]] D0=55 |Aut|=80640 root bound 11 (need >= 7) ...
      nodes=3 leaves=0 candidates=0 time=4.5s
[22] F_big sizes=[9] blocks=[[0, 1, 2, 3, 4, 5, 6, 7, 8]] D0=83 |Aut|=362880 root bound 0 (need >= 0) ...
      nodes=1 leaves=1 candidates=0 time=0.0s
total phase-2 nodes 51; candidate structures with count <= 32: 2
