n=9 target=24 mode=table C(n,3)=84 cap_derived=24 max4/pt=7 cap_lines=30 max3lines=10 ell_max=10 D_min=50 big_sizes=[5, 6, 7, 8]
phase 1: 9 canonical big-block families (incl. empty)
[1] F_big sizes=[5] blocks=[[0, 1, 2, 3, 4]] D0=9 |Aut|=2880 root bound 14 (need >= 14) ...
      nodes=162 leaves=0 candidates=0 time=0.3s
[2] F_big sizes=[5, 5] blocks=[[0, 1, 2, 3, 4], [0, 1, 5, 6, 7]] D0=18 |Aut|=144 root bound 12 (need >= 11) ...
      nodes=25 leaves=0 candidates=0 time=0.0s
[3] F_big sizes=[5, 5, 5] blocks=[[0, 1, 2, 3, 4], [0, 1, 5, 6, 7], [2, 3, 5, 6, 8]] D0=27 |Aut|=48 root bound 10 (need >= 8) ...
      nodes=3 leaves=0 candidates=0 time=0.0s
[4] F_big sizes=[5, 5] blocks=[[0, 1, 2, 3, 4], [0, 5, 6, 7, 8]] D0=18 |Aut|=1152 root bound 12 (need >= 11) ...
    CANDIDATE sizes=[5, 5, 4, 4, 4, 4, 4, 4, 4, 4, 4, 4, 4, 4] D=54 ell_max=6 count=24 degrees=[2, 7, 7, 7, 7, 7, 7, 7, 7] #line-sets>= 6: 24
      nodes=31 leaves=2 candidates=1 time=0.1s
[5] F_big sizes=[5, 6] blocks=[[0, 1, 2, 3, 4], [0, 1, 5, 6, 7, 8]] D0=28 |Aut|=288 root bound 8 (need >= 8) ...
      nodes=1 leaves=0 candidates=0 time=0.0s
[6] F_big sizes=[6] blocks=[[0, 1, 2, 3, 4, 5]] D0=19 |Aut|=4320 root bound 11 (need >= 11) ...
      nodes=6 leaves=0 candidates=0 time=0.1s
[7] F_big sizes=[7] blocks=[[0, 1, 2, 3, 4, 5, 6]] D0=34 |Aut|=10080 root bound 8 (need >= 6) ...
      nodes=2 leaves=0 candidates=0 time=0.7s
[8] F_big sizes=[8] blocks=[[0, 1, 2, 3, 4, 5, 6, 7]] D0=55 |Aut|=40320 root bound 0 (need >= 0) ...
      nodes=1 leaves=1 candidates=0 time=0.0s
total phase-2 nodes 231; candidate structures with count <= 24: 1
