4 candidate structures
structure 0: sizes=[5, 5, 4, 4, 4, 4, 4, 4, 4, 4, 4, 4, 4, 4, 4, 4, 4, 4, 4, 4, 4, 4] D=78 ell_max=10 count_min=32 degrees=[8, 8, 9, 9, 9, 9, 9, 9, 10, 10] -> EXCLUDED
   blocks: [[0, 1, 2, 3, 4], [0, 1, 5, 6, 7], [0, 1, 8, 9], [0, 2, 5, 8], [0, 2, 6, 9], [0, 3, 5, 9], [0, 3, 6, 8], [0, 4, 7, 8], [1, 2, 5, 9], [1, 2, 7, 8], [1, 3, 6, 9], [1, 4, 5, 8], [1, 4, 7, 9], [2, 3, 5, 6], [2, 3, 7, 9], [2, 4, 5, 7], [2, 4, 6, 8], [3, 4, 6, 7], [3, 4, 8, 9], [3, 5, 7, 8], [4, 5, 6, 9], [6, 7, 8, 9]]
   derived structure at point 0: 2 violations, e.g. H1: SG-closed subset [1, 2, 3, 5, 6, 8, 9] with lines [[1, 2, 3], [1, 5, 6], [1, 8, 9], [2, 5, 8], [2, 6, 9], [3, 5, 9], [3, 6, 8]]
   derived structure at point 1: 2 violations, e.g. H1: SG-closed subset [0, 2, 4, 5, 7, 8, 9] with lines [[0, 2, 4], [0, 5, 7], [0, 8, 9], [2, 5, 9], [2, 7, 8], [4, 5, 8], [4, 7, 9]]
   derived structure at point 3: 1 violations, e.g. H2: subset [0, 2, 4, 5, 6, 7, 8, 9] has 8 three-point lines > t3(8) = 7
   derived structure at point 4: 1 violations, e.g. H2: subset [1, 2, 3, 5, 6, 7, 8, 9] has 8 three-point lines > t3(8) = 7
   derived structure at point 6: 1 violations, e.g. H2: subset [0, 2, 3, 4, 5, 7, 8, 9] has 8 three-point lines > t3(8) = 7
   derived structure at point 7: 1 violations, e.g. H2: subset [1, 2, 3, 4, 5, 6, 8, 9] has 8 three-point lines > t3(8) = 7
   line sets: 3 total, 0 violate; 
structure 1: sizes=[5, 5, 4, 4, 4, 4, 4, 4, 4, 4, 4, 4, 4, 4, 4, 4, 4, 4, 4, 4, 4, 4] D=78 ell_max=11 count_min=31 degrees=[9, 9, 9, 9, 9, 9, 9, 9, 9, 9] -> SURVIVES
   blocks: [[0, 1, 2, 3, 4], [5, 6, 7, 8, 9], [0, 1, 5, 6], [0, 1, 7, 8], [0, 2, 5, 7], [0, 2, 6, 9], [0, 3, 5, 8], [0, 3, 7, 9], [0, 4, 5, 9], [0, 4, 6, 8], [1, 2, 5, 8], [1, 2, 7, 9], [1, 3, 5, 9], [1, 3, 6, 8], [1, 4, 6, 7], [1, 4, 8, 9], [2, 3, 6, 7], [2, 3, 8, 9], [2, 4, 5, 6], [2, 4, 7, 8], [3, 4, 5, 7], [3, 4, 6, 9]]
   line sets: 30 total, 0 violate; 
structure 2: sizes=[5, 5, 4, 4, 4, 4, 4, 4, 4, 4, 4, 4, 4, 4, 4, 4, 4, 4, 4, 4, 4, 4] D=78 ell_max=11 count_min=31 degrees=[9, 9, 9, 9, 9, 9, 9, 9, 9, 9] -> SURVIVES
   blocks: [[0, 1, 2, 3, 4], [5, 6, 7, 8, 9], [0, 1, 5, 6], [0, 1, 7, 8], [0, 2, 5, 7], [0, 2, 6, 9], [0, 3, 5, 8], [0, 3, 7, 9], [0, 4, 5, 9], [0, 4, 6, 8], [1, 2, 6, 7], [1, 2, 8, 9], [1, 3, 5, 9], [1, 3, 6, 8], [1, 4, 5, 7], [1, 4, 6, 9], [2, 3, 5, 6], [2, 3, 7, 8], [2, 4, 5, 8], [2, 4, 7, 9], [3, 4, 6, 7], [3, 4, 8, 9]]
   line sets: 31 total, 0 violate; 
structure 3: sizes=[5, 5, 4, 4, 4, 4, 4, 4, 4, 4, 4, 4, 4, 4, 4, 4, 4, 4, 4, 4, 4, 4] D=78 ell_max=11 count_min=31 degrees=[9, 9, 9, 9, 9, 9, 9, 9, 9, 9] -> SURVIVES
   blocks: [[0, 1, 2, 3, 4], [5, 6, 7, 8, 9], [0, 1, 5, 6], [0, 1, 7, 8], [0, 2, 5, 7], [0, 2, 6, 9], [0, 3, 5, 8], [0, 3, 7, 9], [0, 4, 5, 9], [0, 4, 6, 8], [1, 2, 6, 8], [1, 2, 7, 9], [1, 3, 5, 9], [1, 3, 6, 7], [1, 4, 5, 7], [1, 4, 8, 9], [2, 3, 5, 6], [2, 3, 8, 9], [2, 4, 5, 8], [2, 4, 6, 7], [3, 4, 6, 9], [3, 4, 7, 8]]
   line sets: 26 total, 0 violate; 
survivors: 3
