2 candidate structures
structure 0: sizes=[5, 5, 5, 5, 4, 4, 4, 4, 4, 4, 4, 4, 4, 4, 4, 4, 4, 4] D=78 ell_max=10 count_min=32 degrees=[8, 8, 8, 8, 6, 6, 8, 8, 8, 8] -> EXCLUDED
   blocks: [[0, 1, 2, 3, 4], [0, 1, 5, 6, 7], [2, 3, 5, 8, 9], [4, 6, 7, 8, 9], [0, 1, 8, 9], [0, 2, 6, 8], [0, 2, 7, 9], [0, 3, 6, 9], [0, 3, 7, 8], [0, 4, 5, 8], [1, 2, 6, 9], [1, 2, 7, 8], [1, 3, 6, 8], [1, 3, 7, 9], [1, 4, 5, 9], [2, 3, 6, 7], [2, 4, 5, 6], [3, 4, 5, 7]]
   derived structure at point 0: 2 violations, e.g. H1: SG-closed subset [1, 2, 3, 6, 7, 8, 9] with lines [[1, 2, 3], [1, 6, 7], [1, 8, 9], [2, 6, 8], [2, 7, 9], [3, 6, 9], [3, 7, 8]]
   derived structure at point 1: 2 violations, e.g. H1: SG-closed subset [0, 2, 3, 6, 7, 8, 9] with lines [[0, 2, 3], [0, 6, 7], [0, 8, 9], [2, 6, 9], [2, 7, 8], [3, 6, 8], [3, 7, 9]]
   derived structure at point 2: 2 violations, e.g. H1: SG-closed subset [0, 1, 3, 6, 7, 8, 9] with lines [[0, 1, 3], [3, 8, 9], [0, 6, 8], [0, 7, 9], [1, 6, 9], [1, 7, 8], [3, 6, 7]]
   derived structure at point 3: 2 violations, e.g. H1: SG-closed subset [0, 1, 2, 6, 7, 8, 9] with lines [[0, 1, 2], [2, 8, 9], [0, 6, 9], [0, 7, 8], [1, 6, 8], [1, 7, 9], [2, 6, 7]]
   derived structure at point 6: 2 violations, e.g. H1: SG-closed subset [0, 1, 2, 3, 7, 8, 9] with lines [[0, 1, 7], [7, 8, 9], [0, 2, 8], [0, 3, 9], [1, 2, 9], [1, 3, 8], [2, 3, 7]]
   derived structure at point 7: 2 violations, e.g. H1: SG-closed subset [0, 1, 2, 3, 6, 8, 9] with lines [[0, 1, 6], [6, 8, 9], [0, 2, 9], [0, 3, 8], [1, 2, 8], [1, 3, 9], [2, 3, 6]]
   derived structure at point 8: 2 violations, e.g. H1: SG-closed subset [0, 1, 2, 3, 6, 7, 9] with lines [[2, 3, 9], [6, 7, 9], [0, 1, 9], [0, 2, 6], [0, 3, 7], [1, 2, 7], [1, 3, 6]]
   derived structure at point 9: 2 violations, e.g. H1: SG-closed subset [0, 1, 2, 3, 6, 7, 8] with lines [[2, 3, 8], [6, 7, 8], [0, 1, 8], [0, 2, 7], [0, 3, 6], [1, 2, 6], [1, 3, 7]]
   line sets: 32 total, 0 violate; 
structure 1: sizes=[5, 5, 5, 5, 4, 4, 4, 4, 4, 4, 4, 4, 4, 4, 4, 4, 4, 4] D=78 ell_max=10 count_min=32 degrees=[8, 8, 8, 8, 6, 6, 8, 8, 8, 8] -> EXCLUDED
   blocks: [[0, 1, 2, 3, 4], [0, 1, 5, 6, 7], [2, 3, 5, 8, 9], [4, 6, 7, 8, 9], [0, 1, 8, 9], [0, 2, 6, 8], [0, 2, 7, 9], [0, 3, 6, 9], [0, 3, 7, 8], [0, 4, 5, 8], [1, 2, 6, 9], [1, 2, 7, 8], [1, 3, 6, 8], [1, 3, 7, 9], [1, 4, 5, 9], [2, 3, 6, 7], [2, 4, 5, 7], [3, 4, 5, 6]]
   derived structure at point 0: 2 violations, e.g. H1: SG-closed subset [1, 2, 3, 6, 7, 8, 9] with lines [[1, 2, 3], [1, 6, 7], [1, 8, 9], [2, 6, 8], [2, 7, 9], [3, 6, 9], [3, 7, 8]]
   derived structure at point 1: 2 violations, e.g. H1: SG-closed subset [0, 2, 3, 6, 7, 8, 9] with lines [[0, 2, 3], [0, 6, 7], [0, 8, 9], [2, 6, 9], [2, 7, 8], [3, 6, 8], [3, 7, 9]]
   derived structure at point 2: 2 violations, e.g. H1: SG-closed subset [0, 1, 3, 6, 7, 8, 9] with lines [[0, 1, 3], [3, 8, 9], [0, 6, 8], [0, 7, 9], [1, 6, 9], [1, 7, 8], [3, 6, 7]]
   derived structure at point 3: 2 violations, e.g. H1: SG-closed subset [0, 1, 2, 6, 7, 8, 9] with lines [[0, 1, 2], [2, 8, 9], [0, 6, 9], [0, 7, 8], [1, 6, 8], [1, 7, 9], [2, 6, 7]]
   derived structure at point 6: 2 violations, e.g. H1: SG-closed subset [0, 1, 2, 3, 7, 8, 9] with lines [[0, 1, 7], [7, 8, 9], [0, 2, 8], [0, 3, 9], [1, 2, 9], [1, 3, 8], [2, 3, 7]]
   derived structure at point 7: 2 violations, e.g. H1: SG-closed subset [0, 1, 2, 3, 6, 8, 9] with lines [[0, 1, 6], [6, 8, 9], [0, 2, 9], [0, 3, 8], [1, 2, 8], [1, 3, 9], [2, 3, 6]]
   derived structure at point 8: 2 violations, e.g. H1: SG-closed subset [0, 1, 2, 3, 6, 7, 9] with lines [[2, 3, 9], [6, 7, 9], [0, 1, 9], [0, 2, 6], [0, 3, 7], [1, 2, 7], [1, 3, 6]]
   derived structure at point 9: 2 violations, e.g. H1: SG-closed subset [0, 1, 2, 3, 6, 7, 8] with lines [[2, 3, 8], [6, 7, 8], [0, 1, 8], [0, 2, 7], [0, 3, 6], [1, 2, 6], [1, 3, 7]]
   line sets: 20 total, 0 violate; 
survivors: 0
