n=10 count<=32: need D+ell>=88; ellmax=14, b4>=25, degrees<=11, max degree d0 in [10,11]
  PSTS(9) with 1 triples: 1 classes
  PSTS(9) with 2 triples: 2 classes
  PSTS(9) with 3 triples: 5 classes
  PSTS(9) with 4 triples: 11 classes
  PSTS(9) with 5 triples: 19 classes
  PSTS(9) with 6 triples: 34 classes
  PSTS(9) with 7 triples: 41 classes
  PSTS(9) with 8 triples: 31 classes
  PSTS(9) with 9 triples: 12 classes
  PSTS(9) with 10 triples: 4 classes
  PSTS(9) with 11 triples: 1 classes
d0=10 PSTS #0: status INFEASIBLE, 0 (F4,L) solutions, 0 distinct F4 [0.2s]
d0=10 PSTS #1: status INFEASIBLE, 0 (F4,L) solutions, 0 distinct F4 [0.2s]
d0=10 PSTS #2: status INFEASIBLE, 0 (F4,L) solutions, 0 distinct F4 [0.0s]
d0=10 PSTS #3: status INFEASIBLE, 0 (F4,L) solutions, 0 distinct F4 [0.1s]
d0=11 PSTS #0: status OPTIMAL, 54 (F4,L) solutions, 9 distinct F4 [41.6s]

1 isomorphism classes of all-4-block structures with some completion [42.7s]
class 0: b4=27 deg [9, 11, 11, 11, 11, 11, 11, 11, 11, 11] |Aut| 36 D=81 ell_max=7 count=32 #linesets=6 survivors(A/AB/ABK/ABKC)={'A': 6, 'AB': 0, 'ABK': 0, 'ABKC': 0}
   blocks [[0, 1, 2, 3], [0, 1, 4, 5], [0, 1, 6, 7], [0, 1, 8, 9], [0, 2, 4, 6], [0, 2, 5, 8], [0, 2, 7, 9], [0, 3, 4, 9], [0, 3, 5, 7], [0, 3, 6, 8], [0, 4, 7, 8], [1, 2, 4, 9], [1, 2, 5, 6], [1, 2, 7, 8], [1, 3, 4, 7], [1, 3, 5, 8], [1, 3, 6, 9], [1, 5, 7, 9], [2, 3, 4, 8], [2, 3, 5, 9], [2, 4, 5, 7], [2, 6, 8, 9], [3, 4, 5, 6], [3, 7, 8, 9], [4, 5, 8, 9], [4, 6, 7, 9], [5, 6, 7, 8]]
total time 43.0s
