n=9 count<=25: need D+ell>=59; ellmax=11, b4>=16, degrees<=9, max degree d0 in [8,9]
  PSTS(8) with 1 triples: 1 classes
  PSTS(8) with 2 triples: 2 classes
  PSTS(8) with 3 triples: 4 classes
  PSTS(8) with 4 triples: 6 classes
  PSTS(8) with 5 triples: 7 classes
  PSTS(8) with 6 triples: 6 classes
  PSTS(8) with 7 triples: 4 classes
  PSTS(8) with 8 triples: 1 classes
  PSTS(8) with 9 triples: 0 classes
d0=8 PSTS #0: status OPTIMAL, 42213 (F4,L) solutions, 216 distinct F4 [432.9s]

7 isomorphism classes of all-4-block structures with some completion [433.2s]
class 0: b4=18 deg [8, 8, 8, 8, 8, 8, 8, 8, 8] |Aut| 144 D=54 ell_max=11 count=19 #linesets=3745 survivors(A/AB/ABK/ABKC)={'A': 2209, 'AB': 0, 'ABK': 0, 'ABKC': 0}
   blocks [[0, 1, 2, 3], [0, 1, 4, 5], [0, 1, 6, 7], [0, 2, 4, 6], [0, 2, 5, 8], [0, 3, 5, 7], [0, 3, 6, 8], [0, 4, 7, 8], [1, 2, 5, 6], [1, 2, 7, 8], [1, 3, 4, 7], [1, 3, 5, 8], [1, 4, 6, 8], [2, 3, 4, 8], [2, 3, 6, 7], [2, 4, 5, 7], [3, 4, 5, 6], [5, 6, 7, 8]]
class 1: b4=16 deg [6, 7, 7, 7, 7, 7, 7, 8, 8] |Aut| 2 D=48 ell_max=11 count=25 #linesets=1 survivors(A/AB/ABK/ABKC)={'A': 0, 'AB': 0, 'ABK': 0, 'ABKC': 0}
   blocks [[0, 1, 2, 3], [0, 1, 4, 5], [0, 1, 6, 7], [0, 2, 4, 6], [0, 2, 5, 8], [0, 3, 5, 7], [0, 3, 6, 8], [0, 4, 7, 8], [1, 2, 4, 7], [1, 3, 5, 6], [1, 4, 6, 8], [1, 5, 7, 8], [2, 3, 4, 5], [2, 3, 7, 8], [2, 5, 6, 7], [3, 4, 6, 7]]
class 2: b4=16 deg [7, 7, 7, 7, 7, 7, 7, 7, 8] |Aut| 16 D=48 ell_max=11 count=25 #linesets=12 survivors(A/AB/ABK/ABKC)={'A': 4, 'AB': 0, 'ABK': 0, 'ABKC': 0}
   blocks [[0, 1, 2, 3], [0, 1, 4, 5], [0, 1, 6, 7], [0, 2, 4, 6], [0, 2, 5, 8], [0, 3, 5, 7], [0, 3, 6, 8], [0, 4, 7, 8], [1, 2, 5, 6], [1, 3, 4, 7], [1, 3, 5, 8], [1, 4, 6, 8], [2, 3, 4, 8], [2, 3, 6, 7], [2, 4, 5, 7], [5, 6, 7, 8]]
class 3: b4=16 deg [6, 7, 7, 7, 7, 7, 7, 8, 8] |Aut| 4 D=48 ell_max=11 count=25 #linesets=12 survivors(A/AB/ABK/ABKC)={'A': 1, 'AB': 0, 'ABK': 0, 'ABKC': 0}
   blocks [[0, 1, 2, 3], [0, 1, 4, 5], [0, 1, 6, 7], [0, 2, 4, 6], [0, 2, 5, 8], [0, 3, 5, 7], [0, 3, 6, 8], [0, 4, 7, 8], [1, 2, 4, 7], [1, 2, 6, 8], [1, 3, 4, 8], [1, 3, 5, 6], [1, 5, 7, 8], [2, 3, 4, 5], [2, 5, 6, 7], [3, 4, 6, 7]]
class 4: b4=17 deg [7, 7, 7, 7, 8, 8, 8, 8, 8] |Aut| 8 D=51 ell_max=11 count=22 #linesets=977 survivors(A/AB/ABK/ABKC)={'A': 300, 'AB': 0, 'ABK': 0, 'ABKC': 0}
   blocks [[0, 1, 2, 3], [0, 1, 4, 5], [0, 1, 6, 7], [0, 2, 4, 6], [0, 2, 5, 8], [0, 3, 5, 7], [0, 3, 6, 8], [0, 4, 7, 8], [1, 2, 4, 7], [1, 3, 4, 8], [1, 3, 5, 6], [1, 5, 7, 8], [2, 3, 4, 5], [2, 3, 7, 8], [2, 5, 6, 7], [3, 4, 6, 7], [4, 5, 6, 8]]
class 5: b4=16 deg [6, 6, 7, 7, 7, 7, 8, 8, 8] |Aut| 4 D=48 ell_max=11 count=25 #linesets=12 survivors(A/AB/ABK/ABKC)={'A': 1, 'AB': 0, 'ABK': 0, 'ABKC': 0}
   blocks [[0, 1, 2, 3], [0, 1, 4, 5], [0, 1, 6, 7], [0, 2, 4, 6], [0, 2, 5, 8], [0, 3, 5, 7], [0, 3, 6, 8], [0, 4, 7, 8], [1, 2, 5, 7], [1, 3, 4, 6], [1, 5, 6, 8], [2, 3, 4, 7], [2, 3, 5, 6], [2, 6, 7, 8], [3, 4, 5, 8], [4, 5, 6, 7]]
class 6: b4=16 deg [6, 6, 7, 7, 7, 7, 8, 8, 8] |Aut| 2 D=48 ell_max=11 count=25 #linesets=12 survivors(A/AB/ABK/ABKC)={'A': 0, 'AB': 0, 'ABK': 0, 'ABKC': 0}
   blocks [[0, 1, 2, 3], [0, 1, 4, 5], [0, 1, 6, 7], [0, 2, 4, 6], [0, 2, 5, 8], [0, 3, 5, 7], [0, 3, 6, 8], [0, 4, 7, 8], [1, 2, 4, 7], [1, 3, 4, 8], [1, 3, 5, 6], [1, 5, 7, 8], [2, 3, 4, 5], [2, 3, 7, 8], [2, 5, 6, 7], [3, 4, 6, 7]]
total time 500.5s
