n=10 count<=32 need D+ell>=88; skeleton 7 = [[0, 1, 2, 3, 4], [5, 6, 7, 8, 9]] |Aut|=28800; q=0, orbit O=[0, 1, 2, 3, 4, 5, 6, 7, 8, 9]
  derived structures at q with 1 triples: 1 classes [0.0s]
  derived structures at q with 2 triples: 3 classes [0.0s]
  derived structures at q with 3 triples: 6 classes [0.1s]
  derived structures at q with 4 triples: 14 classes [0.1s]
  derived structures at q with 5 triples: 16 classes [0.1s]
  derived structures at q with 6 triples: 18 classes [0.1s]
  derived structures at q with 7 triples: 8 classes [0.1s]
  derived structures at q with 8 triples: 2 classes [0.1s]
  derived structures at q with 9 triples: 0 classes [0.1s]
d=0 derived #0: status INFEASIBLE, 0 (F4,L) solutions, 0 distinct F4 [0.0s]
d=1 derived #0: status INFEASIBLE, 0 (F4,L) solutions, 0 distinct F4 [0.0s]
d=2 derived #0: status INFEASIBLE, 0 (F4,L) solutions, 0 distinct F4 [0.0s]
d=2 derived #1: status INFEASIBLE, 0 (F4,L) solutions, 0 distinct F4 [0.0s]
d=2 derived #2: status INFEASIBLE, 0 (F4,L) solutions, 0 distinct F4 [0.0s]
d=3 derived #0: status INFEASIBLE, 0 (F4,L) solutions, 0 distinct F4 [0.0s]
d=3 derived #1: status INFEASIBLE, 0 (F4,L) solutions, 0 distinct F4 [0.0s]
d=3 derived #2: status INFEASIBLE, 0 (F4,L) solutions, 0 distinct F4 [0.0s]
d=3 derived #3: status INFEASIBLE, 0 (F4,L) solutions, 0 distinct F4 [0.0s]
d=3 derived #4: status INFEASIBLE, 0 (F4,L) solutions, 0 distinct F4 [0.0s]
d=3 derived #5: status INFEASIBLE, 0 (F4,L) solutions, 0 distinct F4 [0.0s]
d=4 derived #0: status INFEASIBLE, 0 (F4,L) solutions, 0 distinct F4 [0.0s]
d=4 derived #1: status INFEASIBLE, 0 (F4,L) solutions, 0 distinct F4 [0.0s]
d=4 derived #2: status INFEASIBLE, 0 (F4,L) solutions, 0 distinct F4 [0.0s]
d=4 derived #3: status INFEASIBLE, 0 (F4,L) solutions, 0 distinct F4 [0.0s]
d=4 derived #4: status INFEASIBLE, 0 (F4,L) solutions, 0 distinct F4 [0.0s]
d=4 derived #5: status INFEASIBLE, 0 (F4,L) solutions, 0 distinct F4 [0.0s]
d=4 derived #6: status INFEASIBLE, 0 (F4,L) solutions, 0 distinct F4 [0.0s]
d=4 derived #7: status INFEASIBLE, 0 (F4,L) solutions, 0 distinct F4 [0.0s]
d=4 derived #8: status INFEASIBLE, 0 (F4,L) solutions, 0 distinct F4 [0.0s]
d=4 derived #9: status INFEASIBLE, 0 (F4,L) solutions, 0 distinct F4 [0.0s]
d=4 derived #10: status INFEASIBLE, 0 (F4,L) solutions, 0 distinct F4 [0.0s]
d=4 derived #11: status INFEASIBLE, 0 (F4,L) solutions, 0 distinct F4 [0.0s]
d=4 derived #12: status INFEASIBLE, 0 (F4,L) solutions, 0 distinct F4 [0.0s]
d=4 derived #13: status INFEASIBLE, 0 (F4,L) solutions, 0 distinct F4 [0.0s]
d=5 derived #0: status INFEASIBLE, 0 (F4,L) solutions, 0 distinct F4 [0.0s]
d=5 derived #1: status INFEASIBLE, 0 (F4,L) solutions, 0 distinct F4 [0.0s]
d=5 derived #2: status INFEASIBLE, 0 (F4,L) solutions, 0 distinct F4 [0.0s]
d=5 derived #3: status INFEASIBLE, 0 (F4,L) solutions, 0 distinct F4 [0.0s]
d=5 derived #4: status INFEASIBLE, 0 (F4,L) solutions, 0 distinct F4 [0.0s]
d=5 derived #5: status INFEASIBLE, 0 (F4,L) solutions, 0 distinct F4 [0.0s]
d=5 derived #6: status INFEASIBLE, 0 (F4,L) solutions, 0 distinct F4 [0.0s]
d=5 derived #7: status INFEASIBLE, 0 (F4,L) solutions, 0 distinct F4 [0.0s]
d=5 derived #8: status INFEASIBLE, 0 (F4,L) solutions, 0 distinct F4 [0.0s]
d=5 derived #9: status INFEASIBLE, 0 (F4,L) solutions, 0 distinct F4 [0.0s]
d=5 derived #10: status INFEASIBLE, 0 (F4,L) solutions, 0 distinct F4 [0.0s]
d=5 derived #11: status INFEASIBLE, 0 (F4,L) solutions, 0 distinct F4 [0.0s]
d=5 derived #12: status INFEASIBLE, 0 (F4,L) solutions, 0 distinct F4 [0.0s]
d=5 derived #13: status INFEASIBLE, 0 (F4,L) solutions, 0 distinct F4 [0.0s]
d=5 derived #14: status INFEASIBLE, 0 (F4,L) solutions, 0 distinct F4 [0.0s]
d=5 derived #15: status INFEASIBLE, 0 (F4,L) solutions, 0 distinct F4 [0.0s]
d=6 derived #0: status INFEASIBLE, 0 (F4,L) solutions, 0 distinct F4 [0.0s]
d=6 derived #1: status INFEASIBLE, 0 (F4,L) solutions, 0 distinct F4 [0.0s]
d=6 derived #2: status INFEASIBLE, 0 (F4,L) solutions, 0 distinct F4 [0.0s]
d=6 derived #3: status INFEASIBLE, 0 (F4,L) solutions, 0 distinct F4 [0.0s]
d=6 derived #4: status INFEASIBLE, 0 (F4,L) solutions, 0 distinct F4 [0.0s]
d=6 derived #5: status INFEASIBLE, 0 (F4,L) solutions, 0 distinct F4 [0.0s]
d=6 derived #6: status INFEASIBLE, 0 (F4,L) solutions, 0 distinct F4 [0.0s]
d=6 derived #7: status INFEASIBLE, 0 (F4,L) solutions, 0 distinct F4 [0.0s]
d=6 derived #8: status INFEASIBLE, 0 (F4,L) solutions, 0 distinct F4 [0.0s]
d=6 derived #9: status INFEASIBLE, 0 (F4,L) solutions, 0 distinct F4 [0.0s]
d=6 derived #10: status INFEASIBLE, 0 (F4,L) solutions, 0 distinct F4 [0.0s]
d=6 derived #11: status INFEASIBLE, 0 (F4,L) solutions, 0 distinct F4 [0.0s]
d=6 derived #12: status INFEASIBLE, 0 (F4,L) solutions, 0 distinct F4 [0.0s]
d=6 derived #13: status INFEASIBLE, 0 (F4,L) solutions, 0 distinct F4 [0.0s]
d=6 derived #14: status INFEASIBLE, 0 (F4,L) solutions, 0 distinct F4 [0.0s]
d=6 derived #15: status INFEASIBLE, 0 (F4,L) solutions, 0 distinct F4 [0.0s]
d=6 derived #16: status INFEASIBLE, 0 (F4,L) solutions, 0 distinct F4 [0.0s]
d=6 derived #17: status INFEASIBLE, 0 (F4,L) solutions, 0 distinct F4 [0.0s]
d=7 derived #0: status INFEASIBLE, 0 (F4,L) solutions, 0 distinct F4 [0.0s]
d=7 derived #1: status INFEASIBLE, 0 (F4,L) solutions, 0 distinct F4 [0.0s]
d=7 derived #2: status INFEASIBLE, 0 (F4,L) solutions, 0 distinct F4 [0.0s]
d=7 derived #3: status INFEASIBLE, 0 (F4,L) solutions, 0 distinct F4 [0.0s]
d=7 derived #4: status INFEASIBLE, 0 (F4,L) solutions, 0 distinct F4 [0.0s]
d=7 derived #5: status INFEASIBLE, 0 (F4,L) solutions, 0 distinct F4 [0.0s]
d=7 derived #6: status INFEASIBLE, 0 (F4,L) solutions, 0 distinct F4 [0.0s]
d=7 derived #7: status INFEASIBLE, 0 (F4,L) solutions, 0 distinct F4 [0.0s]
d=8 derived #0: status INFEASIBLE, 0 (F4,L) solutions, 0 distinct F4 [0.1s]
d=8 derived #1: status OPTIMAL, 207 (F4,L) solutions, 7 distinct F4 [16.2s]

3 isomorphism classes (skeleton 7) with some completion [17.5s]
class 0: sizes [5, 5, 4, 4] b=22 deg [9, 9, 9, 9, 9, 9, 9, 9, 9, 9] |Aut| 8 D=78 ell_max=11 count=31 #linesets=30 survivors={'A': 30, 'AB': 30, 'ABK': 0, 'ABKC': 0}
   blocks [[0, 1, 2, 3, 4], [5, 6, 7, 8, 9], [0, 1, 5, 6], [0, 1, 7, 8], [0, 2, 5, 7], [0, 2, 6, 9], [0, 3, 5, 8], [0, 3, 7, 9], [0, 4, 5, 9], [0, 4, 6, 8], [1, 2, 5, 9], [1, 2, 6, 8], [1, 3, 6, 7], [1, 3, 8, 9], [1, 4, 5, 8], [1, 4, 7, 9], [2, 3, 5, 6], [2, 3, 7, 8], [2, 4, 6, 7], [2, 4, 8, 9], [3, 4, 5, 7], [3, 4, 6, 9]]
class 1: sizes [5, 5, 4, 4] b=22 deg [9, 9, 9, 9, 9, 9, 9, 9, 9, 9] |Aut| 40 D=78 ell_max=11 count=31 #linesets=26 survivors={'A': 26, 'AB': 26, 'ABK': 2, 'ABKC': 2}
   blocks [[0, 1, 2, 3, 4], [5, 6, 7, 8, 9], [0, 1, 5, 6], [0, 1, 7, 8], [0, 2, 5, 7], [0, 2, 6, 9], [0, 3, 5, 8], [0, 3, 7, 9], [0, 4, 5, 9], [0, 4, 6, 8], [1, 2, 6, 8], [1, 2, 7, 9], [1, 3, 5, 9], [1, 3, 6, 7], [1, 4, 5, 7], [1, 4, 8, 9], [2, 3, 5, 6], [2, 3, 8, 9], [2, 4, 5, 8], [2, 4, 6, 7], [3, 4, 6, 9], [3, 4, 7, 8]]
class 2: sizes [5, 5, 4, 4] b=22 deg [9, 9, 9, 9, 9, 9, 9, 9, 9, 9] |Aut| 40 D=78 ell_max=11 count=31 #linesets=31 survivors={'A': 31, 'AB': 26, 'ABK': 2, 'ABKC': 2}
   blocks [[0, 1, 2, 3, 4], [5, 6, 7, 8, 9], [0, 1, 5, 6], [0, 1, 7, 8], [0, 2, 5, 7], [0, 2, 6, 9], [0, 3, 5, 8], [0, 3, 7, 9], [0, 4, 5, 9], [0, 4, 6, 8], [1, 2, 6, 7], [1, 2, 8, 9], [1, 3, 5, 9], [1, 3, 6, 8], [1, 4, 5, 7], [1, 4, 6, 9], [2, 3, 5, 6], [2, 3, 7, 8], [2, 4, 5, 8], [2, 4, 7, 9], [3, 4, 6, 7], [3, 4, 8, 9]]
