n=10 count<=32 need D+ell>=88; skeleton 19 = [[0, 1, 2, 3, 4], [0, 1, 5, 6, 7], [2, 3, 5, 8, 9], [4, 6, 7, 8, 9]] |Aut|=128; q=0, orbit O=[0, 1, 2, 3, 6, 7, 8, 9]
  derived structures at q with 1 triples: 3 classes [0.0s]
  derived structures at q with 2 triples: 7 classes [0.0s]
  derived structures at q with 3 triples: 10 classes [0.0s]
  derived structures at q with 4 triples: 8 classes [0.0s]
  derived structures at q with 5 triples: 4 classes [0.0s]
  derived structures at q with 6 triples: 1 classes [0.0s]
  derived structures at q with 7 triples: 0 classes [0.0s]
d=0 derived #0: status INFEASIBLE, 0 (F4,L) solutions, 0 distinct F4 [0.0s]
d=1 derived #0: status INFEASIBLE, 0 (F4,L) solutions, 0 distinct F4 [0.0s]
d=1 derived #1: status INFEASIBLE, 0 (F4,L) solutions, 0 distinct F4 [0.0s]
d=1 derived #2: status INFEASIBLE, 0 (F4,L) solutions, 0 distinct F4 [0.0s]
d=2 derived #0: status INFEASIBLE, 0 (F4,L) solutions, 0 distinct F4 [0.0s]
d=2 derived #1: status INFEASIBLE, 0 (F4,L) solutions, 0 distinct F4 [0.0s]
d=2 derived #2: status INFEASIBLE, 0 (F4,L) solutions, 0 distinct F4 [0.0s]
d=2 derived #3: status INFEASIBLE, 0 (F4,L) solutions, 0 distinct F4 [0.0s]
d=2 derived #4: status INFEASIBLE, 0 (F4,L) solutions, 0 distinct F4 [0.0s]
d=2 derived #5: status INFEASIBLE, 0 (F4,L) solutions, 0 distinct F4 [0.0s]
d=2 derived #6: status INFEASIBLE, 0 (F4,L) solutions, 0 distinct F4 [0.0s]
d=3 derived #0: status INFEASIBLE, 0 (F4,L) solutions, 0 distinct F4 [0.0s]
d=3 derived #1: status INFEASIBLE, 0 (F4,L) solutions, 0 distinct F4 [0.0s]
d=3 derived #2: status INFEASIBLE, 0 (F4,L) solutions, 0 distinct F4 [0.0s]
d=3 derived #3: status INFEASIBLE, 0 (F4,L) solutions, 0 distinct F4 [0.0s]
d=3 derived #4: status INFEASIBLE, 0 (F4,L) solutions, 0 distinct F4 [0.0s]
d=3 derived #5: status INFEASIBLE, 0 (F4,L) solutions, 0 distinct F4 [0.0s]
d=3 derived #6: status INFEASIBLE, 0 (F4,L) solutions, 0 distinct F4 [0.0s]
d=3 derived #7: status INFEASIBLE, 0 (F4,L) solutions, 0 distinct F4 [0.0s]
d=3 derived #8: status INFEASIBLE, 0 (F4,L) solutions, 0 distinct F4 [0.0s]
d=3 derived #9: status INFEASIBLE, 0 (F4,L) solutions, 0 distinct F4 [0.0s]
d=4 derived #0: status INFEASIBLE, 0 (F4,L) solutions, 0 distinct F4 [0.0s]
d=4 derived #1: status INFEASIBLE, 0 (F4,L) solutions, 0 distinct F4 [0.0s]
d=4 derived #2: status INFEASIBLE, 0 (F4,L) solutions, 0 distinct F4 [0.0s]
d=4 derived #3: status INFEASIBLE, 0 (F4,L) solutions, 0 distinct F4 [0.0s]
d=4 derived #4: status INFEASIBLE, 0 (F4,L) solutions, 0 distinct F4 [0.0s]
d=4 derived #5: status INFEASIBLE, 0 (F4,L) solutions, 0 distinct F4 [0.0s]
d=4 derived #6: status INFEASIBLE, 0 (F4,L) solutions, 0 distinct F4 [0.0s]
d=4 derived #7: status INFEASIBLE, 0 (F4,L) solutions, 0 distinct F4 [0.0s]
d=5 derived #0: status INFEASIBLE, 0 (F4,L) solutions, 0 distinct F4 [0.0s]
d=5 derived #1: status INFEASIBLE, 0 (F4,L) solutions, 0 distinct F4 [0.0s]
d=5 derived #2: status INFEASIBLE, 0 (F4,L) solutions, 0 distinct F4 [0.0s]
d=5 derived #3: status INFEASIBLE, 0 (F4,L) solutions, 0 distinct F4 [0.0s]
d=6 derived #0: status OPTIMAL, 52 (F4,L) solutions, 2 distinct F4 [0.1s]

2 isomorphism classes (skeleton 19) with some completion [0.3s]
class 0: sizes [5, 5, 5, 5] b=18 deg [6, 6, 8, 8, 8, 8, 8, 8, 8, 8] |Aut| 32 D=78 ell_max=10 count=32 #linesets=32 survivors={'A': 0, 'AB': 0, 'ABK': 0, 'ABKC': 0}
   blocks [[0, 1, 2, 3, 4], [0, 1, 5, 6, 7], [2, 3, 5, 8, 9], [4, 6, 7, 8, 9], [0, 1, 8, 9], [0, 2, 6, 8], [0, 2, 7, 9], [0, 3, 6, 9], [0, 3, 7, 8], [0, 4, 5, 8], [1, 2, 6, 9], [1, 2, 7, 8], [1, 3, 6, 8], [1, 3, 7, 9], [1, 4, 5, 9], [2, 3, 6, 7], [2, 4, 5, 6], [3, 4, 5, 7]]
class 1: sizes [5, 5, 5, 5] b=18 deg [6, 6, 8, 8, 8, 8, 8, 8, 8, 8] |Aut| 32 D=78 ell_max=10 count=32 #linesets=20 survivors={'A': 0, 'AB': 0, 'ABK': 0, 'ABKC': 0}
   blocks [[0, 1, 2, 3, 4], [0, 1, 5, 6, 7], [2, 3, 5, 8, 9], [4, 6, 7, 8, 9], [0, 1, 8, 9], [0, 2, 6, 8], [0, 2, 7, 9], [0, 3, 6, 9], [0, 3, 7, 8], [0, 4, 5, 8], [1, 2, 6, 9], [1, 2, 7, 8], [1, 3, 6, 8], [1, 3, 7, 9], [1, 4, 5, 9], [2, 3, 6, 7], [2, 4, 5, 7], [3, 4, 5, 6]]
