n=10 count<=32 need D+ell>=88; skeleton 1 = [[0, 1, 2, 3, 4, 5]] |Aut|=17280; q=0, orbit O=[0, 1, 2, 3, 4, 5]
  derived structures at q with 1 triples: 2 classes [0.0s]
  derived structures at q with 2 triples: 4 classes [0.0s]
  derived structures at q with 3 triples: 5 classes [0.1s]
  derived structures at q with 4 triples: 6 classes [0.1s]
  derived structures at q with 5 triples: 3 classes [0.1s]
  derived structures at q with 6 triples: 3 classes [0.1s]
  derived structures at q with 7 triples: 0 classes [0.1s]
d=0 derived #0: status INFEASIBLE, 0 (F4,L) solutions, 0 distinct F4 [0.0s]
d=1 derived #0: status INFEASIBLE, 0 (F4,L) solutions, 0 distinct F4 [0.0s]
d=1 derived #1: status INFEASIBLE, 0 (F4,L) solutions, 0 distinct F4 [0.0s]
d=2 derived #0: status INFEASIBLE, 0 (F4,L) solutions, 0 distinct F4 [0.0s]
d=2 derived #1: status INFEASIBLE, 0 (F4,L) solutions, 0 distinct F4 [0.0s]
d=2 derived #2: status INFEASIBLE, 0 (F4,L) solutions, 0 distinct F4 [0.0s]
d=2 derived #3: status INFEASIBLE, 0 (F4,L) solutions, 0 distinct F4 [0.0s]
d=3 derived #0: status INFEASIBLE, 0 (F4,L) solutions, 0 distinct F4 [0.0s]
d=3 derived #1: status INFEASIBLE, 0 (F4,L) solutions, 0 distinct F4 [0.0s]
d=3 derived #2: status INFEASIBLE, 0 (F4,L) solutions, 0 distinct F4 [0.0s]
d=3 derived #3: status INFEASIBLE, 0 (F4,L) solutions, 0 distinct F4 [0.0s]
d=3 derived #4: status INFEASIBLE, 0 (F4,L) solutions, 0 distinct F4 [0.0s]
d=4 derived #0: status INFEASIBLE, 0 (F4,L) solutions, 0 distinct F4 [0.0s]
d=4 derived #1: status INFEASIBLE, 0 (F4,L) solutions, 0 distinct F4 [0.0s]
d=4 derived #2: status INFEASIBLE, 0 (F4,L) solutions, 0 distinct F4 [0.0s]
d=4 derived #3: status INFEASIBLE, 0 (F4,L) solutions, 0 distinct F4 [0.0s]
d=4 derived #4: status INFEASIBLE, 0 (F4,L) solutions, 0 distinct F4 [0.0s]
d=4 derived #5: status INFEASIBLE, 0 (F4,L) solutions, 0 distinct F4 [0.0s]
d=5 derived #0: status INFEASIBLE, 0 (F4,L) solutions, 0 distinct F4 [0.0s]
d=5 derived #1: status INFEASIBLE, 0 (F4,L) solutions, 0 distinct F4 [0.0s]
d=5 derived #2: status INFEASIBLE, 0 (F4,L) solutions, 0 distinct F4 [0.0s]
d=6 derived #0: status INFEASIBLE, 0 (F4,L) solutions, 0 distinct F4 [0.0s]
d=6 derived #1: status INFEASIBLE, 0 (F4,L) solutions, 0 distinct F4 [0.1s]
d=6 derived #2: status OPTIMAL, 196 (F4,L) solutions, 7 distinct F4 [1.5s]

2 isomorphism classes (skeleton 1) with some completion [2.2s]
class 0: sizes [6, 4, 4, 4] b=20 deg [7, 7, 7, 7, 7, 7, 10, 10, 10, 10] |Aut| 8 D=76 ell_max=13 count=31 #linesets=28 survivors={'A': 28, 'AB': 28, 'ABK': 2, 'ABKC': 0}
   blocks [[0, 1, 2, 3, 4, 5], [0, 1, 6, 7], [0, 1, 8, 9], [0, 2, 6, 8], [0, 3, 6, 9], [0, 4, 7, 8], [0, 5, 7, 9], [1, 2, 6, 9], [1, 3, 7, 8], [1, 4, 7, 9], [1, 5, 6, 8], [2, 3, 7, 9], [2, 4, 6, 7], [2, 4, 8, 9], [2, 5, 7, 8], [3, 4, 6, 8], [3, 5, 6, 7], [3, 5, 8, 9], [4, 5, 6, 9], [6, 7, 8, 9]]
class 1: sizes [6, 4, 4, 4] b=20 deg [7, 7, 7, 7, 7, 7, 10, 10, 10, 10] |Aut| 48 D=76 ell_max=13 count=31 #linesets=28 survivors={'A': 28, 'AB': 28, 'ABK': 2, 'ABKC': 0}
   blocks [[0, 1, 2, 3, 4, 5], [0, 1, 6, 7], [0, 1, 8, 9], [0, 2, 6, 8], [0, 3, 6, 9], [0, 4, 7, 8], [0, 5, 7, 9], [1, 2, 7, 9], [1, 3, 7, 8], [1, 4, 6, 9], [1, 5, 6, 8], [2, 3, 6, 7], [2, 4, 8, 9], [2, 5, 6, 9], [2, 5, 7, 8], [3, 4, 6, 8], [3, 4, 7, 9], [3, 5, 8, 9], [4, 5, 6, 7], [6, 7, 8, 9]]
