n=9 count<=25: need D+ell>=59; caps {'capD': 27, 'capL': 35}
  skeleton level 1: 4 classes
  skeleton level 2: 3 classes
  skeleton level 3: 1 classes
  skeleton level -: 0 classes
8 nonempty skeleton classes: [[5], [5, 5], [5, 5], [5, 5, 5], [5, 6], [6], [7], [8]] [0.8s]
skeleton 0 sizes [5]: status INFEASIBLE, 0 (F4,L) solutions, 0 distinct F4 [17.4s]
skeleton 1 sizes [6]: status INFEASIBLE, 0 (F4,L) solutions, 0 distinct F4 [0.0s]
skeleton 2 sizes [7]: status INFEASIBLE, 0 (F4,L) solutions, 0 distinct F4 [0.0s]
skeleton 3 sizes [8]: status OPTIMAL, 105 (F4,L) solutions, 1 distinct F4 [0.0s]
skeleton 4 sizes [5, 5]: status INFEASIBLE, 0 (F4,L) solutions, 0 distinct F4 [0.1s]
skeleton 5 sizes [5, 5]: status OPTIMAL, 1008 (F4,L) solutions, 6 distinct F4 [33.4s]
skeleton 6 sizes [5, 6]: status INFEASIBLE, 0 (F4,L) solutions, 0 distinct F4 [0.0s]
skeleton 7 sizes [5, 5, 5]: status INFEASIBLE, 0 (F4,L) solutions, 0 distinct F4 [0.0s]

2 isomorphism classes of rich-block structures with some completion; incomplete skeletons: []
class 0: sizes [5, 5, 4, 4, 4, 4, 4, 4, 4, 4, 4, 4, 4, 4] deg [2, 7, 7, 7, 7, 7, 7, 7, 7] |Aut| 192 D=54 ell_max=6 (cp 6) count=24 #linesets=168 survivors(A/AB/ABK/ABKC)={'A': 0, 'AB': 0, 'ABK': 0, 'ABKC': 0} labelled=6
   blocks [[0, 1, 2, 3, 4], [0, 5, 6, 7, 8], [1, 2, 5, 6], [1, 2, 7, 8], [1, 3, 5, 7], [1, 3, 6, 8], [1, 4, 5, 8], [1, 4, 6, 7], [2, 3, 5, 8], [2, 3, 6, 7], [2, 4, 5, 7], [2, 4, 6, 8], [3, 4, 5, 6], [3, 4, 7, 8]]
class 1: sizes [8] deg [0, 1, 1, 1, 1, 1, 1, 1, 1] |Aut| 40320 D=55 ell_max=4 (cp 4) count=25 #linesets=105 survivors(A/AB/ABK/ABKC)={'A': 105, 'AB': 105, 'ABK': 105, 'ABKC': 105} labelled=1
   blocks [[0, 1, 2, 3, 4, 5, 6, 7]]
total time 55.9s

real	0m56.345s
user	0m56.278s
sys	0m0.120s
